<?xml version="1.0"?>
<link_info>
   <banner>TI ARM Linker Unix v16.9.6.LTS</banner>
   <copyright>Copyright (c) 1996-2017 Texas Instruments Incorporated</copyright>
   <link_time>0x5af2e3d5</link_time>
   <link_errors>0x0</link_errors>
   <output_file>2wsrobot.out</output_file>
   <entry_point>
      <name>_c_int00</name>
      <address>0x1d4d</address>
   </entry_point>
   <input_file_list>
      <input_file id="fl-2">
         <path>./</path>
         <kind>object</kind>
         <file>main.obj</file>
         <name>main.obj</name>
      </input_file>
      <input_file id="fl-3">
         <path>./</path>
         <kind>object</kind>
         <file>tm4c123gh6pm_startup_ccs.obj</file>
         <name>tm4c123gh6pm_startup_ccs.obj</name>
      </input_file>
      <input_file id="fl-4">
         <path>./modules/CONSOLE/</path>
         <kind>object</kind>
         <file>CONSOLE.obj</file>
         <name>CONSOLE.obj</name>
      </input_file>
      <input_file id="fl-5">
         <path>./modules/GY521/</path>
         <kind>object</kind>
         <file>GY521.obj</file>
         <name>GY521.obj</name>
      </input_file>
      <input_file id="fl-6">
         <path>./peripheral/I2C/</path>
         <kind>object</kind>
         <file>I2C.obj</file>
         <name>I2C.obj</name>
      </input_file>
      <input_file id="fl-7">
         <path>./peripheral/UART/</path>
         <kind>object</kind>
         <file>UART.obj</file>
         <name>UART.obj</name>
      </input_file>
      <input_file id="fl-c">
         <kind>object</kind>
         <file>&lt;internal&gt;</file>
         <name>&lt;internal&gt;</name>
      </input_file>
      <input_file id="fl-d">
         <path>../</path>
         <kind>archive</kind>
         <file>driverlib.lib</file>
         <name>gpio.obj</name>
      </input_file>
      <input_file id="fl-e">
         <path>../</path>
         <kind>archive</kind>
         <file>driverlib.lib</file>
         <name>i2c.obj</name>
      </input_file>
      <input_file id="fl-f">
         <path>../</path>
         <kind>archive</kind>
         <file>driverlib.lib</file>
         <name>interrupt.obj</name>
      </input_file>
      <input_file id="fl-10">
         <path>../</path>
         <kind>archive</kind>
         <file>driverlib.lib</file>
         <name>sysctl.obj</name>
      </input_file>
      <input_file id="fl-11">
         <path>../</path>
         <kind>archive</kind>
         <file>driverlib.lib</file>
         <name>cpu.obj</name>
      </input_file>
      <input_file id="fl-c7">
         <path>/home/light/ti/ccsv7/tools/compiler/ti-cgt-arm_16.9.6.LTS/lib/</path>
         <kind>archive</kind>
         <file>rtsv7M4_T_le_v4SPD16_eabi.lib</file>
         <name>boot.obj</name>
      </input_file>
      <input_file id="fl-c8">
         <path>/home/light/ti/ccsv7/tools/compiler/ti-cgt-arm_16.9.6.LTS/lib/</path>
         <kind>archive</kind>
         <file>rtsv7M4_T_le_v4SPD16_eabi.lib</file>
         <name>copy_decompress_lzss.obj</name>
      </input_file>
      <input_file id="fl-c9">
         <path>/home/light/ti/ccsv7/tools/compiler/ti-cgt-arm_16.9.6.LTS/lib/</path>
         <kind>archive</kind>
         <file>rtsv7M4_T_le_v4SPD16_eabi.lib</file>
         <name>copy_decompress_none.obj</name>
      </input_file>
      <input_file id="fl-ca">
         <path>/home/light/ti/ccsv7/tools/compiler/ti-cgt-arm_16.9.6.LTS/lib/</path>
         <kind>archive</kind>
         <file>rtsv7M4_T_le_v4SPD16_eabi.lib</file>
         <name>copy_zero_init.obj</name>
      </input_file>
      <input_file id="fl-cb">
         <path>/home/light/ti/ccsv7/tools/compiler/ti-cgt-arm_16.9.6.LTS/lib/</path>
         <kind>archive</kind>
         <file>rtsv7M4_T_le_v4SPD16_eabi.lib</file>
         <name>delete.obj</name>
      </input_file>
      <input_file id="fl-cc">
         <path>/home/light/ti/ccsv7/tools/compiler/ti-cgt-arm_16.9.6.LTS/lib/</path>
         <kind>archive</kind>
         <file>rtsv7M4_T_le_v4SPD16_eabi.lib</file>
         <name>e_atan2.obj</name>
      </input_file>
      <input_file id="fl-cd">
         <path>/home/light/ti/ccsv7/tools/compiler/ti-cgt-arm_16.9.6.LTS/lib/</path>
         <kind>archive</kind>
         <file>rtsv7M4_T_le_v4SPD16_eabi.lib</file>
         <name>exit.obj</name>
      </input_file>
      <input_file id="fl-ce">
         <path>/home/light/ti/ccsv7/tools/compiler/ti-cgt-arm_16.9.6.LTS/lib/</path>
         <kind>archive</kind>
         <file>rtsv7M4_T_le_v4SPD16_eabi.lib</file>
         <name>fd_add_t2.obj</name>
      </input_file>
      <input_file id="fl-cf">
         <path>/home/light/ti/ccsv7/tools/compiler/ti-cgt-arm_16.9.6.LTS/lib/</path>
         <kind>archive</kind>
         <file>rtsv7M4_T_le_v4SPD16_eabi.lib</file>
         <name>fd_div_t2.obj</name>
      </input_file>
      <input_file id="fl-d0">
         <path>/home/light/ti/ccsv7/tools/compiler/ti-cgt-arm_16.9.6.LTS/lib/</path>
         <kind>archive</kind>
         <file>rtsv7M4_T_le_v4SPD16_eabi.lib</file>
         <name>fd_mul_t2.obj</name>
      </input_file>
      <input_file id="fl-d1">
         <path>/home/light/ti/ccsv7/tools/compiler/ti-cgt-arm_16.9.6.LTS/lib/</path>
         <kind>archive</kind>
         <file>rtsv7M4_T_le_v4SPD16_eabi.lib</file>
         <name>fd_tos_t2.obj</name>
      </input_file>
      <input_file id="fl-d2">
         <path>/home/light/ti/ccsv7/tools/compiler/ti-cgt-arm_16.9.6.LTS/lib/</path>
         <kind>archive</kind>
         <file>rtsv7M4_T_le_v4SPD16_eabi.lib</file>
         <name>i_tofd_t2.obj</name>
      </input_file>
      <input_file id="fl-d3">
         <path>/home/light/ti/ccsv7/tools/compiler/ti-cgt-arm_16.9.6.LTS/lib/</path>
         <kind>archive</kind>
         <file>rtsv7M4_T_le_v4SPD16_eabi.lib</file>
         <name>memcpy_t2.obj</name>
      </input_file>
      <input_file id="fl-d4">
         <path>/home/light/ti/ccsv7/tools/compiler/ti-cgt-arm_16.9.6.LTS/lib/</path>
         <kind>archive</kind>
         <file>rtsv7M4_T_le_v4SPD16_eabi.lib</file>
         <name>memory.obj</name>
      </input_file>
      <input_file id="fl-d5">
         <path>/home/light/ti/ccsv7/tools/compiler/ti-cgt-arm_16.9.6.LTS/lib/</path>
         <kind>archive</kind>
         <file>rtsv7M4_T_le_v4SPD16_eabi.lib</file>
         <name>memset_t2.obj</name>
      </input_file>
      <input_file id="fl-d6">
         <path>/home/light/ti/ccsv7/tools/compiler/ti-cgt-arm_16.9.6.LTS/lib/</path>
         <kind>archive</kind>
         <file>rtsv7M4_T_le_v4SPD16_eabi.lib</file>
         <name>mpu_init.obj</name>
      </input_file>
      <input_file id="fl-d7">
         <path>/home/light/ti/ccsv7/tools/compiler/ti-cgt-arm_16.9.6.LTS/lib/</path>
         <kind>archive</kind>
         <file>rtsv7M4_T_le_v4SPD16_eabi.lib</file>
         <name>pre_init.obj</name>
      </input_file>
      <input_file id="fl-d8">
         <path>/home/light/ti/ccsv7/tools/compiler/ti-cgt-arm_16.9.6.LTS/lib/</path>
         <kind>archive</kind>
         <file>rtsv7M4_T_le_v4SPD16_eabi.lib</file>
         <name>s_atan.obj</name>
      </input_file>
      <input_file id="fl-d9">
         <path>/home/light/ti/ccsv7/tools/compiler/ti-cgt-arm_16.9.6.LTS/lib/</path>
         <kind>archive</kind>
         <file>rtsv7M4_T_le_v4SPD16_eabi.lib</file>
         <name>stkdepth_vars.obj</name>
      </input_file>
      <input_file id="fl-da">
         <path>/home/light/ti/ccsv7/tools/compiler/ti-cgt-arm_16.9.6.LTS/lib/</path>
         <kind>archive</kind>
         <file>rtsv7M4_T_le_v4SPD16_eabi.lib</file>
         <name>typeinfo_.obj</name>
      </input_file>
      <input_file id="fl-db">
         <path>/home/light/ti/ccsv7/tools/compiler/ti-cgt-arm_16.9.6.LTS/lib/</path>
         <kind>archive</kind>
         <file>rtsv7M4_T_le_v4SPD16_eabi.lib</file>
         <name>_lock.obj</name>
      </input_file>
      <input_file id="fl-dc">
         <path>/home/light/ti/ccsv7/tools/compiler/ti-cgt-arm_16.9.6.LTS/lib/</path>
         <kind>archive</kind>
         <file>rtsv7M4_T_le_v4SPD16_eabi.lib</file>
         <name>args_main.obj</name>
      </input_file>
      <input_file id="fl-dd">
         <path>/home/light/ti/ccsv7/tools/compiler/ti-cgt-arm_16.9.6.LTS/lib/</path>
         <kind>archive</kind>
         <file>rtsv7M4_T_le_v4SPD16_eabi.lib</file>
         <name>autoinit.obj</name>
      </input_file>
      <input_file id="fl-de">
         <path>/home/light/ti/ccsv7/tools/compiler/ti-cgt-arm_16.9.6.LTS/lib/</path>
         <kind>archive</kind>
         <file>rtsv7M4_T_le_v4SPD16_eabi.lib</file>
         <name>cpy_tbl.obj</name>
      </input_file>
      <input_file id="fl-df">
         <path>/home/light/ti/ccsv7/tools/compiler/ti-cgt-arm_16.9.6.LTS/lib/</path>
         <kind>archive</kind>
         <file>rtsv7M4_T_le_v4SPD16_eabi.lib</file>
         <name>fd_cmp_t2.obj</name>
      </input_file>
      <input_file id="fl-e0">
         <path>/home/light/ti/ccsv7/tools/compiler/ti-cgt-arm_16.9.6.LTS/lib/</path>
         <kind>archive</kind>
         <file>rtsv7M4_T_le_v4SPD16_eabi.lib</file>
         <name>startup.obj</name>
      </input_file>
   </input_file_list>
   <object_component_list>
      <object_component id="oc-f">
         <name>.intvecs</name>
         <load_address>0x0</load_address>
         <run_address>0x0</run_address>
         <size>0x26c</size>
         <input_file_ref idref="fl-3"/>
      </object_component>
      <object_component id="oc-117">
         <name>.text</name>
         <load_address>0x26c</load_address>
         <run_address>0x26c</run_address>
         <size>0x46a</size>
         <input_file_ref idref="fl-6"/>
      </object_component>
      <object_component id="oc-5a">
         <name>.text</name>
         <load_address>0x6d6</load_address>
         <run_address>0x6d6</run_address>
         <size>0x2</size>
         <input_file_ref idref="fl-d6"/>
      </object_component>
      <object_component id="oc-de">
         <name>.text</name>
         <load_address>0x6d8</load_address>
         <run_address>0x6d8</run_address>
         <size>0x400</size>
         <input_file_ref idref="fl-5"/>
      </object_component>
      <object_component id="oc-1b2">
         <name>.text</name>
         <load_address>0xad8</load_address>
         <run_address>0xad8</run_address>
         <size>0x3d0</size>
         <input_file_ref idref="fl-d4"/>
      </object_component>
      <object_component id="oc-1c5">
         <name>.text</name>
         <load_address>0xea8</load_address>
         <run_address>0xea8</run_address>
         <size>0x2ec</size>
         <input_file_ref idref="fl-d8"/>
      </object_component>
      <object_component id="oc-134">
         <name>.text</name>
         <load_address>0x1194</load_address>
         <run_address>0x1194</run_address>
         <size>0x1ec</size>
         <input_file_ref idref="fl-cc"/>
      </object_component>
      <object_component id="oc-1c0">
         <name>.text</name>
         <load_address>0x1380</load_address>
         <run_address>0x1380</run_address>
         <size>0x1b6</size>
         <input_file_ref idref="fl-ce"/>
      </object_component>
      <object_component id="oc-1cb">
         <name>.text</name>
         <load_address>0x1536</load_address>
         <run_address>0x1536</run_address>
         <size>0x136</size>
         <input_file_ref idref="fl-cf"/>
      </object_component>
      <object_component id="oc-1ee">
         <name>.text:GPIOPadConfigSet</name>
         <load_address>0x166c</load_address>
         <run_address>0x166c</run_address>
         <size>0x132</size>
         <input_file_ref idref="fl-d"/>
      </object_component>
      <object_component id="oc-a6">
         <name>.text</name>
         <load_address>0x179e</load_address>
         <run_address>0x179e</run_address>
         <size>0x2</size>
         <input_file_ref idref="fl-e0"/>
      </object_component>
      <object_component id="oc-180">
         <name>.text:SysCtlClockGet</name>
         <load_address>0x17a0</load_address>
         <run_address>0x17a0</run_address>
         <size>0x110</size>
         <input_file_ref idref="fl-10"/>
      </object_component>
      <object_component id="oc-13a">
         <name>.text</name>
         <load_address>0x18b0</load_address>
         <run_address>0x18b0</run_address>
         <size>0xfc</size>
         <input_file_ref idref="fl-d0"/>
      </object_component>
      <object_component id="oc-249">
         <name>.text</name>
         <load_address>0x19ac</load_address>
         <run_address>0x19ac</run_address>
         <size>0xbc</size>
         <input_file_ref idref="fl-da"/>
      </object_component>
      <object_component id="oc-42">
         <name>.text</name>
         <load_address>0x1a68</load_address>
         <run_address>0x1a68</run_address>
         <size>0x9c</size>
         <input_file_ref idref="fl-d3"/>
      </object_component>
      <object_component id="oc-21f">
         <name>.text:__aeabi_cdrcmple</name>
         <load_address>0x1b04</load_address>
         <run_address>0x1b04</run_address>
         <size>0x86</size>
         <input_file_ref idref="fl-df"/>
      </object_component>
      <object_component id="oc-4e">
         <name>.text</name>
         <load_address>0x1b8a</load_address>
         <run_address>0x1b8a</run_address>
         <size>0x7a</size>
         <input_file_ref idref="fl-d5"/>
      </object_component>
      <object_component id="oc-66">
         <name>.text</name>
         <load_address>0x1c04</load_address>
         <run_address>0x1c04</run_address>
         <size>0x70</size>
         <input_file_ref idref="fl-dd"/>
      </object_component>
      <object_component id="oc-13f">
         <name>.text</name>
         <load_address>0x1c74</load_address>
         <run_address>0x1c74</run_address>
         <size>0x6e</size>
         <input_file_ref idref="fl-d1"/>
      </object_component>
      <object_component id="oc-12">
         <name>.text:decompress:lzss</name>
         <load_address>0x1ce2</load_address>
         <run_address>0x1ce2</run_address>
         <size>0x68</size>
         <input_file_ref idref="fl-c8"/>
      </object_component>
      <object_component id="oc-24">
         <name>.text</name>
         <load_address>0x1d4c</load_address>
         <run_address>0x1d4c</run_address>
         <size>0x54</size>
         <input_file_ref idref="fl-c7"/>
      </object_component>
      <object_component id="oc-72">
         <name>.text</name>
         <load_address>0x1da0</load_address>
         <run_address>0x1da0</run_address>
         <size>0x54</size>
         <input_file_ref idref="fl-cd"/>
      </object_component>
      <object_component id="oc-168">
         <name>.text:SysCtlPeripheralReset</name>
         <load_address>0x1df4</load_address>
         <run_address>0x1df4</run_address>
         <size>0x50</size>
         <input_file_ref idref="fl-10"/>
      </object_component>
      <object_component id="oc-11d">
         <name>.text:_ZN3I2CaSERKS_</name>
         <load_address>0x1e44</load_address>
         <run_address>0x1e44</run_address>
         <size>0x4e</size>
         <input_file_ref idref="fl-5"/>
      </object_component>
      <object_component id="oc-186">
         <name>.text:I2CMasterInitExpClk</name>
         <load_address>0x1e94</load_address>
         <run_address>0x1e94</run_address>
         <size>0x4c</size>
         <input_file_ref idref="fl-e"/>
      </object_component>
      <object_component id="oc-a0">
         <name>.text</name>
         <load_address>0x1ee0</load_address>
         <run_address>0x1ee0</run_address>
         <size>0x4c</size>
         <input_file_ref idref="fl-de"/>
      </object_component>
      <object_component id="oc-16e">
         <name>.text:GPIOPinConfigure</name>
         <load_address>0x1f2c</load_address>
         <run_address>0x1f2c</run_address>
         <size>0x48</size>
         <input_file_ref idref="fl-d"/>
      </object_component>
      <object_component id="oc-ae">
         <name>.text</name>
         <load_address>0x1f74</load_address>
         <run_address>0x1f74</run_address>
         <size>0x48</size>
         <input_file_ref idref="fl-2"/>
      </object_component>
      <object_component id="oc-162">
         <name>.text:SysCtlPeripheralReady</name>
         <load_address>0x1fbc</load_address>
         <run_address>0x1fbc</run_address>
         <size>0x38</size>
         <input_file_ref idref="fl-10"/>
      </object_component>
      <object_component id="oc-15c">
         <name>.text:SysCtlPeripheralEnable</name>
         <load_address>0x1ff4</load_address>
         <run_address>0x1ff4</run_address>
         <size>0x34</size>
         <input_file_ref idref="fl-10"/>
      </object_component>
      <object_component id="oc-12f">
         <name>.text</name>
         <load_address>0x2028</load_address>
         <run_address>0x2028</run_address>
         <size>0x2e</size>
         <input_file_ref idref="fl-d2"/>
      </object_component>
      <object_component id="oc-1e8">
         <name>.text:GPIODirModeSet</name>
         <load_address>0x2056</load_address>
         <run_address>0x2056</run_address>
         <size>0x2a</size>
         <input_file_ref idref="fl-d"/>
      </object_component>
      <object_component id="oc-6c">
         <name>.text</name>
         <load_address>0x2080</load_address>
         <run_address>0x2080</run_address>
         <size>0x18</size>
         <input_file_ref idref="fl-dc"/>
      </object_component>
      <object_component id="oc-ff">
         <name>.text</name>
         <load_address>0x2098</load_address>
         <run_address>0x2098</run_address>
         <size>0x14</size>
         <input_file_ref idref="fl-db"/>
      </object_component>
      <object_component id="oc-17a">
         <name>.text:GPIOPinTypeI2C</name>
         <load_address>0x20ac</load_address>
         <run_address>0x20ac</run_address>
         <size>0x12</size>
         <input_file_ref idref="fl-d"/>
      </object_component>
      <object_component id="oc-174">
         <name>.text:GPIOPinTypeI2CSCL</name>
         <load_address>0x20be</load_address>
         <run_address>0x20be</run_address>
         <size>0x12</size>
         <input_file_ref idref="fl-d"/>
      </object_component>
      <object_component id="oc-18">
         <name>.text:decompress:none</name>
         <load_address>0x20d0</load_address>
         <run_address>0x20d0</run_address>
         <size>0xe</size>
         <input_file_ref idref="fl-c9"/>
      </object_component>
      <object_component id="oc-1e">
         <name>.text:decompress:ZI</name>
         <load_address>0x20de</load_address>
         <run_address>0x20de</run_address>
         <size>0xc</size>
         <input_file_ref idref="fl-ca"/>
      </object_component>
      <object_component id="oc-2e">
         <name>.text</name>
         <load_address>0x20ea</load_address>
         <run_address>0x20ea</run_address>
         <size>0xc</size>
         <input_file_ref idref="fl-3"/>
      </object_component>
      <object_component id="oc-1fa">
         <name>.text:I2CMasterEnable</name>
         <load_address>0x20f6</load_address>
         <run_address>0x20f6</run_address>
         <size>0xa</size>
         <input_file_ref idref="fl-e"/>
      </object_component>
      <object_component id="oc-19e">
         <name>.text:I2CMasterBusy</name>
         <load_address>0x2100</load_address>
         <run_address>0x2100</run_address>
         <size>0x8</size>
         <input_file_ref idref="fl-e"/>
      </object_component>
      <object_component id="oc-18c">
         <name>.text:I2CMasterSlaveAddrSet</name>
         <load_address>0x2108</load_address>
         <run_address>0x2108</run_address>
         <size>0x8</size>
         <input_file_ref idref="fl-e"/>
      </object_component>
      <object_component id="oc-124">
         <name>.text</name>
         <load_address>0x2110</load_address>
         <run_address>0x2110</run_address>
         <size>0x8</size>
         <input_file_ref idref="fl-cb"/>
      </object_component>
      <object_component id="oc-198">
         <name>.text:I2CMasterControl</name>
         <load_address>0x2118</load_address>
         <run_address>0x2118</run_address>
         <size>0x4</size>
         <input_file_ref idref="fl-e"/>
      </object_component>
      <object_component id="oc-1a9">
         <name>.text:I2CMasterDataGet</name>
         <load_address>0x211c</load_address>
         <run_address>0x211c</run_address>
         <size>0x4</size>
         <input_file_ref idref="fl-e"/>
      </object_component>
      <object_component id="oc-192">
         <name>.text:I2CMasterDataPut</name>
         <load_address>0x2120</load_address>
         <run_address>0x2120</run_address>
         <size>0x4</size>
         <input_file_ref idref="fl-e"/>
      </object_component>
      <object_component id="oc-60">
         <name>.text</name>
         <load_address>0x2124</load_address>
         <run_address>0x2124</run_address>
         <size>0x4</size>
         <input_file_ref idref="fl-d7"/>
      </object_component>
      <object_component id="oc-224">
         <name>.const:$O1$$</name>
         <load_address>0x2128</load_address>
         <run_address>0x2128</run_address>
         <size>0x98</size>
         <input_file_ref idref="fl-d8"/>
      </object_component>
      <object_component id="oc-1e3">
         <name>.const:g_pui32GPIOBaseAddrs</name>
         <load_address>0x21c0</load_address>
         <run_address>0x21c0</run_address>
         <size>0x90</size>
         <input_file_ref idref="fl-d"/>
      </object_component>
      <object_component id="oc-1f6">
         <name>.const:g_pui32Xtals</name>
         <load_address>0x2250</load_address>
         <run_address>0x2250</run_address>
         <size>0x6c</size>
         <input_file_ref idref="fl-10"/>
      </object_component>
      <object_component id="oc-2c1">
         <name>.const:.typeinfo:_ZTSN10__cxxabiv123__fundamental_type_infoE</name>
         <load_address>0x22bc</load_address>
         <run_address>0x22bc</run_address>
         <size>0x28</size>
         <input_file_ref idref="fl-da"/>
      </object_component>
      <object_component id="oc-299">
         <name>.const:.typeinfo:_ZTSN10__cxxabiv120__si_class_type_infoE</name>
         <load_address>0x22e4</load_address>
         <run_address>0x22e4</run_address>
         <size>0x25</size>
         <input_file_ref idref="fl-da"/>
      </object_component>
      <object_component id="oc-2ad">
         <name>.const:.typeinfo:_ZTSN10__cxxabiv119__pointer_type_infoE</name>
         <load_address>0x2309</load_address>
         <run_address>0x2309</run_address>
         <size>0x24</size>
         <input_file_ref idref="fl-da"/>
      </object_component>
      <object_component id="oc-25c">
         <name>.const:.typeinfo:_ZTSN10__cxxabiv117__class_type_infoE</name>
         <load_address>0x232d</load_address>
         <run_address>0x232d</run_address>
         <size>0x22</size>
         <input_file_ref idref="fl-da"/>
      </object_component>
      <object_component id="oc-2bc">
         <name>.const:.typeinfo:_ZTSN10__cxxabiv117__pbase_type_infoE</name>
         <load_address>0x234f</load_address>
         <run_address>0x234f</run_address>
         <size>0x22</size>
         <input_file_ref idref="fl-da"/>
      </object_component>
      <object_component id="oc-2a8">
         <name>.const:.typeinfo:_ZTSe</name>
         <load_address>0x2371</load_address>
         <run_address>0x2371</run_address>
         <size>0x2</size>
         <input_file_ref idref="fl-da"/>
      </object_component>
      <object_component id="oc-267">
         <name>.const:.typeinfo:_ZTIPKe</name>
         <load_address>0x2374</load_address>
         <run_address>0x2374</run_address>
         <size>0x10</size>
         <input_file_ref idref="fl-da"/>
      </object_component>
      <object_component id="oc-144">
         <name>.const:MPU6050AccelFactors</name>
         <load_address>0x2384</load_address>
         <run_address>0x2384</run_address>
         <size>0x10</size>
         <input_file_ref idref="fl-5"/>
      </object_component>
      <object_component id="oc-147">
         <name>.const:MPU6050GyroFactors</name>
         <load_address>0x2394</load_address>
         <run_address>0x2394</run_address>
         <size>0x10</size>
         <input_file_ref idref="fl-5"/>
      </object_component>
      <object_component id="oc-1a4">
         <name>.const:_ZTV3I2C</name>
         <load_address>0x23a4</load_address>
         <run_address>0x23a4</run_address>
         <size>0x10</size>
         <input_file_ref idref="fl-6"/>
      </object_component>
      <object_component id="oc-12a">
         <name>.const:_ZTV5GY521</name>
         <load_address>0x23b4</load_address>
         <run_address>0x23b4</run_address>
         <size>0x10</size>
         <input_file_ref idref="fl-5"/>
      </object_component>
      <object_component id="oc-214">
         <name>.const:_ZTVN10__cxxabiv117__class_type_infoE</name>
         <load_address>0x23c4</load_address>
         <run_address>0x23c4</run_address>
         <size>0x10</size>
         <input_file_ref idref="fl-da"/>
      </object_component>
      <object_component id="oc-28a">
         <name>.const:_ZTVN10__cxxabiv119__pointer_type_infoE</name>
         <load_address>0x23d4</load_address>
         <run_address>0x23d4</run_address>
         <size>0x10</size>
         <input_file_ref idref="fl-da"/>
      </object_component>
      <object_component id="oc-257">
         <name>.const:_ZTVN10__cxxabiv120__si_class_type_infoE</name>
         <load_address>0x23e4</load_address>
         <run_address>0x23e4</run_address>
         <size>0x10</size>
         <input_file_ref idref="fl-da"/>
      </object_component>
      <object_component id="oc-2a3">
         <name>.const:_ZTVN10__cxxabiv123__fundamental_type_infoE</name>
         <load_address>0x23f4</load_address>
         <run_address>0x23f4</run_address>
         <size>0x10</size>
         <input_file_ref idref="fl-da"/>
      </object_component>
      <object_component id="oc-285">
         <name>.const:.typeinfo:_ZTSSt9type_info</name>
         <load_address>0x2404</load_address>
         <run_address>0x2404</run_address>
         <size>0xd</size>
         <input_file_ref idref="fl-da"/>
      </object_component>
      <object_component id="oc-244">
         <name>.const:.typeinfo:_ZTIN10__cxxabiv117__class_type_infoE</name>
         <load_address>0x2414</load_address>
         <run_address>0x2414</run_address>
         <size>0xc</size>
         <input_file_ref idref="fl-da"/>
      </object_component>
      <object_component id="oc-2b2">
         <name>.const:.typeinfo:_ZTIN10__cxxabiv117__pbase_type_infoE</name>
         <load_address>0x2420</load_address>
         <run_address>0x2420</run_address>
         <size>0xc</size>
         <input_file_ref idref="fl-da"/>
      </object_component>
      <object_component id="oc-29e">
         <name>.const:.typeinfo:_ZTIN10__cxxabiv119__pointer_type_infoE</name>
         <load_address>0x242c</load_address>
         <run_address>0x242c</run_address>
         <size>0xc</size>
         <input_file_ref idref="fl-da"/>
      </object_component>
      <object_component id="oc-280">
         <name>.const:.typeinfo:_ZTIN10__cxxabiv120__si_class_type_infoE</name>
         <load_address>0x2438</load_address>
         <run_address>0x2438</run_address>
         <size>0xc</size>
         <input_file_ref idref="fl-da"/>
      </object_component>
      <object_component id="oc-2b7">
         <name>.const:.typeinfo:_ZTIN10__cxxabiv123__fundamental_type_infoE</name>
         <load_address>0x2444</load_address>
         <run_address>0x2444</run_address>
         <size>0xc</size>
         <input_file_ref idref="fl-da"/>
      </object_component>
      <object_component id="oc-206">
         <name>.const:.typeinfo:_ZTI3I2C</name>
         <load_address>0x2450</load_address>
         <run_address>0x2450</run_address>
         <size>0x8</size>
         <input_file_ref idref="fl-6"/>
      </object_component>
      <object_component id="oc-1ba">
         <name>.const:.typeinfo:_ZTI5GY521</name>
         <load_address>0x2458</load_address>
         <run_address>0x2458</run_address>
         <size>0x8</size>
         <input_file_ref idref="fl-5"/>
      </object_component>
      <object_component id="oc-261">
         <name>.const:.typeinfo:_ZTISt9type_info</name>
         <load_address>0x2460</load_address>
         <run_address>0x2460</run_address>
         <size>0x8</size>
         <input_file_ref idref="fl-da"/>
      </object_component>
      <object_component id="oc-294">
         <name>.const:.typeinfo:_ZTIe</name>
         <load_address>0x2468</load_address>
         <run_address>0x2468</run_address>
         <size>0x8</size>
         <input_file_ref idref="fl-da"/>
      </object_component>
      <object_component id="oc-219">
         <name>.const:.typeinfo:_ZTS5GY521</name>
         <load_address>0x2470</load_address>
         <run_address>0x2470</run_address>
         <size>0x7</size>
         <input_file_ref idref="fl-5"/>
      </object_component>
      <object_component id="oc-23d">
         <name>.const:.typeinfo:_ZTS3I2C</name>
         <load_address>0x2477</load_address>
         <run_address>0x2477</run_address>
         <size>0x5</size>
         <input_file_ref idref="fl-6"/>
      </object_component>
      <object_component id="oc-28f">
         <name>.const:.typeinfo:_ZTSPKe</name>
         <load_address>0x247c</load_address>
         <run_address>0x247c</run_address>
         <size>0x4</size>
         <input_file_ref idref="fl-da"/>
      </object_component>
      <object_component id="oc-2e7">
         <name>.cinit..data.load</name>
         <load_address>0x2480</load_address>
         <run_address>0x2480</run_address>
         <size>0x1a</size>
      </object_component>
      <object_component id="oc-2e5">
         <name>__TI_handler_table</name>
         <load_address>0x249c</load_address>
         <run_address>0x249c</run_address>
         <size>0xc</size>
      </object_component>
      <object_component id="oc-2e8">
         <name>.cinit..bss.load</name>
         <load_address>0x24a8</load_address>
         <run_address>0x24a8</run_address>
         <size>0x8</size>
      </object_component>
      <object_component id="oc-2e6">
         <name>__TI_cinit_table</name>
         <load_address>0x24b0</load_address>
         <run_address>0x24b0</run_address>
         <size>0x10</size>
      </object_component>
      <object_component id="oc-b6">
         <name>.data:$O1$$</name>
         <load_address>0x20000224</load_address>
         <run_address>0x20000224</run_address>
         <size>0xc</size>
         <input_file_ref idref="fl-cd"/>
      </object_component>
      <object_component id="oc-20e">
         <name>.data:$O1$$</name>
         <load_address>0x20000230</load_address>
         <run_address>0x20000230</run_address>
         <size>0xc</size>
         <input_file_ref idref="fl-d4"/>
      </object_component>
      <object_component id="oc-78">
         <name>.data</name>
         <load_address>0x20000244</load_address>
         <run_address>0x20000244</run_address>
         <size>0x4</size>
         <input_file_ref idref="fl-d9"/>
      </object_component>
      <object_component id="oc-b9">
         <name>.data:$O1$$</name>
         <load_address>0x2000023c</load_address>
         <run_address>0x2000023c</run_address>
         <size>0x8</size>
         <input_file_ref idref="fl-db"/>
      </object_component>
      <object_component id="oc-e4">
         <name>.common:accel</name>
         <uninitialized>true</uninitialized>
         <run_address>0x20000200</run_address>
         <size>0xc</size>
      </object_component>
      <object_component id="oc-e8">
         <name>.common:gyro</name>
         <uninitialized>true</uninitialized>
         <run_address>0x2000020c</run_address>
         <size>0xc</size>
      </object_component>
      <object_component id="oc-e9">
         <name>.common:pitch</name>
         <uninitialized>true</uninitialized>
         <run_address>0x2000021c</run_address>
         <size>0x4</size>
      </object_component>
      <object_component id="oc-ea">
         <name>.common:roll</name>
         <uninitialized>true</uninitialized>
         <run_address>0x20000220</run_address>
         <size>0x4</size>
      </object_component>
      <object_component id="oc-266">
         <name>.common:_ZSt16__dummy_typeinfo</name>
         <uninitialized>true</uninitialized>
         <run_address>0x20000218</run_address>
         <size>0x4</size>
      </object_component>
      <object_component id="oc-2b">
         <name>.sysmem</name>
         <uninitialized>true</uninitialized>
         <run_address>0x20000248</run_address>
         <size>0x8</size>
         <input_file_ref idref="fl-d4"/>
      </object_component>
      <object_component id="oc-2ea">
         <name>.sysmem</name>
         <uninitialized>true</uninitialized>
         <run_address>0x20000248</run_address>
         <size>0x0</size>
      </object_component>
      <object_component id="oc-2a">
         <name>.stack</name>
         <uninitialized>true</uninitialized>
         <run_address>0x20000000</run_address>
         <size>0x0</size>
         <input_file_ref idref="fl-c7"/>
      </object_component>
      <object_component id="oc-2e9">
         <name>.stack</name>
         <uninitialized>true</uninitialized>
         <run_address>0x20000000</run_address>
         <size>0x0</size>
      </object_component>
      <object_component id="oc-e5">
         <name>.debug_info</name>
         <load_address>0x0</load_address>
         <run_address>0x0</run_address>
         <size>0x51c</size>
         <input_file_ref idref="fl-2"/>
      </object_component>
      <object_component id="oc-af">
         <name>.debug_info</name>
         <load_address>0x51c</load_address>
         <run_address>0x51c</run_address>
         <size>0x193</size>
         <input_file_ref idref="fl-2"/>
      </object_component>
      <object_component id="oc-f1">
         <name>.debug_info</name>
         <load_address>0x6af</load_address>
         <run_address>0x6af</run_address>
         <size>0x205</size>
         <input_file_ref idref="fl-2"/>
      </object_component>
      <object_component id="oc-152">
         <name>.debug_info</name>
         <load_address>0x8b4</load_address>
         <run_address>0x8b4</run_address>
         <size>0x1f2</size>
         <input_file_ref idref="fl-2"/>
      </object_component>
      <object_component id="oc-ec">
         <name>.debug_info</name>
         <load_address>0xaa6</load_address>
         <run_address>0xaa6</run_address>
         <size>0x8b</size>
         <input_file_ref idref="fl-2"/>
      </object_component>
      <object_component id="oc-14d">
         <name>.debug_info</name>
         <load_address>0xb31</load_address>
         <run_address>0xb31</run_address>
         <size>0x18b</size>
         <input_file_ref idref="fl-2"/>
      </object_component>
      <object_component id="oc-36">
         <name>.debug_info</name>
         <load_address>0xcbc</load_address>
         <run_address>0xcbc</run_address>
         <size>0x28b</size>
         <input_file_ref idref="fl-3"/>
      </object_component>
      <object_component id="oc-10">
         <name>.debug_info</name>
         <load_address>0xf47</load_address>
         <run_address>0xf47</run_address>
         <size>0xdc</size>
         <input_file_ref idref="fl-3"/>
      </object_component>
      <object_component id="oc-2f">
         <name>.debug_info</name>
         <load_address>0x1023</load_address>
         <run_address>0x1023</run_address>
         <size>0x258</size>
         <input_file_ref idref="fl-3"/>
      </object_component>
      <object_component id="oc-3d">
         <name>.debug_info</name>
         <load_address>0x127b</load_address>
         <run_address>0x127b</run_address>
         <size>0x84</size>
         <input_file_ref idref="fl-3"/>
      </object_component>
      <object_component id="oc-83">
         <name>.debug_info</name>
         <load_address>0x12ff</load_address>
         <run_address>0x12ff</run_address>
         <size>0x18b</size>
         <input_file_ref idref="fl-3"/>
      </object_component>
      <object_component id="oc-14b">
         <name>.debug_info</name>
         <load_address>0x148a</load_address>
         <run_address>0x148a</run_address>
         <size>0x9b9</size>
         <input_file_ref idref="fl-5"/>
      </object_component>
      <object_component id="oc-145">
         <name>.debug_info</name>
         <load_address>0x1e43</load_address>
         <run_address>0x1e43</run_address>
         <size>0xe6</size>
         <input_file_ref idref="fl-5"/>
      </object_component>
      <object_component id="oc-148">
         <name>.debug_info</name>
         <load_address>0x1f29</load_address>
         <run_address>0x1f29</run_address>
         <size>0xe4</size>
         <input_file_ref idref="fl-5"/>
      </object_component>
      <object_component id="oc-12b">
         <name>.debug_info</name>
         <load_address>0x200d</load_address>
         <run_address>0x200d</run_address>
         <size>0xeb</size>
         <input_file_ref idref="fl-5"/>
      </object_component>
      <object_component id="oc-1bb">
         <name>.debug_info</name>
         <load_address>0x20f8</load_address>
         <run_address>0x20f8</run_address>
         <size>0xdd</size>
         <input_file_ref idref="fl-5"/>
      </object_component>
      <object_component id="oc-21a">
         <name>.debug_info</name>
         <load_address>0x21d5</load_address>
         <run_address>0x21d5</run_address>
         <size>0xe2</size>
         <input_file_ref idref="fl-5"/>
      </object_component>
      <object_component id="oc-11e">
         <name>.debug_info</name>
         <load_address>0x22b7</load_address>
         <run_address>0x22b7</run_address>
         <size>0x135</size>
         <input_file_ref idref="fl-5"/>
      </object_component>
      <object_component id="oc-df">
         <name>.debug_info</name>
         <load_address>0x23ec</load_address>
         <run_address>0x23ec</run_address>
         <size>0xa04</size>
         <input_file_ref idref="fl-5"/>
      </object_component>
      <object_component id="oc-1b0">
         <name>.debug_info</name>
         <load_address>0x2df0</load_address>
         <run_address>0x2df0</run_address>
         <size>0xa4c</size>
         <input_file_ref idref="fl-6"/>
      </object_component>
      <object_component id="oc-1a5">
         <name>.debug_info</name>
         <load_address>0x383c</load_address>
         <run_address>0x383c</run_address>
         <size>0xe6</size>
         <input_file_ref idref="fl-6"/>
      </object_component>
      <object_component id="oc-207">
         <name>.debug_info</name>
         <load_address>0x3922</load_address>
         <run_address>0x3922</run_address>
         <size>0xd8</size>
         <input_file_ref idref="fl-6"/>
      </object_component>
      <object_component id="oc-23e">
         <name>.debug_info</name>
         <load_address>0x39fa</load_address>
         <run_address>0x39fa</run_address>
         <size>0xdd</size>
         <input_file_ref idref="fl-6"/>
      </object_component>
      <object_component id="oc-118">
         <name>.debug_info</name>
         <load_address>0x3ad7</load_address>
         <run_address>0x3ad7</run_address>
         <size>0xc5a</size>
         <input_file_ref idref="fl-6"/>
      </object_component>
      <object_component id="oc-1e7">
         <name>.debug_info</name>
         <load_address>0x4731</load_address>
         <run_address>0x4731</run_address>
         <size>0x240</size>
         <input_file_ref idref="fl-d"/>
      </object_component>
      <object_component id="oc-1e4">
         <name>.debug_info</name>
         <load_address>0x4971</load_address>
         <run_address>0x4971</run_address>
         <size>0x15b</size>
         <input_file_ref idref="fl-d"/>
      </object_component>
      <object_component id="oc-1e9">
         <name>.debug_info</name>
         <load_address>0x4acc</load_address>
         <run_address>0x4acc</run_address>
         <size>0x2b3</size>
         <input_file_ref idref="fl-d"/>
      </object_component>
      <object_component id="oc-1ef">
         <name>.debug_info</name>
         <load_address>0x4d7f</load_address>
         <run_address>0x4d7f</run_address>
         <size>0x316</size>
         <input_file_ref idref="fl-d"/>
      </object_component>
      <object_component id="oc-175">
         <name>.debug_info</name>
         <load_address>0x5095</load_address>
         <run_address>0x5095</run_address>
         <size>0x27f</size>
         <input_file_ref idref="fl-d"/>
      </object_component>
      <object_component id="oc-17b">
         <name>.debug_info</name>
         <load_address>0x5314</load_address>
         <run_address>0x5314</run_address>
         <size>0x279</size>
         <input_file_ref idref="fl-d"/>
      </object_component>
      <object_component id="oc-16f">
         <name>.debug_info</name>
         <load_address>0x558d</load_address>
         <run_address>0x558d</run_address>
         <size>0x280</size>
         <input_file_ref idref="fl-d"/>
      </object_component>
      <object_component id="oc-201">
         <name>.debug_info</name>
         <load_address>0x580d</load_address>
         <run_address>0x580d</run_address>
         <size>0x231</size>
         <input_file_ref idref="fl-e"/>
      </object_component>
      <object_component id="oc-18f">
         <name>.debug_info</name>
         <load_address>0x5a3e</load_address>
         <run_address>0x5a3e</run_address>
         <size>0x2ce</size>
         <input_file_ref idref="fl-e"/>
      </object_component>
      <object_component id="oc-1fc">
         <name>.debug_info</name>
         <load_address>0x5d0c</load_address>
         <run_address>0x5d0c</run_address>
         <size>0x24e</size>
         <input_file_ref idref="fl-e"/>
      </object_component>
      <object_component id="oc-189">
         <name>.debug_info</name>
         <load_address>0x5f5a</load_address>
         <run_address>0x5f5a</run_address>
         <size>0x2d5</size>
         <input_file_ref idref="fl-e"/>
      </object_component>
      <object_component id="oc-194">
         <name>.debug_info</name>
         <load_address>0x622f</load_address>
         <run_address>0x622f</run_address>
         <size>0x27e</size>
         <input_file_ref idref="fl-e"/>
      </object_component>
      <object_component id="oc-1ab">
         <name>.debug_info</name>
         <load_address>0x64ad</load_address>
         <run_address>0x64ad</run_address>
         <size>0x254</size>
         <input_file_ref idref="fl-e"/>
      </object_component>
      <object_component id="oc-19b">
         <name>.debug_info</name>
         <load_address>0x6701</load_address>
         <run_address>0x6701</run_address>
         <size>0x27e</size>
         <input_file_ref idref="fl-e"/>
      </object_component>
      <object_component id="oc-1a1">
         <name>.debug_info</name>
         <load_address>0x697f</load_address>
         <run_address>0x697f</run_address>
         <size>0x24e</size>
         <input_file_ref idref="fl-e"/>
      </object_component>
      <object_component id="oc-1e0">
         <name>.debug_info</name>
         <load_address>0x6bcd</load_address>
         <run_address>0x6bcd</run_address>
         <size>0x298</size>
         <input_file_ref idref="fl-10"/>
      </object_component>
      <object_component id="oc-1f7">
         <name>.debug_info</name>
         <load_address>0x6e65</load_address>
         <run_address>0x6e65</run_address>
         <size>0x14d</size>
         <input_file_ref idref="fl-10"/>
      </object_component>
      <object_component id="oc-169">
         <name>.debug_info</name>
         <load_address>0x6fb2</load_address>
         <run_address>0x6fb2</run_address>
         <size>0x295</size>
         <input_file_ref idref="fl-10"/>
      </object_component>
      <object_component id="oc-163">
         <name>.debug_info</name>
         <load_address>0x7247</load_address>
         <run_address>0x7247</run_address>
         <size>0x27f</size>
         <input_file_ref idref="fl-10"/>
      </object_component>
      <object_component id="oc-15d">
         <name>.debug_info</name>
         <load_address>0x74c6</load_address>
         <run_address>0x74c6</run_address>
         <size>0x27d</size>
         <input_file_ref idref="fl-10"/>
      </object_component>
      <object_component id="oc-181">
         <name>.debug_info</name>
         <load_address>0x7743</load_address>
         <run_address>0x7743</run_address>
         <size>0x2b5</size>
         <input_file_ref idref="fl-10"/>
      </object_component>
      <object_component id="oc-22d">
         <name>.debug_info</name>
         <load_address>0x79f8</load_address>
         <run_address>0x79f8</run_address>
         <size>0x5f</size>
         <input_file_ref idref="fl-10"/>
      </object_component>
      <object_component id="oc-25">
         <name>.debug_info</name>
         <load_address>0x7a57</load_address>
         <run_address>0x7a57</run_address>
         <size>0x160</size>
         <input_file_ref idref="fl-c7"/>
      </object_component>
      <object_component id="oc-8d">
         <name>.debug_info</name>
         <load_address>0x7bb7</load_address>
         <run_address>0x7bb7</run_address>
         <size>0x293</size>
         <input_file_ref idref="fl-c8"/>
      </object_component>
      <object_component id="oc-13">
         <name>.debug_info</name>
         <load_address>0x7e4a</load_address>
         <run_address>0x7e4a</run_address>
         <size>0x245</size>
         <input_file_ref idref="fl-c8"/>
      </object_component>
      <object_component id="oc-38">
         <name>.debug_info</name>
         <load_address>0x808f</load_address>
         <run_address>0x808f</run_address>
         <size>0x60</size>
         <input_file_ref idref="fl-c8"/>
      </object_component>
      <object_component id="oc-88">
         <name>.debug_info</name>
         <load_address>0x80ef</load_address>
         <run_address>0x80ef</run_address>
         <size>0x46</size>
         <input_file_ref idref="fl-c8"/>
      </object_component>
      <object_component id="oc-4d">
         <name>.debug_info</name>
         <load_address>0x8135</load_address>
         <run_address>0x8135</run_address>
         <size>0x2da</size>
         <input_file_ref idref="fl-c9"/>
      </object_component>
      <object_component id="oc-19">
         <name>.debug_info</name>
         <load_address>0x840f</load_address>
         <run_address>0x840f</run_address>
         <size>0x1df</size>
         <input_file_ref idref="fl-c9"/>
      </object_component>
      <object_component id="oc-48">
         <name>.debug_info</name>
         <load_address>0x85ee</load_address>
         <run_address>0x85ee</run_address>
         <size>0x46</size>
         <input_file_ref idref="fl-c9"/>
      </object_component>
      <object_component id="oc-8f">
         <name>.debug_info</name>
         <load_address>0x8634</load_address>
         <run_address>0x8634</run_address>
         <size>0x2c</size>
         <input_file_ref idref="fl-c9"/>
      </object_component>
      <object_component id="oc-59">
         <name>.debug_info</name>
         <load_address>0x8660</load_address>
         <run_address>0x8660</run_address>
         <size>0x2c9</size>
         <input_file_ref idref="fl-ca"/>
      </object_component>
      <object_component id="oc-1f">
         <name>.debug_info</name>
         <load_address>0x8929</load_address>
         <run_address>0x8929</run_address>
         <size>0x1aa</size>
         <input_file_ref idref="fl-ca"/>
      </object_component>
      <object_component id="oc-54">
         <name>.debug_info</name>
         <load_address>0x8ad3</load_address>
         <run_address>0x8ad3</run_address>
         <size>0x46</size>
         <input_file_ref idref="fl-ca"/>
      </object_component>
      <object_component id="oc-97">
         <name>.debug_info</name>
         <load_address>0x8b19</load_address>
         <run_address>0x8b19</run_address>
         <size>0x2c</size>
         <input_file_ref idref="fl-ca"/>
      </object_component>
      <object_component id="oc-1b9">
         <name>.debug_info</name>
         <load_address>0x8b45</load_address>
         <run_address>0x8b45</run_address>
         <size>0x296</size>
         <input_file_ref idref="fl-cb"/>
      </object_component>
      <object_component id="oc-125">
         <name>.debug_info</name>
         <load_address>0x8ddb</load_address>
         <run_address>0x8ddb</run_address>
         <size>0x164</size>
         <input_file_ref idref="fl-cb"/>
      </object_component>
      <object_component id="oc-1d1">
         <name>.debug_info</name>
         <load_address>0x8f3f</load_address>
         <run_address>0x8f3f</run_address>
         <size>0x2ea</size>
         <input_file_ref idref="fl-cc"/>
      </object_component>
      <object_component id="oc-135">
         <name>.debug_info</name>
         <load_address>0x9229</load_address>
         <run_address>0x9229</run_address>
         <size>0x23c</size>
         <input_file_ref idref="fl-cc"/>
      </object_component>
      <object_component id="oc-1d2">
         <name>.debug_info</name>
         <load_address>0x9465</load_address>
         <run_address>0x9465</run_address>
         <size>0x39</size>
         <input_file_ref idref="fl-cc"/>
      </object_component>
      <object_component id="oc-bd">
         <name>.debug_info</name>
         <load_address>0x949e</load_address>
         <run_address>0x949e</run_address>
         <size>0x3ce</size>
         <input_file_ref idref="fl-cd"/>
      </object_component>
      <object_component id="oc-b7">
         <name>.debug_info</name>
         <load_address>0x986c</load_address>
         <run_address>0x986c</run_address>
         <size>0x185</size>
         <input_file_ref idref="fl-cd"/>
      </object_component>
      <object_component id="oc-73">
         <name>.debug_info</name>
         <load_address>0x99f1</load_address>
         <run_address>0x99f1</run_address>
         <size>0x214</size>
         <input_file_ref idref="fl-cd"/>
      </object_component>
      <object_component id="oc-1c1">
         <name>.debug_info</name>
         <load_address>0x9c05</load_address>
         <run_address>0x9c05</run_address>
         <size>0x144</size>
         <input_file_ref idref="fl-ce"/>
      </object_component>
      <object_component id="oc-1cc">
         <name>.debug_info</name>
         <load_address>0x9d49</load_address>
         <run_address>0x9d49</run_address>
         <size>0x132</size>
         <input_file_ref idref="fl-cf"/>
      </object_component>
      <object_component id="oc-13b">
         <name>.debug_info</name>
         <load_address>0x9e7b</load_address>
         <run_address>0x9e7b</run_address>
         <size>0x132</size>
         <input_file_ref idref="fl-d0"/>
      </object_component>
      <object_component id="oc-140">
         <name>.debug_info</name>
         <load_address>0x9fad</load_address>
         <run_address>0x9fad</run_address>
         <size>0x136</size>
         <input_file_ref idref="fl-d1"/>
      </object_component>
      <object_component id="oc-130">
         <name>.debug_info</name>
         <load_address>0xa0e3</load_address>
         <run_address>0xa0e3</run_address>
         <size>0x124</size>
         <input_file_ref idref="fl-d2"/>
      </object_component>
      <object_component id="oc-43">
         <name>.debug_info</name>
         <load_address>0xa207</load_address>
         <run_address>0xa207</run_address>
         <size>0x111</size>
         <input_file_ref idref="fl-d3"/>
      </object_component>
      <object_component id="oc-7e">
         <name>.debug_info</name>
         <load_address>0xa318</load_address>
         <run_address>0xa318</run_address>
         <size>0x3bc</size>
         <input_file_ref idref="fl-d4"/>
      </object_component>
      <object_component id="oc-2c">
         <name>.debug_info</name>
         <load_address>0xa6d4</load_address>
         <run_address>0xa6d4</run_address>
         <size>0x101</size>
         <input_file_ref idref="fl-d4"/>
      </object_component>
      <object_component id="oc-20f">
         <name>.debug_info</name>
         <load_address>0xa7d5</load_address>
         <run_address>0xa7d5</run_address>
         <size>0x14c</size>
         <input_file_ref idref="fl-d4"/>
      </object_component>
      <object_component id="oc-1b3">
         <name>.debug_info</name>
         <load_address>0xa921</load_address>
         <run_address>0xa921</run_address>
         <size>0x885</size>
         <input_file_ref idref="fl-d4"/>
      </object_component>
      <object_component id="oc-c3">
         <name>.debug_info</name>
         <load_address>0xb1a6</load_address>
         <run_address>0xb1a6</run_address>
         <size>0x2c</size>
         <input_file_ref idref="fl-d4"/>
      </object_component>
      <object_component id="oc-c8">
         <name>.debug_info</name>
         <load_address>0xb1d2</load_address>
         <run_address>0xb1d2</run_address>
         <size>0x62</size>
         <input_file_ref idref="fl-d4"/>
      </object_component>
      <object_component id="oc-4f">
         <name>.debug_info</name>
         <load_address>0xb234</load_address>
         <run_address>0xb234</run_address>
         <size>0x13f</size>
         <input_file_ref idref="fl-d5"/>
      </object_component>
      <object_component id="oc-5b">
         <name>.debug_info</name>
         <load_address>0xb373</load_address>
         <run_address>0xb373</run_address>
         <size>0x138</size>
         <input_file_ref idref="fl-d6"/>
      </object_component>
      <object_component id="oc-61">
         <name>.debug_info</name>
         <load_address>0xb4ab</load_address>
         <run_address>0xb4ab</run_address>
         <size>0x148</size>
         <input_file_ref idref="fl-d7"/>
      </object_component>
      <object_component id="oc-255">
         <name>.debug_info</name>
         <load_address>0xb5f3</load_address>
         <run_address>0xb5f3</run_address>
         <size>0x333</size>
         <input_file_ref idref="fl-d8"/>
      </object_component>
      <object_component id="oc-225">
         <name>.debug_info</name>
         <load_address>0xb926</load_address>
         <run_address>0xb926</run_address>
         <size>0x126</size>
         <input_file_ref idref="fl-d8"/>
      </object_component>
      <object_component id="oc-1c6">
         <name>.debug_info</name>
         <load_address>0xba4c</load_address>
         <run_address>0xba4c</run_address>
         <size>0x4a1</size>
         <input_file_ref idref="fl-d8"/>
      </object_component>
      <object_component id="oc-79">
         <name>.debug_info</name>
         <load_address>0xbeed</load_address>
         <run_address>0xbeed</run_address>
         <size>0x109</size>
         <input_file_ref idref="fl-d9"/>
      </object_component>
      <object_component id="oc-24f">
         <name>.debug_info</name>
         <load_address>0xbff6</load_address>
         <run_address>0xbff6</run_address>
         <size>0x817</size>
         <input_file_ref idref="fl-da"/>
      </object_component>
      <object_component id="oc-215">
         <name>.debug_info</name>
         <load_address>0xc80d</load_address>
         <run_address>0xc80d</run_address>
         <size>0x14d</size>
         <input_file_ref idref="fl-da"/>
      </object_component>
      <object_component id="oc-2a4">
         <name>.debug_info</name>
         <load_address>0xc95a</load_address>
         <run_address>0xc95a</run_address>
         <size>0x159</size>
         <input_file_ref idref="fl-da"/>
      </object_component>
      <object_component id="oc-28b">
         <name>.debug_info</name>
         <load_address>0xcab3</load_address>
         <run_address>0xcab3</run_address>
         <size>0x151</size>
         <input_file_ref idref="fl-da"/>
      </object_component>
      <object_component id="oc-295">
         <name>.debug_info</name>
         <load_address>0xcc04</load_address>
         <run_address>0xcc04</run_address>
         <size>0x10d</size>
         <input_file_ref idref="fl-da"/>
      </object_component>
      <object_component id="oc-2a9">
         <name>.debug_info</name>
         <load_address>0xcd11</load_address>
         <run_address>0xcd11</run_address>
         <size>0x112</size>
         <input_file_ref idref="fl-da"/>
      </object_component>
      <object_component id="oc-268">
         <name>.debug_info</name>
         <load_address>0xce23</load_address>
         <run_address>0xce23</run_address>
         <size>0x117</size>
         <input_file_ref idref="fl-da"/>
      </object_component>
      <object_component id="oc-290">
         <name>.debug_info</name>
         <load_address>0xcf3a</load_address>
         <run_address>0xcf3a</run_address>
         <size>0x11c</size>
         <input_file_ref idref="fl-da"/>
      </object_component>
      <object_component id="oc-258">
         <name>.debug_info</name>
         <load_address>0xd056</load_address>
         <run_address>0xd056</run_address>
         <size>0x153</size>
         <input_file_ref idref="fl-da"/>
      </object_component>
      <object_component id="oc-262">
         <name>.debug_info</name>
         <load_address>0xd1a9</load_address>
         <run_address>0xd1a9</run_address>
         <size>0x11b</size>
         <input_file_ref idref="fl-da"/>
      </object_component>
      <object_component id="oc-2b8">
         <name>.debug_info</name>
         <load_address>0xd2c4</load_address>
         <run_address>0xd2c4</run_address>
         <size>0x14b</size>
         <input_file_ref idref="fl-da"/>
      </object_component>
      <object_component id="oc-245">
         <name>.debug_info</name>
         <load_address>0xd40f</load_address>
         <run_address>0xd40f</run_address>
         <size>0x13f</size>
         <input_file_ref idref="fl-da"/>
      </object_component>
      <object_component id="oc-281">
         <name>.debug_info</name>
         <load_address>0xd54e</load_address>
         <run_address>0xd54e</run_address>
         <size>0x145</size>
         <input_file_ref idref="fl-da"/>
      </object_component>
      <object_component id="oc-2b3">
         <name>.debug_info</name>
         <load_address>0xd693</load_address>
         <run_address>0xd693</run_address>
         <size>0x13f</size>
         <input_file_ref idref="fl-da"/>
      </object_component>
      <object_component id="oc-29f">
         <name>.debug_info</name>
         <load_address>0xd7d2</load_address>
         <run_address>0xd7d2</run_address>
         <size>0x143</size>
         <input_file_ref idref="fl-da"/>
      </object_component>
      <object_component id="oc-286">
         <name>.debug_info</name>
         <load_address>0xd915</load_address>
         <run_address>0xd915</run_address>
         <size>0x120</size>
         <input_file_ref idref="fl-da"/>
      </object_component>
      <object_component id="oc-2c2">
         <name>.debug_info</name>
         <load_address>0xda35</load_address>
         <run_address>0xda35</run_address>
         <size>0x150</size>
         <input_file_ref idref="fl-da"/>
      </object_component>
      <object_component id="oc-25d">
         <name>.debug_info</name>
         <load_address>0xdb85</load_address>
         <run_address>0xdb85</run_address>
         <size>0x144</size>
         <input_file_ref idref="fl-da"/>
      </object_component>
      <object_component id="oc-29a">
         <name>.debug_info</name>
         <load_address>0xdcc9</load_address>
         <run_address>0xdcc9</run_address>
         <size>0x14a</size>
         <input_file_ref idref="fl-da"/>
      </object_component>
      <object_component id="oc-2bd">
         <name>.debug_info</name>
         <load_address>0xde13</load_address>
         <run_address>0xde13</run_address>
         <size>0x144</size>
         <input_file_ref idref="fl-da"/>
      </object_component>
      <object_component id="oc-2ae">
         <name>.debug_info</name>
         <load_address>0xdf57</load_address>
         <run_address>0xdf57</run_address>
         <size>0x148</size>
         <input_file_ref idref="fl-da"/>
      </object_component>
      <object_component id="oc-24a">
         <name>.debug_info</name>
         <load_address>0xe09f</load_address>
         <run_address>0xe09f</run_address>
         <size>0x10ad</size>
         <input_file_ref idref="fl-da"/>
      </object_component>
      <object_component id="oc-272">
         <name>.debug_info</name>
         <load_address>0xf14c</load_address>
         <run_address>0xf14c</run_address>
         <size>0x582</size>
         <input_file_ref idref="fl-da"/>
      </object_component>
      <object_component id="oc-279">
         <name>.debug_info</name>
         <load_address>0xf6ce</load_address>
         <run_address>0xf6ce</run_address>
         <size>0x2c</size>
         <input_file_ref idref="fl-da"/>
      </object_component>
      <object_component id="oc-26d">
         <name>.debug_info</name>
         <load_address>0xf6fa</load_address>
         <run_address>0xf6fa</run_address>
         <size>0xec</size>
         <input_file_ref idref="fl-da"/>
      </object_component>
      <object_component id="oc-107">
         <name>.debug_info</name>
         <load_address>0xf7e6</load_address>
         <run_address>0xf7e6</run_address>
         <size>0x2be</size>
         <input_file_ref idref="fl-db"/>
      </object_component>
      <object_component id="oc-ba">
         <name>.debug_info</name>
         <load_address>0xfaa4</load_address>
         <run_address>0xfaa4</run_address>
         <size>0x113</size>
         <input_file_ref idref="fl-db"/>
      </object_component>
      <object_component id="oc-100">
         <name>.debug_info</name>
         <load_address>0xfbb7</load_address>
         <run_address>0xfbb7</run_address>
         <size>0x21f</size>
         <input_file_ref idref="fl-db"/>
      </object_component>
      <object_component id="oc-b5">
         <name>.debug_info</name>
         <load_address>0xfdd6</load_address>
         <run_address>0xfdd6</run_address>
         <size>0x300</size>
         <input_file_ref idref="fl-dc"/>
      </object_component>
      <object_component id="oc-6d">
         <name>.debug_info</name>
         <load_address>0x100d6</load_address>
         <run_address>0x100d6</run_address>
         <size>0x167</size>
         <input_file_ref idref="fl-dc"/>
      </object_component>
      <object_component id="oc-f8">
         <name>.debug_info</name>
         <load_address>0x1023d</load_address>
         <run_address>0x1023d</run_address>
         <size>0x5e</size>
         <input_file_ref idref="fl-dc"/>
      </object_component>
      <object_component id="oc-ad">
         <name>.debug_info</name>
         <load_address>0x1029b</load_address>
         <run_address>0x1029b</run_address>
         <size>0x483</size>
         <input_file_ref idref="fl-dd"/>
      </object_component>
      <object_component id="oc-67">
         <name>.debug_info</name>
         <load_address>0x1071e</load_address>
         <run_address>0x1071e</run_address>
         <size>0x190</size>
         <input_file_ref idref="fl-dd"/>
      </object_component>
      <object_component id="oc-d4">
         <name>.debug_info</name>
         <load_address>0x108ae</load_address>
         <run_address>0x108ae</run_address>
         <size>0x39</size>
         <input_file_ref idref="fl-dd"/>
      </object_component>
      <object_component id="oc-112">
         <name>.debug_info</name>
         <load_address>0x108e7</load_address>
         <run_address>0x108e7</run_address>
         <size>0x39</size>
         <input_file_ref idref="fl-dd"/>
      </object_component>
      <object_component id="oc-d9">
         <name>.debug_info</name>
         <load_address>0x10920</load_address>
         <run_address>0x10920</run_address>
         <size>0xcd</size>
         <input_file_ref idref="fl-dd"/>
      </object_component>
      <object_component id="oc-d0">
         <name>.debug_info</name>
         <load_address>0x109ed</load_address>
         <run_address>0x109ed</run_address>
         <size>0x37a</size>
         <input_file_ref idref="fl-de"/>
      </object_component>
      <object_component id="oc-a1">
         <name>.debug_info</name>
         <load_address>0x10d67</load_address>
         <run_address>0x10d67</run_address>
         <size>0x183</size>
         <input_file_ref idref="fl-de"/>
      </object_component>
      <object_component id="oc-10d">
         <name>.debug_info</name>
         <load_address>0x10eea</load_address>
         <run_address>0x10eea</run_address>
         <size>0x2c</size>
         <input_file_ref idref="fl-de"/>
      </object_component>
      <object_component id="oc-220">
         <name>.debug_info</name>
         <load_address>0x10f16</load_address>
         <run_address>0x10f16</run_address>
         <size>0x122</size>
         <input_file_ref idref="fl-df"/>
      </object_component>
      <object_component id="oc-a7">
         <name>.debug_info</name>
         <load_address>0x11038</load_address>
         <run_address>0x11038</run_address>
         <size>0x145</size>
         <input_file_ref idref="fl-e0"/>
      </object_component>
      <object_component id="oc-2eb">
         <name>.debug_info</name>
         <load_address>0x1117d</load_address>
         <run_address>0x1117d</run_address>
         <size>0x92</size>
      </object_component>
      <object_component id="oc-158">
         <name>.debug_line</name>
         <load_address>0x0</load_address>
         <run_address>0x0</run_address>
         <size>0x64</size>
         <input_file_ref idref="fl-2"/>
      </object_component>
      <object_component id="oc-b2">
         <name>.debug_line</name>
         <load_address>0x64</load_address>
         <run_address>0x64</run_address>
         <size>0x50</size>
         <input_file_ref idref="fl-2"/>
      </object_component>
      <object_component id="oc-f4">
         <name>.debug_line</name>
         <load_address>0xb4</load_address>
         <run_address>0xb4</run_address>
         <size>0x55</size>
         <input_file_ref idref="fl-2"/>
      </object_component>
      <object_component id="oc-155">
         <name>.debug_line</name>
         <load_address>0x109</load_address>
         <run_address>0x109</run_address>
         <size>0x54</size>
         <input_file_ref idref="fl-2"/>
      </object_component>
      <object_component id="oc-ef">
         <name>.debug_line</name>
         <load_address>0x15d</load_address>
         <run_address>0x15d</run_address>
         <size>0x20</size>
         <input_file_ref idref="fl-2"/>
      </object_component>
      <object_component id="oc-150">
         <name>.debug_line</name>
         <load_address>0x17d</load_address>
         <run_address>0x17d</run_address>
         <size>0x6e</size>
         <input_file_ref idref="fl-2"/>
      </object_component>
      <object_component id="oc-82">
         <name>.debug_line</name>
         <load_address>0x1eb</load_address>
         <run_address>0x1eb</run_address>
         <size>0x41</size>
         <input_file_ref idref="fl-3"/>
      </object_component>
      <object_component id="oc-35">
         <name>.debug_line</name>
         <load_address>0x22c</load_address>
         <run_address>0x22c</run_address>
         <size>0x41</size>
         <input_file_ref idref="fl-3"/>
      </object_component>
      <object_component id="oc-32">
         <name>.debug_line</name>
         <load_address>0x26d</load_address>
         <run_address>0x26d</run_address>
         <size>0xa1</size>
         <input_file_ref idref="fl-3"/>
      </object_component>
      <object_component id="oc-40">
         <name>.debug_line</name>
         <load_address>0x30e</load_address>
         <run_address>0x30e</run_address>
         <size>0x20</size>
         <input_file_ref idref="fl-3"/>
      </object_component>
      <object_component id="oc-86">
         <name>.debug_line</name>
         <load_address>0x32e</load_address>
         <run_address>0x32e</run_address>
         <size>0x6e</size>
         <input_file_ref idref="fl-3"/>
      </object_component>
      <object_component id="oc-1de">
         <name>.debug_line</name>
         <load_address>0x39c</load_address>
         <run_address>0x39c</run_address>
         <size>0xdc</size>
         <input_file_ref idref="fl-5"/>
      </object_component>
      <object_component id="oc-1da">
         <name>.debug_line</name>
         <load_address>0x478</load_address>
         <run_address>0x478</run_address>
         <size>0x3e</size>
         <input_file_ref idref="fl-5"/>
      </object_component>
      <object_component id="oc-1dc">
         <name>.debug_line</name>
         <load_address>0x4b6</load_address>
         <run_address>0x4b6</run_address>
         <size>0x3e</size>
         <input_file_ref idref="fl-5"/>
      </object_component>
      <object_component id="oc-12e">
         <name>.debug_line</name>
         <load_address>0x4f4</load_address>
         <run_address>0x4f4</run_address>
         <size>0x3e</size>
         <input_file_ref idref="fl-5"/>
      </object_component>
      <object_component id="oc-1be">
         <name>.debug_line</name>
         <load_address>0x532</load_address>
         <run_address>0x532</run_address>
         <size>0x3e</size>
         <input_file_ref idref="fl-5"/>
      </object_component>
      <object_component id="oc-21d">
         <name>.debug_line</name>
         <load_address>0x570</load_address>
         <run_address>0x570</run_address>
         <size>0x3e</size>
         <input_file_ref idref="fl-5"/>
      </object_component>
      <object_component id="oc-121">
         <name>.debug_line</name>
         <load_address>0x5ae</load_address>
         <run_address>0x5ae</run_address>
         <size>0x20</size>
         <input_file_ref idref="fl-5"/>
      </object_component>
      <object_component id="oc-e2">
         <name>.debug_line</name>
         <load_address>0x5ce</load_address>
         <run_address>0x5ce</run_address>
         <size>0x171</size>
         <input_file_ref idref="fl-5"/>
      </object_component>
      <object_component id="oc-20d">
         <name>.debug_line</name>
         <load_address>0x73f</load_address>
         <run_address>0x73f</run_address>
         <size>0xc2</size>
         <input_file_ref idref="fl-6"/>
      </object_component>
      <object_component id="oc-1a8">
         <name>.debug_line</name>
         <load_address>0x801</load_address>
         <run_address>0x801</run_address>
         <size>0x3d</size>
         <input_file_ref idref="fl-6"/>
      </object_component>
      <object_component id="oc-20a">
         <name>.debug_line</name>
         <load_address>0x83e</load_address>
         <run_address>0x83e</run_address>
         <size>0x3d</size>
         <input_file_ref idref="fl-6"/>
      </object_component>
      <object_component id="oc-241">
         <name>.debug_line</name>
         <load_address>0x87b</load_address>
         <run_address>0x87b</run_address>
         <size>0x3d</size>
         <input_file_ref idref="fl-6"/>
      </object_component>
      <object_component id="oc-11b">
         <name>.debug_line</name>
         <load_address>0x8b8</load_address>
         <run_address>0x8b8</run_address>
         <size>0x219</size>
         <input_file_ref idref="fl-6"/>
      </object_component>
      <object_component id="oc-235">
         <name>.debug_line</name>
         <load_address>0xad1</load_address>
         <run_address>0xad1</run_address>
         <size>0x82</size>
         <input_file_ref idref="fl-d"/>
      </object_component>
      <object_component id="oc-233">
         <name>.debug_line</name>
         <load_address>0xb53</load_address>
         <run_address>0xb53</run_address>
         <size>0x7d</size>
         <input_file_ref idref="fl-d"/>
      </object_component>
      <object_component id="oc-1ec">
         <name>.debug_line</name>
         <load_address>0xbd0</load_address>
         <run_address>0xbd0</run_address>
         <size>0x95</size>
         <input_file_ref idref="fl-d"/>
      </object_component>
      <object_component id="oc-1f2">
         <name>.debug_line</name>
         <load_address>0xc65</load_address>
         <run_address>0xc65</run_address>
         <size>0xd1</size>
         <input_file_ref idref="fl-d"/>
      </object_component>
      <object_component id="oc-178">
         <name>.debug_line</name>
         <load_address>0xd36</load_address>
         <run_address>0xd36</run_address>
         <size>0x93</size>
         <input_file_ref idref="fl-d"/>
      </object_component>
      <object_component id="oc-17e">
         <name>.debug_line</name>
         <load_address>0xdc9</load_address>
         <run_address>0xdc9</run_address>
         <size>0x93</size>
         <input_file_ref idref="fl-d"/>
      </object_component>
      <object_component id="oc-172">
         <name>.debug_line</name>
         <load_address>0xe5c</load_address>
         <run_address>0xe5c</run_address>
         <size>0xa7</size>
         <input_file_ref idref="fl-d"/>
      </object_component>
      <object_component id="oc-23c">
         <name>.debug_line</name>
         <load_address>0xf03</load_address>
         <run_address>0xf03</run_address>
         <size>0x82</size>
         <input_file_ref idref="fl-e"/>
      </object_component>
      <object_component id="oc-18d">
         <name>.debug_line</name>
         <load_address>0xf85</load_address>
         <run_address>0xf85</run_address>
         <size>0x91</size>
         <input_file_ref idref="fl-e"/>
      </object_component>
      <object_component id="oc-1fb">
         <name>.debug_line</name>
         <load_address>0x1016</load_address>
         <run_address>0x1016</run_address>
         <size>0x91</size>
         <input_file_ref idref="fl-e"/>
      </object_component>
      <object_component id="oc-187">
         <name>.debug_line</name>
         <load_address>0x10a7</load_address>
         <run_address>0x10a7</run_address>
         <size>0xa5</size>
         <input_file_ref idref="fl-e"/>
      </object_component>
      <object_component id="oc-197">
         <name>.debug_line</name>
         <load_address>0x114c</load_address>
         <run_address>0x114c</run_address>
         <size>0x91</size>
         <input_file_ref idref="fl-e"/>
      </object_component>
      <object_component id="oc-1ae">
         <name>.debug_line</name>
         <load_address>0x11dd</load_address>
         <run_address>0x11dd</run_address>
         <size>0x91</size>
         <input_file_ref idref="fl-e"/>
      </object_component>
      <object_component id="oc-199">
         <name>.debug_line</name>
         <load_address>0x126e</load_address>
         <run_address>0x126e</run_address>
         <size>0x91</size>
         <input_file_ref idref="fl-e"/>
      </object_component>
      <object_component id="oc-19f">
         <name>.debug_line</name>
         <load_address>0x12ff</load_address>
         <run_address>0x12ff</run_address>
         <size>0x91</size>
         <input_file_ref idref="fl-e"/>
      </object_component>
      <object_component id="oc-22c">
         <name>.debug_line</name>
         <load_address>0x1390</load_address>
         <run_address>0x1390</run_address>
         <size>0x13d</size>
         <input_file_ref idref="fl-10"/>
      </object_component>
      <object_component id="oc-239">
         <name>.debug_line</name>
         <load_address>0x14cd</load_address>
         <run_address>0x14cd</run_address>
         <size>0x7f</size>
         <input_file_ref idref="fl-10"/>
      </object_component>
      <object_component id="oc-16c">
         <name>.debug_line</name>
         <load_address>0x154c</load_address>
         <run_address>0x154c</run_address>
         <size>0xa7</size>
         <input_file_ref idref="fl-10"/>
      </object_component>
      <object_component id="oc-166">
         <name>.debug_line</name>
         <load_address>0x15f3</load_address>
         <run_address>0x15f3</run_address>
         <size>0x94</size>
         <input_file_ref idref="fl-10"/>
      </object_component>
      <object_component id="oc-160">
         <name>.debug_line</name>
         <load_address>0x1687</load_address>
         <run_address>0x1687</run_address>
         <size>0x94</size>
         <input_file_ref idref="fl-10"/>
      </object_component>
      <object_component id="oc-184">
         <name>.debug_line</name>
         <load_address>0x171b</load_address>
         <run_address>0x171b</run_address>
         <size>0x11a</size>
         <input_file_ref idref="fl-10"/>
      </object_component>
      <object_component id="oc-230">
         <name>.debug_line</name>
         <load_address>0x1835</load_address>
         <run_address>0x1835</run_address>
         <size>0x7f</size>
         <input_file_ref idref="fl-10"/>
      </object_component>
      <object_component id="oc-28">
         <name>.debug_line</name>
         <load_address>0x18b4</load_address>
         <run_address>0x18b4</run_address>
         <size>0x53</size>
         <input_file_ref idref="fl-c7"/>
      </object_component>
      <object_component id="oc-ce">
         <name>.debug_line</name>
         <load_address>0x1907</load_address>
         <run_address>0x1907</run_address>
         <size>0x20</size>
         <input_file_ref idref="fl-c8"/>
      </object_component>
      <object_component id="oc-16">
         <name>.debug_line</name>
         <load_address>0x1927</load_address>
         <run_address>0x1927</run_address>
         <size>0xa9</size>
         <input_file_ref idref="fl-c8"/>
      </object_component>
      <object_component id="oc-3b">
         <name>.debug_line</name>
         <load_address>0x19d0</load_address>
         <run_address>0x19d0</run_address>
         <size>0x3a</size>
         <input_file_ref idref="fl-c8"/>
      </object_component>
      <object_component id="oc-8b">
         <name>.debug_line</name>
         <load_address>0x1a0a</load_address>
         <run_address>0x1a0a</run_address>
         <size>0x8a</size>
         <input_file_ref idref="fl-c8"/>
      </object_component>
      <object_component id="oc-95">
         <name>.debug_line</name>
         <load_address>0x1a94</load_address>
         <run_address>0x1a94</run_address>
         <size>0x8a</size>
         <input_file_ref idref="fl-c9"/>
      </object_component>
      <object_component id="oc-1c">
         <name>.debug_line</name>
         <load_address>0x1b1e</load_address>
         <run_address>0x1b1e</run_address>
         <size>0x55</size>
         <input_file_ref idref="fl-c9"/>
      </object_component>
      <object_component id="oc-4b">
         <name>.debug_line</name>
         <load_address>0x1b73</load_address>
         <run_address>0x1b73</run_address>
         <size>0x3a</size>
         <input_file_ref idref="fl-c9"/>
      </object_component>
      <object_component id="oc-92">
         <name>.debug_line</name>
         <load_address>0x1bad</load_address>
         <run_address>0x1bad</run_address>
         <size>0x8a</size>
         <input_file_ref idref="fl-c9"/>
      </object_component>
      <object_component id="oc-9d">
         <name>.debug_line</name>
         <load_address>0x1c37</load_address>
         <run_address>0x1c37</run_address>
         <size>0x8a</size>
         <input_file_ref idref="fl-ca"/>
[...]
         <value>0x20f7</value>
         <object_component_ref idref="oc-1fa"/>
      </symbol>
      <symbol id="sm-21a">
         <name>SysCtlPeripheralEnable</name>
         <value>0x1ff5</value>
         <object_component_ref idref="oc-15c"/>
      </symbol>
      <symbol id="sm-21b">
         <name>SysCtlClockGet</name>
         <value>0x17a1</value>
         <object_component_ref idref="oc-180"/>
      </symbol>
      <symbol id="sm-21c">
         <name>SysCtlPeripheralReady</name>
         <value>0x1fbd</value>
         <object_component_ref idref="oc-162"/>
      </symbol>
      <symbol id="sm-21d">
         <name>SysCtlPeripheralReset</name>
         <value>0x1df5</value>
         <object_component_ref idref="oc-168"/>
      </symbol>
      <symbol id="sm-22f">
         <name>_c_int00</name>
         <value>0x1d4d</value>
         <object_component_ref idref="oc-24"/>
      </symbol>
      <symbol id="sm-230">
         <name>__stack</name>
         <value>0x20000000</value>
         <object_component_ref idref="oc-2a"/>
      </symbol>
      <symbol id="sm-24e">
         <name>__TI_decompress_lzss</name>
         <value>0x1ce3</value>
         <object_component_ref idref="oc-12"/>
      </symbol>
      <symbol id="sm-265">
         <name>__TI_decompress_none</name>
         <value>0x20d1</value>
         <object_component_ref idref="oc-18"/>
      </symbol>
      <symbol id="sm-27c">
         <name>__TI_zero_init</name>
         <value>0x20df</value>
         <object_component_ref idref="oc-1e"/>
      </symbol>
      <symbol id="sm-28a">
         <name>_ZdlPv</name>
         <value>0x2111</value>
         <object_component_ref idref="oc-124"/>
      </symbol>
      <symbol id="sm-2c9">
         <name>atan2</name>
         <value>0x1195</value>
         <object_component_ref idref="oc-134"/>
      </symbol>
      <symbol id="sm-2ca">
         <name>atan2l</name>
         <value>0x1195</value>
         <object_component_ref idref="oc-134"/>
      </symbol>
      <symbol id="sm-2eb">
         <name>C$$EXIT</name>
         <value>0x1da1</value>
         <object_component_ref idref="oc-72"/>
      </symbol>
      <symbol id="sm-2ec">
         <name>abort</name>
         <value>0x1da5</value>
         <object_component_ref idref="oc-72"/>
      </symbol>
      <symbol id="sm-2ed">
         <name>exit</name>
         <value>0x1dad</value>
         <object_component_ref idref="oc-72"/>
      </symbol>
      <symbol id="sm-2ee">
         <name>__TI_dtors_ptr</name>
         <value>0x20000228</value>
         <object_component_ref idref="oc-b6"/>
      </symbol>
      <symbol id="sm-2ef">
         <name>__TI_cleanup_ptr</name>
         <value>0x20000224</value>
         <object_component_ref idref="oc-b6"/>
      </symbol>
      <symbol id="sm-2f0">
         <name>__TI_enable_exit_profile_output</name>
         <value>0x2000022c</value>
         <object_component_ref idref="oc-b6"/>
      </symbol>
      <symbol id="sm-307">
         <name>__aeabi_dsub</name>
         <value>0x1381</value>
         <object_component_ref idref="oc-1c0"/>
      </symbol>
      <symbol id="sm-308">
         <name>__aeabi_dadd</name>
         <value>0x138b</value>
         <object_component_ref idref="oc-1c0"/>
      </symbol>
      <symbol id="sm-31c">
         <name>__aeabi_ddiv</name>
         <value>0x1537</value>
         <object_component_ref idref="oc-1cb"/>
      </symbol>
      <symbol id="sm-327">
         <name>__aeabi_dmul</name>
         <value>0x18b1</value>
         <object_component_ref idref="oc-13a"/>
      </symbol>
      <symbol id="sm-333">
         <name>__aeabi_d2f</name>
         <value>0x1c75</value>
         <object_component_ref idref="oc-13f"/>
      </symbol>
      <symbol id="sm-33d">
         <name>__aeabi_i2d</name>
         <value>0x2029</value>
         <object_component_ref idref="oc-12f"/>
      </symbol>
      <symbol id="sm-358">
         <name>memcpy</name>
         <value>0x1a69</value>
         <object_component_ref idref="oc-42"/>
      </symbol>
      <symbol id="sm-359">
         <name>__aeabi_memcpy</name>
         <value>0x1a69</value>
         <object_component_ref idref="oc-42"/>
      </symbol>
      <symbol id="sm-35a">
         <name>__aeabi_memcpy8</name>
         <value>0x1a69</value>
         <object_component_ref idref="oc-42"/>
      </symbol>
      <symbol id="sm-35b">
         <name>__aeabi_memcpy4</name>
         <value>0x1a69</value>
         <object_component_ref idref="oc-42"/>
      </symbol>
      <symbol id="sm-3d2">
         <name>_sys_memory</name>
         <value>0x20000248</value>
         <object_component_ref idref="oc-2b"/>
      </symbol>
      <symbol id="sm-3d3">
         <name>free</name>
         <value>0xbc3</value>
         <object_component_ref idref="oc-1b2"/>
      </symbol>
      <symbol id="sm-3d4">
         <name>realloc</name>
         <value>0xc83</value>
         <object_component_ref idref="oc-1b2"/>
      </symbol>
      <symbol id="sm-3d5">
         <name>memalign</name>
         <value>0xd8d</value>
         <object_component_ref idref="oc-1b2"/>
      </symbol>
      <symbol id="sm-3d6">
         <name>calloc</name>
         <value>0xe79</value>
         <object_component_ref idref="oc-1b2"/>
      </symbol>
      <symbol id="sm-3d7">
         <name>malloc</name>
         <value>0xb59</value>
         <object_component_ref idref="oc-1b2"/>
      </symbol>
      <symbol id="sm-3d8">
         <name>minit</name>
         <value>0xad9</value>
         <object_component_ref idref="oc-1b2"/>
      </symbol>
      <symbol id="sm-3e7">
         <name>__aeabi_memset</name>
         <value>0x1b8d</value>
         <object_component_ref idref="oc-4e"/>
      </symbol>
      <symbol id="sm-3e8">
         <name>memset</name>
         <value>0x1b93</value>
         <object_component_ref idref="oc-4e"/>
      </symbol>
      <symbol id="sm-3e9">
         <name>__aeabi_memset8</name>
         <value>0x1b8d</value>
         <object_component_ref idref="oc-4e"/>
      </symbol>
      <symbol id="sm-3ea">
         <name>__aeabi_memset4</name>
         <value>0x1b8d</value>
         <object_component_ref idref="oc-4e"/>
      </symbol>
      <symbol id="sm-3eb">
         <name>__aeabi_memclr8</name>
         <value>0x1b8b</value>
         <object_component_ref idref="oc-4e"/>
      </symbol>
      <symbol id="sm-3ec">
         <name>__aeabi_memclr4</name>
         <value>0x1b8b</value>
         <object_component_ref idref="oc-4e"/>
      </symbol>
      <symbol id="sm-3ed">
         <name>__aeabi_memclr</name>
         <value>0x1b8b</value>
         <object_component_ref idref="oc-4e"/>
      </symbol>
      <symbol id="sm-3f7">
         <name>__mpu_init</name>
         <value>0x6d7</value>
         <object_component_ref idref="oc-5a"/>
      </symbol>
      <symbol id="sm-401">
         <name>_system_pre_init</name>
         <value>0x2125</value>
         <object_component_ref idref="oc-60"/>
      </symbol>
      <symbol id="sm-437">
         <name>atanl</name>
         <value>0xea9</value>
         <object_component_ref idref="oc-1c5"/>
      </symbol>
      <symbol id="sm-438">
         <name>atan</name>
         <value>0xea9</value>
         <object_component_ref idref="oc-1c5"/>
      </symbol>
      <symbol id="sm-440">
         <name>main_func_sp</name>
         <value>0x20000244</value>
         <object_component_ref idref="oc-78"/>
      </symbol>
      <symbol id="sm-500">
         <name>_ZSt16__dummy_typeinfo</name>
         <value>0x20000218</value>
      </symbol>
      <symbol id="sm-501">
         <name>_ZN10__cxxabiv120__function_type_infoD1Ev</name>
         <value>0x1a25</value>
         <object_component_ref idref="oc-249"/>
      </symbol>
      <symbol id="sm-502">
         <name>_ZTIN10__cxxabiv119__pointer_type_infoE</name>
         <value>0x242c</value>
         <object_component_ref idref="oc-29e"/>
      </symbol>
      <symbol id="sm-503">
         <name>_ZTSSt9type_info</name>
         <value>0x2404</value>
         <object_component_ref idref="oc-285"/>
      </symbol>
      <symbol id="sm-504">
         <name>_ZN10__cxxabiv123__fundamental_type_infoD2Ev</name>
         <value>0x1a07</value>
         <object_component_ref idref="oc-249"/>
      </symbol>
      <symbol id="sm-505">
         <name>_ZN10__cxxabiv117__class_type_infoD1Ev</name>
         <value>0x1a43</value>
         <object_component_ref idref="oc-249"/>
      </symbol>
      <symbol id="sm-506">
         <name>_ZN10__cxxabiv129__pointer_to_member_type_infoD2Ev</name>
         <value>0x19fd</value>
         <object_component_ref idref="oc-249"/>
      </symbol>
      <symbol id="sm-507">
         <name>_ZN10__cxxabiv116__enum_type_infoD1Ev</name>
         <value>0x1a57</value>
         <object_component_ref idref="oc-249"/>
      </symbol>
      <symbol id="sm-508">
         <name>_ZN10__cxxabiv121__vmi_class_type_infoD1Ev</name>
         <value>0x1a11</value>
         <object_component_ref idref="oc-249"/>
      </symbol>
      <symbol id="sm-509">
         <name>_ZTSN10__cxxabiv123__fundamental_type_infoE</name>
         <value>0x22bc</value>
         <object_component_ref idref="oc-2c1"/>
      </symbol>
      <symbol id="sm-50a">
         <name>_ZN10__cxxabiv117__pbase_type_infoD1Ev</name>
         <value>0x1a39</value>
         <object_component_ref idref="oc-249"/>
      </symbol>
      <symbol id="sm-50b">
         <name>_ZTVN10__cxxabiv123__fundamental_type_infoE</name>
         <value>0x23f4</value>
         <object_component_ref idref="oc-2a3"/>
      </symbol>
      <symbol id="sm-50c">
         <name>_ZTSN10__cxxabiv120__si_class_type_infoE</name>
         <value>0x22e4</value>
         <object_component_ref idref="oc-299"/>
      </symbol>
      <symbol id="sm-50d">
         <name>_ZN10__cxxabiv117__array_type_infoD1Ev</name>
         <value>0x1a4d</value>
         <object_component_ref idref="oc-249"/>
      </symbol>
      <symbol id="sm-50e">
         <name>_ZTVN10__cxxabiv119__pointer_type_infoE</name>
         <value>0x23d4</value>
         <object_component_ref idref="oc-28a"/>
      </symbol>
      <symbol id="sm-50f">
         <name>_ZTSPKe</name>
         <value>0x247c</value>
         <object_component_ref idref="oc-28f"/>
      </symbol>
      <symbol id="sm-510">
         <name>_ZNKSt9type_infoneERKS_</name>
         <value>0x19c3</value>
         <object_component_ref idref="oc-249"/>
      </symbol>
      <symbol id="sm-511">
         <name>_ZN10__cxxabiv119__pointer_type_infoD1Ev</name>
         <value>0x1a2f</value>
         <object_component_ref idref="oc-249"/>
      </symbol>
      <symbol id="sm-512">
         <name>_ZNSt9type_infoD2Ev</name>
         <value>0x19b5</value>
         <object_component_ref idref="oc-249"/>
      </symbol>
      <symbol id="sm-513">
         <name>_ZNKSt9type_info6beforeERKS_</name>
         <value>0x19ef</value>
         <object_component_ref idref="oc-249"/>
      </symbol>
      <symbol id="sm-514">
         <name>_ZN10__cxxabiv123__fundamental_type_infoD1Ev</name>
         <value>0x1a07</value>
         <object_component_ref idref="oc-249"/>
      </symbol>
      <symbol id="sm-515">
         <name>_ZTSN10__cxxabiv119__pointer_type_infoE</name>
         <value>0x2309</value>
         <object_component_ref idref="oc-2ad"/>
      </symbol>
      <symbol id="sm-516">
         <name>_ZN10__cxxabiv121__vmi_class_type_infoD2Ev</name>
         <value>0x1a11</value>
         <object_component_ref idref="oc-249"/>
      </symbol>
      <symbol id="sm-517">
         <name>_ZTSN10__cxxabiv117__class_type_infoE</name>
         <value>0x232d</value>
         <object_component_ref idref="oc-25c"/>
      </symbol>
      <symbol id="sm-518">
         <name>_ZN10__cxxabiv120__function_type_infoD2Ev</name>
         <value>0x1a25</value>
         <object_component_ref idref="oc-249"/>
      </symbol>
      <symbol id="sm-519">
         <name>_ZN10__cxxabiv117__class_type_infoD2Ev</name>
         <value>0x1a43</value>
         <object_component_ref idref="oc-249"/>
      </symbol>
      <symbol id="sm-51a">
         <name>_ZN10__cxxabiv116__enum_type_infoD2Ev</name>
         <value>0x1a57</value>
         <object_component_ref idref="oc-249"/>
      </symbol>
      <symbol id="sm-51b">
         <name>_ZN10__cxxabiv119__pointer_type_infoD2Ev</name>
         <value>0x1a2f</value>
         <object_component_ref idref="oc-249"/>
      </symbol>
      <symbol id="sm-51c">
         <name>_ZN10__cxxabiv120__si_class_type_infoD2Ev</name>
         <value>0x1a1b</value>
         <object_component_ref idref="oc-249"/>
      </symbol>
      <symbol id="sm-51d">
         <name>_ZN10__cxxabiv117__pbase_type_infoD2Ev</name>
         <value>0x1a39</value>
         <object_component_ref idref="oc-249"/>
      </symbol>
      <symbol id="sm-51e">
         <name>_ZTVN10__cxxabiv117__class_type_infoE</name>
         <value>0x23c4</value>
         <object_component_ref idref="oc-214"/>
      </symbol>
      <symbol id="sm-51f">
         <name>_ZN10__cxxabiv117__array_type_infoD2Ev</name>
         <value>0x1a4d</value>
         <object_component_ref idref="oc-249"/>
      </symbol>
      <symbol id="sm-520">
         <name>_ZNSt9type_infoD1Ev</name>
         <value>0x19b5</value>
         <object_component_ref idref="oc-249"/>
      </symbol>
      <symbol id="sm-521">
         <name>_ZTIN10__cxxabiv123__fundamental_type_infoE</name>
         <value>0x2444</value>
         <object_component_ref idref="oc-2b7"/>
      </symbol>
      <symbol id="sm-522">
         <name>_ZTISt9type_info</name>
         <value>0x2460</value>
         <object_component_ref idref="oc-261"/>
      </symbol>
      <symbol id="sm-523">
         <name>_ZN10__cxxabiv123__fundamental_type_infoD0Ev</name>
         <value>0x1a09</value>
         <object_component_ref idref="oc-249"/>
      </symbol>
      <symbol id="sm-524">
         <name>_ZTIN10__cxxabiv117__pbase_type_infoE</name>
         <value>0x2420</value>
         <object_component_ref idref="oc-2b2"/>
      </symbol>
      <symbol id="sm-525">
         <name>_ZTSe</name>
         <value>0x2371</value>
         <object_component_ref idref="oc-2a8"/>
      </symbol>
      <symbol id="sm-526">
         <name>_ZNKSt9type_info4nameEv</name>
         <value>0x19bf</value>
         <object_component_ref idref="oc-249"/>
      </symbol>
      <symbol id="sm-527">
         <name>_ZTIN10__cxxabiv117__class_type_infoE</name>
         <value>0x2414</value>
         <object_component_ref idref="oc-244"/>
      </symbol>
      <symbol id="sm-528">
         <name>_ZN10__cxxabiv129__pointer_to_member_type_infoD0Ev</name>
         <value>0x19ff</value>
         <object_component_ref idref="oc-249"/>
      </symbol>
      <symbol id="sm-529">
         <name>_ZN10__cxxabiv120__si_class_type_infoD1Ev</name>
         <value>0x1a1b</value>
         <object_component_ref idref="oc-249"/>
      </symbol>
      <symbol id="sm-52a">
         <name>_ZTIN10__cxxabiv120__si_class_type_infoE</name>
         <value>0x2438</value>
         <object_component_ref idref="oc-280"/>
      </symbol>
      <symbol id="sm-52b">
         <name>_ZNSt9type_infoD0Ev</name>
         <value>0x19b7</value>
         <object_component_ref idref="oc-249"/>
      </symbol>
      <symbol id="sm-52c">
         <name>_ZN10__cxxabiv120__function_type_infoD0Ev</name>
         <value>0x1a27</value>
         <object_component_ref idref="oc-249"/>
      </symbol>
      <symbol id="sm-52d">
         <name>_ZN10__cxxabiv117__class_type_infoD0Ev</name>
         <value>0x1a45</value>
         <object_component_ref idref="oc-249"/>
      </symbol>
      <symbol id="sm-52e">
         <name>_ZTSN10__cxxabiv117__pbase_type_infoE</name>
         <value>0x234f</value>
         <object_component_ref idref="oc-2bc"/>
      </symbol>
      <symbol id="sm-52f">
         <name>_ZN10__cxxabiv116__enum_type_infoD0Ev</name>
         <value>0x1a59</value>
         <object_component_ref idref="oc-249"/>
      </symbol>
      <symbol id="sm-530">
         <name>_ZTIe</name>
         <value>0x2468</value>
         <object_component_ref idref="oc-294"/>
      </symbol>
      <symbol id="sm-531">
         <name>_ZN10__cxxabiv121__vmi_class_type_infoD0Ev</name>
         <value>0x1a13</value>
         <object_component_ref idref="oc-249"/>
      </symbol>
      <symbol id="sm-532">
         <name>_ZTVN10__cxxabiv120__si_class_type_infoE</name>
         <value>0x23e4</value>
         <object_component_ref idref="oc-257"/>
      </symbol>
      <symbol id="sm-533">
         <name>_ZN10__cxxabiv117__pbase_type_infoD0Ev</name>
         <value>0x1a3b</value>
         <object_component_ref idref="oc-249"/>
      </symbol>
      <symbol id="sm-534">
         <name>_ZN10__cxxabiv117__array_type_infoD0Ev</name>
         <value>0x1a4f</value>
         <object_component_ref idref="oc-249"/>
      </symbol>
      <symbol id="sm-535">
         <name>_ZSt21__gen_dummy_typeinfosv</name>
         <value>0x19ad</value>
         <object_component_ref idref="oc-249"/>
      </symbol>
      <symbol id="sm-536">
         <name>_ZN10__cxxabiv129__pointer_to_member_type_infoD1Ev</name>
         <value>0x19fd</value>
         <object_component_ref idref="oc-249"/>
      </symbol>
      <symbol id="sm-537">
         <name>_ZN10__cxxabiv119__pointer_type_infoD0Ev</name>
         <value>0x1a31</value>
         <object_component_ref idref="oc-249"/>
      </symbol>
      <symbol id="sm-538">
         <name>_ZN10__cxxabiv120__si_class_type_infoD0Ev</name>
         <value>0x1a1d</value>
         <object_component_ref idref="oc-249"/>
      </symbol>
      <symbol id="sm-539">
         <name>_ZTIPKe</name>
         <value>0x2374</value>
         <object_component_ref idref="oc-267"/>
      </symbol>
      <symbol id="sm-53a">
         <name>_ZNKSt9type_infoeqERKS_</name>
         <value>0x19d9</value>
         <object_component_ref idref="oc-249"/>
      </symbol>
      <symbol id="sm-553">
         <name>_nop</name>
         <value>0x20a7</value>
         <object_component_ref idref="oc-ff"/>
      </symbol>
      <symbol id="sm-554">
         <name>_lock</name>
         <value>0x2000023c</value>
         <object_component_ref idref="oc-b9"/>
      </symbol>
      <symbol id="sm-555">
         <name>_unlock</name>
         <value>0x20000240</value>
         <object_component_ref idref="oc-b9"/>
      </symbol>
      <symbol id="sm-556">
         <name>_register_lock</name>
         <value>0x209f</value>
         <object_component_ref idref="oc-ff"/>
      </symbol>
      <symbol id="sm-557">
         <name>_register_unlock</name>
         <value>0x2099</value>
         <object_component_ref idref="oc-ff"/>
      </symbol>
      <symbol id="sm-56b">
         <name>_args_main</name>
         <value>0x2081</value>
         <object_component_ref idref="oc-6c"/>
      </symbol>
      <symbol id="sm-595">
         <name>__TI_auto_init</name>
         <value>0x1c05</value>
         <object_component_ref idref="oc-66"/>
      </symbol>
      <symbol id="sm-5af">
         <name>copy_in</name>
         <value>0x1ee1</value>
         <object_component_ref idref="oc-a0"/>
      </symbol>
      <symbol id="sm-5c1">
         <name>__aeabi_cdrcmple</name>
         <value>0x1b05</value>
         <object_component_ref idref="oc-21f"/>
      </symbol>
      <symbol id="sm-5cb">
         <name>_system_post_cinit</name>
         <value>0x179f</value>
         <object_component_ref idref="oc-a6"/>
      </symbol>
      <symbol id="sm-5cc">
         <name>__TI_static_base__</name>
         <value>0x0</value>
      </symbol>
      <symbol id="sm-5cf">
         <name>SHT$$INIT_ARRAY$$Limit</name>
         <value>0x0</value>
      </symbol>
      <symbol id="sm-5d0">
         <name>SHT$$INIT_ARRAY$$Base</name>
         <value>0x0</value>
      </symbol>
   </symbol_table>
   <title>Link successful</title>
</link_info>
