******************************************************************************
                  TI ARM Linker PC v18.1.2                     
******************************************************************************
>> Linked Tue Jul 17 21:07:07 2018

OUTPUT FILE NAME:   <2WheelsRobot.out>
ENTRY POINT SYMBOL: "_c_int00_noargs"  address: 00003e1d


MEMORY CONFIGURATION

         name            origin    length      used     unused   attr    fill
----------------------  --------  ---------  --------  --------  ----  --------
  FLASH                 00000000   00040000  00004adc  0003b524  R  X
  SRAM                  20000000   00008000  00000571  00007a8f  RW X


SEGMENT ALLOCATION MAP

run origin  load origin   length   init length attrs members
----------  ----------- ---------- ----------- ----- -------
00000000    00000000    00004ae0   00004ae0    r-x
  00000000    00000000    0000026c   0000026c    r-- .intvecs
  0000026c    0000026c    000040b4   000040b4    r-x .text
  00004320    00004320    00000758   00000758    r-- .const
  00004a78    00004a78    00000014   00000014    r-- .init_array
  00004a90    00004a90    00000050   00000050    r-- .cinit
20000000    20000000    00000578   00000000    rw-
  20000000    20000000    0000026c   00000000    rw- .vtable
  20000270    20000270    00000200   00000000    rw- .stack
  20000470    20000470    000000c9   00000000    rw- .bss
  2000053c    2000053c    00000034   00000000    rw- .data
  20000570    20000570    00000008   00000000    rw- .sysmem


SECTION ALLOCATION MAP

 output                                  attributes/
section   page    origin      length       input sections
--------  ----  ----------  ----------   ----------------
.intvecs   0    00000000    0000026c     
                  00000000    0000026c     tm4c123gh6pm_startup_ccs.obj (.intvecs)

.text      0    0000026c    000040b4     
                  0000026c    0000086c     ESP8266.obj (.text)
                  00000ad8    000004e8     Log.obj (.text)
                  00000fc0    00000460     rtsv7M4_T_le_v4SPD16_eabi.lib : strtod.c.obj (.text:strtod)
                  00001420    0000042a     I2C.obj (.text)
                  0000184a    00000002     rtsv7M4_T_le_v4SPD16_eabi.lib : stdlib_typeinfo.cpp.obj (.text:_ZNSt9type_infoD1Ev)
                  0000184c    000003d8     Console.obj (.text)
                  00001c24    00000360     GY521.obj (.text)
                  00001f84    000002ec     rtsv7M4_T_le_v4SPD16_eabi.lib : s_atan.c.obj (.text:atan)
                  00002270    0000022c     StateSystem.obj (.text)
                  0000249c    00000224     UART.obj (.text)
                  000026c0    000001ec     rtsv7M4_T_le_v4SPD16_eabi.lib : e_atan2.c.obj (.text:atan2)
                  000028ac    000001b6                                   : fd_add_t2.asm.obj (.text)
                  00002a62    00000002                                   : _lock.c.obj (.text:_nop)
                  00002a64    00000194     GPIO.obj (.text)
                  00002bf8    0000013c     TIMER.obj (.text)
                  00002d34    00000136     rtsv7M4_T_le_v4SPD16_eabi.lib : fd_div_t2.asm.obj (.text)
                  00002e6a    00000132     driverlib.lib : gpio.obj (.text:GPIOPadConfigSet)
                  00002f9c    00000110                   : sysctl.obj (.text:SysCtlClockGet)
                  000030ac    00000110     rtsv7M4_T_le_v4SPD16_eabi.lib : s_scalbn.c.obj (.text:scalbn)
                  000031bc    000000fc                                   : fd_mul_t2.asm.obj (.text)
                  000032b8    000000f4     driverlib.lib : sysctl.obj (.text:SysCtlClockSet)
                  000033ac    000000d8     rtsv7M4_T_le_v4SPD16_eabi.lib : memory.c.obj (.text:free)
                  00003484    0000009c     Logger.obj (.text)
                  00003520    0000009c     rtsv7M4_T_le_v4SPD16_eabi.lib : memcpy_t2.asm.obj (.text)
                  000035bc    00000094     System.obj (.text)
                  00003650    00000086     rtsv7M4_T_le_v4SPD16_eabi.lib : fd_cmp_t2.asm.obj (.text:__aeabi_cdcmple)
                  000036d6    00000086                                   : fd_cmp_t2.asm.obj (.text:__aeabi_cdrcmple)
                  0000375c    0000007a                                   : memset_t2.asm.obj (.text)
                  000037d6    00000002                                   : div0.asm.obj (.text)
                  000037d8    00000078                                   : memory.c.obj (.text:malloc)
                  00003850    0000006e                                   : fd_tos_t2.asm.obj (.text)
                  000038be    00000002     --HOLE-- [fill = 0]
                  000038c0    00000068     driverlib.lib : interrupt.obj (.text:IntEnable)
                  00003928    00000068     rtsv7M4_T_le_v4SPD16_eabi.lib : copy_decompress_lzss.c.obj (.text:decompress:lzss:__TI_decompress_lzss)
                  00003990    00000060     driverlib.lib : timer.obj (.text:TimerConfigure)
                  000039f0    00000060     rtsv7M4_T_le_v4SPD16_eabi.lib : autoinit.c.obj (.text:__TI_auto_init_nobinit:__TI_auto_init_nobinit)
                  00003a50    00000050     driverlib.lib : sysctl.obj (.text:SysCtlPeripheralReset)
                  00003aa0    0000004c                   : i2c.obj (.text:I2CMasterInitExpClk)
                  00003aec    0000004c     PARAMETER.obj (.text)
                  00003b38    0000004c     driverlib.lib : timer.obj (.text:_TimerIntNumberGet)
                  00003b84    00000048                   : gpio.obj (.text:GPIOPinConfigure)
                  00003bcc    00000048     rtsv7M4_T_le_v4SPD16_eabi.lib : exit.c.obj (.text:exit)
                  00003c14    00000046     driverlib.lib : uart.obj (.text:UARTConfigSetExpClk)
                  00003c5a    00000046     StateSystem.obj (.text:_ZN5GY521aSERKS_)
                  00003ca0    00000044     rtsv7M4_T_le_v4SPD16_eabi.lib : dtor_list.c.obj (.text:_Z25__add_destruction_to_listPP20a_needed_destructionPFYvPvES2_S2_)
                  00003ce4    00000042                                   : dtor_list.c.obj (.text:_Z23__finalize_destructionsPP20a_needed_destructionPv)
                  00003d26    00000002     --HOLE-- [fill = 0]
                  00003d28    00000040     driverlib.lib : uart.obj (.text:_UARTIntNumberGet)
                  00003d68    00000040     rtsv7M4_T_le_v4SPD16_eabi.lib : u_divt2.asm.obj (.text)
                  00003da8    0000003c                                   : memory.c.obj (.text:minsert)
                  00003de4    00000038     driverlib.lib : sysctl.obj (.text:SysCtlPeripheralReady)
                  00003e1c    00000038     rtsv7M4_T_le_v4SPD16_eabi.lib : boot_cortex_m.c.obj (.text:_c_int00_noargs:_c_int00_noargs)
                  00003e54    00000038                                   : memory.c.obj (.text:minit)
                  00003e8c    00000038                                   : fs_tod_t2.asm.obj (.text)
                  00003ec4    00000034     driverlib.lib : interrupt.obj (.text:IntRegister)
                  00003ef8    00000034                   : sysctl.obj (.text:SysCtlPeripheralEnable)
                  00003f2c    00000034     GY521.obj (.text:_Z5atan2IssENSt3__216__lazy_enable_ifIXaasr3std3__213is_arithmeticIT_EE5valuesr3std3__213is_arithmeticIT0_EE5valueENS0_9__promoteIS2_S3_vEEE4typeES2_S3_)
                  00003f60    00000034     rtsv7M4_T_le_v4SPD16_eabi.lib : dtor_list.c.obj (.text:__aeabi_atexit)
                  00003f94    00000030     GY521.obj (.text:_Z5atan2IisENSt3__216__lazy_enable_ifIXaasr3std3__213is_arithmeticIT_EE5valuesr3std3__213is_arithmeticIT0_EE5valueENS0_9__promoteIS2_S3_vEEE4typeES2_S3_)
                  00003fc4    0000002e     rtsv7M4_T_le_v4SPD16_eabi.lib : i_tofd_t2.asm.obj (.text)
                  00003ff2    0000002a     driverlib.lib : gpio.obj (.text:GPIODirModeSet)
                  0000401c    00000028     rtsv7M4_T_le_v4SPD16_eabi.lib : memory.c.obj (.text:mremove)
                  00004044    00000020     driverlib.lib : uart.obj (.text:UARTDisable)
                  00004064    0000001e     ESP8266.obj (.text:_ZN4UARTaSERKS_)
                  00004082    00000018     driverlib.lib : gpio.obj (.text:GPIOPinTypeGPIOOutput)
                  0000409a    00000018                   : timer.obj (.text:TimerControlStall)
                  000040b2    00000018                   : timer.obj (.text:TimerIntRegister)
                  000040ca    00000018                   : uart.obj (.text:UARTIntRegister)
                  000040e2    00000016     GY521.obj (.text:_ZN3I2CaSERKS_)
                  000040f8    00000016     DRV8412.obj (.text:_ZN4GPIOaSERKS_)
                  0000410e    00000016     StateSystem.obj (.text:_ZN5TIMERaSERKS_)
                  00004124    00000014     driverlib.lib : uart.obj (.text:UARTEnable)
                  00004138    00000014     rtsv7M4_T_le_v4SPD16_eabi.lib : s_copysign.c.obj (.text:copysign)
                  0000414c    00000014                                   : strlen.c.obj (.text:strlen)
                  00004160    00000012     driverlib.lib : gpio.obj (.text:GPIOPinTypeGPIOInput)
                  00004172    00000012                   : gpio.obj (.text:GPIOPinTypeI2C)
                  00004184    00000012                   : gpio.obj (.text:GPIOPinTypeI2CSCL)
                  00004196    00000012                   : gpio.obj (.text:GPIOPinTypeUART)
                  000041a8    00000012                   : timer.obj (.text:TimerLoadSet)
                  000041ba    00000012     rtsv7M4_T_le_v4SPD16_eabi.lib : atof.c.obj (.text:atof)
                  000041cc    00000012                                   : copy_zero_init.c.obj (.text:decompress:ZI:__TI_zero_init_nomemset:__TI_zero_init_nomemset)
                  000041de    00000010     driverlib.lib : interrupt.obj (.text:IntMasterEnable)
                  000041ee    0000000e                   : timer.obj (.text:TimerEnable)
                  000041fc    0000000e                   : uart.obj (.text:UARTCharsAvail)
                  0000420a    0000000e     rtsv7M4_T_le_v4SPD16_eabi.lib : typeinfo.c.obj (.text:_ZN10__cxxabiv117__class_type_infoD0Ev)
                  00004218    0000000e                                   : typeinfo.c.obj (.text:_ZN10__cxxabiv120__si_class_type_infoD0Ev)
                  00004226    0000000e     System.obj (.text:_ZN6LoggeraSERKS_)
                  00004234    0000000e     rtsv7M4_T_le_v4SPD16_eabi.lib : copy_decompress_none.c.obj (.text:decompress:none:__TI_decompress_none)
                  00004242    0000000e     main.obj (.text)
                  00004250    0000000c     driverlib.lib : cpu.obj (.text:CPUcpsie)
                  0000425c    0000000c     rtsv7M4_T_le_v4SPD16_eabi.lib : dtor_list.c.obj (.text:__cxa_ia64_exit)
                  00004268    0000000c     tm4c123gh6pm_startup_ccs.obj (.text)
                  00004274    0000000a     driverlib.lib : i2c.obj (.text:I2CMasterEnable)
                  0000427e    0000000a                   : timer.obj (.text:TimerIntStatus)
                  00004288    0000000a                   : uart.obj (.text:UARTCharGet)
                  00004292    0000000a                   : uart.obj (.text:UARTCharPut)
                  0000429c    0000000a                   : uart.obj (.text:UARTFIFODisable)
                  000042a6    0000000a                   : uart.obj (.text:UARTIntStatus)
                  000042b0    00000008                   : i2c.obj (.text:I2CMasterBusy)
                  000042b8    00000008                   : i2c.obj (.text:I2CMasterSlaveAddrSet)
                  000042c0    00000008                   : timer.obj (.text:TimerIntEnable)
                  000042c8    00000008                   : uart.obj (.text:UARTIntEnable)
                  000042d0    00000008     rtsv7M4_T_le_v4SPD16_eabi.lib : new.cpp.obj (.text:_ZdlPv)
                  000042d8    00000008                                   : errno.c.obj (.text:__aeabi_errno_addr)
                  000042e0    00000006     driverlib.lib : gpio.obj (.text:GPIOPinWrite)
                  000042e6    00000006                   : sysctl.obj (.text:SysCtlDelay)
                  000042ec    00000006                   : timer.obj (.text:TimerClockSourceSet)
                  000042f2    00000006                   : uart.obj (.text:UARTClockSourceSet)
                  000042f8    00000004                   : i2c.obj (.text:I2CMasterControl)
                  000042fc    00000004                   : i2c.obj (.text:I2CMasterDataGet)
                  00004300    00000004                   : i2c.obj (.text:I2CMasterDataPut)
                  00004304    00000004                   : timer.obj (.text:TimerIntClear)
                  00004308    00000004                   : uart.obj (.text:UARTIntClear)
                  0000430c    00000004     rtsv7M4_T_le_v4SPD16_eabi.lib : typeinfo.c.obj (.text:_ZN10__cxxabiv117__class_type_infoD1Ev)
                  00004310    00000004                                   : typeinfo.c.obj (.text:_ZN10__cxxabiv120__si_class_type_infoD1Ev)
                  00004314    00000004                                   : new.cpp.obj (.text:_ZdlPvj)
                  00004318    00000004                                   : pre_init.c.obj (.text:_system_pre_init)
                  0000431c    00000004                                   : exit.c.obj (.text:abort:abort)

.const     0    00004320    00000758     
                  00004320    00000101     rtsv7M4_T_le_v4SPD16_eabi.lib : ctype.c.obj (.const:.string:_ctypes_)
                  00004421    00000007     GY521.obj (.const:.typeinfo:_ZTS5GY521)
                  00004428    000000c8     rtsv7M4_T_le_v4SPD16_eabi.lib : strtod.c.obj (.const:$O1$$)
                  000044f0    00000098                                   : s_atan.c.obj (.const:$O1$$)
                  00004588    00000090     driverlib.lib : gpio.obj (.const:g_pui32GPIOBaseAddrs)
                  00004618    00000070                   : interrupt.obj (.const)
                  00004688    0000006c                   : sysctl.obj (.const:g_pui32Xtals)
                  000046f4    00000060                   : timer.obj (.const:g_ppui32TimerIntMap)
                  00004754    00000040                   : timer.obj (.const:g_ppui32TimerIntMapSnowflake)
                  00004794    00000040                   : uart.obj (.const:g_ppui32UARTIntMap)
                  000047d4    00000040                   : uart.obj (.const:g_ppui32UARTIntMapSnowflake)
                  00004814    00000025     rtsv7M4_T_le_v4SPD16_eabi.lib : typeinfo.c.obj (.const:.typeinfo:_ZTSN10__cxxabiv120__si_class_type_infoE)
                  00004839    00000022                                   : typeinfo.c.obj (.const:.typeinfo:_ZTSN10__cxxabiv117__class_type_infoE)
                  0000485b    00000001     --HOLE-- [fill = 0]
                  0000485c    00000012     Console.obj (.const:.string)
                  0000486e    00000002     --HOLE-- [fill = 0]
                  00004870    00000012     Log.obj (.const:.string)
                  00004882    00000002     --HOLE-- [fill = 0]
                  00004884    00000010     GY521.obj (.const:MPU6050AccelFactors)
                  00004894    00000010     GY521.obj (.const:MPU6050GyroFactors)
                  000048a4    00000010     StateSystem.obj (.const:_ZTV11StateSystem)
                  000048b4    00000010     I2C.obj (.const:_ZTV3I2C)
                  000048c4    00000010     Log.obj (.const:_ZTV3Log)
                  000048d4    00000010     GPIO.obj (.const:_ZTV4GPIO)
                  000048e4    00000010     UART.obj (.const:_ZTV4UART)
                  000048f4    00000010     GY521.obj (.const:_ZTV5GY521)
                  00004904    00000010     TIMER.obj (.const:_ZTV5TIMER)
                  00004914    00000010     Logger.obj (.const:_ZTV6Logger)
                  00004924    00000010     System.obj (.const:_ZTV6System)
                  00004934    00000010     Console.obj (.const:_ZTV7Console)
                  00004944    00000010     ESP8266.obj (.const:_ZTV7ESP8266)
                  00004954    00000010     PARAMETER.obj (.const:_ZTV9PARAMETER)
                  00004964    00000010     rtsv7M4_T_le_v4SPD16_eabi.lib : typeinfo.c.obj (.const:_ZTVN10__cxxabiv117__class_type_infoE)
                  00004974    00000010                                   : typeinfo.c.obj (.const:_ZTVN10__cxxabiv120__si_class_type_infoE)
                  00004984    0000000e     StateSystem.obj (.const:.typeinfo:_ZTS11StateSystem)
                  00004992    0000000d     rtsv7M4_T_le_v4SPD16_eabi.lib : stdlib_typeinfo.cpp.obj (.const:.typeinfo:_ZTSSt9type_info)
                  0000499f    00000001     --HOLE-- [fill = 0]
                  000049a0    0000000c                                   : typeinfo.c.obj (.const:.typeinfo:_ZTIN10__cxxabiv117__class_type_infoE)
                  000049ac    0000000c                                   : typeinfo.c.obj (.const:.typeinfo:_ZTIN10__cxxabiv120__si_class_type_infoE)
                  000049b8    0000000b     PARAMETER.obj (.const:.typeinfo:_ZTS9PARAMETER)
                  000049c3    00000009     Console.obj (.const:.typeinfo:_ZTS7Console)
                  000049cc    00000009     ESP8266.obj (.const:.typeinfo:_ZTS7ESP8266)
                  000049d5    00000003     --HOLE-- [fill = 0]
                  000049d8    00000008     StateSystem.obj (.const:.typeinfo:_ZTI11StateSystem)
                  000049e0    00000008     I2C.obj (.const:.typeinfo:_ZTI3I2C)
                  000049e8    00000008     Log.obj (.const:.typeinfo:_ZTI3Log)
                  000049f0    00000008     GPIO.obj (.const:.typeinfo:_ZTI4GPIO)
                  000049f8    00000008     UART.obj (.const:.typeinfo:_ZTI4UART)
                  00004a00    00000008     GY521.obj (.const:.typeinfo:_ZTI5GY521)
                  00004a08    00000008     TIMER.obj (.const:.typeinfo:_ZTI5TIMER)
                  00004a10    00000008     Logger.obj (.const:.typeinfo:_ZTI6Logger)
                  00004a18    00000008     System.obj (.const:.typeinfo:_ZTI6System)
                  00004a20    00000008     Console.obj (.const:.typeinfo:_ZTI7Console)
                  00004a28    00000008     ESP8266.obj (.const:.typeinfo:_ZTI7ESP8266)
                  00004a30    00000008     PARAMETER.obj (.const:.typeinfo:_ZTI9PARAMETER)
                  00004a38    00000008     rtsv7M4_T_le_v4SPD16_eabi.lib : stdlib_typeinfo.cpp.obj (.const:.typeinfo:_ZTISt9type_info)
                  00004a40    00000008     Logger.obj (.const:.typeinfo:_ZTS6Logger)
                  00004a48    00000008     System.obj (.const:.typeinfo:_ZTS6System)
                  00004a50    00000007     TIMER.obj (.const:.typeinfo:_ZTS5TIMER)
                  00004a57    00000006     GPIO.obj (.const:.typeinfo:_ZTS4GPIO)
                  00004a5d    00000006     UART.obj (.const:.typeinfo:_ZTS4UART)
                  00004a63    00000005     I2C.obj (.const:.typeinfo:_ZTS3I2C)
                  00004a68    00000005     Log.obj (.const:.typeinfo:_ZTS3Log)
                  00004a6d    00000003     --HOLE-- [fill = 0]
                  00004a70    00000004     Console.obj (.const)
                  00004a74    00000004     Log.obj (.const)

.cinit     0    00004a90    00000050     
                  00004a90    0000001b     (.cinit..data.load) [load image, compression = lzss]
                  00004aab    00000001     --HOLE-- [fill = 0]
                  00004aac    0000000c     (__TI_handler_table)
                  00004ab8    00000008     (.cinit..bss.load) [load image, compression = zero_init]
                  00004ac0    00000008     (.cinit..vtable.load) [load image, compression = zero_init]
                  00004ac8    00000018     (__TI_cinit_table)

.init_array 
*          0    00004a78    00000014     
                  00004a78    00000004     System.obj (.init_array)
                  00004a7c    00000004     Logger.obj (.init_array)
                  00004a80    00000004     Console.obj (.init_array)
                  00004a84    00000004     StateSystem.obj (.init_array)
                  00004a88    00000004     ESP8266.obj (.init_array)

.vtable    0    20000000    0000026c     UNINITIALIZED
                  20000000    0000026c     driverlib.lib : interrupt.obj (.vtable)

.stack     0    20000270    00000200     UNINITIALIZED
                  20000270    00000004     rtsv7M4_T_le_v4SPD16_eabi.lib : boot_cortex_m.c.obj (.stack)
                  20000274    000001fc     --HOLE--

.bss       0    20000470    000000c9     UNINITIALIZED
                  20000470    00000064     (.common:_ZN7ESP82663bufE)
                  200004d4    0000001c     StateSystem.obj (.bss:_ZN11StateSystem5gy521E)
                  200004f0    00000010     ESP8266.obj (.bss:_ZN7ESP82665paramE)
                  20000500    0000000c     Logger.obj (.bss:_ZN6Logger4uartE)
                  2000050c    0000000c     Console.obj (.bss:_ZN7Console4uartE)
                  20000518    0000000c     ESP8266.obj (.bss:_ZN7ESP82664uartE)
                  20000524    00000008     StateSystem.obj (.bss:_ZN11StateSystem5portFE)
                  2000052c    00000004     System.obj (.bss:_ZN6System6loggerE)
                  20000530    00000004     (.common:_ZN3Log6loggerE)
                  20000534    00000004     (.common:__dso_handle)
                  20000538    00000001     (.common:_ZN7ESP826613esp8266StatusE)

.data      0    2000053c    00000034     UNINITIALIZED
                  2000053c    0000000c     rtsv7M4_T_le_v4SPD16_eabi.lib : exit.c.obj (.data:$O1$$)
                  20000548    0000000c                                   : memory.c.obj (.data:$O1$$)
                  20000554    00000008                                   : _lock.c.obj (.data:$O1$$)
                  2000055c    00000005     ESP8266.obj (.data)
                  20000561    00000003     --HOLE--
                  20000564    00000004     StateSystem.obj (.data)
                  20000568    00000004     rtsv7M4_T_le_v4SPD16_eabi.lib : dtor_list.c.obj (.data)
                  2000056c    00000004                                   : errno.c.obj (.data)

.sysmem    0    20000570    00000008     UNINITIALIZED
                  20000570    00000008     rtsv7M4_T_le_v4SPD16_eabi.lib : memory.c.obj (.sysmem)

MODULE SUMMARY

       Module                         code    ro data   rw data
       ------                         ----    -------   -------
    .\
       tm4c123gh6pm_startup_ccs.obj   12      620       0      
       main.obj                       14      0         0      
    +--+------------------------------+-------+---------+---------+
       Total:                         26      620       0      
                                                               
    .\modules\DRV8412\
       DRV8412.obj                    22      0         0      
    +--+------------------------------+-------+---------+---------+
       Total:                         22      0         0      
                                                               
    .\modules\ESP8266\
       ESP8266.obj                    2186    37        134    
    +--+------------------------------+-------+---------+---------+
       Total:                         2186    37        134    
                                                               
    .\modules\ESP8266\PARAMETER\
       PARAMETER.obj                  76      35        0      
    +--+------------------------------+-------+---------+---------+
       Total:                         76      35        0      
                                                               
    .\modules\GY521\
       GY521.obj                      986     63        0      
    +--+------------------------------+-------+---------+---------+
       Total:                         986     63        0      
                                                               
    .\peripheral\GPIO\
       GPIO.obj                       404     30        0      
    +--+------------------------------+-------+---------+---------+
       Total:                         404     30        0      
                                                               
    .\peripheral\I2C\
       I2C.obj                        1066    29        0      
    +--+------------------------------+-------+---------+---------+
       Total:                         1066    29        0      
                                                               
    .\peripheral\Timer\
       TIMER.obj                      316     31        0      
    +--+------------------------------+-------+---------+---------+
       Total:                         316     31        0      
                                                               
    .\peripheral\UART\
       UART.obj                       548     30        0      
    +--+------------------------------+-------+---------+---------+
       Total:                         548     30        0      
                                                               
    .\slib\StateSystem\
       StateSystem.obj                648     42        40     
    +--+------------------------------+-------+---------+---------+
       Total:                         648     42        40     
                                                               
    .\slib\console\
       Console.obj                    984     59        12     
    +--+------------------------------+-------+---------+---------+
       Total:                         984     59        12     
                                                               
    .\slib\log\
       Log.obj                        1256    51        4      
       Logger.obj                     156     36        12     
    +--+------------------------------+-------+---------+---------+
       Total:                         1412    87        16     
                                                               
    .\slib\system\
       System.obj                     162     36        4      
    +--+------------------------------+-------+---------+---------+
       Total:                         162     36        4      
                                                               
    ../driverlib.lib
       interrupt.obj                  172     112       620    
       sysctl.obj                     710     108       0      
       gpio.obj                       522     144       0      
       timer.obj                      280     160       0      
       uart.obj                       282     128       0      
       i2c.obj                        114     0         0      
       cpu.obj                        12      0         0      
    +--+------------------------------+-------+---------+---------+
       Total:                         2092    652       620    
                                                               
    D:\ProgrameFiles\CCS\ccsv8\tools\compiler\ti-cgt-arm_18.1.2.LTS\lib\rtsv7M4_T_le_v4SPD16_eabi.lib
       strtod.c.obj                   1120    200       0      
       s_atan.c.obj                   748     152       0      
       memory.c.obj                   492     0         12     
       e_atan2.c.obj                  492     0         0      
       fd_add_t2.asm.obj              438     0         0      
       fd_div_t2.asm.obj              310     0         0      
       s_scalbn.c.obj                 272     0         0      
       fd_cmp_t2.asm.obj              268     0         0      
       ctype.c.obj                    0       257       0      
       fd_mul_t2.asm.obj              252     0         0      
       dtor_list.c.obj                198     0         8      
       typeinfo.c.obj                 36      127       0      
       memcpy_t2.asm.obj              156     0         0      
       memset_t2.asm.obj              122     0         0      
       fd_tos_t2.asm.obj              110     0         0      
       copy_decompress_lzss.c.obj     104     0         0      
       autoinit.c.obj                 96      0         0      
       exit.c.obj                     76      0         12     
       u_divt2.asm.obj                64      0         0      
       boot_cortex_m.c.obj            56      0         0      
       fs_tod_t2.asm.obj              56      0         0      
       i_tofd_t2.asm.obj              46      0         0      
       stdlib_typeinfo.cpp.obj        2       21        0      
       s_copysign.c.obj               20      0         0      
       strlen.c.obj                   20      0         0      
       atof.c.obj                     18      0         0      
       copy_zero_init.c.obj           18      0         0      
       copy_decompress_none.c.obj     14      0         0      
       errno.c.obj                    8       0         4      
       new.cpp.obj                    12      0         0      
       _lock.c.obj                    2       0         8      
       pre_init.c.obj                 4       0         0      
       div0.asm.obj                   2       0         0      
    +--+------------------------------+-------+---------+---------+
       Total:                         5632    757       44     
                                                               
       Heap:                          0       0         8      
       Stack:                         0       0         512    
       Linker Generated:              0       79        0      
    +--+------------------------------+-------+---------+---------+
       Grand Total:                   16560   2587      1390   


LINKER GENERATED COPY TABLES

__TI_cinit_table @ 00004ac8 records: 3, size/record: 8, table size: 24
	.data: load addr=00004a90, load size=0000001b bytes, run addr=2000053c, run size=00000034 bytes, compression=lzss
	.bss: load addr=00004ab8, load size=00000008 bytes, run addr=20000470, run size=000000c9 bytes, compression=zero_init
	.vtable: load addr=00004ac0, load size=00000008 bytes, run addr=20000000, run size=0000026c bytes, compression=zero_init


LINKER GENERATED HANDLER TABLE

__TI_handler_table @ 00004aac records: 3, size/record: 4, table size: 12
	index: 0, handler: __TI_zero_init
	index: 1, handler: __TI_decompress_lzss
	index: 2, handler: __TI_decompress_none


GLOBAL SYMBOLS: SORTED ALPHABETICALLY BY Name 

address   name                                                                                                                                                    
-------   ----                                                                                                                                                    
0000431d  C$$EXIT                                                                                                                                                 
00004251  CPUcpsie                                                                                                                                                
00003ff3  GPIODirModeSet                                                                                                                                          
00002e6b  GPIOPadConfigSet                                                                                                                                        
00003b85  GPIOPinConfigure                                                                                                                                        
00004161  GPIOPinTypeGPIOInput                                                                                                                                    
00004083  GPIOPinTypeGPIOOutput                                                                                                                                   
00004173  GPIOPinTypeI2C                                                                                                                                          
00004185  GPIOPinTypeI2CSCL                                                                                                                                       
00004197  GPIOPinTypeUART                                                                                                                                         
000042e1  GPIOPinWrite                                                                                                                                            
000042b1  I2CMasterBusy                                                                                                                                           
000042f9  I2CMasterControl                                                                                                                                        
000042fd  I2CMasterDataGet                                                                                                                                        
00004301  I2CMasterDataPut                                                                                                                                        
00004275  I2CMasterEnable                                                                                                                                         
00003aa1  I2CMasterInitExpClk                                                                                                                                     
000042b9  I2CMasterSlaveAddrSet                                                                                                                                   
000038c1  IntEnable                                                                                                                                               
000041df  IntMasterEnable                                                                                                                                         
00003ec5  IntRegister                                                                                                                                             
00004269  ResetISR                                                                                                                                                
00004a78  SHT$$INIT_ARRAY$$Base                                                                                                                                   
00004a8c  SHT$$INIT_ARRAY$$Limit                                                                                                                                  
00002f9d  SysCtlClockGet                                                                                                                                          
000032b9  SysCtlClockSet                                                                                                                                          
000042e7  SysCtlDelay                                                                                                                                             
00003ef9  SysCtlPeripheralEnable                                                                                                                                  
00003de5  SysCtlPeripheralReady                                                                                                                                   
00003a51  SysCtlPeripheralReset                                                                                                                                   
000042ed  TimerClockSourceSet                                                                                                                                     
00003991  TimerConfigure                                                                                                                                          
0000409b  TimerControlStall                                                                                                                                       
000041ef  TimerEnable                                                                                                                                             
00004305  TimerIntClear                                                                                                                                           
000042c1  TimerIntEnable                                                                                                                                          
000040b3  TimerIntRegister                                                                                                                                        
0000427f  TimerIntStatus                                                                                                                                          
000041a9  TimerLoadSet                                                                                                                                            
00004289  UARTCharGet                                                                                                                                             
00004293  UARTCharPut                                                                                                                                             
000041fd  UARTCharsAvail                                                                                                                                          
000042f3  UARTClockSourceSet                                                                                                                                      
00003c15  UARTConfigSetExpClk                                                                                                                                     
00004045  UARTDisable                                                                                                                                             
00004125  UARTEnable                                                                                                                                              
0000429d  UARTFIFODisable                                                                                                                                         
00004309  UARTIntClear                                                                                                                                            
000042c9  UARTIntEnable                                                                                                                                           
000040cb  UARTIntRegister                                                                                                                                         
000042a7  UARTIntStatus                                                                                                                                           
0000026d  _Z13compareStringPKcS0_                                                                                                                                 
00003ce5  _Z23__finalize_destructionsPP20a_needed_destructionPv                                                                                                   
00003ca1  _Z25__add_destruction_to_listPP20a_needed_destructionPFYvPvES2_S2_                                                                                      
00003f95  _Z5atan2IisENSt3__216__lazy_enable_ifIXaasr3std3__213is_arithmeticIT_EE5valuesr3std3__213is_arithmeticIT0_EE5valueENS0_9__promoteIS2_S3_vEEE4typeES2_S3_
00003f2d  _Z5atan2IssENSt3__216__lazy_enable_ifIXaasr3std3__213is_arithmeticIT_EE5valuesr3std3__213is_arithmeticIT0_EE5valueENS0_9__promoteIS2_S3_vEEE4typeES2_S3_
0000420b  _ZN10__cxxabiv117__class_type_infoD0Ev                                                                                                                  
0000430d  _ZN10__cxxabiv117__class_type_infoD1Ev                                                                                                                  
0000430d  _ZN10__cxxabiv117__class_type_infoD2Ev                                                                                                                  
00004219  _ZN10__cxxabiv120__si_class_type_infoD0Ev                                                                                                               
00004311  _ZN10__cxxabiv120__si_class_type_infoD1Ev                                                                                                               
00004311  _ZN10__cxxabiv120__si_class_type_infoD2Ev                                                                                                               
20000564  _ZN11StateSystem4rollE                                                                                                                                  
200004d4  _ZN11StateSystem5gy521E                                                                                                                                 
20000524  _ZN11StateSystem5portFE                                                                                                                                 
0000232f  _ZN11StateSystem7getRollEv                                                                                                                              
0000233f  _ZN11StateSystem9timer3ISREv                                                                                                                            
00002271  _ZN11StateSystemC1Ev                                                                                                                                    
00002271  _ZN11StateSystemC2Ev                                                                                                                                    
0000231b  _ZN11StateSystemD0Ev                                                                                                                                    
0000230b  _ZN11StateSystemD1Ev                                                                                                                                    
0000230b  _ZN11StateSystemD2Ev                                                                                                                                    
000015d3  _ZN3I2C10WriteBurstEhhPhh                                                                                                                               
00001689  _ZN3I2C4ReadEhhPh                                                                                                                                       
000015a9  _ZN3I2C5WriteEhhh                                                                                                                                       
00001765  _ZN3I2C9ReadBurstEhhPhh                                                                                                                                 
00001433  _ZN3I2CC1Ehh                                                                                                                                            
00001421  _ZN3I2CC1Ev                                                                                                                                             
00001433  _ZN3I2CC2Ehh                                                                                                                                            
00001421  _ZN3I2CC2Ev                                                                                                                                             
00001595  _ZN3I2CD0Ev                                                                                                                                             
00001589  _ZN3I2CD1Ev                                                                                                                                             
00001589  _ZN3I2CD2Ev                                                                                                                                             
000040e3  _ZN3I2CaSERKS_                                                                                                                                          
00000b53  _ZN3Log10logWarningEPKcz                                                                                                                                
00000b0b  _ZN3Log4initEP6Logger                                                                                                                                   
00000bc3  _ZN3Log6logStrEPKc                                                                                                                                      
20000530  _ZN3Log6loggerE                                                                                                                                         
00000c0b  _ZN3Log7logDoneEPKcz                                                                                                                                    
00000b1b  _ZN3Log7logInfoEPKcz                                                                                                                                    
00000bd3  _ZN3Log8logDoingEPKcz                                                                                                                                   
00000b8b  _ZN3Log8logErrorEPKcz                                                                                                                                   
00000c89  _ZN3Log8vprintf2EPKc11__va_list_t                                                                                                                       
00000ad9  _ZN3LogC1Ev                                                                                                                                             
00000ad9  _ZN3LogC2Ev                                                                                                                                             
00000af7  _ZN3LogD0Ev                                                                                                                                             
00000aeb  _ZN3LogD1Ev                                                                                                                                             
00000aeb  _ZN3LogD2Ev                                                                                                                                             
00002b75  _ZN4GPIO4modeEhh                                                                                                                                        
00002b35  _ZN4GPIO5writeEhh                                                                                                                                       
00002a77  _ZN4GPIOC1Eh                                                                                                                                            
00002a65  _ZN4GPIOC1Ev                                                                                                                                            
00002a77  _ZN4GPIOC2Eh                                                                                                                                            
00002a65  _ZN4GPIOC2Ev                                                                                                                                            
00002b21  _ZN4GPIOD0Ev                                                                                                                                            
00002b15  _ZN4GPIOD1Ev                                                                                                                                            
00002b15  _ZN4GPIOD2Ev                                                                                                                                            
000040f9  _ZN4GPIOaSERKS_                                                                                                                                         
000025d5  _ZN4UART4sendEPKc                                                                                                                                       
00002629  _ZN4UART4sendEPKch                                                                                                                                      
00002663  _ZN4UART5reicvEPhh                                                                                                                                      
000024af  _ZN4UARTC1Ehj                                                                                                                                           
0000249d  _ZN4UARTC1Ev                                                                                                                                            
000024af  _ZN4UARTC2Ehj                                                                                                                                           
0000249d  _ZN4UARTC2Ev                                                                                                                                            
000025c1  _ZN4UARTD0Ev                                                                                                                                            
000025b5  _ZN4UARTD1Ev                                                                                                                                            
000025b5  _ZN4UARTD2Ev                                                                                                                                            
00004065  _ZN4UARTaSERKS_                                                                                                                                         
00001f11  _ZN5GY52110updateGyroEv                                                                                                                                 
00001ebf  _ZN5GY52111updateAccelEv                                                                                                                                
00001ddd  _ZN5GY5217getGyroEPf                                                                                                                                    
00001e8f  _ZN5GY5217getRollEv                                                                                                                                     
00001d5d  _ZN5GY5218getAccelEPf                                                                                                                                   
00001e5d  _ZN5GY5218getPitchEv                                                                                                                                    
00001c3b  _ZN5GY521C1Ehhh                                                                                                                                         
00001c25  _ZN5GY521C1Ev                                                                                                                                           
00001c3b  _ZN5GY521C2Ehhh                                                                                                                                         
00001c25  _ZN5GY521C2Ev                                                                                                                                           
00001d49  _ZN5GY521D0Ev                                                                                                                                           
00001d39  _ZN5GY521D1Ev                                                                                                                                           
00001d39  _ZN5GY521D2Ev                                                                                                                                           
00003c5b  _ZN5GY521aSERKS_                                                                                                                                        
00002c0b  _ZN5TIMERC1Eht                                                                                                                                          
00002bf9  _ZN5TIMERC1Ev                                                                                                                                           
00002c0b  _ZN5TIMERC2Eht                                                                                                                                          
00002bf9  _ZN5TIMERC2Ev                                                                                                                                           
00002ce7  _ZN5TIMERD0Ev                                                                                                                                           
00002cdb  _ZN5TIMERD1Ev                                                                                                                                           
00002cdb  _ZN5TIMERD2Ev                                                                                                                                           
0000410f  _ZN5TIMERaSERKS_                                                                                                                                        
20000500  _ZN6Logger4uartE                                                                                                                                        
000034d3  _ZN6Logger5writeEPKc                                                                                                                                    
000034e3  _ZN6Logger5writeEPKch                                                                                                                                   
00003485  _ZN6LoggerC1Ev                                                                                                                                          
00003485  _ZN6LoggerC2Ev                                                                                                                                          
000034bf  _ZN6LoggerD0Ev                                                                                                                                          
000034b3  _ZN6LoggerD1Ev                                                                                                                                          
000034b3  _ZN6LoggerD2Ev                                                                                                                                          
00004227  _ZN6LoggeraSERKS_                                                                                                                                       
000035ef  _ZN6System4initEv                                                                                                                                       
2000052c  _ZN6System6loggerE                                                                                                                                      
00003617  _ZN6System7delayMsEj                                                                                                                                    
000035bd  _ZN6SystemC1Ev                                                                                                                                          
000035bd  _ZN6SystemC2Ev                                                                                                                                          
000035db  _ZN6SystemD0Ev                                                                                                                                          
000035cf  _ZN6SystemD1Ev                                                                                                                                          
000035cf  _ZN6SystemD2Ev                                                                                                                                          
000018dd  _ZN7Console11UARTvprintfEPKc11__va_list_t                                                                                                               
0000189d  _ZN7Console4getsEPhh                                                                                                                                    
0000187f  _ZN7Console4initEv                                                                                                                                      
2000050c  _ZN7Console4uartE                                                                                                                                       
000018b3  _ZN7Console6printfEPKcz                                                                                                                                 
0000184d  _ZN7ConsoleC1Ev                                                                                                                                         
0000184d  _ZN7ConsoleC2Ev                                                                                                                                         
0000186b  _ZN7ConsoleD0Ev                                                                                                                                         
0000185f  _ZN7ConsoleD1Ev                                                                                                                                         
0000185f  _ZN7ConsoleD2Ev                                                                                                                                         
20000538  _ZN7ESP826613esp8266StatusE                                                                                                                             
00000355  _ZN7ESP826614UARTIntHandlerEv                                                                                                                           
2000055f  _ZN7ESP826616getFunctionIndexE                                                                                                                          
000006ad  _ZN7ESP826617readFullParamListEv                                                                                                                        
20000470  _ZN7ESP82663bufE                                                                                                                                        
20000560  _ZN7ESP82663endE                                                                                                                                        
20000518  _ZN7ESP82664uartE                                                                                                                                       
200004f0  _ZN7ESP82665paramE                                                                                                                                      
00000531  _ZN7ESP82665resetEv                                                                                                                                     
00000739  _ZN7ESP82666getKeyEPc                                                                                                                                   
0000061d  _ZN7ESP82667connectEv                                                                                                                                   
2000055e  _ZN7ESP82668bufIndexE                                                                                                                                   
00000979  _ZN7ESP82668getValueEPc                                                                                                                                 
0000046b  _ZN7ESP82669UartRxISREv                                                                                                                                 
000002bf  _ZN7ESP8266C1Ev                                                                                                                                         
000002bf  _ZN7ESP8266C2Ev                                                                                                                                         
00000341  _ZN7ESP8266D0Ev                                                                                                                                         
00000335  _ZN7ESP8266D1Ev                                                                                                                                         
00000335  _ZN7ESP8266D2Ev                                                                                                                                         
00003aed  _ZN9PARAMETERC1Ev                                                                                                                                       
00003aed  _ZN9PARAMETERC2Ev                                                                                                                                       
00003b1d  _ZN9PARAMETERD0Ev                                                                                                                                       
00003b11  _ZN9PARAMETERD1Ev                                                                                                                                       
00003b11  _ZN9PARAMETERD2Ev                                                                                                                                       
0000184b  _ZNSt9type_infoD1Ev                                                                                                                                     
0000184b  _ZNSt9type_infoD2Ev                                                                                                                                     
0000431d  _ZSt17__throw_bad_allocv                                                                                                                                
000049d8  _ZTI11StateSystem                                                                                                                                       
000049e0  _ZTI3I2C                                                                                                                                                
000049e8  _ZTI3Log                                                                                                                                                
000049f0  _ZTI4GPIO                                                                                                                                               
000049f8  _ZTI4UART                                                                                                                                               
00004a00  _ZTI5GY521                                                                                                                                              
00004a08  _ZTI5TIMER                                                                                                                                              
00004a10  _ZTI6Logger                                                                                                                                             
00004a18  _ZTI6System                                                                                                                                             
00004a20  _ZTI7Console                                                                                                                                            
00004a28  _ZTI7ESP8266                                                                                                                                            
00004a30  _ZTI9PARAMETER                                                                                                                                          
000049a0  _ZTIN10__cxxabiv117__class_type_infoE                                                                                                                   
000049ac  _ZTIN10__cxxabiv120__si_class_type_infoE                                                                                                                
00004a38  _ZTISt9type_info                                                                                                                                        
00004984  _ZTS11StateSystem                                                                                                                                       
00004a63  _ZTS3I2C                                                                                                                                                
00004a68  _ZTS3Log                                                                                                                                                
00004a57  _ZTS4GPIO                                                                                                                                               
00004a5d  _ZTS4UART                                                                                                                                               
00004421  _ZTS5GY521                                                                                                                                              
00004a50  _ZTS5TIMER                                                                                                                                              
00004a40  _ZTS6Logger                                                                                                                                             
00004a48  _ZTS6System                                                                                                                                             
000049c3  _ZTS7Console                                                                                                                                            
000049cc  _ZTS7ESP8266                                                                                                                                            
000049b8  _ZTS9PARAMETER                                                                                                                                          
00004839  _ZTSN10__cxxabiv117__class_type_infoE                                                                                                                   
00004814  _ZTSN10__cxxabiv120__si_class_type_infoE                                                                                                                
00004992  _ZTSSt9type_info                                                                                                                                        
000048a4  _ZTV11StateSystem                                                                                                                                       
000048b4  _ZTV3I2C                                                                                                                                                
000048c4  _ZTV3Log                                                                                                                                                
000048d4  _ZTV4GPIO                                                                                                                                               
000048e4  _ZTV4UART                                                                                                                                               
000048f4  _ZTV5GY521                                                                                                                                              
00004904  _ZTV5TIMER                                                                                                                                              
00004914  _ZTV6Logger                                                                                                                                             
00004924  _ZTV6System                                                                                                                                             
00004934  _ZTV7Console                                                                                                                                            
00004944  _ZTV7ESP8266                                                                                                                                            
00004954  _ZTV9PARAMETER                                                                                                                                          
00004964  _ZTVN10__cxxabiv117__class_type_infoE                                                                                                                   
00004974  _ZTVN10__cxxabiv120__si_class_type_infoE                                                                                                                
000042d1  _ZdlPv                                                                                                                                                  
00004315  _ZdlPvj                                                                                                                                                 
20000470  __STACK_END                                                                                                                                             
00000200  __STACK_SIZE                                                                                                                                            
20000470  __STACK_TOP                                                                                                                                             
00000008  __SYSMEM_SIZE                                                                                                                                           
00004ac8  __TI_CINIT_Base                                                                                                                                         
00004ae0  __TI_CINIT_Limit                                                                                                                                        
00004aac  __TI_Handler_Table_Base                                                                                                                                 
00004ab8  __TI_Handler_Table_Limit                                                                                                                                
000039f1  __TI_auto_init_nobinit                                                                                                                                  
2000053c  __TI_cleanup_ptr                                                                                                                                        
00003929  __TI_decompress_lzss                                                                                                                                    
00004235  __TI_decompress_none                                                                                                                                    
20000540  __TI_dtors_ptr                                                                                                                                          
20000544  __TI_enable_exit_profile_output                                                                                                                         
ffffffff  __TI_pprof_out_hndl                                                                                                                                     
ffffffff  __TI_prof_data_size                                                                                                                                     
ffffffff  __TI_prof_data_start                                                                                                                                    
00000000  __TI_static_base__                                                                                                                                      
000041cd  __TI_zero_init_nomemset                                                                                                                                 
00003f61  __aeabi_atexit                                                                                                                                          
00003651  __aeabi_cdcmpeq                                                                                                                                         
00003651  __aeabi_cdcmple                                                                                                                                         
000036d7  __aeabi_cdrcmple                                                                                                                                        
00003851  __aeabi_d2f                                                                                                                                             
000028b7  __aeabi_dadd                                                                                                                                            
00002d35  __aeabi_ddiv                                                                                                                                            
000031bd  __aeabi_dmul                                                                                                                                            
000028ad  __aeabi_dsub                                                                                                                                            
000042d9  __aeabi_errno_addr                                                                                                                                      
00003e8d  __aeabi_f2d                                                                                                                                             
00003fc5  __aeabi_i2d                                                                                                                                             
000037d7  __aeabi_idiv0                                                                                                                                           
000037d7  __aeabi_ldiv0                                                                                                                                           
0000375d  __aeabi_memclr                                                                                                                                          
0000375d  __aeabi_memclr4                                                                                                                                         
0000375d  __aeabi_memclr8                                                                                                                                         
00003521  __aeabi_memcpy                                                                                                                                          
00003521  __aeabi_memcpy4                                                                                                                                         
00003521  __aeabi_memcpy8                                                                                                                                         
0000375f  __aeabi_memset                                                                                                                                          
0000375f  __aeabi_memset4                                                                                                                                         
0000375f  __aeabi_memset8                                                                                                                                         
00003d69  __aeabi_uidiv                                                                                                                                           
00003d69  __aeabi_uidivmod                                                                                                                                        
ffffffff  __binit__                                                                                                                                               
ffffffff  __c_args__                                                                                                                                              
0000425d  __cxa_ia64_exit                                                                                                                                         
20000534  __dso_handle                                                                                                                                            
UNDEFED   __mpu_init                                                                                                                                              
20000270  __stack                                                                                                                                                 
000034fb  __sti___10_Logger_cpp_4773e62b                                                                                                                          
00003629  __sti___10_System_cpp_524050c4                                                                                                                          
00001bf3  __sti___11_Console_cpp_3f9ddb1e                                                                                                                         
00000a93  __sti___11_ESP8266_cpp_c7db590e                                                                                                                         
00002409  __sti___15_StateSystem_cpp_27c4ccc0                                                                                                                     
00003e1d  _c_int00_noargs                                                                                                                                         
00004320  _ctypes_                                                                                                                                                
20000554  _lock                                                                                                                                                   
00002a63  _nop                                                                                                                                                    
20000570  _sys_memory                                                                                                                                             
[...]
00004235  __TI_decompress_none                                                                                                                                    
00004243  main                                                                                                                                                    
00004251  CPUcpsie                                                                                                                                                
0000425d  __cxa_ia64_exit                                                                                                                                         
00004269  ResetISR                                                                                                                                                
00004275  I2CMasterEnable                                                                                                                                         
0000427f  TimerIntStatus                                                                                                                                          
00004289  UARTCharGet                                                                                                                                             
00004293  UARTCharPut                                                                                                                                             
0000429d  UARTFIFODisable                                                                                                                                         
000042a7  UARTIntStatus                                                                                                                                           
000042b1  I2CMasterBusy                                                                                                                                           
000042b9  I2CMasterSlaveAddrSet                                                                                                                                   
000042c1  TimerIntEnable                                                                                                                                          
000042c9  UARTIntEnable                                                                                                                                           
000042d1  _ZdlPv                                                                                                                                                  
000042d9  __aeabi_errno_addr                                                                                                                                      
000042e1  GPIOPinWrite                                                                                                                                            
000042e7  SysCtlDelay                                                                                                                                             
000042ed  TimerClockSourceSet                                                                                                                                     
000042f3  UARTClockSourceSet                                                                                                                                      
000042f9  I2CMasterControl                                                                                                                                        
000042fd  I2CMasterDataGet                                                                                                                                        
00004301  I2CMasterDataPut                                                                                                                                        
00004305  TimerIntClear                                                                                                                                           
00004309  UARTIntClear                                                                                                                                            
0000430d  _ZN10__cxxabiv117__class_type_infoD1Ev                                                                                                                  
0000430d  _ZN10__cxxabiv117__class_type_infoD2Ev                                                                                                                  
00004311  _ZN10__cxxabiv120__si_class_type_infoD1Ev                                                                                                               
00004311  _ZN10__cxxabiv120__si_class_type_infoD2Ev                                                                                                               
00004315  _ZdlPvj                                                                                                                                                 
00004319  _system_pre_init                                                                                                                                        
0000431d  C$$EXIT                                                                                                                                                 
0000431d  _ZSt17__throw_bad_allocv                                                                                                                                
0000431d  abort                                                                                                                                                   
00004320  _ctypes_                                                                                                                                                
00004421  _ZTS5GY521                                                                                                                                              
00004814  _ZTSN10__cxxabiv120__si_class_type_infoE                                                                                                                
00004839  _ZTSN10__cxxabiv117__class_type_infoE                                                                                                                   
000048a4  _ZTV11StateSystem                                                                                                                                       
000048b4  _ZTV3I2C                                                                                                                                                
000048c4  _ZTV3Log                                                                                                                                                
000048d4  _ZTV4GPIO                                                                                                                                               
000048e4  _ZTV4UART                                                                                                                                               
000048f4  _ZTV5GY521                                                                                                                                              
00004904  _ZTV5TIMER                                                                                                                                              
00004914  _ZTV6Logger                                                                                                                                             
00004924  _ZTV6System                                                                                                                                             
00004934  _ZTV7Console                                                                                                                                            
00004944  _ZTV7ESP8266                                                                                                                                            
00004954  _ZTV9PARAMETER                                                                                                                                          
00004964  _ZTVN10__cxxabiv117__class_type_infoE                                                                                                                   
00004974  _ZTVN10__cxxabiv120__si_class_type_infoE                                                                                                                
00004984  _ZTS11StateSystem                                                                                                                                       
00004992  _ZTSSt9type_info                                                                                                                                        
000049a0  _ZTIN10__cxxabiv117__class_type_infoE                                                                                                                   
000049ac  _ZTIN10__cxxabiv120__si_class_type_infoE                                                                                                                
000049b8  _ZTS9PARAMETER                                                                                                                                          
000049c3  _ZTS7Console                                                                                                                                            
000049cc  _ZTS7ESP8266                                                                                                                                            
000049d8  _ZTI11StateSystem                                                                                                                                       
000049e0  _ZTI3I2C                                                                                                                                                
000049e8  _ZTI3Log                                                                                                                                                
000049f0  _ZTI4GPIO                                                                                                                                               
000049f8  _ZTI4UART                                                                                                                                               
00004a00  _ZTI5GY521                                                                                                                                              
00004a08  _ZTI5TIMER                                                                                                                                              
00004a10  _ZTI6Logger                                                                                                                                             
00004a18  _ZTI6System                                                                                                                                             
00004a20  _ZTI7Console                                                                                                                                            
00004a28  _ZTI7ESP8266                                                                                                                                            
00004a30  _ZTI9PARAMETER                                                                                                                                          
00004a38  _ZTISt9type_info                                                                                                                                        
00004a40  _ZTS6Logger                                                                                                                                             
00004a48  _ZTS6System                                                                                                                                             
00004a50  _ZTS5TIMER                                                                                                                                              
00004a57  _ZTS4GPIO                                                                                                                                               
00004a5d  _ZTS4UART                                                                                                                                               
00004a63  _ZTS3I2C                                                                                                                                                
00004a68  _ZTS3Log                                                                                                                                                
00004a78  SHT$$INIT_ARRAY$$Base                                                                                                                                   
00004a8c  SHT$$INIT_ARRAY$$Limit                                                                                                                                  
00004aac  __TI_Handler_Table_Base                                                                                                                                 
00004ab8  __TI_Handler_Table_Limit                                                                                                                                
00004ac8  __TI_CINIT_Base                                                                                                                                         
00004ae0  __TI_CINIT_Limit                                                                                                                                        
20000000  g_pfnRAMVectors                                                                                                                                         
20000270  __stack                                                                                                                                                 
20000470  _ZN7ESP82663bufE                                                                                                                                        
20000470  __STACK_END                                                                                                                                             
20000470  __STACK_TOP                                                                                                                                             
200004d4  _ZN11StateSystem5gy521E                                                                                                                                 
200004f0  _ZN7ESP82665paramE                                                                                                                                      
20000500  _ZN6Logger4uartE                                                                                                                                        
2000050c  _ZN7Console4uartE                                                                                                                                       
20000518  _ZN7ESP82664uartE                                                                                                                                       
20000524  _ZN11StateSystem5portFE                                                                                                                                 
2000052c  _ZN6System6loggerE                                                                                                                                      
20000530  _ZN3Log6loggerE                                                                                                                                         
20000534  __dso_handle                                                                                                                                            
20000538  _ZN7ESP826613esp8266StatusE                                                                                                                             
2000053c  __TI_cleanup_ptr                                                                                                                                        
20000540  __TI_dtors_ptr                                                                                                                                          
20000544  __TI_enable_exit_profile_output                                                                                                                         
20000554  _lock                                                                                                                                                   
20000558  _unlock                                                                                                                                                 
2000055c  count                                                                                                                                                   
2000055d  flag                                                                                                                                                    
2000055e  _ZN7ESP82668bufIndexE                                                                                                                                   
2000055f  _ZN7ESP826616getFunctionIndexE                                                                                                                          
20000560  _ZN7ESP82663endE                                                                                                                                        
20000564  _ZN11StateSystem4rollE                                                                                                                                  
2000056c  errno                                                                                                                                                   
20000570  _sys_memory                                                                                                                                             
ffffffff  __TI_pprof_out_hndl                                                                                                                                     
ffffffff  __TI_prof_data_size                                                                                                                                     
ffffffff  __TI_prof_data_start                                                                                                                                    
ffffffff  __binit__                                                                                                                                               
ffffffff  __c_args__                                                                                                                                              
ffffffff  binit                                                                                                                                                   
UNDEFED   __mpu_init                                                                                                                                              
UNDEFED   _system_post_cinit                                                                                                                                      

[332 symbols]
