******************************************************************************
                  TI ARM Linker PC v18.1.2                     
******************************************************************************
>> Linked Mon Jul 23 15:05:33 2018

OUTPUT FILE NAME:   <2WheelsRobot.out>
ENTRY POINT SYMBOL: "_c_int00_noargs"  address: 00003f9d


MEMORY CONFIGURATION

         name            origin    length      used     unused   attr    fill
----------------------  --------  ---------  --------  --------  ----  --------
  FLASH                 00000000   00040000  00004c90  0003b370  R  X
  SRAM                  20000000   00008000  000005e8  00007a18  RW X


SEGMENT ALLOCATION MAP

run origin  load origin   length   init length attrs members
----------  ----------- ---------- ----------- ----- -------
00000000    00000000    00004c90   00004c90    r-x
  00000000    00000000    0000026c   0000026c    r-- .intvecs
  0000026c    0000026c    0000424c   0000424c    r-x .text
  000044b8    000044b8    00000770   00000770    r-- .const
  00004c28    00004c28    00000018   00000018    r-- .init_array
  00004c40    00004c40    00000050   00000050    r-- .cinit
20000000    20000000    000005f0   00000000    rw-
  20000000    20000000    0000026c   00000000    rw- .vtable
  20000270    20000270    00000200   00000000    rw- .stack
  20000470    20000470    00000145   00000000    rw- .bss
  200005b8    200005b8    0000002f   00000000    rw- .data
  200005e8    200005e8    00000008   00000000    rw- .sysmem


SECTION ALLOCATION MAP

 output                                  attributes/
section   page    origin      length       input sections
--------  ----  ----------  ----------   ----------------
.intvecs   0    00000000    0000026c     
                  00000000    0000026c     tm4c123gh6pm_startup_ccs.obj (.intvecs)

.text      0    0000026c    0000424c     
                  0000026c    00000804     ESP8266.obj (.text)
                  00000a70    000004e8     Log.obj (.text)
                  00000f58    00000460     rtsv7M4_T_le_v4SPD16_eabi.lib : strtod.c.obj (.text:strtod)
                  000013b8    0000042a     I2C.obj (.text)
                  000017e2    00000002     rtsv7M4_T_le_v4SPD16_eabi.lib : stdlib_typeinfo.cpp.obj (.text:_ZNSt9type_infoD1Ev)
                  000017e4    000003d8     Console.obj (.text)
                  00001bbc    00000360     GY521.obj (.text)
                  00001f1c    000002ec     rtsv7M4_T_le_v4SPD16_eabi.lib : s_atan.c.obj (.text:atan)
                  00002208    00000224     UART.obj (.text)
                  0000242c    000001fc     StateSystem.obj (.text)
                  00002628    000001f0     Task.obj (.text)
                  00002818    000001ec     rtsv7M4_T_le_v4SPD16_eabi.lib : e_atan2.c.obj (.text:atan2)
                  00002a04    000001b6                                   : fd_add_t2.asm.obj (.text)
                  00002bba    00000002                                   : _lock.c.obj (.text:_nop)
                  00002bbc    00000194     GPIO.obj (.text)
                  00002d50    0000013c     TIMER.obj (.text)
                  00002e8c    00000136     rtsv7M4_T_le_v4SPD16_eabi.lib : fd_div_t2.asm.obj (.text)
                  00002fc2    00000132     driverlib.lib : gpio.obj (.text:GPIOPadConfigSet)
                  000030f4    00000110                   : sysctl.obj (.text:SysCtlClockGet)
                  00003204    00000110     rtsv7M4_T_le_v4SPD16_eabi.lib : s_scalbn.c.obj (.text:scalbn)
                  00003314    000000fc                                   : fd_mul_t2.asm.obj (.text)
                  00003410    000000f4     driverlib.lib : sysctl.obj (.text:SysCtlClockSet)
                  00003504    000000d8     rtsv7M4_T_le_v4SPD16_eabi.lib : memory.c.obj (.text:free)
                  000035dc    000000b0     System.obj (.text)
                  0000368c    0000009c     Logger.obj (.text)
                  00003728    0000009c     rtsv7M4_T_le_v4SPD16_eabi.lib : memcpy_t2.asm.obj (.text)
                  000037c4    00000086                                   : fd_cmp_t2.asm.obj (.text:__aeabi_cdcmple)
                  0000384a    00000086                                   : fd_cmp_t2.asm.obj (.text:__aeabi_cdrcmple)
                  000038d0    0000007a                                   : memset_t2.asm.obj (.text)
                  0000394a    00000002                                   : div0.asm.obj (.text)
                  0000394c    00000078                                   : memory.c.obj (.text:malloc)
                  000039c4    0000006e                                   : fd_tos_t2.asm.obj (.text)
                  00003a32    00000002     --HOLE-- [fill = 0]
                  00003a34    00000068     driverlib.lib : interrupt.obj (.text:IntEnable)
                  00003a9c    00000068     rtsv7M4_T_le_v4SPD16_eabi.lib : copy_decompress_lzss.c.obj (.text:decompress:lzss:__TI_decompress_lzss)
                  00003b04    00000060     driverlib.lib : timer.obj (.text:TimerConfigure)
                  00003b64    00000060     rtsv7M4_T_le_v4SPD16_eabi.lib : autoinit.c.obj (.text:__TI_auto_init_nobinit:__TI_auto_init_nobinit)
                  00003bc4    00000058     Params.obj (.text)
                  00003c1c    00000050     driverlib.lib : sysctl.obj (.text:SysCtlPeripheralReset)
                  00003c6c    0000004c                   : i2c.obj (.text:I2CMasterInitExpClk)
                  00003cb8    0000004c                   : timer.obj (.text:_TimerIntNumberGet)
                  00003d04    00000048                   : gpio.obj (.text:GPIOPinConfigure)
                  00003d4c    00000048     rtsv7M4_T_le_v4SPD16_eabi.lib : exit.c.obj (.text:exit)
                  00003d94    00000046     driverlib.lib : uart.obj (.text:UARTConfigSetExpClk)
                  00003dda    00000046     StateSystem.obj (.text:_ZN5GY521aSERKS_)
                  00003e20    00000044     rtsv7M4_T_le_v4SPD16_eabi.lib : dtor_list.c.obj (.text:_Z25__add_destruction_to_listPP20a_needed_destructionPFYvPvES2_S2_)
                  00003e64    00000042                                   : dtor_list.c.obj (.text:_Z23__finalize_destructionsPP20a_needed_destructionPv)
                  00003ea6    00000002     --HOLE-- [fill = 0]
                  00003ea8    00000040     driverlib.lib : uart.obj (.text:_UARTIntNumberGet)
                  00003ee8    00000040     rtsv7M4_T_le_v4SPD16_eabi.lib : u_divt2.asm.obj (.text)
                  00003f28    0000003c                                   : memory.c.obj (.text:minsert)
                  00003f64    00000038     driverlib.lib : sysctl.obj (.text:SysCtlPeripheralReady)
                  00003f9c    00000038     rtsv7M4_T_le_v4SPD16_eabi.lib : boot_cortex_m.c.obj (.text:_c_int00_noargs:_c_int00_noargs)
                  00003fd4    00000038                                   : memory.c.obj (.text:minit)
                  0000400c    00000038                                   : fs_tod_t2.asm.obj (.text)
                  00004044    00000034     driverlib.lib : interrupt.obj (.text:IntRegister)
                  00004078    00000034                   : sysctl.obj (.text:SysCtlPeripheralEnable)
                  000040ac    00000034     GY521.obj (.text:_Z5atan2IssENSt3__216__lazy_enable_ifIXaasr3std3__213is_arithmeticIT_EE5valuesr3std3__213is_arithmeticIT0_EE5valueENS0_9__promoteIS2_S3_vEEE4typeES2_S3_)
                  000040e0    00000034     rtsv7M4_T_le_v4SPD16_eabi.lib : dtor_list.c.obj (.text:__aeabi_atexit)
                  00004114    00000030     GY521.obj (.text:_Z5atan2IisENSt3__216__lazy_enable_ifIXaasr3std3__213is_arithmeticIT_EE5valuesr3std3__213is_arithmeticIT0_EE5valueENS0_9__promoteIS2_S3_vEEE4typeES2_S3_)
                  00004144    0000002e     rtsv7M4_T_le_v4SPD16_eabi.lib : i_tofd_t2.asm.obj (.text)
                  00004172    0000002a     driverlib.lib : gpio.obj (.text:GPIODirModeSet)
                  0000419c    00000028     rtsv7M4_T_le_v4SPD16_eabi.lib : memory.c.obj (.text:mremove)
                  000041c4    00000022     main.obj (.text)
                  000041e6    00000002     --HOLE-- [fill = 0]
                  000041e8    00000020     driverlib.lib : uart.obj (.text:UARTDisable)
                  00004208    0000001e     ESP8266.obj (.text:_ZN4UARTaSERKS_)
                  00004226    00000018     driverlib.lib : gpio.obj (.text:GPIOPinTypeGPIOOutput)
                  0000423e    00000018                   : timer.obj (.text:TimerControlStall)
                  00004256    00000018                   : timer.obj (.text:TimerIntRegister)
                  0000426e    00000018                   : uart.obj (.text:UARTIntRegister)
                  00004286    00000016     GY521.obj (.text:_ZN3I2CaSERKS_)
                  0000429c    00000016     DRV8412.obj (.text:_ZN4GPIOaSERKS_)
                  000042b2    00000016     Task.obj (.text:_ZN5TIMERaSERKS_)
                  000042c8    00000014     driverlib.lib : uart.obj (.text:UARTEnable)
                  000042dc    00000014     rtsv7M4_T_le_v4SPD16_eabi.lib : s_copysign.c.obj (.text:copysign)
                  000042f0    00000014                                   : strlen.c.obj (.text:strlen)
                  00004304    00000012     driverlib.lib : gpio.obj (.text:GPIOPinTypeGPIOInput)
                  00004316    00000012                   : gpio.obj (.text:GPIOPinTypeI2C)
                  00004328    00000012                   : gpio.obj (.text:GPIOPinTypeI2CSCL)
                  0000433a    00000012                   : gpio.obj (.text:GPIOPinTypeUART)
                  0000434c    00000012                   : timer.obj (.text:TimerLoadSet)
                  0000435e    00000012     rtsv7M4_T_le_v4SPD16_eabi.lib : atof.c.obj (.text:atof)
                  00004370    00000012                                   : copy_zero_init.c.obj (.text:decompress:ZI:__TI_zero_init_nomemset:__TI_zero_init_nomemset)
                  00004382    00000010     driverlib.lib : interrupt.obj (.text:IntMasterEnable)
                  00004392    0000000e                   : timer.obj (.text:TimerEnable)
                  000043a0    0000000e                   : uart.obj (.text:UARTCharsAvail)
                  000043ae    0000000e     rtsv7M4_T_le_v4SPD16_eabi.lib : typeinfo.c.obj (.text:_ZN10__cxxabiv117__class_type_infoD0Ev)
                  000043bc    0000000e                                   : typeinfo.c.obj (.text:_ZN10__cxxabiv120__si_class_type_infoD0Ev)
                  000043ca    0000000e     System.obj (.text:_ZN6LoggeraSERKS_)
                  000043d8    0000000e     rtsv7M4_T_le_v4SPD16_eabi.lib : copy_decompress_none.c.obj (.text:decompress:none:__TI_decompress_none)
                  000043e6    0000000c     driverlib.lib : cpu.obj (.text:CPUcpsie)
                  000043f2    00000002     --HOLE-- [fill = 0]
                  000043f4    0000000c     rtsv7M4_T_le_v4SPD16_eabi.lib : dtor_list.c.obj (.text:__cxa_ia64_exit)
                  00004400    0000000c     tm4c123gh6pm_startup_ccs.obj (.text)
                  0000440c    0000000a     driverlib.lib : i2c.obj (.text:I2CMasterEnable)
                  00004416    0000000a                   : timer.obj (.text:TimerIntStatus)
                  00004420    0000000a                   : uart.obj (.text:UARTCharGet)
                  0000442a    0000000a                   : uart.obj (.text:UARTCharPut)
                  00004434    0000000a                   : uart.obj (.text:UARTFIFODisable)
                  0000443e    0000000a                   : uart.obj (.text:UARTIntStatus)
                  00004448    00000008                   : i2c.obj (.text:I2CMasterBusy)
                  00004450    00000008                   : i2c.obj (.text:I2CMasterSlaveAddrSet)
                  00004458    00000008                   : timer.obj (.text:TimerIntEnable)
                  00004460    00000008                   : uart.obj (.text:UARTIntEnable)
                  00004468    00000008     rtsv7M4_T_le_v4SPD16_eabi.lib : new.cpp.obj (.text:_ZdlPv)
                  00004470    00000008                                   : errno.c.obj (.text:__aeabi_errno_addr)
                  00004478    00000006     driverlib.lib : gpio.obj (.text:GPIOPinWrite)
                  0000447e    00000006                   : sysctl.obj (.text:SysCtlDelay)
                  00004484    00000006                   : timer.obj (.text:TimerClockSourceSet)
                  0000448a    00000006                   : uart.obj (.text:UARTClockSourceSet)
                  00004490    00000004                   : i2c.obj (.text:I2CMasterControl)
                  00004494    00000004                   : i2c.obj (.text:I2CMasterDataGet)
                  00004498    00000004                   : i2c.obj (.text:I2CMasterDataPut)
                  0000449c    00000004                   : timer.obj (.text:TimerIntClear)
                  000044a0    00000004                   : uart.obj (.text:UARTIntClear)
                  000044a4    00000004     rtsv7M4_T_le_v4SPD16_eabi.lib : typeinfo.c.obj (.text:_ZN10__cxxabiv117__class_type_infoD1Ev)
                  000044a8    00000004                                   : typeinfo.c.obj (.text:_ZN10__cxxabiv120__si_class_type_infoD1Ev)
                  000044ac    00000004                                   : new.cpp.obj (.text:_ZdlPvj)
                  000044b0    00000004                                   : pre_init.c.obj (.text:_system_pre_init)
                  000044b4    00000004                                   : exit.c.obj (.text:abort:abort)

.const     0    000044b8    00000770     
                  000044b8    00000101     rtsv7M4_T_le_v4SPD16_eabi.lib : ctype.c.obj (.const:.string:_ctypes_)
                  000045b9    00000007     GY521.obj (.const:.typeinfo:_ZTS5GY521)
                  000045c0    000000c8     rtsv7M4_T_le_v4SPD16_eabi.lib : strtod.c.obj (.const:$O1$$)
                  00004688    00000098                                   : s_atan.c.obj (.const:$O1$$)
                  00004720    00000090     driverlib.lib : gpio.obj (.const:g_pui32GPIOBaseAddrs)
                  000047b0    00000070                   : interrupt.obj (.const)
                  00004820    0000006c                   : sysctl.obj (.const:g_pui32Xtals)
                  0000488c    00000060                   : timer.obj (.const:g_ppui32TimerIntMap)
                  000048ec    00000040                   : timer.obj (.const:g_ppui32TimerIntMapSnowflake)
                  0000492c    00000040                   : uart.obj (.const:g_ppui32UARTIntMap)
                  0000496c    00000040                   : uart.obj (.const:g_ppui32UARTIntMapSnowflake)
                  000049ac    00000025     rtsv7M4_T_le_v4SPD16_eabi.lib : typeinfo.c.obj (.const:.typeinfo:_ZTSN10__cxxabiv120__si_class_type_infoE)
                  000049d1    00000022                                   : typeinfo.c.obj (.const:.typeinfo:_ZTSN10__cxxabiv117__class_type_infoE)
                  000049f3    00000001     --HOLE-- [fill = 0]
                  000049f4    00000012     Console.obj (.const:.string)
                  00004a06    00000002     --HOLE-- [fill = 0]
                  00004a08    00000012     Log.obj (.const:.string)
                  00004a1a    00000002     --HOLE-- [fill = 0]
                  00004a1c    00000010     GY521.obj (.const:MPU6050AccelFactors)
                  00004a2c    00000010     GY521.obj (.const:MPU6050GyroFactors)
                  00004a3c    00000010     StateSystem.obj (.const:_ZTV11StateSystem)
                  00004a4c    00000010     I2C.obj (.const:_ZTV3I2C)
                  00004a5c    00000010     Log.obj (.const:_ZTV3Log)
                  00004a6c    00000010     GPIO.obj (.const:_ZTV4GPIO)
                  00004a7c    00000010     Task.obj (.const:_ZTV4Task)
                  00004a8c    00000010     UART.obj (.const:_ZTV4UART)
                  00004a9c    00000010     GY521.obj (.const:_ZTV5GY521)
                  00004aac    00000010     TIMER.obj (.const:_ZTV5TIMER)
                  00004abc    00000010     Logger.obj (.const:_ZTV6Logger)
                  00004acc    00000010     Params.obj (.const:_ZTV6Params)
                  00004adc    00000010     System.obj (.const:_ZTV6System)
                  00004aec    00000010     Console.obj (.const:_ZTV7Console)
                  00004afc    00000010     ESP8266.obj (.const:_ZTV7ESP8266)
                  00004b0c    00000010     rtsv7M4_T_le_v4SPD16_eabi.lib : typeinfo.c.obj (.const:_ZTVN10__cxxabiv117__class_type_infoE)
                  00004b1c    00000010                                   : typeinfo.c.obj (.const:_ZTVN10__cxxabiv120__si_class_type_infoE)
                  00004b2c    0000000e     StateSystem.obj (.const:.typeinfo:_ZTS11StateSystem)
                  00004b3a    0000000d     rtsv7M4_T_le_v4SPD16_eabi.lib : stdlib_typeinfo.cpp.obj (.const:.typeinfo:_ZTSSt9type_info)
                  00004b47    00000001     --HOLE-- [fill = 0]
                  00004b48    0000000c                                   : typeinfo.c.obj (.const:.typeinfo:_ZTIN10__cxxabiv117__class_type_infoE)
                  00004b54    0000000c                                   : typeinfo.c.obj (.const:.typeinfo:_ZTIN10__cxxabiv120__si_class_type_infoE)
                  00004b60    00000009     Console.obj (.const:.typeinfo:_ZTS7Console)
                  00004b69    00000009     ESP8266.obj (.const:.typeinfo:_ZTS7ESP8266)
                  00004b72    00000002     --HOLE-- [fill = 0]
                  00004b74    00000008     StateSystem.obj (.const:.typeinfo:_ZTI11StateSystem)
                  00004b7c    00000008     I2C.obj (.const:.typeinfo:_ZTI3I2C)
                  00004b84    00000008     Log.obj (.const:.typeinfo:_ZTI3Log)
                  00004b8c    00000008     GPIO.obj (.const:.typeinfo:_ZTI4GPIO)
                  00004b94    00000008     Task.obj (.const:.typeinfo:_ZTI4Task)
                  00004b9c    00000008     UART.obj (.const:.typeinfo:_ZTI4UART)
                  00004ba4    00000008     GY521.obj (.const:.typeinfo:_ZTI5GY521)
                  00004bac    00000008     TIMER.obj (.const:.typeinfo:_ZTI5TIMER)
                  00004bb4    00000008     Logger.obj (.const:.typeinfo:_ZTI6Logger)
                  00004bbc    00000008     Params.obj (.const:.typeinfo:_ZTI6Params)
                  00004bc4    00000008     System.obj (.const:.typeinfo:_ZTI6System)
                  00004bcc    00000008     Console.obj (.const:.typeinfo:_ZTI7Console)
                  00004bd4    00000008     ESP8266.obj (.const:.typeinfo:_ZTI7ESP8266)
                  00004bdc    00000008     rtsv7M4_T_le_v4SPD16_eabi.lib : stdlib_typeinfo.cpp.obj (.const:.typeinfo:_ZTISt9type_info)
                  00004be4    00000008     Logger.obj (.const:.typeinfo:_ZTS6Logger)
                  00004bec    00000008     Params.obj (.const:.typeinfo:_ZTS6Params)
                  00004bf4    00000008     System.obj (.const:.typeinfo:_ZTS6System)
                  00004bfc    00000007     TIMER.obj (.const:.typeinfo:_ZTS5TIMER)
                  00004c03    00000006     GPIO.obj (.const:.typeinfo:_ZTS4GPIO)
                  00004c09    00000006     Task.obj (.const:.typeinfo:_ZTS4Task)
                  00004c0f    00000006     UART.obj (.const:.typeinfo:_ZTS4UART)
                  00004c15    00000005     I2C.obj (.const:.typeinfo:_ZTS3I2C)
                  00004c1a    00000005     Log.obj (.const:.typeinfo:_ZTS3Log)
                  00004c1f    00000001     --HOLE-- [fill = 0]
                  00004c20    00000004     Console.obj (.const)
                  00004c24    00000004     Log.obj (.const)

.cinit     0    00004c40    00000050     
                  00004c40    0000001a     (.cinit..data.load) [load image, compression = lzss]
                  00004c5a    00000002     --HOLE-- [fill = 0]
                  00004c5c    0000000c     (__TI_handler_table)
                  00004c68    00000008     (.cinit..bss.load) [load image, compression = zero_init]
                  00004c70    00000008     (.cinit..vtable.load) [load image, compression = zero_init]
                  00004c78    00000018     (__TI_cinit_table)

.init_array 
*          0    00004c28    00000018     
                  00004c28    00000004     Task.obj (.init_array)
                  00004c2c    00000004     System.obj (.init_array)
                  00004c30    00000004     StateSystem.obj (.init_array)
                  00004c34    00000004     Logger.obj (.init_array)
                  00004c38    00000004     Console.obj (.init_array)
                  00004c3c    00000004     ESP8266.obj (.init_array)

.vtable    0    20000000    0000026c     UNINITIALIZED
                  20000000    0000026c     driverlib.lib : interrupt.obj (.vtable)

.stack     0    20000270    00000200     UNINITIALIZED
                  20000270    00000004     rtsv7M4_T_le_v4SPD16_eabi.lib : boot_cortex_m.c.obj (.stack)
                  20000274    000001fc     --HOLE--

.bss       0    20000470    00000145     UNINITIALIZED
                  20000470    00000078     Task.obj (.bss:timer_event_list)
                  200004e8    00000064     (.common:_ZN7ESP82663bufE)
                  2000054c    0000001c     StateSystem.obj (.bss:_ZN11StateSystem5gy521E)
                  20000568    0000000c     Logger.obj (.bss:_ZN6Logger4uartE)
                  20000574    0000000c     Console.obj (.bss:_ZN7Console4uartE)
                  20000580    0000000c     ESP8266.obj (.bss:_ZN7ESP82664uartE)
                  2000058c    00000008     StateSystem.obj (.bss:_ZN11StateSystem5portFE)
                  20000594    00000008     Task.obj (.bss:_ZN4Task10task_timerE)
                  2000059c    00000004     System.obj (.bss:_ZN6System4taskE)
                  200005a0    00000004     System.obj (.bss:_ZN6System6loggerE)
                  200005a4    00000004     (.common:_ZN11StateSystem6paramsE)
                  200005a8    00000004     (.common:_ZN3Log6loggerE)
                  200005ac    00000004     (.common:_ZN7ESP82665paramE)
                  200005b0    00000004     (.common:__dso_handle)
                  200005b4    00000001     (.common:_ZN7ESP826613esp8266StatusE)

.data      0    200005b8    0000002f     UNINITIALIZED
                  200005b8    0000000c     rtsv7M4_T_le_v4SPD16_eabi.lib : exit.c.obj (.data:$O1$$)
                  200005c4    0000000c                                   : memory.c.obj (.data:$O1$$)
                  200005d0    00000008                                   : _lock.c.obj (.data:$O1$$)
                  200005d8    00000004     StateSystem.obj (.data)
                  200005dc    00000004     rtsv7M4_T_le_v4SPD16_eabi.lib : dtor_list.c.obj (.data)
                  200005e0    00000004                                   : errno.c.obj (.data)
                  200005e4    00000003     ESP8266.obj (.data)

.sysmem    0    200005e8    00000008     UNINITIALIZED
                  200005e8    00000008     rtsv7M4_T_le_v4SPD16_eabi.lib : memory.c.obj (.sysmem)

MODULE SUMMARY

       Module                         code    ro data   rw data
       ------                         ----    -------   -------
    .\
       tm4c123gh6pm_startup_ccs.obj   12      620       0      
       main.obj                       34      0         0      
    +--+------------------------------+-------+---------+---------+
       Total:                         46      620       0      
                                                               
    .\modules\DRV8412\
       DRV8412.obj                    22      0         0      
    +--+------------------------------+-------+---------+---------+
       Total:                         22      0         0      
                                                               
    .\modules\ESP8266\
       ESP8266.obj                    2082    37        120    
    +--+------------------------------+-------+---------+---------+
       Total:                         2082    37        120    
                                                               
    .\modules\GY521\
       GY521.obj                      986     63        0      
    +--+------------------------------+-------+---------+---------+
       Total:                         986     63        0      
                                                               
    .\peripheral\GPIO\
       GPIO.obj                       404     30        0      
    +--+------------------------------+-------+---------+---------+
       Total:                         404     30        0      
                                                               
    .\peripheral\I2C\
       I2C.obj                        1066    29        0      
    +--+------------------------------+-------+---------+---------+
       Total:                         1066    29        0      
                                                               
    .\peripheral\Timer\
       TIMER.obj                      316     31        0      
    +--+------------------------------+-------+---------+---------+
       Total:                         316     31        0      
                                                               
    .\peripheral\UART\
       UART.obj                       548     30        0      
    +--+------------------------------+-------+---------+---------+
       Total:                         548     30        0      
                                                               
    .\slib\Console\
       Console.obj                    984     59        12     
    +--+------------------------------+-------+---------+---------+
       Total:                         984     59        12     
                                                               
    .\slib\Log\
       Log.obj                        1256    51        4      
       Logger.obj                     156     36        12     
    +--+------------------------------+-------+---------+---------+
       Total:                         1412    87        16     
                                                               
    .\slib\Params\
       Params.obj                     88      32        0      
    +--+------------------------------+-------+---------+---------+
       Total:                         88      32        0      
                                                               
    .\slib\StateSystem\
       StateSystem.obj                578     42        44     
    +--+------------------------------+-------+---------+---------+
       Total:                         578     42        44     
                                                               
    .\slib\System\
       System.obj                     190     36        8      
    +--+------------------------------+-------+---------+---------+
       Total:                         190     36        8      
                                                               
    .\slib\Task\
       Task.obj                       518     34        128    
    +--+------------------------------+-------+---------+---------+
       Total:                         518     34        128    
                                                               
    ../driverlib.lib
       interrupt.obj                  172     112       620    
       sysctl.obj                     710     108       0      
       gpio.obj                       522     144       0      
       timer.obj                      280     160       0      
       uart.obj                       282     128       0      
       i2c.obj                        114     0         0      
       cpu.obj                        12      0         0      
    +--+------------------------------+-------+---------+---------+
       Total:                         2092    652       620    
                                                               
    D:\ProgrameFiles\CCS\ccsv8\tools\compiler\ti-cgt-arm_18.1.2.LTS\lib\rtsv7M4_T_le_v4SPD16_eabi.lib
       strtod.c.obj                   1120    200       0      
       s_atan.c.obj                   748     152       0      
       memory.c.obj                   492     0         12     
       e_atan2.c.obj                  492     0         0      
       fd_add_t2.asm.obj              438     0         0      
       fd_div_t2.asm.obj              310     0         0      
       s_scalbn.c.obj                 272     0         0      
       fd_cmp_t2.asm.obj              268     0         0      
       ctype.c.obj                    0       257       0      
       fd_mul_t2.asm.obj              252     0         0      
       dtor_list.c.obj                198     0         8      
       typeinfo.c.obj                 36      127       0      
       memcpy_t2.asm.obj              156     0         0      
       memset_t2.asm.obj              122     0         0      
       fd_tos_t2.asm.obj              110     0         0      
       copy_decompress_lzss.c.obj     104     0         0      
       autoinit.c.obj                 96      0         0      
       exit.c.obj                     76      0         12     
       u_divt2.asm.obj                64      0         0      
       boot_cortex_m.c.obj            56      0         0      
       fs_tod_t2.asm.obj              56      0         0      
       i_tofd_t2.asm.obj              46      0         0      
       stdlib_typeinfo.cpp.obj        2       21        0      
       s_copysign.c.obj               20      0         0      
       strlen.c.obj                   20      0         0      
       atof.c.obj                     18      0         0      
       copy_zero_init.c.obj           18      0         0      
       copy_decompress_none.c.obj     14      0         0      
       errno.c.obj                    8       0         4      
       new.cpp.obj                    12      0         0      
       _lock.c.obj                    2       0         8      
       pre_init.c.obj                 4       0         0      
       div0.asm.obj                   2       0         0      
    +--+------------------------------+-------+---------+---------+
       Total:                         5632    757       44     
                                                               
       Heap:                          0       0         8      
       Stack:                         0       0         512    
       Linker Generated:              0       78        0      
    +--+------------------------------+-------+---------+---------+
       Grand Total:                   16964   2617      1512   


LINKER GENERATED COPY TABLES

__TI_cinit_table @ 00004c78 records: 3, size/record: 8, table size: 24
	.data: load addr=00004c40, load size=0000001a bytes, run addr=200005b8, run size=0000002f bytes, compression=lzss
	.bss: load addr=00004c68, load size=00000008 bytes, run addr=20000470, run size=00000145 bytes, compression=zero_init
	.vtable: load addr=00004c70, load size=00000008 bytes, run addr=20000000, run size=0000026c bytes, compression=zero_init


LINKER GENERATED HANDLER TABLE

__TI_handler_table @ 00004c5c records: 3, size/record: 4, table size: 12
	index: 0, handler: __TI_zero_init
	index: 1, handler: __TI_decompress_lzss
	index: 2, handler: __TI_decompress_none


GLOBAL SYMBOLS: SORTED ALPHABETICALLY BY Name 

address   name                                                                                                                                                    
-------   ----                                                                                                                                                    
000044b5  C$$EXIT                                                                                                                                                 
000043e7  CPUcpsie                                                                                                                                                
00004173  GPIODirModeSet                                                                                                                                          
00002fc3  GPIOPadConfigSet                                                                                                                                        
00003d05  GPIOPinConfigure                                                                                                                                        
00004305  GPIOPinTypeGPIOInput                                                                                                                                    
00004227  GPIOPinTypeGPIOOutput                                                                                                                                   
00004317  GPIOPinTypeI2C                                                                                                                                          
00004329  GPIOPinTypeI2CSCL                                                                                                                                       
0000433b  GPIOPinTypeUART                                                                                                                                         
00004479  GPIOPinWrite                                                                                                                                            
00004449  I2CMasterBusy                                                                                                                                           
00004491  I2CMasterControl                                                                                                                                        
00004495  I2CMasterDataGet                                                                                                                                        
00004499  I2CMasterDataPut                                                                                                                                        
0000440d  I2CMasterEnable                                                                                                                                         
00003c6d  I2CMasterInitExpClk                                                                                                                                     
00004451  I2CMasterSlaveAddrSet                                                                                                                                   
00003a35  IntEnable                                                                                                                                               
00004383  IntMasterEnable                                                                                                                                         
00004045  IntRegister                                                                                                                                             
00004401  ResetISR                                                                                                                                                
00004c28  SHT$$INIT_ARRAY$$Base                                                                                                                                   
00004c40  SHT$$INIT_ARRAY$$Limit                                                                                                                                  
000030f5  SysCtlClockGet                                                                                                                                          
00003411  SysCtlClockSet                                                                                                                                          
0000447f  SysCtlDelay                                                                                                                                             
00004079  SysCtlPeripheralEnable                                                                                                                                  
00003f65  SysCtlPeripheralReady                                                                                                                                   
00003c1d  SysCtlPeripheralReset                                                                                                                                   
00004485  TimerClockSourceSet                                                                                                                                     
00003b05  TimerConfigure                                                                                                                                          
0000423f  TimerControlStall                                                                                                                                       
00004393  TimerEnable                                                                                                                                             
0000449d  TimerIntClear                                                                                                                                           
00004459  TimerIntEnable                                                                                                                                          
00004257  TimerIntRegister                                                                                                                                        
00004417  TimerIntStatus                                                                                                                                          
0000434d  TimerLoadSet                                                                                                                                            
00004421  UARTCharGet                                                                                                                                             
0000442b  UARTCharPut                                                                                                                                             
000043a1  UARTCharsAvail                                                                                                                                          
0000448b  UARTClockSourceSet                                                                                                                                      
00003d95  UARTConfigSetExpClk                                                                                                                                     
000041e9  UARTDisable                                                                                                                                             
000042c9  UARTEnable                                                                                                                                              
00004435  UARTFIFODisable                                                                                                                                         
000044a1  UARTIntClear                                                                                                                                            
00004461  UARTIntEnable                                                                                                                                           
0000426f  UARTIntRegister                                                                                                                                         
0000443f  UARTIntStatus                                                                                                                                           
0000026d  _Z13compareStringPKcS0_                                                                                                                                 
00003e65  _Z23__finalize_destructionsPP20a_needed_destructionPv                                                                                                   
00003e21  _Z25__add_destruction_to_listPP20a_needed_destructionPFYvPvES2_S2_                                                                                      
00004115  _Z5atan2IisENSt3__216__lazy_enable_ifIXaasr3std3__213is_arithmeticIT_EE5valuesr3std3__213is_arithmeticIT0_EE5valueENS0_9__promoteIS2_S3_vEEE4typeES2_S3_
000040ad  _Z5atan2IssENSt3__216__lazy_enable_ifIXaasr3std3__213is_arithmeticIT_EE5valuesr3std3__213is_arithmeticIT0_EE5valueENS0_9__promoteIS2_S3_vEEE4typeES2_S3_
000043af  _ZN10__cxxabiv117__class_type_infoD0Ev                                                                                                                  
000044a5  _ZN10__cxxabiv117__class_type_infoD1Ev                                                                                                                  
000044a5  _ZN10__cxxabiv117__class_type_infoD2Ev                                                                                                                  
000043bd  _ZN10__cxxabiv120__si_class_type_infoD0Ev                                                                                                               
000044a9  _ZN10__cxxabiv120__si_class_type_infoD1Ev                                                                                                               
000044a9  _ZN10__cxxabiv120__si_class_type_infoD2Ev                                                                                                               
000024d1  _ZN11StateSystem15stateUpdateTaskEv                                                                                                                     
200005d8  _ZN11StateSystem4rollE                                                                                                                                  
2000054c  _ZN11StateSystem5gy521E                                                                                                                                 
2000058c  _ZN11StateSystem5portFE                                                                                                                                 
200005a4  _ZN11StateSystem6paramsE                                                                                                                                
000024c1  _ZN11StateSystem7getRollEv                                                                                                                              
0000242d  _ZN11StateSystemC1EP6Params                                                                                                                             
0000242d  _ZN11StateSystemC2EP6Params                                                                                                                             
000024ad  _ZN11StateSystemD0Ev                                                                                                                                    
000024a1  _ZN11StateSystemD1Ev                                                                                                                                    
000024a1  _ZN11StateSystemD2Ev                                                                                                                                    
0000156b  _ZN3I2C10WriteBurstEhhPhh                                                                                                                               
00001621  _ZN3I2C4ReadEhhPh                                                                                                                                       
00001541  _ZN3I2C5WriteEhhh                                                                                                                                       
000016fd  _ZN3I2C9ReadBurstEhhPhh                                                                                                                                 
000013cb  _ZN3I2CC1Ehh                                                                                                                                            
000013b9  _ZN3I2CC1Ev                                                                                                                                             
000013cb  _ZN3I2CC2Ehh                                                                                                                                            
000013b9  _ZN3I2CC2Ev                                                                                                                                             
0000152d  _ZN3I2CD0Ev                                                                                                                                             
00001521  _ZN3I2CD1Ev                                                                                                                                             
00001521  _ZN3I2CD2Ev                                                                                                                                             
00004287  _ZN3I2CaSERKS_                                                                                                                                          
00000aeb  _ZN3Log10logWarningEPKcz                                                                                                                                
00000aa3  _ZN3Log4initEP6Logger                                                                                                                                   
00000b5b  _ZN3Log6logStrEPKc                                                                                                                                      
200005a8  _ZN3Log6loggerE                                                                                                                                         
00000ba3  _ZN3Log7logDoneEPKcz                                                                                                                                    
00000ab3  _ZN3Log7logInfoEPKcz                                                                                                                                    
00000b6b  _ZN3Log8logDoingEPKcz                                                                                                                                   
00000b23  _ZN3Log8logErrorEPKcz                                                                                                                                   
00000c21  _ZN3Log8vprintf2EPKc11__va_list_t                                                                                                                       
00000a71  _ZN3LogC1Ev                                                                                                                                             
00000a71  _ZN3LogC2Ev                                                                                                                                             
00000a8f  _ZN3LogD0Ev                                                                                                                                             
00000a83  _ZN3LogD1Ev                                                                                                                                             
00000a83  _ZN3LogD2Ev                                                                                                                                             
00002ccd  _ZN4GPIO4modeEhh                                                                                                                                        
00002c8d  _ZN4GPIO5writeEhh                                                                                                                                       
00002bcf  _ZN4GPIOC1Eh                                                                                                                                            
00002bbd  _ZN4GPIOC1Ev                                                                                                                                            
00002bcf  _ZN4GPIOC2Eh                                                                                                                                            
00002bbd  _ZN4GPIOC2Ev                                                                                                                                            
00002c79  _ZN4GPIOD0Ev                                                                                                                                            
00002c6d  _ZN4GPIOD1Ev                                                                                                                                            
00002c6d  _ZN4GPIOD2Ev                                                                                                                                            
0000429d  _ZN4GPIOaSERKS_                                                                                                                                         
20000594  _ZN4Task10task_timerE                                                                                                                                   
0000268d  _ZN4Task13registerEventEPFvvEm                                                                                                                          
0000270d  _ZN4Task15unregisterEventEh                                                                                                                             
0000265b  _ZN4Task4initEv                                                                                                                                         
00002751  _ZN4Task8timerISREv                                                                                                                                     
00002629  _ZN4TaskC1Ev                                                                                                                                            
00002629  _ZN4TaskC2Ev                                                                                                                                            
00002647  _ZN4TaskD0Ev                                                                                                                                            
0000263b  _ZN4TaskD1Ev                                                                                                                                            
0000263b  _ZN4TaskD2Ev                                                                                                                                            
00002341  _ZN4UART4sendEPKc                                                                                                                                       
00002395  _ZN4UART4sendEPKch                                                                                                                                      
000023cf  _ZN4UART5reicvEPhh                                                                                                                                      
0000221b  _ZN4UARTC1Ehj                                                                                                                                           
00002209  _ZN4UARTC1Ev                                                                                                                                            
0000221b  _ZN4UARTC2Ehj                                                                                                                                           
00002209  _ZN4UARTC2Ev                                                                                                                                            
0000232d  _ZN4UARTD0Ev                                                                                                                                            
00002321  _ZN4UARTD1Ev                                                                                                                                            
00002321  _ZN4UARTD2Ev                                                                                                                                            
00004209  _ZN4UARTaSERKS_                                                                                                                                         
00001ea9  _ZN5GY52110updateGyroEv                                                                                                                                 
00001e57  _ZN5GY52111updateAccelEv                                                                                                                                
00001d75  _ZN5GY5217getGyroEPf                                                                                                                                    
00001e27  _ZN5GY5217getRollEv                                                                                                                                     
00001cf5  _ZN5GY5218getAccelEPf                                                                                                                                   
00001df5  _ZN5GY5218getPitchEv                                                                                                                                    
00001bd3  _ZN5GY521C1Ehhh                                                                                                                                         
00001bbd  _ZN5GY521C1Ev                                                                                                                                           
00001bd3  _ZN5GY521C2Ehhh                                                                                                                                         
00001bbd  _ZN5GY521C2Ev                                                                                                                                           
00001ce1  _ZN5GY521D0Ev                                                                                                                                           
00001cd1  _ZN5GY521D1Ev                                                                                                                                           
00001cd1  _ZN5GY521D2Ev                                                                                                                                           
00003ddb  _ZN5GY521aSERKS_                                                                                                                                        
00002d63  _ZN5TIMERC1Eht                                                                                                                                          
00002d51  _ZN5TIMERC1Ev                                                                                                                                           
00002d63  _ZN5TIMERC2Eht                                                                                                                                          
00002d51  _ZN5TIMERC2Ev                                                                                                                                           
00002e3f  _ZN5TIMERD0Ev                                                                                                                                           
00002e33  _ZN5TIMERD1Ev                                                                                                                                           
00002e33  _ZN5TIMERD2Ev                                                                                                                                           
000042b3  _ZN5TIMERaSERKS_                                                                                                                                        
20000568  _ZN6Logger4uartE                                                                                                                                        
000036db  _ZN6Logger5writeEPKc                                                                                                                                    
000036eb  _ZN6Logger5writeEPKch                                                                                                                                   
0000368d  _ZN6LoggerC1Ev                                                                                                                                          
0000368d  _ZN6LoggerC2Ev                                                                                                                                          
000036c7  _ZN6LoggerD0Ev                                                                                                                                          
000036bb  _ZN6LoggerD1Ev                                                                                                                                          
000036bb  _ZN6LoggerD2Ev                                                                                                                                          
000043cb  _ZN6LoggeraSERKS_                                                                                                                                       
00003bc5  _ZN6ParamsC1Ev                                                                                                                                          
00003bc5  _ZN6ParamsC2Ev                                                                                                                                          
00003bfb  _ZN6ParamsD0Ev                                                                                                                                          
00003bef  _ZN6ParamsD1Ev                                                                                                                                          
00003bef  _ZN6ParamsD2Ev                                                                                                                                          
0000360f  _ZN6System4initEv                                                                                                                                       
2000059c  _ZN6System4taskE                                                                                                                                        
200005a0  _ZN6System6loggerE                                                                                                                                      
0000363b  _ZN6System7delayMsEj                                                                                                                                    
000035dd  _ZN6SystemC1Ev                                                                                                                                          
000035dd  _ZN6SystemC2Ev                                                                                                                                          
000035fb  _ZN6SystemD0Ev                                                                                                                                          
000035ef  _ZN6SystemD1Ev                                                                                                                                          
000035ef  _ZN6SystemD2Ev                                                                                                                                          
00001875  _ZN7Console11UARTvprintfEPKc11__va_list_t                                                                                                               
00001835  _ZN7Console4getsEPhh                                                                                                                                    
00001817  _ZN7Console4initEv                                                                                                                                      
20000574  _ZN7Console4uartE                                                                                                                                       
0000184b  _ZN7Console6printfEPKcz                                                                                                                                 
000017e5  _ZN7ConsoleC1Ev                                                                                                                                         
000017e5  _ZN7ConsoleC2Ev                                                                                                                                         
00001803  _ZN7ConsoleD0Ev                                                                                                                                         
000017f7  _ZN7ConsoleD1Ev                                                                                                                                         
000017f7  _ZN7ConsoleD2Ev                                                                                                                                         
000004e9  _ZN7ESP826610paramParseEv                                                                                                                               
000007ed  _ZN7ESP826611getKeyValueEPcS0_                                                                                                                          
00000791  _ZN7ESP826611startServerEv                                                                                                                              
200005b4  _ZN7ESP826613esp8266StatusE                                                                                                                             
00000365  _ZN7ESP826614UARTIntHandlerEv                                                                                                                           
00000713  _ZN7ESP826617readFullParamListEv                                                                                                                        
200004e8  _ZN7ESP82663bufE                                                                                                                                        
20000580  _ZN7ESP82664uartE                                                                                                                                       
200005ac  _ZN7ESP82665paramE                                                                                                                                      
000005c9  _ZN7ESP82665resetEv                                                                                                                                     
00000691  _ZN7ESP82667connectEv                                                                                                                                   
200005e6  _ZN7ESP82668bufIndexE                                                                                                                                   
000002bf  _ZN7ESP8266C1EP6Params                                                                                                                                  
000002bf  _ZN7ESP8266C2EP6Params                                                                                                                                  
00000351  _ZN7ESP8266D0Ev                                                                                                                                         
00000345  _ZN7ESP8266D1Ev                                                                                                                                         
00000345  _ZN7ESP8266D2Ev                                                                                                                                         
000017e3  _ZNSt9type_infoD1Ev                                                                                                                                     
000017e3  _ZNSt9type_infoD2Ev                                                                                                                                     
000044b5  _ZSt17__throw_bad_allocv                                                                                                                                
00004b74  _ZTI11StateSystem                                                                                                                                       
00004b7c  _ZTI3I2C                                                                                                                                                
00004b84  _ZTI3Log                                                                                                                                                
00004b8c  _ZTI4GPIO                                                                                                                                               
00004b94  _ZTI4Task                                                                                                                                               
00004b9c  _ZTI4UART                                                                                                                                               
00004ba4  _ZTI5GY521                                                                                                                                              
00004bac  _ZTI5TIMER                                                                                                                                              
00004bb4  _ZTI6Logger                                                                                                                                             
00004bbc  _ZTI6Params                                                                                                                                             
00004bc4  _ZTI6System                                                                                                                                             
00004bcc  _ZTI7Console                                                                                                                                            
00004bd4  _ZTI7ESP8266                                                                                                                                            
00004b48  _ZTIN10__cxxabiv117__class_type_infoE                                                                                                                   
00004b54  _ZTIN10__cxxabiv120__si_class_type_infoE                                                                                                                
00004bdc  _ZTISt9type_info                                                                                                                                        
00004b2c  _ZTS11StateSystem                                                                                                                                       
00004c15  _ZTS3I2C                                                                                                                                                
00004c1a  _ZTS3Log                                                                                                                                                
00004c03  _ZTS4GPIO                                                                                                                                               
00004c09  _ZTS4Task                                                                                                                                               
00004c0f  _ZTS4UART                                                                                                                                               
000045b9  _ZTS5GY521                                                                                                                                              
00004bfc  _ZTS5TIMER                                                                                                                                              
00004be4  _ZTS6Logger                                                                                                                                             
00004bec  _ZTS6Params                                                                                                                                             
00004bf4  _ZTS6System                                                                                                                                             
00004b60  _ZTS7Console                                                                                                                                            
00004b69  _ZTS7ESP8266                                                                                                                                            
000049d1  _ZTSN10__cxxabiv117__class_type_infoE                                                                                                                   
000049ac  _ZTSN10__cxxabiv120__si_class_type_infoE                                                                                                                
00004b3a  _ZTSSt9type_info                                                                                                                                        
00004a3c  _ZTV11StateSystem                                                                                                                                       
00004a4c  _ZTV3I2C                                                                                                                                                
00004a5c  _ZTV3Log                                                                                                                                                
00004a6c  _ZTV4GPIO                                                                                                                                               
00004a7c  _ZTV4Task                                                                                                                                               
00004a8c  _ZTV4UART                                                                                                                                               
00004a9c  _ZTV5GY521                                                                                                                                              
00004aac  _ZTV5TIMER                                                                                                                                              
00004abc  _ZTV6Logger                                                                                                                                             
00004acc  _ZTV6Params                                                                                                                                             
00004adc  _ZTV6System                                                                                                                                             
00004aec  _ZTV7Console                                                                                                                                            
00004afc  _ZTV7ESP8266                                                                                                                                            
00004b0c  _ZTVN10__cxxabiv117__class_type_infoE                                                                                                                   
00004b1c  _ZTVN10__cxxabiv120__si_class_type_infoE                                                                                                                
00004469  _ZdlPv                                                                                                                                                  
000044ad  _ZdlPvj                                                                                                                                                 
20000470  __STACK_END                                                                                                                                             
00000200  __STACK_SIZE                                                                                                                                            
20000470  __STACK_TOP                                                                                                                                             
00000008  __SYSMEM_SIZE                                                                                                                                           
00004c78  __TI_CINIT_Base                                                                                                                                         
00004c90  __TI_CINIT_Limit                                                                                                                                        
00004c5c  __TI_Handler_Table_Base                                                                                                                                 
00004c68  __TI_Handler_Table_Limit                                                                                                                                
00003b65  __TI_auto_init_nobinit                                                                                                                                  
200005b8  __TI_cleanup_ptr                                                                                                                                        
00003a9d  __TI_decompress_lzss                                                                                                                                    
000043d9  __TI_decompress_none                                                                                                                                    
200005bc  __TI_dtors_ptr                                                                                                                                          
200005c0  __TI_enable_exit_profile_output                                                                                                                         
ffffffff  __TI_pprof_out_hndl                                                                                                                                     
ffffffff  __TI_prof_data_size                                                                                                                                     
ffffffff  __TI_prof_data_start                                                                                                                                    
00000000  __TI_static_base__                                                                                                                                      
00004371  __TI_zero_init_nomemset                                                                                                                                 
000040e1  __aeabi_atexit                                                                                                                                          
000037c5  __aeabi_cdcmpeq                                                                                                                                         
000037c5  __aeabi_cdcmple                                                                                                                                         
0000384b  __aeabi_cdrcmple                                                                                                                                        
000039c5  __aeabi_d2f                                                                                                                                             
00002a0f  __aeabi_dadd                                                                                                                                            
00002e8d  __aeabi_ddiv                                                                                                                                            
00003315  __aeabi_dmul                                                                                                                                            
00002a05  __aeabi_dsub                                                                                                                                            
00004471  __aeabi_errno_addr                                                                                                                                      
0000400d  __aeabi_f2d                                                                                                                                             
00004145  __aeabi_i2d                                                                                                                                             
0000394b  __aeabi_idiv0                                                                                                                                           
0000394b  __aeabi_ldiv0                                                                                                                                           
000038d1  __aeabi_memclr                                                                                                                                          
000038d1  __aeabi_memclr4                                                                                                                                         
000038d1  __aeabi_memclr8                                                                                                                                         
00003729  __aeabi_memcpy                                                                                                                                          
00003729  __aeabi_memcpy4                                                                                                                                         
00003729  __aeabi_memcpy8                                                                                                                                         
000038d3  __aeabi_memset                                                                                                                                          
000038d3  __aeabi_memset4                                                                                                                                         
[...]
00004401  ResetISR                                                                                                                                                
0000440d  I2CMasterEnable                                                                                                                                         
00004417  TimerIntStatus                                                                                                                                          
00004421  UARTCharGet                                                                                                                                             
0000442b  UARTCharPut                                                                                                                                             
00004435  UARTFIFODisable                                                                                                                                         
0000443f  UARTIntStatus                                                                                                                                           
00004449  I2CMasterBusy                                                                                                                                           
00004451  I2CMasterSlaveAddrSet                                                                                                                                   
00004459  TimerIntEnable                                                                                                                                          
00004461  UARTIntEnable                                                                                                                                           
00004469  _ZdlPv                                                                                                                                                  
00004471  __aeabi_errno_addr                                                                                                                                      
00004479  GPIOPinWrite                                                                                                                                            
0000447f  SysCtlDelay                                                                                                                                             
00004485  TimerClockSourceSet                                                                                                                                     
0000448b  UARTClockSourceSet                                                                                                                                      
00004491  I2CMasterControl                                                                                                                                        
00004495  I2CMasterDataGet                                                                                                                                        
00004499  I2CMasterDataPut                                                                                                                                        
0000449d  TimerIntClear                                                                                                                                           
000044a1  UARTIntClear                                                                                                                                            
000044a5  _ZN10__cxxabiv117__class_type_infoD1Ev                                                                                                                  
000044a5  _ZN10__cxxabiv117__class_type_infoD2Ev                                                                                                                  
000044a9  _ZN10__cxxabiv120__si_class_type_infoD1Ev                                                                                                               
000044a9  _ZN10__cxxabiv120__si_class_type_infoD2Ev                                                                                                               
000044ad  _ZdlPvj                                                                                                                                                 
000044b1  _system_pre_init                                                                                                                                        
000044b5  C$$EXIT                                                                                                                                                 
000044b5  _ZSt17__throw_bad_allocv                                                                                                                                
000044b5  abort                                                                                                                                                   
000044b8  _ctypes_                                                                                                                                                
000045b9  _ZTS5GY521                                                                                                                                              
000049ac  _ZTSN10__cxxabiv120__si_class_type_infoE                                                                                                                
000049d1  _ZTSN10__cxxabiv117__class_type_infoE                                                                                                                   
00004a3c  _ZTV11StateSystem                                                                                                                                       
00004a4c  _ZTV3I2C                                                                                                                                                
00004a5c  _ZTV3Log                                                                                                                                                
00004a6c  _ZTV4GPIO                                                                                                                                               
00004a7c  _ZTV4Task                                                                                                                                               
00004a8c  _ZTV4UART                                                                                                                                               
00004a9c  _ZTV5GY521                                                                                                                                              
00004aac  _ZTV5TIMER                                                                                                                                              
00004abc  _ZTV6Logger                                                                                                                                             
00004acc  _ZTV6Params                                                                                                                                             
00004adc  _ZTV6System                                                                                                                                             
00004aec  _ZTV7Console                                                                                                                                            
00004afc  _ZTV7ESP8266                                                                                                                                            
00004b0c  _ZTVN10__cxxabiv117__class_type_infoE                                                                                                                   
00004b1c  _ZTVN10__cxxabiv120__si_class_type_infoE                                                                                                                
00004b2c  _ZTS11StateSystem                                                                                                                                       
00004b3a  _ZTSSt9type_info                                                                                                                                        
00004b48  _ZTIN10__cxxabiv117__class_type_infoE                                                                                                                   
00004b54  _ZTIN10__cxxabiv120__si_class_type_infoE                                                                                                                
00004b60  _ZTS7Console                                                                                                                                            
00004b69  _ZTS7ESP8266                                                                                                                                            
00004b74  _ZTI11StateSystem                                                                                                                                       
00004b7c  _ZTI3I2C                                                                                                                                                
00004b84  _ZTI3Log                                                                                                                                                
00004b8c  _ZTI4GPIO                                                                                                                                               
00004b94  _ZTI4Task                                                                                                                                               
00004b9c  _ZTI4UART                                                                                                                                               
00004ba4  _ZTI5GY521                                                                                                                                              
00004bac  _ZTI5TIMER                                                                                                                                              
00004bb4  _ZTI6Logger                                                                                                                                             
00004bbc  _ZTI6Params                                                                                                                                             
00004bc4  _ZTI6System                                                                                                                                             
00004bcc  _ZTI7Console                                                                                                                                            
00004bd4  _ZTI7ESP8266                                                                                                                                            
00004bdc  _ZTISt9type_info                                                                                                                                        
00004be4  _ZTS6Logger                                                                                                                                             
00004bec  _ZTS6Params                                                                                                                                             
00004bf4  _ZTS6System                                                                                                                                             
00004bfc  _ZTS5TIMER                                                                                                                                              
00004c03  _ZTS4GPIO                                                                                                                                               
00004c09  _ZTS4Task                                                                                                                                               
00004c0f  _ZTS4UART                                                                                                                                               
00004c15  _ZTS3I2C                                                                                                                                                
00004c1a  _ZTS3Log                                                                                                                                                
00004c28  SHT$$INIT_ARRAY$$Base                                                                                                                                   
00004c40  SHT$$INIT_ARRAY$$Limit                                                                                                                                  
00004c5c  __TI_Handler_Table_Base                                                                                                                                 
00004c68  __TI_Handler_Table_Limit                                                                                                                                
00004c78  __TI_CINIT_Base                                                                                                                                         
00004c90  __TI_CINIT_Limit                                                                                                                                        
20000000  g_pfnRAMVectors                                                                                                                                         
20000270  __stack                                                                                                                                                 
20000470  __STACK_END                                                                                                                                             
20000470  __STACK_TOP                                                                                                                                             
200004e8  _ZN7ESP82663bufE                                                                                                                                        
2000054c  _ZN11StateSystem5gy521E                                                                                                                                 
20000568  _ZN6Logger4uartE                                                                                                                                        
20000574  _ZN7Console4uartE                                                                                                                                       
20000580  _ZN7ESP82664uartE                                                                                                                                       
2000058c  _ZN11StateSystem5portFE                                                                                                                                 
20000594  _ZN4Task10task_timerE                                                                                                                                   
2000059c  _ZN6System4taskE                                                                                                                                        
200005a0  _ZN6System6loggerE                                                                                                                                      
200005a4  _ZN11StateSystem6paramsE                                                                                                                                
200005a8  _ZN3Log6loggerE                                                                                                                                         
200005ac  _ZN7ESP82665paramE                                                                                                                                      
200005b0  __dso_handle                                                                                                                                            
200005b4  _ZN7ESP826613esp8266StatusE                                                                                                                             
200005b8  __TI_cleanup_ptr                                                                                                                                        
200005bc  __TI_dtors_ptr                                                                                                                                          
200005c0  __TI_enable_exit_profile_output                                                                                                                         
200005d0  _lock                                                                                                                                                   
200005d4  _unlock                                                                                                                                                 
200005d8  _ZN11StateSystem4rollE                                                                                                                                  
200005e0  errno                                                                                                                                                   
200005e4  count                                                                                                                                                   
200005e5  discardIndex                                                                                                                                            
200005e6  _ZN7ESP82668bufIndexE                                                                                                                                   
200005e8  _sys_memory                                                                                                                                             
ffffffff  __TI_pprof_out_hndl                                                                                                                                     
ffffffff  __TI_prof_data_size                                                                                                                                     
ffffffff  __TI_prof_data_start                                                                                                                                    
ffffffff  __binit__                                                                                                                                               
ffffffff  __c_args__                                                                                                                                              
ffffffff  binit                                                                                                                                                   
UNDEFED   __mpu_init                                                                                                                                              
UNDEFED   _system_post_cinit                                                                                                                                      

[346 symbols]
