<?xml version="1.0" encoding="ISO-8859-1" ?>
<link_info>
   <banner>TI ARM Linker PC v18.1.2.LTS</banner>
   <copyright>Copyright (c) 1996-2017 Texas Instruments Incorporated</copyright>
   <link_time>0x5b4df80b</link_time>
   <link_errors>0x0</link_errors>
   <output_file>2WheelsRobot.out</output_file>
   <entry_point>
      <name>_c_int00_noargs</name>
      <address>0x3e1d</address>
   </entry_point>
   <input_file_list>
      <input_file id="fl-2">
         <path>.\</path>
         <kind>object</kind>
         <file>main.obj</file>
         <name>main.obj</name>
      </input_file>
      <input_file id="fl-3">
         <path>.\</path>
         <kind>object</kind>
         <file>tm4c123gh6pm_startup_ccs.obj</file>
         <name>tm4c123gh6pm_startup_ccs.obj</name>
      </input_file>
      <input_file id="fl-4">
         <path>.\modules\DRV8412\</path>
         <kind>object</kind>
         <file>DRV8412.obj</file>
         <name>DRV8412.obj</name>
      </input_file>
      <input_file id="fl-5">
         <path>.\modules\ESP8266\</path>
         <kind>object</kind>
         <file>ESP8266.obj</file>
         <name>ESP8266.obj</name>
      </input_file>
      <input_file id="fl-6">
         <path>.\modules\ESP8266\PARAMETER\</path>
         <kind>object</kind>
         <file>PARAMETER.obj</file>
         <name>PARAMETER.obj</name>
      </input_file>
      <input_file id="fl-7">
         <path>.\modules\GY521\</path>
         <kind>object</kind>
         <file>GY521.obj</file>
         <name>GY521.obj</name>
      </input_file>
      <input_file id="fl-8">
         <path>.\peripheral\GPIO\</path>
         <kind>object</kind>
         <file>GPIO.obj</file>
         <name>GPIO.obj</name>
      </input_file>
      <input_file id="fl-9">
         <path>.\peripheral\I2C\</path>
         <kind>object</kind>
         <file>I2C.obj</file>
         <name>I2C.obj</name>
      </input_file>
      <input_file id="fl-a">
         <path>.\peripheral\PWM\</path>
         <kind>object</kind>
         <file>PWM.obj</file>
         <name>PWM.obj</name>
      </input_file>
      <input_file id="fl-b">
         <path>.\peripheral\TIME\</path>
         <kind>object</kind>
         <file>TIME.obj</file>
         <name>TIME.obj</name>
      </input_file>
      <input_file id="fl-c">
         <path>.\peripheral\Timer\</path>
         <kind>object</kind>
         <file>TIMER.obj</file>
         <name>TIMER.obj</name>
      </input_file>
      <input_file id="fl-d">
         <path>.\peripheral\UART\</path>
         <kind>object</kind>
         <file>UART.obj</file>
         <name>UART.obj</name>
      </input_file>
      <input_file id="fl-e">
         <path>.\slib\DRIVER\</path>
         <kind>object</kind>
         <file>DRIVER.obj</file>
         <name>DRIVER.obj</name>
      </input_file>
      <input_file id="fl-f">
         <path>.\slib\StateSystem\</path>
         <kind>object</kind>
         <file>StateSystem.obj</file>
         <name>StateSystem.obj</name>
      </input_file>
      <input_file id="fl-10">
         <path>.\slib\console\</path>
         <kind>object</kind>
         <file>Console.obj</file>
         <name>Console.obj</name>
      </input_file>
      <input_file id="fl-11">
         <path>.\slib\log\</path>
         <kind>object</kind>
         <file>Log.obj</file>
         <name>Log.obj</name>
      </input_file>
      <input_file id="fl-12">
         <path>.\slib\log\</path>
         <kind>object</kind>
         <file>Logger.obj</file>
         <name>Logger.obj</name>
      </input_file>
      <input_file id="fl-13">
         <path>.\slib\system\</path>
         <kind>object</kind>
         <file>System.obj</file>
         <name>System.obj</name>
      </input_file>
      <input_file id="fl-18">
         <kind>object</kind>
         <file>&lt;internal&gt;</file>
         <name>&lt;internal&gt;</name>
      </input_file>
      <input_file id="fl-19">
         <path>..\</path>
         <kind>archive</kind>
         <file>driverlib.lib</file>
         <name>gpio.obj</name>
      </input_file>
      <input_file id="fl-1a">
         <path>..\</path>
         <kind>archive</kind>
         <file>driverlib.lib</file>
         <name>i2c.obj</name>
      </input_file>
      <input_file id="fl-1b">
         <path>..\</path>
         <kind>archive</kind>
         <file>driverlib.lib</file>
         <name>interrupt.obj</name>
      </input_file>
      <input_file id="fl-1c">
         <path>..\</path>
         <kind>archive</kind>
         <file>driverlib.lib</file>
         <name>pwm.obj</name>
      </input_file>
      <input_file id="fl-1d">
         <path>..\</path>
         <kind>archive</kind>
         <file>driverlib.lib</file>
         <name>sysctl.obj</name>
      </input_file>
      <input_file id="fl-1e">
         <path>..\</path>
         <kind>archive</kind>
         <file>driverlib.lib</file>
         <name>timer.obj</name>
      </input_file>
      <input_file id="fl-1f">
         <path>..\</path>
         <kind>archive</kind>
         <file>driverlib.lib</file>
         <name>uart.obj</name>
      </input_file>
      <input_file id="fl-20">
         <path>..\</path>
         <kind>archive</kind>
         <file>driverlib.lib</file>
         <name>cpu.obj</name>
      </input_file>
      <input_file id="fl-d6">
         <path>D:\ProgrameFiles\CCS\ccsv8\tools\compiler\ti-cgt-arm_18.1.2.LTS\lib\</path>
         <kind>archive</kind>
         <file>rtsv7M4_T_le_v4SPD16_eabi.lib</file>
         <name>e_atan2.c.obj</name>
      </input_file>
      <input_file id="fl-d7">
         <path>D:\ProgrameFiles\CCS\ccsv8\tools\compiler\ti-cgt-arm_18.1.2.LTS\lib\</path>
         <kind>archive</kind>
         <file>rtsv7M4_T_le_v4SPD16_eabi.lib</file>
         <name>s_atan.c.obj</name>
      </input_file>
      <input_file id="fl-d8">
         <path>D:\ProgrameFiles\CCS\ccsv8\tools\compiler\ti-cgt-arm_18.1.2.LTS\lib\</path>
         <kind>archive</kind>
         <file>rtsv7M4_T_le_v4SPD16_eabi.lib</file>
         <name>new.cpp.obj</name>
      </input_file>
      <input_file id="fl-d9">
         <path>D:\ProgrameFiles\CCS\ccsv8\tools\compiler\ti-cgt-arm_18.1.2.LTS\lib\</path>
         <kind>archive</kind>
         <file>rtsv7M4_T_le_v4SPD16_eabi.lib</file>
         <name>dtor_list.c.obj</name>
      </input_file>
      <input_file id="fl-da">
         <path>D:\ProgrameFiles\CCS\ccsv8\tools\compiler\ti-cgt-arm_18.1.2.LTS\lib\</path>
         <kind>archive</kind>
         <file>rtsv7M4_T_le_v4SPD16_eabi.lib</file>
         <name>typeinfo.c.obj</name>
      </input_file>
      <input_file id="fl-db">
         <path>D:\ProgrameFiles\CCS\ccsv8\tools\compiler\ti-cgt-arm_18.1.2.LTS\lib\</path>
         <kind>archive</kind>
         <file>rtsv7M4_T_le_v4SPD16_eabi.lib</file>
         <name>u_divt2.asm.obj</name>
      </input_file>
      <input_file id="fl-dc">
         <path>D:\ProgrameFiles\CCS\ccsv8\tools\compiler\ti-cgt-arm_18.1.2.LTS\lib\</path>
         <kind>archive</kind>
         <file>rtsv7M4_T_le_v4SPD16_eabi.lib</file>
         <name>memset_t2.asm.obj</name>
      </input_file>
      <input_file id="fl-dd">
         <path>D:\ProgrameFiles\CCS\ccsv8\tools\compiler\ti-cgt-arm_18.1.2.LTS\lib\</path>
         <kind>archive</kind>
         <file>rtsv7M4_T_le_v4SPD16_eabi.lib</file>
         <name>fd_add_t2.asm.obj</name>
      </input_file>
      <input_file id="fl-de">
         <path>D:\ProgrameFiles\CCS\ccsv8\tools\compiler\ti-cgt-arm_18.1.2.LTS\lib\</path>
         <kind>archive</kind>
         <file>rtsv7M4_T_le_v4SPD16_eabi.lib</file>
         <name>fd_cmp_t2.asm.obj</name>
      </input_file>
      <input_file id="fl-df">
         <path>D:\ProgrameFiles\CCS\ccsv8\tools\compiler\ti-cgt-arm_18.1.2.LTS\lib\</path>
         <kind>archive</kind>
         <file>rtsv7M4_T_le_v4SPD16_eabi.lib</file>
         <name>fd_div_t2.asm.obj</name>
      </input_file>
      <input_file id="fl-e0">
         <path>D:\ProgrameFiles\CCS\ccsv8\tools\compiler\ti-cgt-arm_18.1.2.LTS\lib\</path>
         <kind>archive</kind>
         <file>rtsv7M4_T_le_v4SPD16_eabi.lib</file>
         <name>fd_mul_t2.asm.obj</name>
      </input_file>
      <input_file id="fl-e1">
         <path>D:\ProgrameFiles\CCS\ccsv8\tools\compiler\ti-cgt-arm_18.1.2.LTS\lib\</path>
         <kind>archive</kind>
         <file>rtsv7M4_T_le_v4SPD16_eabi.lib</file>
         <name>fd_tos_t2.asm.obj</name>
      </input_file>
      <input_file id="fl-e2">
         <path>D:\ProgrameFiles\CCS\ccsv8\tools\compiler\ti-cgt-arm_18.1.2.LTS\lib\</path>
         <kind>archive</kind>
         <file>rtsv7M4_T_le_v4SPD16_eabi.lib</file>
         <name>fs_tod_t2.asm.obj</name>
      </input_file>
      <input_file id="fl-e3">
         <path>D:\ProgrameFiles\CCS\ccsv8\tools\compiler\ti-cgt-arm_18.1.2.LTS\lib\</path>
         <kind>archive</kind>
         <file>rtsv7M4_T_le_v4SPD16_eabi.lib</file>
         <name>i_tofd_t2.asm.obj</name>
      </input_file>
      <input_file id="fl-e4">
         <path>D:\ProgrameFiles\CCS\ccsv8\tools\compiler\ti-cgt-arm_18.1.2.LTS\lib\</path>
         <kind>archive</kind>
         <file>rtsv7M4_T_le_v4SPD16_eabi.lib</file>
         <name>copy_zero_init.c.obj</name>
      </input_file>
      <input_file id="fl-e5">
         <path>D:\ProgrameFiles\CCS\ccsv8\tools\compiler\ti-cgt-arm_18.1.2.LTS\lib\</path>
         <kind>archive</kind>
         <file>rtsv7M4_T_le_v4SPD16_eabi.lib</file>
         <name>copy_decompress_none.c.obj</name>
      </input_file>
      <input_file id="fl-e6">
         <path>D:\ProgrameFiles\CCS\ccsv8\tools\compiler\ti-cgt-arm_18.1.2.LTS\lib\</path>
         <kind>archive</kind>
         <file>rtsv7M4_T_le_v4SPD16_eabi.lib</file>
         <name>copy_decompress_lzss.c.obj</name>
      </input_file>
      <input_file id="fl-e7">
         <path>D:\ProgrameFiles\CCS\ccsv8\tools\compiler\ti-cgt-arm_18.1.2.LTS\lib\</path>
         <kind>archive</kind>
         <file>rtsv7M4_T_le_v4SPD16_eabi.lib</file>
         <name>boot_cortex_m.c.obj</name>
      </input_file>
      <input_file id="fl-e8">
         <path>D:\ProgrameFiles\CCS\ccsv8\tools\compiler\ti-cgt-arm_18.1.2.LTS\lib\</path>
         <kind>archive</kind>
         <file>rtsv7M4_T_le_v4SPD16_eabi.lib</file>
         <name>exit.c.obj</name>
      </input_file>
      <input_file id="fl-e9">
         <path>D:\ProgrameFiles\CCS\ccsv8\tools\compiler\ti-cgt-arm_18.1.2.LTS\lib\</path>
         <kind>archive</kind>
         <file>rtsv7M4_T_le_v4SPD16_eabi.lib</file>
         <name>memory.c.obj</name>
      </input_file>
      <input_file id="fl-ea">
         <path>D:\ProgrameFiles\CCS\ccsv8\tools\compiler\ti-cgt-arm_18.1.2.LTS\lib\</path>
         <kind>archive</kind>
         <file>rtsv7M4_T_le_v4SPD16_eabi.lib</file>
         <name>_lock.c.obj</name>
      </input_file>
      <input_file id="fl-eb">
         <path>D:\ProgrameFiles\CCS\ccsv8\tools\compiler\ti-cgt-arm_18.1.2.LTS\lib\</path>
         <kind>archive</kind>
         <file>rtsv7M4_T_le_v4SPD16_eabi.lib</file>
         <name>args_main.c.obj</name>
      </input_file>
      <input_file id="fl-ec">
         <path>D:\ProgrameFiles\CCS\ccsv8\tools\compiler\ti-cgt-arm_18.1.2.LTS\lib\</path>
         <kind>archive</kind>
         <file>rtsv7M4_T_le_v4SPD16_eabi.lib</file>
         <name>atof.c.obj</name>
      </input_file>
      <input_file id="fl-ed">
         <path>D:\ProgrameFiles\CCS\ccsv8\tools\compiler\ti-cgt-arm_18.1.2.LTS\lib\</path>
         <kind>archive</kind>
         <file>rtsv7M4_T_le_v4SPD16_eabi.lib</file>
         <name>strlen.c.obj</name>
      </input_file>
      <input_file id="fl-ee">
         <path>D:\ProgrameFiles\CCS\ccsv8\tools\compiler\ti-cgt-arm_18.1.2.LTS\lib\</path>
         <kind>archive</kind>
         <file>rtsv7M4_T_le_v4SPD16_eabi.lib</file>
         <name>strtod.c.obj</name>
      </input_file>
      <input_file id="fl-ef">
         <path>D:\ProgrameFiles\CCS\ccsv8\tools\compiler\ti-cgt-arm_18.1.2.LTS\lib\</path>
         <kind>archive</kind>
         <file>rtsv7M4_T_le_v4SPD16_eabi.lib</file>
         <name>s_scalbn.c.obj</name>
      </input_file>
      <input_file id="fl-f0">
         <path>D:\ProgrameFiles\CCS\ccsv8\tools\compiler\ti-cgt-arm_18.1.2.LTS\lib\</path>
         <kind>archive</kind>
         <file>rtsv7M4_T_le_v4SPD16_eabi.lib</file>
         <name>stdlib_typeinfo.cpp.obj</name>
      </input_file>
      <input_file id="fl-f1">
         <path>D:\ProgrameFiles\CCS\ccsv8\tools\compiler\ti-cgt-arm_18.1.2.LTS\lib\</path>
         <kind>archive</kind>
         <file>rtsv7M4_T_le_v4SPD16_eabi.lib</file>
         <name>s_copysign.c.obj</name>
      </input_file>
      <input_file id="fl-f2">
         <path>D:\ProgrameFiles\CCS\ccsv8\tools\compiler\ti-cgt-arm_18.1.2.LTS\lib\</path>
         <kind>archive</kind>
         <file>rtsv7M4_T_le_v4SPD16_eabi.lib</file>
         <name>div0.asm.obj</name>
      </input_file>
      <input_file id="fl-f3">
         <path>D:\ProgrameFiles\CCS\ccsv8\tools\compiler\ti-cgt-arm_18.1.2.LTS\lib\</path>
         <kind>archive</kind>
         <file>rtsv7M4_T_le_v4SPD16_eabi.lib</file>
         <name>memcpy_t2.asm.obj</name>
      </input_file>
      <input_file id="fl-f4">
         <path>D:\ProgrameFiles\CCS\ccsv8\tools\compiler\ti-cgt-arm_18.1.2.LTS\lib\</path>
         <kind>archive</kind>
         <file>rtsv7M4_T_le_v4SPD16_eabi.lib</file>
         <name>autoinit.c.obj</name>
      </input_file>
      <input_file id="fl-f5">
         <path>D:\ProgrameFiles\CCS\ccsv8\tools\compiler\ti-cgt-arm_18.1.2.LTS\lib\</path>
         <kind>archive</kind>
         <file>rtsv7M4_T_le_v4SPD16_eabi.lib</file>
         <name>pre_init.c.obj</name>
      </input_file>
      <input_file id="fl-f6">
         <path>D:\ProgrameFiles\CCS\ccsv8\tools\compiler\ti-cgt-arm_18.1.2.LTS\lib\</path>
         <kind>archive</kind>
         <file>rtsv7M4_T_le_v4SPD16_eabi.lib</file>
         <name>cpy_tbl.c.obj</name>
      </input_file>
      <input_file id="fl-f7">
         <path>D:\ProgrameFiles\CCS\ccsv8\tools\compiler\ti-cgt-arm_18.1.2.LTS\lib\</path>
         <kind>archive</kind>
         <file>rtsv7M4_T_le_v4SPD16_eabi.lib</file>
         <name>errno.c.obj</name>
      </input_file>
      <input_file id="fl-f8">
         <path>D:\ProgrameFiles\CCS\ccsv8\tools\compiler\ti-cgt-arm_18.1.2.LTS\lib\</path>
         <kind>archive</kind>
         <file>rtsv7M4_T_le_v4SPD16_eabi.lib</file>
         <name>ctype.c.obj</name>
      </input_file>
      <input_file id="fl-f9">
         <path>D:\ProgrameFiles\CCS\ccsv8\tools\compiler\ti-cgt-arm_18.1.2.LTS\lib\</path>
         <kind>archive</kind>
         <file>rtsv7M4_T_le_v4SPD16_eabi.lib</file>
         <name>stdlib_exception.cpp.obj</name>
      </input_file>
   </input_file_list>
   <object_component_list>
      <object_component id="oc-f">
         <name>.intvecs</name>
         <load_address>0x0</load_address>
         <run_address>0x0</run_address>
         <size>0x26c</size>
         <input_file_ref idref="fl-3"/>
      </object_component>
      <object_component id="oc-70">
         <name>.text</name>
         <load_address>0x26c</load_address>
         <run_address>0x26c</run_address>
         <size>0x86c</size>
         <input_file_ref idref="fl-5"/>
      </object_component>
      <object_component id="oc-d4">
         <name>.text</name>
         <load_address>0xad8</load_address>
         <run_address>0xad8</run_address>
         <size>0x4e8</size>
         <input_file_ref idref="fl-11"/>
      </object_component>
      <object_component id="oc-30c">
         <name>.text:strtod</name>
         <load_address>0xfc0</load_address>
         <run_address>0xfc0</run_address>
         <size>0x460</size>
         <input_file_ref idref="fl-ee"/>
      </object_component>
      <object_component id="oc-38c">
         <name>.text</name>
         <load_address>0x1420</load_address>
         <run_address>0x1420</run_address>
         <size>0x42a</size>
         <input_file_ref idref="fl-9"/>
      </object_component>
      <object_component id="oc-679">
         <name>.text:_ZNSt9type_infoD1Ev</name>
         <load_address>0x184a</load_address>
         <run_address>0x184a</run_address>
         <size>0x2</size>
         <input_file_ref idref="fl-f0"/>
      </object_component>
      <object_component id="oc-7c">
         <name>.text</name>
         <load_address>0x184c</load_address>
         <run_address>0x184c</run_address>
         <size>0x3d8</size>
         <input_file_ref idref="fl-10"/>
      </object_component>
      <object_component id="oc-177">
         <name>.text</name>
         <load_address>0x1c24</load_address>
         <run_address>0x1c24</run_address>
         <size>0x360</size>
         <input_file_ref idref="fl-7"/>
      </object_component>
      <object_component id="oc-630">
         <name>.text:atan</name>
         <load_address>0x1f84</load_address>
         <run_address>0x1f84</run_address>
         <size>0x2ec</size>
         <input_file_ref idref="fl-d7"/>
      </object_component>
      <object_component id="oc-76">
         <name>.text</name>
         <load_address>0x2270</load_address>
         <run_address>0x2270</run_address>
         <size>0x22c</size>
         <input_file_ref idref="fl-f"/>
      </object_component>
      <object_component id="oc-da">
         <name>.text</name>
         <load_address>0x249c</load_address>
         <run_address>0x249c</run_address>
         <size>0x224</size>
         <input_file_ref idref="fl-d"/>
      </object_component>
      <object_component id="oc-53d">
         <name>.text:atan2</name>
         <load_address>0x26c0</load_address>
         <run_address>0x26c0</run_address>
         <size>0x1ec</size>
         <input_file_ref idref="fl-d6"/>
      </object_component>
      <object_component id="oc-1ba">
         <name>.text</name>
         <load_address>0x28ac</load_address>
         <run_address>0x28ac</run_address>
         <size>0x1b6</size>
         <input_file_ref idref="fl-dd"/>
      </object_component>
      <object_component id="oc-4c5">
         <name>.text:_nop</name>
         <load_address>0x2a62</load_address>
         <run_address>0x2a62</run_address>
         <size>0x2</size>
         <input_file_ref idref="fl-ea"/>
      </object_component>
      <object_component id="oc-184">
         <name>.text</name>
         <load_address>0x2a64</load_address>
         <run_address>0x2a64</run_address>
         <size>0x194</size>
         <input_file_ref idref="fl-8"/>
      </object_component>
      <object_component id="oc-171">
         <name>.text</name>
         <load_address>0x2bf8</load_address>
         <run_address>0x2bf8</run_address>
         <size>0x13c</size>
         <input_file_ref idref="fl-c"/>
      </object_component>
      <object_component id="oc-490">
         <name>.text</name>
         <load_address>0x2d34</load_address>
         <run_address>0x2d34</run_address>
         <size>0x136</size>
         <input_file_ref idref="fl-df"/>
      </object_component>
      <object_component id="oc-450">
         <name>.text:GPIOPadConfigSet</name>
         <load_address>0x2e6a</load_address>
         <run_address>0x2e6a</run_address>
         <size>0x132</size>
         <input_file_ref idref="fl-19"/>
      </object_component>
      <object_component id="oc-2bf">
         <name>.text:SysCtlClockGet</name>
         <load_address>0x2f9c</load_address>
         <run_address>0x2f9c</run_address>
         <size>0x110</size>
         <input_file_ref idref="fl-1d"/>
      </object_component>
      <object_component id="oc-49b">
         <name>.text:scalbn</name>
         <load_address>0x30ac</load_address>
         <run_address>0x30ac</run_address>
         <size>0x110</size>
         <input_file_ref idref="fl-ef"/>
      </object_component>
      <object_component id="oc-1b5">
         <name>.text</name>
         <load_address>0x31bc</load_address>
         <run_address>0x31bc</run_address>
         <size>0xfc</size>
         <input_file_ref idref="fl-e0"/>
      </object_component>
      <object_component id="oc-211">
         <name>.text:SysCtlClockSet</name>
         <load_address>0x32b8</load_address>
         <run_address>0x32b8</run_address>
         <size>0xf4</size>
         <input_file_ref idref="fl-1d"/>
      </object_component>
      <object_component id="oc-47d">
         <name>.text:free</name>
         <load_address>0x33ac</load_address>
         <run_address>0x33ac</run_address>
         <size>0xd8</size>
         <input_file_ref idref="fl-e9"/>
      </object_component>
      <object_component id="oc-82">
         <name>.text</name>
         <load_address>0x3484</load_address>
         <run_address>0x3484</run_address>
         <size>0x9c</size>
         <input_file_ref idref="fl-12"/>
      </object_component>
      <object_component id="oc-40">
         <name>.text</name>
         <load_address>0x3520</load_address>
         <run_address>0x3520</run_address>
         <size>0x9c</size>
         <input_file_ref idref="fl-f3"/>
      </object_component>
      <object_component id="oc-88">
         <name>.text</name>
         <load_address>0x35bc</load_address>
         <run_address>0x35bc</run_address>
         <size>0x94</size>
         <input_file_ref idref="fl-13"/>
      </object_component>
      <object_component id="oc-48b">
         <name>.text:__aeabi_cdcmple</name>
         <load_address>0x3650</load_address>
         <run_address>0x3650</run_address>
         <size>0x86</size>
         <input_file_ref idref="fl-de"/>
      </object_component>
      <object_component id="oc-696">
         <name>.text:__aeabi_cdrcmple</name>
         <load_address>0x36d6</load_address>
         <run_address>0x36d6</run_address>
         <size>0x86</size>
         <input_file_ref idref="fl-de"/>
      </object_component>
      <object_component id="oc-b6">
         <name>.text</name>
         <load_address>0x375c</load_address>
         <run_address>0x375c</run_address>
         <size>0x7a</size>
         <input_file_ref idref="fl-dc"/>
      </object_component>
      <object_component id="oc-3fd">
         <name>.text</name>
         <load_address>0x37d6</load_address>
         <run_address>0x37d6</run_address>
         <size>0x2</size>
         <input_file_ref idref="fl-f2"/>
      </object_component>
      <object_component id="oc-4b8">
         <name>.text:malloc</name>
         <load_address>0x37d8</load_address>
         <run_address>0x37d8</run_address>
         <size>0x78</size>
         <input_file_ref idref="fl-e9"/>
      </object_component>
      <object_component id="oc-129">
         <name>.text</name>
         <load_address>0x3850</load_address>
         <run_address>0x3850</run_address>
         <size>0x6e</size>
         <input_file_ref idref="fl-e1"/>
      </object_component>
      <object_component id="oc-e7">
         <name>.text:IntEnable</name>
         <load_address>0x38c0</load_address>
         <run_address>0x38c0</run_address>
         <size>0x68</size>
         <input_file_ref idref="fl-1b"/>
      </object_component>
      <object_component id="oc-12">
         <name>.text:decompress:lzss:__TI_decompress_lzss</name>
         <load_address>0x3928</load_address>
         <run_address>0x3928</run_address>
         <size>0x68</size>
         <input_file_ref idref="fl-e6"/>
      </object_component>
      <object_component id="oc-366">
         <name>.text:TimerConfigure</name>
         <load_address>0x3990</load_address>
         <run_address>0x3990</run_address>
         <size>0x60</size>
         <input_file_ref idref="fl-1e"/>
      </object_component>
      <object_component id="oc-263">
         <name>.text:__TI_auto_init_nobinit:__TI_auto_init_nobinit</name>
         <load_address>0x39f0</load_address>
         <run_address>0x39f0</run_address>
         <size>0x60</size>
         <input_file_ref idref="fl-f4"/>
      </object_component>
      <object_component id="oc-4fa">
         <name>.text:SysCtlPeripheralReset</name>
         <load_address>0x3a50</load_address>
         <run_address>0x3a50</run_address>
         <size>0x50</size>
         <input_file_ref idref="fl-1d"/>
      </object_component>
      <object_component id="oc-50c">
         <name>.text:I2CMasterInitExpClk</name>
         <load_address>0x3aa0</load_address>
         <run_address>0x3aa0</run_address>
         <size>0x4c</size>
         <input_file_ref idref="fl-1a"/>
      </object_component>
      <object_component id="oc-153">
         <name>.text</name>
         <load_address>0x3aec</load_address>
         <run_address>0x3aec</run_address>
         <size>0x4c</size>
         <input_file_ref idref="fl-6"/>
      </object_component>
      <object_component id="oc-3d8">
         <name>.text:_TimerIntNumberGet</name>
         <load_address>0x3b38</load_address>
         <run_address>0x3b38</run_address>
         <size>0x4c</size>
         <input_file_ref idref="fl-1e"/>
      </object_component>
      <object_component id="oc-2ad">
         <name>.text:GPIOPinConfigure</name>
         <load_address>0x3b84</load_address>
         <run_address>0x3b84</run_address>
         <size>0x48</size>
         <input_file_ref idref="fl-19"/>
      </object_component>
      <object_component id="oc-257">
         <name>.text:exit</name>
         <load_address>0x3bcc</load_address>
         <run_address>0x3bcc</run_address>
         <size>0x48</size>
         <input_file_ref idref="fl-e8"/>
      </object_component>
      <object_component id="oc-2c5">
         <name>.text:UARTConfigSetExpClk</name>
         <load_address>0x3c14</load_address>
         <run_address>0x3c14</run_address>
         <size>0x46</size>
         <input_file_ref idref="fl-1f"/>
      </object_component>
      <object_component id="oc-17d">
         <name>.text:_ZN5GY521aSERKS_</name>
         <load_address>0x3c5a</load_address>
         <run_address>0x3c5a</run_address>
         <size>0x46</size>
         <input_file_ref idref="fl-f"/>
      </object_component>
      <object_component id="oc-343">
         <name>.text:_Z25__add_destruction_to_listPP20a_needed_destructionPFYvPvES2_S2_</name>
         <load_address>0x3ca0</load_address>
         <run_address>0x3ca0</run_address>
         <size>0x44</size>
         <input_file_ref idref="fl-d9"/>
      </object_component>
      <object_component id="oc-604">
         <name>.text:_Z23__finalize_destructionsPP20a_needed_destructionPv</name>
         <load_address>0x3ce4</load_address>
         <run_address>0x3ce4</run_address>
         <size>0x42</size>
         <input_file_ref idref="fl-d9"/>
      </object_component>
      <object_component id="oc-2e5">
         <name>.text:_UARTIntNumberGet</name>
         <load_address>0x3d28</load_address>
         <run_address>0x3d28</run_address>
         <size>0x40</size>
         <input_file_ref idref="fl-1f"/>
      </object_component>
      <object_component id="oc-1ec">
         <name>.text</name>
         <load_address>0x3d68</load_address>
         <run_address>0x3d68</run_address>
         <size>0x40</size>
         <input_file_ref idref="fl-db"/>
      </object_component>
      <object_component id="oc-5ca">
         <name>.text:minsert</name>
         <load_address>0x3da8</load_address>
         <run_address>0x3da8</run_address>
         <size>0x3c</size>
         <input_file_ref idref="fl-e9"/>
      </object_component>
      <object_component id="oc-2a7">
         <name>.text:SysCtlPeripheralReady</name>
         <load_address>0x3de4</load_address>
         <run_address>0x3de4</run_address>
         <size>0x38</size>
         <input_file_ref idref="fl-1d"/>
      </object_component>
      <object_component id="oc-5e">
         <name>.text:_c_int00_noargs:_c_int00_noargs</name>
         <load_address>0x3e1c</load_address>
         <run_address>0x3e1c</run_address>
         <size>0x38</size>
         <input_file_ref idref="fl-e7"/>
      </object_component>
      <object_component id="oc-5be">
         <name>.text:minit</name>
         <load_address>0x3e54</load_address>
         <run_address>0x3e54</run_address>
         <size>0x38</size>
         <input_file_ref idref="fl-e9"/>
      </object_component>
      <object_component id="oc-1b0">
         <name>.text</name>
         <load_address>0x3e8c</load_address>
         <run_address>0x3e8c</run_address>
         <size>0x38</size>
         <input_file_ref idref="fl-e2"/>
      </object_component>
      <object_component id="oc-2eb">
         <name>.text:IntRegister</name>
         <load_address>0x3ec4</load_address>
         <run_address>0x3ec4</run_address>
         <size>0x34</size>
         <input_file_ref idref="fl-1b"/>
      </object_component>
      <object_component id="oc-2a1">
         <name>.text:SysCtlPeripheralEnable</name>
         <load_address>0x3ef8</load_address>
         <run_address>0x3ef8</run_address>
         <size>0x34</size>
         <input_file_ref idref="fl-1d"/>
      </object_component>
      <object_component id="oc-3a0">
         <name>.text:_Z5atan2IssENSt3__216__lazy_enable_ifIXaasr3std3__213is_arithmeticIT_EE5valuesr3std3__213is_arithmeticIT0_EE5valueENS0_9__promoteIS2_S3_vEEE4typeES2_S3_</name>
         <load_address>0x3f2c</load_address>
         <run_address>0x3f2c</run_address>
         <size>0x34</size>
         <input_file_ref idref="fl-7"/>
      </object_component>
      <object_component id="oc-14d">
         <name>.text:__aeabi_atexit</name>
         <load_address>0x3f60</load_address>
         <run_address>0x3f60</run_address>
         <size>0x34</size>
         <input_file_ref idref="fl-d9"/>
      </object_component>
      <object_component id="oc-399">
         <name>.text:_Z5atan2IisENSt3__216__lazy_enable_ifIXaasr3std3__213is_arithmeticIT_EE5valuesr3std3__213is_arithmeticIT0_EE5valueENS0_9__promoteIS2_S3_vEEE4typeES2_S3_</name>
         <load_address>0x3f94</load_address>
         <run_address>0x3f94</run_address>
         <size>0x30</size>
         <input_file_ref idref="fl-7"/>
      </object_component>
      <object_component id="oc-538">
         <name>.text</name>
         <load_address>0x3fc4</load_address>
         <run_address>0x3fc4</run_address>
         <size>0x2e</size>
         <input_file_ref idref="fl-e3"/>
      </object_component>
      <object_component id="oc-44a">
         <name>.text:GPIODirModeSet</name>
         <load_address>0x3ff2</load_address>
         <run_address>0x3ff2</run_address>
         <size>0x2a</size>
         <input_file_ref idref="fl-19"/>
      </object_component>
      <object_component id="oc-5c4">
         <name>.text:mremove</name>
         <load_address>0x401c</load_address>
         <run_address>0x401c</run_address>
         <size>0x28</size>
         <input_file_ref idref="fl-e9"/>
      </object_component>
      <object_component id="oc-45c">
         <name>.text:UARTDisable</name>
         <load_address>0x4044</load_address>
         <run_address>0x4044</run_address>
         <size>0x20</size>
         <input_file_ref idref="fl-1f"/>
      </object_component>
      <object_component id="oc-e0">
         <name>.text:_ZN4UARTaSERKS_</name>
         <load_address>0x4064</load_address>
         <run_address>0x4064</run_address>
         <size>0x1e</size>
         <input_file_ref idref="fl-5"/>
      </object_component>
      <object_component id="oc-3c0">
         <name>.text:GPIOPinTypeGPIOOutput</name>
         <load_address>0x4082</load_address>
         <run_address>0x4082</run_address>
         <size>0x18</size>
         <input_file_ref idref="fl-19"/>
      </object_component>
      <object_component id="oc-372">
         <name>.text:TimerControlStall</name>
         <load_address>0x409a</load_address>
         <run_address>0x409a</run_address>
         <size>0x18</size>
         <input_file_ref idref="fl-1e"/>
      </object_component>
      <object_component id="oc-19e">
         <name>.text:TimerIntRegister</name>
         <load_address>0x40b2</load_address>
         <run_address>0x40b2</run_address>
         <size>0x18</size>
         <input_file_ref idref="fl-1e"/>
      </object_component>
      <object_component id="oc-f3">
         <name>.text:UARTIntRegister</name>
         <load_address>0x40ca</load_address>
         <run_address>0x40ca</run_address>
         <size>0x18</size>
         <input_file_ref idref="fl-1f"/>
      </object_component>
      <object_component id="oc-392">
         <name>.text:_ZN3I2CaSERKS_</name>
         <load_address>0x40e2</load_address>
         <run_address>0x40e2</run_address>
         <size>0x16</size>
         <input_file_ref idref="fl-7"/>
      </object_component>
      <object_component id="oc-18a">
         <name>.text:_ZN4GPIOaSERKS_</name>
         <load_address>0x40f8</load_address>
         <run_address>0x40f8</run_address>
         <size>0x16</size>
         <input_file_ref idref="fl-4"/>
      </object_component>
      <object_component id="oc-191">
         <name>.text:_ZN5TIMERaSERKS_</name>
         <load_address>0x410e</load_address>
         <run_address>0x410e</run_address>
         <size>0x16</size>
         <input_file_ref idref="fl-f"/>
      </object_component>
      <object_component id="oc-2cb">
         <name>.text:UARTEnable</name>
         <load_address>0x4124</load_address>
         <run_address>0x4124</run_address>
         <size>0x14</size>
         <input_file_ref idref="fl-1f"/>
      </object_component>
      <object_component id="oc-5db">
         <name>.text:copysign</name>
         <load_address>0x4138</load_address>
         <run_address>0x4138</run_address>
         <size>0x14</size>
         <input_file_ref idref="fl-f1"/>
      </object_component>
      <object_component id="oc-13f">
         <name>.text:strlen</name>
         <load_address>0x414c</load_address>
         <run_address>0x414c</run_address>
         <size>0x14</size>
         <input_file_ref idref="fl-ed"/>
      </object_component>
      <object_component id="oc-3c6">
         <name>.text:GPIOPinTypeGPIOInput</name>
         <load_address>0x4160</load_address>
         <run_address>0x4160</run_address>
         <size>0x12</size>
         <input_file_ref idref="fl-19"/>
      </object_component>
      <object_component id="oc-506">
         <name>.text:GPIOPinTypeI2C</name>
         <load_address>0x4172</load_address>
         <run_address>0x4172</run_address>
         <size>0x12</size>
         <input_file_ref idref="fl-19"/>
      </object_component>
      <object_component id="oc-500">
         <name>.text:GPIOPinTypeI2CSCL</name>
         <load_address>0x4184</load_address>
         <run_address>0x4184</run_address>
         <size>0x12</size>
         <input_file_ref idref="fl-19"/>
      </object_component>
      <object_component id="oc-2b3">
         <name>.text:GPIOPinTypeUART</name>
         <load_address>0x4196</load_address>
         <run_address>0x4196</run_address>
         <size>0x12</size>
         <input_file_ref idref="fl-19"/>
      </object_component>
      <object_component id="oc-36c">
         <name>.text:TimerLoadSet</name>
         <load_address>0x41a8</load_address>
         <run_address>0x41a8</run_address>
         <size>0x12</size>
         <input_file_ref idref="fl-1e"/>
      </object_component>
      <object_component id="oc-123">
         <name>.text:atof</name>
         <load_address>0x41ba</load_address>
         <run_address>0x41ba</run_address>
         <size>0x12</size>
         <input_file_ref idref="fl-ec"/>
      </object_component>
      <object_component id="oc-4c">
         <name>.text:decompress:ZI:__TI_zero_init_nomemset:__TI_zero_init_nomemset</name>
         <load_address>0x41cc</load_address>
         <run_address>0x41cc</run_address>
         <size>0x12</size>
         <input_file_ref idref="fl-e4"/>
      </object_component>
      <object_component id="oc-ff">
         <name>.text:IntMasterEnable</name>
         <load_address>0x41de</load_address>
         <run_address>0x41de</run_address>
         <size>0x10</size>
         <input_file_ref idref="fl-1b"/>
      </object_component>
      <object_component id="oc-37e">
         <name>.text:TimerEnable</name>
         <load_address>0x41ee</load_address>
         <run_address>0x41ee</run_address>
         <size>0xe</size>
         <input_file_ref idref="fl-1e"/>
      </object_component>
      <object_component id="oc-11d">
         <name>.text:UARTCharsAvail</name>
         <load_address>0x41fc</load_address>
         <run_address>0x41fc</run_address>
         <size>0xe</size>
         <input_file_ref idref="fl-1f"/>
      </object_component>
      <object_component id="oc-5fa">
         <name>.text:_ZN10__cxxabiv117__class_type_infoD0Ev</name>
         <load_address>0x420a</load_address>
         <run_address>0x420a</run_address>
         <size>0xe</size>
         <input_file_ref idref="fl-da"/>
      </object_component>
      <object_component id="oc-6b1">
         <name>.text:_ZN10__cxxabiv120__si_class_type_infoD0Ev</name>
         <load_address>0x4218</load_address>
         <run_address>0x4218</run_address>
         <size>0xe</size>
         <input_file_ref idref="fl-da"/>
      </object_component>
      <object_component id="oc-217">
         <name>.text:_ZN6LoggeraSERKS_</name>
         <load_address>0x4226</load_address>
         <run_address>0x4226</run_address>
         <size>0xe</size>
         <input_file_ref idref="fl-13"/>
      </object_component>
      <object_component id="oc-18">
         <name>.text:decompress:none:__TI_decompress_none</name>
         <load_address>0x4234</load_address>
         <run_address>0x4234</run_address>
         <size>0xe</size>
         <input_file_ref idref="fl-e5"/>
      </object_component>
      <object_component id="oc-c2">
         <name>.text</name>
         <load_address>0x4242</load_address>
         <run_address>0x4242</run_address>
         <size>0xe</size>
         <input_file_ref idref="fl-2"/>
      </object_component>
      <object_component id="oc-2f3">
         <name>.text:CPUcpsie</name>
         <load_address>0x4250</load_address>
         <run_address>0x4250</run_address>
         <size>0xc</size>
         <input_file_ref idref="fl-20"/>
      </object_component>
      <object_component id="oc-4be">
         <name>.text:__cxa_ia64_exit</name>
         <load_address>0x425c</load_address>
         <run_address>0x425c</run_address>
         <size>0xc</size>
         <input_file_ref idref="fl-d9"/>
      </object_component>
      <object_component id="oc-2c">
         <name>.text</name>
         <load_address>0x4268</load_address>
         <run_address>0x4268</run_address>
         <size>0xc</size>
         <input_file_ref idref="fl-3"/>
      </object_component>
      <object_component id="oc-61b">
         <name>.text:I2CMasterEnable</name>
         <load_address>0x4274</load_address>
         <run_address>0x4274</run_address>
         <size>0xa</size>
         <input_file_ref idref="fl-1a"/>
      </object_component>
      <object_component id="oc-1a4">
         <name>.text:TimerIntStatus</name>
         <load_address>0x427e</load_address>
         <run_address>0x427e</run_address>
         <size>0xa</size>
         <input_file_ref idref="fl-1e"/>
      </object_component>
      <object_component id="oc-117">
         <name>.text:UARTCharGet</name>
         <load_address>0x4288</load_address>
         <run_address>0x4288</run_address>
         <size>0xa</size>
         <input_file_ref idref="fl-1f"/>
      </object_component>
      <object_component id="oc-139">
         <name>.text:UARTCharPut</name>
         <load_address>0x4292</load_address>
         <run_address>0x4292</run_address>
         <size>0xa</size>
         <input_file_ref idref="fl-1f"/>
      </object_component>
      <object_component id="oc-f9">
         <name>.text:UARTFIFODisable</name>
         <load_address>0x429c</load_address>
         <run_address>0x429c</run_address>
         <size>0xa</size>
         <input_file_ref idref="fl-1f"/>
      </object_component>
      <object_component id="oc-10b">
         <name>.text:UARTIntStatus</name>
         <load_address>0x42a6</load_address>
         <run_address>0x42a6</run_address>
         <size>0xa</size>
         <input_file_ref idref="fl-1f"/>
      </object_component>
      <object_component id="oc-524">
         <name>.text:I2CMasterBusy</name>
         <load_address>0x42b0</load_address>
         <run_address>0x42b0</run_address>
         <size>0x8</size>
         <input_file_ref idref="fl-1a"/>
      </object_component>
      <object_component id="oc-512">
         <name>.text:I2CMasterSlaveAddrSet</name>
         <load_address>0x42b8</load_address>
         <run_address>0x42b8</run_address>
         <size>0x8</size>
         <input_file_ref idref="fl-1a"/>
      </object_component>
      <object_component id="oc-198">
         <name>.text:TimerIntEnable</name>
         <load_address>0x42c0</load_address>
         <run_address>0x42c0</run_address>
         <size>0x8</size>
         <input_file_ref idref="fl-1e"/>
      </object_component>
      <object_component id="oc-ed">
         <name>.text:UARTIntEnable</name>
         <load_address>0x42c8</load_address>
         <run_address>0x42c8</run_address>
         <size>0x8</size>
         <input_file_ref idref="fl-1f"/>
      </object_component>
      <object_component id="oc-2fa">
         <name>.text:_ZdlPv</name>
         <load_address>0x42d0</load_address>
         <run_address>0x42d0</run_address>
         <size>0x8</size>
         <input_file_ref idref="fl-d8"/>
      </object_component>
      <object_component id="oc-495">
         <name>.text:__aeabi_errno_addr</name>
         <load_address>0x42d8</load_address>
         <run_address>0x42d8</run_address>
         <size>0x8</size>
         <input_file_ref idref="fl-f7"/>
      </object_component>
      <object_component id="oc-3ba">
         <name>.text:GPIOPinWrite</name>
         <load_address>0x42e0</load_address>
         <run_address>0x42e0</run_address>
         <size>0x6</size>
         <input_file_ref idref="fl-19"/>
      </object_component>
      <object_component id="oc-21e">
         <name>.text:SysCtlDelay</name>
         <load_address>0x42e6</load_address>
         <run_address>0x42e6</run_address>
         <size>0x6</size>
         <input_file_ref idref="fl-1d"/>
      </object_component>
      <object_component id="oc-378">
         <name>.text:TimerClockSourceSet</name>
         <load_address>0x42ec</load_address>
         <run_address>0x42ec</run_address>
         <size>0x6</size>
         <input_file_ref idref="fl-1e"/>
      </object_component>
      <object_component id="oc-2b9">
         <name>.text:UARTClockSourceSet</name>
         <load_address>0x42f2</load_address>
         <run_address>0x42f2</run_address>
         <size>0x6</size>
         <input_file_ref idref="fl-1f"/>
      </object_component>
      <object_component id="oc-51e">
         <name>.text:I2CMasterControl</name>
         <load_address>0x42f8</load_address>
         <run_address>0x42f8</run_address>
         <size>0x4</size>
         <input_file_ref idref="fl-1a"/>
      </object_component>
      <object_component id="oc-52a">
         <name>.text:I2CMasterDataGet</name>
         <load_address>0x42fc</load_address>
         <run_address>0x42fc</run_address>
         <size>0x4</size>
         <input_file_ref idref="fl-1a"/>
      </object_component>
      <object_component id="oc-518">
         <name>.text:I2CMasterDataPut</name>
         <load_address>0x4300</load_address>
         <run_address>0x4300</run_address>
         <size>0x4</size>
         <input_file_ref idref="fl-1a"/>
      </object_component>
      <object_component id="oc-1aa">
         <name>.text:TimerIntClear</name>
         <load_address>0x4304</load_address>
         <run_address>0x4304</run_address>
         <size>0x4</size>
         <input_file_ref idref="fl-1e"/>
      </object_component>
      <object_component id="oc-111">
         <name>.text:UARTIntClear</name>
         <load_address>0x4308</load_address>
         <run_address>0x4308</run_address>
         <size>0x4</size>
         <input_file_ref idref="fl-1f"/>
      </object_component>
      <object_component id="oc-5f4">
         <name>.text:_ZN10__cxxabiv117__class_type_infoD1Ev</name>
         <load_address>0x430c</load_address>
         <run_address>0x430c</run_address>
         <size>0x4</size>
         <input_file_ref idref="fl-da"/>
      </object_component>
      <object_component id="oc-6ab">
         <name>.text:_ZN10__cxxabiv120__si_class_type_infoD1Ev</name>
         <load_address>0x4310</load_address>
         <run_address>0x4310</run_address>
         <size>0x4</size>
         <input_file_ref idref="fl-da"/>
      </object_component>
      <object_component id="oc-105">
         <name>.text:_ZdlPvj</name>
         <load_address>0x4314</load_address>
         <run_address>0x4314</run_address>
         <size>0x4</size>
         <input_file_ref idref="fl-d8"/>
      </object_component>
      <object_component id="oc-bc">
         <name>.text:_system_pre_init</name>
         <load_address>0x4318</load_address>
         <run_address>0x4318</run_address>
         <size>0x4</size>
         <input_file_ref idref="fl-f5"/>
      </object_component>
      <object_component id="oc-251">
         <name>.text:abort:abort</name>
         <load_address>0x431c</load_address>
         <run_address>0x431c</run_address>
         <size>0x4</size>
         <input_file_ref idref="fl-e8"/>
      </object_component>
      <object_component id="oc-4a1">
         <name>.const:.string:_ctypes_</name>
         <load_address>0x4320</load_address>
         <run_address>0x4320</run_address>
         <size>0x101</size>
         <input_file_ref idref="fl-f8"/>
      </object_component>
      <object_component id="oc-63d">
         <name>.const:.typeinfo:_ZTS5GY521</name>
         <load_address>0x4421</load_address>
         <run_address>0x4421</run_address>
         <size>0x7</size>
         <input_file_ref idref="fl-7"/>
      </object_component>
      <object_component id="oc-4a4">
         <name>.const:$O1$$</name>
         <load_address>0x4428</load_address>
         <run_address>0x4428</run_address>
         <size>0xc8</size>
         <input_file_ref idref="fl-ee"/>
      </object_component>
      <object_component id="oc-69b">
         <name>.const:$O1$$</name>
         <load_address>0x44f0</load_address>
         <run_address>0x44f0</run_address>
         <size>0x98</size>
         <input_file_ref idref="fl-d7"/>
      </object_component>
      <object_component id="oc-445">
         <name>.const:g_pui32GPIOBaseAddrs</name>
         <load_address>0x4588</load_address>
         <run_address>0x4588</run_address>
         <size>0x90</size>
         <input_file_ref idref="fl-19"/>
      </object_component>
      <object_component id="oc-2d9">
         <name>.const</name>
         <load_address>0x4618</load_address>
         <run_address>0x4618</run_address>
         <size>0x70</size>
         <input_file_ref idref="fl-1b"/>
      </object_component>
      <object_component id="oc-458">
         <name>.const:g_pui32Xtals</name>
         <load_address>0x4688</load_address>
         <run_address>0x4688</run_address>
         <size>0x6c</size>
         <input_file_ref idref="fl-1d"/>
      </object_component>
      <object_component id="oc-56b">
         <name>.const:g_ppui32TimerIntMap</name>
         <load_address>0x46f4</load_address>
         <run_address>0x46f4</run_address>
         <size>0x60</size>
         <input_file_ref idref="fl-1e"/>
      </object_component>
      <object_component id="oc-56e">
         <name>.const:g_ppui32TimerIntMapSnowflake</name>
         <load_address>0x4754</load_address>
         <run_address>0x4754</run_address>
         <size>0x40</size>
         <input_file_ref idref="fl-1e"/>
      </object_component>
      <object_component id="oc-471">
         <name>.const:g_ppui32UARTIntMap</name>
         <load_address>0x4794</load_address>
         <run_address>0x4794</run_address>
         <size>0x40</size>
         <input_file_ref idref="fl-1f"/>
      </object_component>
      <object_component id="oc-474">
         <name>.const:g_ppui32UARTIntMapSnowflake</name>
         <load_address>0x47d4</load_address>
         <run_address>0x47d4</run_address>
         <size>0x40</size>
         <input_file_ref idref="fl-1f"/>
      </object_component>
      <object_component id="oc-6c8">
         <name>.const:.typeinfo:_ZTSN10__cxxabiv120__si_class_type_infoE</name>
         <load_address>0x4814</load_address>
         <run_address>0x4814</run_address>
         <size>0x25</size>
         <input_file_ref idref="fl-da"/>
      </object_component>
      <object_component id="oc-66f">
         <name>.const:.typeinfo:_ZTSN10__cxxabiv117__class_type_infoE</name>
         <load_address>0x4839</load_address>
         <run_address>0x4839</run_address>
         <size>0x22</size>
         <input_file_ref idref="fl-da"/>
      </object_component>
      <object_component id="oc-403">
         <name>.const:.string</name>
         <load_address>0x485c</load_address>
         <run_address>0x485c</run_address>
         <size>0x12</size>
         <input_file_ref idref="fl-10"/>
      </object_component>
      <object_component id="oc-440">
         <name>.const:.string</name>
         <load_address>0x4870</load_address>
         <run_address>0x4870</run_address>
         <size>0x12</size>
         <input_file_ref idref="fl-11"/>
      </object_component>
      <object_component id="oc-3ac">
         <name>.const:MPU6050AccelFactors</name>
         <load_address>0x4884</load_address>
         <run_address>0x4884</run_address>
         <size>0x10</size>
         <input_file_ref idref="fl-7"/>
      </object_component>
      <object_component id="oc-3af">
         <name>.const:MPU6050GyroFactors</name>
         <load_address>0x4894</load_address>
         <run_address>0x4894</run_address>
         <size>0x10</size>
         <input_file_ref idref="fl-7"/>
      </object_component>
      <object_component id="oc-1bf">
         <name>.const:_ZTV11StateSystem</name>
         <load_address>0x48a4</load_address>
         <run_address>0x48a4</run_address>
         <size>0x10</size>
         <input_file_ref idref="fl-f"/>
      </object_component>
      <object_component id="oc-530">
         <name>.const:_ZTV3I2C</name>
         <load_address>0x48b4</load_address>
         <run_address>0x48b4</run_address>
         <size>0x10</size>
         <input_file_ref idref="fl-9"/>
      </object_component>
      <object_component id="oc-28f">
         <name>.const:_ZTV3Log</name>
         <load_address>0x48c4</load_address>
         <run_address>0x48c4</run_address>
         <size>0x10</size>
         <input_file_ref idref="fl-11"/>
      </object_component>
      <object_component id="oc-3cc">
         <name>.const:_ZTV4GPIO</name>
         <load_address>0x48d4</load_address>
         <run_address>0x48d4</run_address>
         <size>0x10</size>
         <input_file_ref idref="fl-8"/>
      </object_component>
      <object_component id="oc-2d1">
         <name>.const:_ZTV4UART</name>
         <load_address>0x48e4</load_address>
         <run_address>0x48e4</run_address>
         <size>0x10</size>
         <input_file_ref idref="fl-d"/>
      </object_component>
      <object_component id="oc-3a7">
         <name>.const:_ZTV5GY521</name>
         <load_address>0x48f4</load_address>
         <run_address>0x48f4</run_address>
         <size>0x10</size>
         <input_file_ref idref="fl-7"/>
      </object_component>
      <object_component id="oc-384">
         <name>.const:_ZTV5TIMER</name>
         <load_address>0x4904</load_address>
         <run_address>0x4904</run_address>
         <size>0x10</size>
         <input_file_ref idref="fl-c"/>
      </object_component>
      <object_component id="oc-201">
         <name>.const:_ZTV6Logger</name>
         <load_address>0x4914</load_address>
         <run_address>0x4914</run_address>
         <size>0x10</size>
         <input_file_ref idref="fl-12"/>
      </object_component>
      <object_component id="oc-21f">
         <name>.const:_ZTV6System</name>
         <load_address>0x4924</load_address>
         <run_address>0x4924</run_address>
         <size>0x10</size>
         <input_file_ref idref="fl-13"/>
      </object_component>
      <object_component id="oc-1e4">
         <name>.const:_ZTV7Console</name>
         <load_address>0x4934</load_address>
         <run_address>0x4934</run_address>
         <size>0x10</size>
         <input_file_ref idref="fl-10"/>
      </object_component>
      <object_component id="oc-12e">
         <name>.const:_ZTV7ESP8266</name>
         <load_address>0x4944</load_address>
         <run_address>0x4944</run_address>
         <size>0x10</size>
         <input_file_ref idref="fl-5"/>
      </object_component>
      <object_component id="oc-350">
         <name>.const:_ZTV9PARAMETER</name>
         <load_address>0x4954</load_address>
         <run_address>0x4954</run_address>
         <size>0x10</size>
         <input_file_ref idref="fl-6"/>
      </object_component>
      <object_component id="oc-4ac">
         <name>.const:_ZTVN10__cxxabiv117__class_type_infoE</name>
         <load_address>0x4964</load_address>
         <run_address>0x4964</run_address>
         <size>0x10</size>
         <input_file_ref idref="fl-da"/>
      </object_component>
      <object_component id="oc-66a">
         <name>.const:_ZTVN10__cxxabiv120__si_class_type_infoE</name>
         <load_address>0x4974</load_address>
         <run_address>0x4974</run_address>
         <size>0x10</size>
         <input_file_ref idref="fl-da"/>
      </object_component>
      <object_component id="oc-572">
         <name>.const:.typeinfo:_ZTS11StateSystem</name>
         <load_address>0x4984</load_address>
         <run_address>0x4984</run_address>
         <size>0xe</size>
         <input_file_ref idref="fl-f"/>
      </object_component>
      <object_component id="oc-6b6">
         <name>.const:.typeinfo:_ZTSSt9type_info</name>
         <load_address>0x4992</load_address>
         <run_address>0x4992</run_address>
         <size>0xd</size>
         <input_file_ref idref="fl-f0"/>
      </object_component>
      <object_component id="oc-5ef">
         <name>.const:.typeinfo:_ZTIN10__cxxabiv117__class_type_infoE</name>
         <load_address>0x49a0</load_address>
         <run_address>0x49a0</run_address>
         <size>0xc</size>
         <input_file_ref idref="fl-da"/>
      </object_component>
      <object_component id="oc-6a6">
         <name>.const:.typeinfo:_ZTIN10__cxxabiv120__si_class_type_infoE</name>
         <load_address>0x49ac</load_address>
         <run_address>0x49ac</run_address>
         <size>0xc</size>
         <input_file_ref idref="fl-da"/>
      </object_component>
      <object_component id="oc-60e">
         <name>.const:.typeinfo:_ZTS9PARAMETER</name>
         <load_address>0x49b8</load_address>
         <run_address>0x49b8</run_address>
         <size>0xb</size>
         <input_file_ref idref="fl-6"/>
      </object_component>
      <object_component id="oc-577">
         <name>.const:.typeinfo:_ZTS7Console</name>
         <load_address>0x49c3</load_address>
         <run_address>0x49c3</run_address>
         <size>0x9</size>
         <input_file_ref idref="fl-10"/>
      </object_component>
      <object_component id="oc-4b1">
         <name>.const:.typeinfo:_ZTS7ESP8266</name>
         <load_address>0x49cc</load_address>
         <run_address>0x49cc</run_address>
         <size>0x9</size>
         <input_file_ref idref="fl-5"/>
      </object_component>
      <object_component id="oc-3e4">
         <name>.const:.typeinfo:_ZTI11StateSystem</name>
         <load_address>0x49d8</load_address>
         <run_address>0x49d8</run_address>
         <size>0x8</size>
         <input_file_ref idref="fl-f"/>
      </object_component>
      <object_component id="oc-628">
         <name>.const:.typeinfo:_ZTI3I2C</name>
         <load_address>0x49e0</load_address>
         <run_address>0x49e0</run_address>
         <size>0x8</size>
         <input_file_ref idref="fl-9"/>
      </object_component>
      <object_component id="oc-439">
         <name>.const:.typeinfo:_ZTI3Log</name>
         <load_address>0x49e8</load_address>
         <run_address>0x49e8</run_address>
         <size>0x8</size>
         <input_file_ref idref="fl-11"/>
      </object_component>
      <object_component id="oc-560">
         <name>.const:.typeinfo:_ZTI4GPIO</name>
         <load_address>0x49f0</load_address>
         <run_address>0x49f0</run_address>
         <size>0x8</size>
         <input_file_ref idref="fl-8"/>
      </object_component>
      <object_component id="oc-464">
         <name>.const:.typeinfo:_ZTI4UART</name>
         <load_address>0x49f8</load_address>
         <run_address>0x49f8</run_address>
         <size>0x8</size>
         <input_file_ref idref="fl-d"/>
      </object_component>
      <object_component id="oc-543">
         <name>.const:.typeinfo:_ZTI5GY521</name>
         <load_address>0x4a00</load_address>
         <run_address>0x4a00</run_address>
         <size>0x8</size>
         <input_file_ref idref="fl-7"/>
      </object_component>
      <object_component id="oc-4ee">
         <name>.const:.typeinfo:_ZTI5TIMER</name>
         <load_address>0x4a08</load_address>
         <run_address>0x4a08</run_address>
         <size>0x8</size>
         <input_file_ref idref="fl-c"/>
      </object_component>
      <object_component id="oc-408">
         <name>.const:.typeinfo:_ZTI6Logger</name>
         <load_address>0x4a10</load_address>
         <run_address>0x4a10</run_address>
         <size>0x8</size>
         <input_file_ref idref="fl-12"/>
      </object_component>
      <object_component id="oc-413">
         <name>.const:.typeinfo:_ZTI6System</name>
         <load_address>0x4a18</load_address>
         <run_address>0x4a18</run_address>
         <size>0x8</size>
         <input_file_ref idref="fl-13"/>
      </object_component>
      <object_component id="oc-3f6">
         <name>.const:.typeinfo:_ZTI7Console</name>
         <load_address>0x4a20</load_address>
         <run_address>0x4a20</run_address>
         <size>0x8</size>
         <input_file_ref idref="fl-10"/>
      </object_component>
      <object_component id="oc-315">
         <name>.const:.typeinfo:_ZTI7ESP8266</name>
         <load_address>0x4a28</load_address>
         <run_address>0x4a28</run_address>
         <size>0x8</size>
         <input_file_ref idref="fl-5"/>
      </object_component>
      <object_component id="oc-4d1">
         <name>.const:.typeinfo:_ZTI9PARAMETER</name>
         <load_address>0x4a30</load_address>
         <run_address>0x4a30</run_address>
         <size>0x8</size>
         <input_file_ref idref="fl-6"/>
      </object_component>
      <object_component id="oc-674">
         <name>.const:.typeinfo:_ZTISt9type_info</name>
         <load_address>0x4a38</load_address>
         <run_address>0x4a38</run_address>
         <size>0x8</size>
         <input_file_ref idref="fl-f0"/>
      </object_component>
      <object_component id="oc-57d">
         <name>.const:.typeinfo:_ZTS6Logger</name>
         <load_address>0x4a40</load_address>
         <run_address>0x4a40</run_address>
         <size>0x8</size>
         <input_file_ref idref="fl-12"/>
      </object_component>
      <object_component id="oc-589">
         <name>.const:.typeinfo:_ZTS6System</name>
         <load_address>0x4a48</load_address>
         <run_address>0x4a48</run_address>
         <size>0x8</size>
         <input_file_ref idref="fl-13"/>
      </object_component>
      <object_component id="oc-613">
         <name>.const:.typeinfo:_ZTS5TIMER</name>
         <load_address>0x4a50</load_address>
         <run_address>0x4a50</run_address>
         <size>0x7</size>
         <input_file_ref idref="fl-c"/>
      </object_component>
      <object_component id="oc-642">
         <name>.const:.typeinfo:_ZTS4GPIO</name>
         <load_address>0x4a57</load_address>
         <run_address>0x4a57</run_address>
         <size>0x6</size>
         <input_file_ref idref="fl-8"/>
      </object_component>
      <object_component id="oc-5b3">
         <name>.const:.typeinfo:_ZTS4UART</name>
         <load_address>0x4a5d</load_address>
         <run_address>0x4a5d</run_address>
         <size>0x6</size>
         <input_file_ref idref="fl-d"/>
      </object_component>
      <object_component id="oc-691">
         <name>.const:.typeinfo:_ZTS3I2C</name>
         <load_address>0x4a63</load_address>
         <run_address>0x4a63</run_address>
         <size>0x5</size>
         <input_file_ref idref="fl-9"/>
      </object_component>
      <object_component id="oc-5a5">
         <name>.const:.typeinfo:_ZTS3Log</name>
         <load_address>0x4a68</load_address>
         <run_address>0x4a68</run_address>
         <size>0x5</size>
         <input_file_ref idref="fl-11"/>
      </object_component>
      <object_component id="oc-1f1">
         <name>.const</name>
         <load_address>0x4a70</load_address>
         <run_address>0x4a70</run_address>
         <size>0x4</size>
         <input_file_ref idref="fl-10"/>
      </object_component>
      <object_component id="oc-298">
         <name>.const</name>
         <load_address>0x4a74</load_address>
         <run_address>0x4a74</run_address>
         <size>0x4</size>
         <input_file_ref idref="fl-11"/>
      </object_component>
      <object_component id="oc-708">
         <name>.cinit..data.load</name>
         <load_address>0x4a90</load_address>
         <run_address>0x4a90</run_address>
         <size>0x1b</size>
      </object_component>
      <object_component id="oc-705">
         <name>__TI_handler_table</name>
         <load_address>0x4aac</load_address>
         <run_address>0x4aac</run_address>
         <size>0xc</size>
      </object_component>
      <object_component id="oc-709">
         <name>.cinit..bss.load</name>
         <load_address>0x4ab8</load_address>
         <run_address>0x4ab8</run_address>
         <size>0x8</size>
      </object_component>
      <object_component id="oc-707">
         <name>.cinit..vtable.load</name>
         <load_address>0x4ac0</load_address>
         <run_address>0x4ac0</run_address>
         <size>0x8</size>
      </object_component>
      <object_component id="oc-706">
         <name>__TI_cinit_table</name>
         <load_address>0x4ac8</load_address>
         <run_address>0x4ac8</run_address>
         <size>0x18</size>
      </object_component>
      <object_component id="oc-25">
         <name>.init_array</name>
         <load_address>0x4a78</load_address>
         <run_address>0x4a78</run_address>
         <size>0x4</size>
         <input_file_ref idref="fl-13"/>
      </object_component>
      <object_component id="oc-24">
         <name>.init_array</name>
         <load_address>0x4a7c</load_address>
         <run_address>0x4a7c</run_address>
         <size>0x4</size>
         <input_file_ref idref="fl-12"/>
      </object_component>
      <object_component id="oc-23">
         <name>.init_array</name>
         <load_address>0x4a80</load_address>
         <run_address>0x4a80</run_address>
         <size>0x4</size>
         <input_file_ref idref="fl-10"/>
      </object_component>
      <object_component id="oc-22">
         <name>.init_array</name>
         <load_address>0x4a84</load_address>
         <run_address>0x4a84</run_address>
         <size>0x4</size>
         <input_file_ref idref="fl-f"/>
      </object_component>
      <object_component id="oc-21">
         <name>.init_array</name>
         <load_address>0x4a88</load_address>
         <run_address>0x4a88</run_address>
         <size>0x4</size>
         <input_file_ref idref="fl-5"/>
      </object_component>
      <object_component id="oc-70a">
         <name>SHT$$INIT_ARRAY$$Limit</name>
         <load_address>0x4a8c</load_address>
         <run_address>0x4a8c</run_address>
         <size>0x0</size>
      </object_component>
      <object_component id="oc-478">
         <name>.vtable</name>
         <uninitialized>true</uninitialized>
         <run_address>0x20000000</run_address>
         <size>0x26c</size>
         <input_file_ref idref="fl-1b"/>
      </object_component>
      <object_component id="oc-136">
         <name>.data</name>
         <load_address>0x2000055c</load_address>
         <run_address>0x2000055c</run_address>
         <size>0x5</size>
         <input_file_ref idref="fl-5"/>
      </object_component>
      <object_component id="oc-1ca">
         <name>.data</name>
         <load_address>0x20000564</load_address>
         <run_address>0x20000564</run_address>
         <size>0x4</size>
         <input_file_ref idref="fl-f"/>
      </object_component>
      <object_component id="oc-34c">
         <name>.data</name>
         <load_address>0x20000568</load_address>
         <run_address>0x20000568</run_address>
         <size>0x4</size>
         <input_file_ref idref="fl-d9"/>
      </object_component>
      <object_component id="oc-41d">
         <name>.data:$O1$$</name>
         <load_address>0x2000053c</load_address>
         <run_address>0x2000053c</run_address>
         <size>0xc</size>
         <input_file_ref idref="fl-e8"/>
      </object_component>
      <object_component id="oc-5d0">
         <name>.data:$O1$$</name>
         <load_address>0x20000548</load_address>
         <run_address>0x20000548</run_address>
         <size>0xc</size>
         <input_file_ref idref="fl-e9"/>
      </object_component>
      <object_component id="oc-349">
         <name>.data:$O1$$</name>
         <load_address>0x20000554</load_address>
         <run_address>0x20000554</run_address>
         <size>0x8</size>
         <input_file_ref idref="fl-ea"/>
      </object_component>
      <object_component id="oc-5d6">
         <name>.data</name>
         <load_address>0x2000056c</load_address>
         <run_address>0x2000056c</run_address>
         <size>0x4</size>
         <input_file_ref idref="fl-f7"/>
      </object_component>
      <object_component id="oc-133">
         <name>.bss:_ZN7ESP82664uartE</name>
         <uninitialized>true</uninitialized>
         <run_address>0x20000518</run_address>
         <size>0xc</size>
         <input_file_ref idref="fl-5"/>
      </object_component>
      <object_component id="oc-14a">
         <name>.bss:_ZN7ESP82665paramE</name>
         <uninitialized>true</uninitialized>
         <run_address>0x200004f0</run_address>
         <size>0x10</size>
         <input_file_ref idref="fl-5"/>
      </object_component>
      <object_component id="oc-1c4">
         <name>.bss:_ZN11StateSystem5gy521E</name>
         <uninitialized>true</uninitialized>
         <run_address>0x200004d4</run_address>
         <size>0x1c</size>
         <input_file_ref idref="fl-f"/>
      </object_component>
      <object_component id="oc-1c7">
         <name>.bss:_ZN11StateSystem5portFE</name>
         <uninitialized>true</uninitialized>
         <run_address>0x20000524</run_address>
         <size>0x8</size>
         <input_file_ref idref="fl-f"/>
      </object_component>
      <object_component id="oc-1e9">
         <name>.bss:_ZN7Console4uartE</name>
         <uninitialized>true</uninitialized>
         <run_address>0x2000050c</run_address>
         <size>0xc</size>
         <input_file_ref idref="fl-10"/>
      </object_component>
      <object_component id="oc-206">
         <name>.bss:_ZN6Logger4uartE</name>
         <uninitialized>true</uninitialized>
         <run_address>0x20000500</run_address>
         <size>0xc</size>
         <input_file_ref idref="fl-12"/>
      </object_component>
      <object_component id="oc-224">
         <name>.bss:_ZN6System6loggerE</name>
         <uninitialized>true</uninitialized>
         <run_address>0x2000052c</run_address>
         <size>0x4</size>
         <input_file_ref idref="fl-13"/>
      </object_component>
      <object_component id="oc-149">
         <name>.common:_ZN7ESP82663bufE</name>
         <uninitialized>true</uninitialized>
         <run_address>0x20000470</run_address>
         <size>0x64</size>
      </object_component>
      <object_component id="oc-145">
         <name>.common:_ZN7ESP826613esp8266StatusE</name>
         <uninitialized>true</uninitialized>
         <run_address>0x20000538</run_address>
         <size>0x1</size>
      </object_component>
      <object_component id="oc-294">
         <name>.common:_ZN3Log6loggerE</name>
         <uninitialized>true</uninitialized>
         <run_address>0x20000530</run_address>
         <size>0x4</size>
      </object_component>
      <object_component id="oc-159">
         <name>.common:__dso_handle</name>
         <uninitialized>true</uninitialized>
         <run_address>0x20000534</run_address>
         <size>0x4</size>
      </object_component>
      <object_component id="oc-29">
         <name>.sysmem</name>
         <uninitialized>true</uninitialized>
         <run_address>0x20000570</run_address>
         <size>0x8</size>
         <input_file_ref idref="fl-e9"/>
      </object_component>
      <object_component id="oc-70c">
         <name>.sysmem</name>
         <uninitialized>true</uninitialized>
         <run_address>0x20000570</run_address>
         <size>0x0</size>
      </object_component>
      <object_component id="oc-26">
         <name>.stack</name>
         <uninitialized>true</uninitialized>
         <run_address>0x20000270</run_address>
         <size>0x4</size>
         <input_file_ref idref="fl-e7"/>
      </object_component>
      <object_component id="oc-70b">
         <name>.stack</name>
         <uninitialized>true</uninitialized>
         <run_address>0x20000270</run_address>
         <size>0x0</size>
      </object_component>
      <object_component id="oc-364">
         <name>.debug_info</name>
         <load_address>0x0</load_address>
         <run_address>0x0</run_address>
         <size>0xc30</size>
         <input_file_ref idref="fl-2"/>
      </object_component>
      <object_component id="oc-c4">
         <name>.debug_info</name>
         <load_address>0xc30</load_address>
         <run_address>0xc30</run_address>
         <size>0x132</size>
         <input_file_ref idref="fl-2"/>
      </object_component>
      <object_component id="oc-1f5">
         <name>.debug_info</name>
         <load_address>0xd62</load_address>
         <run_address>0xd62</run_address>
         <size>0xf2</size>
         <input_file_ref idref="fl-2"/>
      </object_component>
      <object_component id="oc-4da">
         <name>.debug_info</name>
         <load_address>0xe54</load_address>
         <run_address>0xe54</run_address>
         <size>0xdd</size>
         <input_file_ref idref="fl-2"/>
      </object_component>
      <object_component id="oc-4df">
         <name>.debug_info</name>
         <load_address>0xf31</load_address>
         <run_address>0xf31</run_address>
         <size>0x20f</size>
         <input_file_ref idref="fl-2"/>
      </object_component>
      <object_component id="oc-15d">
         <name>.debug_info</name>
         <load_address>0x1140</load_address>
         <run_address>0x1140</run_address>
         <size>0x1a5</size>
         <input_file_ref idref="fl-2"/>
      </object_component>
      <object_component id="oc-1d5">
         <name>.debug_info</name>
         <load_address>0x12e5</load_address>
         <run_address>0x12e5</run_address>
         <size>0xe6</size>
         <input_file_ref idref="fl-2"/>
      </object_component>
      <object_component id="oc-1df">
         <name>.debug_info</name>
         <load_address>0x13cb</load_address>
         <run_address>0x13cb</run_address>
         <size>0x1e7</size>
         <input_file_ref idref="fl-2"/>
      </object_component>
      <object_component id="oc-3b5">
         <name>.debug_info</name>
         <load_address>0x15b2</load_address>
         <run_address>0x15b2</run_address>
         <size>0x14d</size>
         <input_file_ref idref="fl-2"/>
      </object_component>
      <object_component id="oc-29c">
         <name>.debug_info</name>
         <load_address>0x16ff</load_address>
         <run_address>0x16ff</run_address>
         <size>0x153</size>
         <input_file_ref idref="fl-2"/>
      </object_component>
      <object_component id="oc-20a">
         <name>.debug_info</name>
         <load_address>0x1852</load_address>
         <run_address>0x1852</run_address>
         <size>0xc8</size>
         <input_file_ref idref="fl-2"/>
      </object_component>
      <object_component id="oc-328">
         <name>.debug_info</name>
         <load_address>0x191a</load_address>
         <run_address>0x191a</run_address>
         <size>0xc5</size>
         <input_file_ref idref="fl-2"/>
      </object_component>
      <object_component id="oc-4e4">
         <name>.debug_info</name>
         <load_address>0x19df</load_address>
         <run_address>0x19df</run_address>
         <size>0x127</size>
         <input_file_ref idref="fl-2"/>
      </object_component>
      <object_component id="oc-1ce">
         <name>.debug_info</name>
         <load_address>0x1b06</load_address>
         <run_address>0x1b06</run_address>
         <size>0xe8</size>
         <input_file_ref idref="fl-2"/>
      </object_component>
      <object_component id="oc-228">
         <name>.debug_info</name>
         <load_address>0x1bee</load_address>
         <run_address>0x1bee</run_address>
         <size>0xbb</size>
         <input_file_ref idref="fl-2"/>
      </object_component>
      <object_component id="oc-1da">
         <name>.debug_info</name>
         <load_address>0x1ca9</load_address>
         <run_address>0x1ca9</run_address>
         <size>0xb7</size>
         <input_file_ref idref="fl-2"/>
      </object_component>
      <object_component id="oc-162">
         <name>.debug_info</name>
         <load_address>0x1d60</load_address>
         <run_address>0x1d60</run_address>
         <size>0x114</size>
         <input_file_ref idref="fl-2"/>
      </object_component>
      <object_component id="oc-3b">
         <name>.debug_info</name>
         <load_address>0x1e74</load_address>
         <run_address>0x1e74</run_address>
         <size>0x84</size>
         <input_file_ref idref="fl-2"/>
      </object_component>
      <object_component id="oc-3f1">
         <name>.debug_info</name>
         <load_address>0x1ef8</load_address>
         <run_address>0x1ef8</run_address>
         <size>0x941</size>
         <input_file_ref idref="fl-2"/>
      </object_component>
      <object_component id="oc-332">
         <name>.debug_info</name>
         <load_address>0x2839</load_address>
         <run_address>0x2839</run_address>
         <size>0x2c9</size>
         <input_file_ref idref="fl-2"/>
      </object_component>
      <object_component id="oc-167">
         <name>.debug_info</name>
         <load_address>0x2b02</load_address>
         <run_address>0x2b02</run_address>
         <size>0xbb</size>
         <input_file_ref idref="fl-2"/>
      </object_component>
      <object_component id="oc-32d">
         <name>.debug_info</name>
         <load_address>0x2bbd</load_address>
         <run_address>0x2bbd</run_address>
         <size>0x2a1</size>
         <input_file_ref idref="fl-2"/>
      </object_component>
      <object_component id="oc-1fc">
         <name>.debug_info</name>
         <load_address>0x2e5e</load_address>
         <run_address>0x2e5e</run_address>
         <size>0x2c</size>
         <input_file_ref idref="fl-2"/>
      </object_component>
      <object_component id="oc-34">
         <name>.debug_info</name>
         <load_address>0x2e8a</load_address>
         <run_address>0x2e8a</run_address>
         <size>0x2a3</size>
         <input_file_ref idref="fl-3"/>
      </object_component>
      <object_component id="oc-10">
         <name>.debug_info</name>
         <load_address>0x312d</load_address>
         <run_address>0x312d</run_address>
         <size>0xe2</size>
         <input_file_ref idref="fl-3"/>
      </object_component>
      <object_component id="oc-2e">
         <name>.debug_info</name>
         <load_address>0x320f</load_address>
         <run_address>0x320f</run_address>
         <size>0x25e</size>
         <input_file_ref idref="fl-3"/>
      </object_component>
      <object_component id="oc-97">
         <name>.debug_info</name>
         <load_address>0x346d</load_address>
         <run_address>0x346d</run_address>
         <size>0x26b</size>
         <input_file_ref idref="fl-3"/>
      </object_component>
      <object_component id="oc-23b">
         <name>.debug_info</name>
         <load_address>0x36d8</load_address>
         <run_address>0x36d8</run_address>
         <size>0x297</size>
         <input_file_ref idref="fl-3"/>
      </object_component>
      <object_component id="oc-9c">
         <name>.debug_info</name>
         <load_address>0x396f</load_address>
         <run_address>0x396f</run_address>
         <size>0xbb</size>
         <input_file_ref idref="fl-3"/>
      </object_component>
      <object_component id="oc-3d4">
         <name>.debug_info</name>
         <load_address>0x3a2a</load_address>
         <run_address>0x3a2a</run_address>
         <size>0xc7f</size>
         <input_file_ref idref="fl-4"/>
      </object_component>
      <object_component id="oc-18b">
         <name>.debug_info</name>
         <load_address>0x46a9</load_address>
         <run_address>0x46a9</run_address>
         <size>0x140</size>
         <input_file_ref idref="fl-4"/>
      </object_component>
      <object_component id="oc-146">
         <name>.debug_info</name>
         <load_address>0x47e9</load_address>
         <run_address>0x47e9</run_address>
         <size>0xfcf</size>
         <input_file_ref idref="fl-5"/>
      </object_component>
      <object_component id="oc-12f">
         <name>.debug_info</name>
         <load_address>0x57b8</load_address>
         <run_address>0x57b8</run_address>
         <size>0xf9</size>
         <input_file_ref idref="fl-5"/>
      </object_component>
      <object_component id="oc-137">
         <name>.debug_info</name>
         <load_address>0x58b1</load_address>
         <run_address>0x58b1</run_address>
         <size>0x1a6</size>
         <input_file_ref idref="fl-5"/>
      </object_component>
      <object_component id="oc-316">
         <name>.debug_info</name>
         <load_address>0x5a57</load_address>
         <run_address>0x5a57</run_address>
         <size>0xeb</size>
         <input_file_ref idref="fl-5"/>
      </object_component>
      <object_component id="oc-4b2">
         <name>.debug_info</name>
         <load_address>0x5b42</load_address>
         <run_address>0x5b42</run_address>
         <size>0xf0</size>
         <input_file_ref idref="fl-5"/>
      </object_component>
      <object_component id="oc-134">
         <name>.debug_info</name>
         <load_address>0x5c32</load_address>
         <run_address>0x5c32</run_address>
         <size>0xed</size>
         <input_file_ref idref="fl-5"/>
      </object_component>
      <object_component id="oc-14b">
         <name>.debug_info</name>
         <load_address>0x5d1f</load_address>
         <run_address>0x5d1f</run_address>
         <size>0xef</size>
         <input_file_ref idref="fl-5"/>
      </object_component>
      <object_component id="oc-e1">
         <name>.debug_info</name>
         <load_address>0x5e0e</load_address>
         <run_address>0x5e0e</run_address>
         <size>0x140</size>
         <input_file_ref idref="fl-5"/>
      </object_component>
      <object_component id="oc-71">
         <name>.debug_info</name>
         <load_address>0x5f4e</load_address>
         <run_address>0x5f4e</run_address>
         <size>0xf36</size>
         <input_file_ref idref="fl-5"/>
      </object_component>
      <object_component id="oc-323">
[...]
         <object_component_ref idref="oc-512"/>
      </symbol>
      <symbol id="sm-63e">
         <name>I2CMasterDataGet</name>
         <value>0x42fd</value>
         <object_component_ref idref="oc-52a"/>
      </symbol>
      <symbol id="sm-63f">
         <name>I2CMasterControl</name>
         <value>0x42f9</value>
         <object_component_ref idref="oc-51e"/>
      </symbol>
      <symbol id="sm-640">
         <name>I2CMasterBusy</name>
         <value>0x42b1</value>
         <object_component_ref idref="oc-524"/>
      </symbol>
      <symbol id="sm-641">
         <name>I2CMasterEnable</name>
         <value>0x4275</value>
         <object_component_ref idref="oc-61b"/>
      </symbol>
      <symbol id="sm-683">
         <name>IntEnable</name>
         <value>0x38c1</value>
         <object_component_ref idref="oc-e7"/>
      </symbol>
      <symbol id="sm-684">
         <name>IntRegister</name>
         <value>0x3ec5</value>
         <object_component_ref idref="oc-2eb"/>
      </symbol>
      <symbol id="sm-685">
         <name>g_pfnRAMVectors</name>
         <value>0x20000000</value>
         <object_component_ref idref="oc-478"/>
      </symbol>
      <symbol id="sm-686">
         <name>IntMasterEnable</name>
         <value>0x41df</value>
         <object_component_ref idref="oc-ff"/>
      </symbol>
      <symbol id="sm-6f0">
         <name>SysCtlClockSet</name>
         <value>0x32b9</value>
         <object_component_ref idref="oc-211"/>
      </symbol>
      <symbol id="sm-6f1">
         <name>SysCtlDelay</name>
         <value>0x42e7</value>
         <object_component_ref idref="oc-21e"/>
      </symbol>
      <symbol id="sm-6f2">
         <name>SysCtlPeripheralEnable</name>
         <value>0x3ef9</value>
         <object_component_ref idref="oc-2a1"/>
      </symbol>
      <symbol id="sm-6f3">
         <name>SysCtlClockGet</name>
         <value>0x2f9d</value>
         <object_component_ref idref="oc-2bf"/>
      </symbol>
      <symbol id="sm-6f4">
         <name>SysCtlPeripheralReady</name>
         <value>0x3de5</value>
         <object_component_ref idref="oc-2a7"/>
      </symbol>
      <symbol id="sm-6f5">
         <name>SysCtlPeripheralReset</name>
         <value>0x3a51</value>
         <object_component_ref idref="oc-4fa"/>
      </symbol>
      <symbol id="sm-768">
         <name>TimerLoadSet</name>
         <value>0x41a9</value>
         <object_component_ref idref="oc-36c"/>
      </symbol>
      <symbol id="sm-769">
         <name>TimerIntRegister</name>
         <value>0x40b3</value>
         <object_component_ref idref="oc-19e"/>
      </symbol>
      <symbol id="sm-76a">
         <name>TimerEnable</name>
         <value>0x41ef</value>
         <object_component_ref idref="oc-37e"/>
      </symbol>
      <symbol id="sm-76b">
         <name>TimerIntStatus</name>
         <value>0x427f</value>
         <object_component_ref idref="oc-1a4"/>
      </symbol>
      <symbol id="sm-76c">
         <name>TimerControlStall</name>
         <value>0x409b</value>
         <object_component_ref idref="oc-372"/>
      </symbol>
      <symbol id="sm-76d">
         <name>TimerIntEnable</name>
         <value>0x42c1</value>
         <object_component_ref idref="oc-198"/>
      </symbol>
      <symbol id="sm-76e">
         <name>TimerClockSourceSet</name>
         <value>0x42ed</value>
         <object_component_ref idref="oc-378"/>
      </symbol>
      <symbol id="sm-76f">
         <name>TimerConfigure</name>
         <value>0x3991</value>
         <object_component_ref idref="oc-366"/>
      </symbol>
      <symbol id="sm-770">
         <name>TimerIntClear</name>
         <value>0x4305</value>
         <object_component_ref idref="oc-1aa"/>
      </symbol>
      <symbol id="sm-7fa">
         <name>UARTFIFODisable</name>
         <value>0x429d</value>
         <object_component_ref idref="oc-f9"/>
      </symbol>
      <symbol id="sm-7fb">
         <name>UARTConfigSetExpClk</name>
         <value>0x3c15</value>
         <object_component_ref idref="oc-2c5"/>
      </symbol>
      <symbol id="sm-7fc">
         <name>UARTDisable</name>
         <value>0x4045</value>
         <object_component_ref idref="oc-45c"/>
      </symbol>
      <symbol id="sm-7fd">
         <name>UARTIntEnable</name>
         <value>0x42c9</value>
         <object_component_ref idref="oc-ed"/>
      </symbol>
      <symbol id="sm-7fe">
         <name>UARTCharsAvail</name>
         <value>0x41fd</value>
         <object_component_ref idref="oc-11d"/>
      </symbol>
      <symbol id="sm-7ff">
         <name>UARTClockSourceSet</name>
         <value>0x42f3</value>
         <object_component_ref idref="oc-2b9"/>
      </symbol>
      <symbol id="sm-800">
         <name>UARTCharPut</name>
         <value>0x4293</value>
         <object_component_ref idref="oc-139"/>
      </symbol>
      <symbol id="sm-801">
         <name>UARTEnable</name>
         <value>0x4125</value>
         <object_component_ref idref="oc-2cb"/>
      </symbol>
      <symbol id="sm-802">
         <name>UARTIntClear</name>
         <value>0x4309</value>
         <object_component_ref idref="oc-111"/>
      </symbol>
      <symbol id="sm-803">
         <name>UARTIntStatus</name>
         <value>0x42a7</value>
         <object_component_ref idref="oc-10b"/>
      </symbol>
      <symbol id="sm-804">
         <name>UARTCharGet</name>
         <value>0x4289</value>
         <object_component_ref idref="oc-117"/>
      </symbol>
      <symbol id="sm-805">
         <name>UARTIntRegister</name>
         <value>0x40cb</value>
         <object_component_ref idref="oc-f3"/>
      </symbol>
      <symbol id="sm-80f">
         <name>CPUcpsie</name>
         <value>0x4251</value>
         <object_component_ref idref="oc-2f3"/>
      </symbol>
      <symbol id="sm-853">
         <name>atan2</name>
         <value>0x26c1</value>
         <object_component_ref idref="oc-53d"/>
      </symbol>
      <symbol id="sm-854">
         <name>atan2l</name>
         <value>0x26c1</value>
         <object_component_ref idref="oc-53d"/>
      </symbol>
      <symbol id="sm-88a">
         <name>atanl</name>
         <value>0x1f85</value>
         <object_component_ref idref="oc-630"/>
      </symbol>
      <symbol id="sm-88b">
         <name>atan</name>
         <value>0x1f85</value>
         <object_component_ref idref="oc-630"/>
      </symbol>
      <symbol id="sm-8ac">
         <name>_ZdlPv</name>
         <value>0x42d1</value>
         <object_component_ref idref="oc-2fa"/>
      </symbol>
      <symbol id="sm-8ad">
         <name>_ZdlPvj</name>
         <value>0x4315</value>
         <object_component_ref idref="oc-105"/>
      </symbol>
      <symbol id="sm-8f4">
         <name>__dso_handle</name>
         <value>0x20000534</value>
      </symbol>
      <symbol id="sm-8f5">
         <name>_Z25__add_destruction_to_listPP20a_needed_destructionPFYvPvES2_S2_</name>
         <value>0x3ca1</value>
         <object_component_ref idref="oc-343"/>
      </symbol>
      <symbol id="sm-8f6">
         <name>__aeabi_atexit</name>
         <value>0x3f61</value>
         <object_component_ref idref="oc-14d"/>
      </symbol>
      <symbol id="sm-8f7">
         <name>_Z23__finalize_destructionsPP20a_needed_destructionPv</name>
         <value>0x3ce5</value>
         <object_component_ref idref="oc-604"/>
      </symbol>
      <symbol id="sm-8f8">
         <name>__cxa_ia64_exit</name>
         <value>0x425d</value>
         <object_component_ref idref="oc-4be"/>
      </symbol>
      <symbol id="sm-94d">
         <name>_ZN10__cxxabiv117__class_type_infoD1Ev</name>
         <value>0x430d</value>
         <object_component_ref idref="oc-5f4"/>
      </symbol>
      <symbol id="sm-94e">
         <name>_ZTSN10__cxxabiv120__si_class_type_infoE</name>
         <value>0x4814</value>
         <object_component_ref idref="oc-6c8"/>
      </symbol>
      <symbol id="sm-94f">
         <name>_ZTSN10__cxxabiv117__class_type_infoE</name>
         <value>0x4839</value>
         <object_component_ref idref="oc-66f"/>
      </symbol>
      <symbol id="sm-950">
         <name>_ZN10__cxxabiv117__class_type_infoD2Ev</name>
         <value>0x430d</value>
         <object_component_ref idref="oc-5f4"/>
      </symbol>
      <symbol id="sm-951">
         <name>_ZN10__cxxabiv120__si_class_type_infoD2Ev</name>
         <value>0x4311</value>
         <object_component_ref idref="oc-6ab"/>
      </symbol>
      <symbol id="sm-952">
         <name>_ZTVN10__cxxabiv117__class_type_infoE</name>
         <value>0x4964</value>
         <object_component_ref idref="oc-4ac"/>
      </symbol>
      <symbol id="sm-953">
         <name>_ZTIN10__cxxabiv117__class_type_infoE</name>
         <value>0x49a0</value>
         <object_component_ref idref="oc-5ef"/>
      </symbol>
      <symbol id="sm-954">
         <name>_ZN10__cxxabiv120__si_class_type_infoD1Ev</name>
         <value>0x4311</value>
         <object_component_ref idref="oc-6ab"/>
      </symbol>
      <symbol id="sm-955">
         <name>_ZTIN10__cxxabiv120__si_class_type_infoE</name>
         <value>0x49ac</value>
         <object_component_ref idref="oc-6a6"/>
      </symbol>
      <symbol id="sm-956">
         <name>_ZN10__cxxabiv117__class_type_infoD0Ev</name>
         <value>0x420b</value>
         <object_component_ref idref="oc-5fa"/>
      </symbol>
      <symbol id="sm-957">
         <name>_ZTVN10__cxxabiv120__si_class_type_infoE</name>
         <value>0x4974</value>
         <object_component_ref idref="oc-66a"/>
      </symbol>
      <symbol id="sm-958">
         <name>_ZN10__cxxabiv120__si_class_type_infoD0Ev</name>
         <value>0x4219</value>
         <object_component_ref idref="oc-6b1"/>
      </symbol>
      <symbol id="sm-967">
         <name>__aeabi_uidivmod</name>
         <value>0x3d69</value>
         <object_component_ref idref="oc-1ec"/>
      </symbol>
      <symbol id="sm-968">
         <name>__aeabi_uidiv</name>
         <value>0x3d69</value>
         <object_component_ref idref="oc-1ec"/>
      </symbol>
      <symbol id="sm-977">
         <name>__aeabi_memset</name>
         <value>0x375f</value>
         <object_component_ref idref="oc-b6"/>
      </symbol>
      <symbol id="sm-978">
         <name>memset</name>
         <value>0x3765</value>
         <object_component_ref idref="oc-b6"/>
      </symbol>
      <symbol id="sm-979">
         <name>__aeabi_memset8</name>
         <value>0x375f</value>
         <object_component_ref idref="oc-b6"/>
      </symbol>
      <symbol id="sm-97a">
         <name>__aeabi_memset4</name>
         <value>0x375f</value>
         <object_component_ref idref="oc-b6"/>
      </symbol>
      <symbol id="sm-97b">
         <name>__aeabi_memclr8</name>
         <value>0x375d</value>
         <object_component_ref idref="oc-b6"/>
      </symbol>
      <symbol id="sm-97c">
         <name>__aeabi_memclr4</name>
         <value>0x375d</value>
         <object_component_ref idref="oc-b6"/>
      </symbol>
      <symbol id="sm-97d">
         <name>__aeabi_memclr</name>
         <value>0x375d</value>
         <object_component_ref idref="oc-b6"/>
      </symbol>
      <symbol id="sm-994">
         <name>__aeabi_dsub</name>
         <value>0x28ad</value>
         <object_component_ref idref="oc-1ba"/>
      </symbol>
      <symbol id="sm-995">
         <name>__aeabi_dadd</name>
         <value>0x28b7</value>
         <object_component_ref idref="oc-1ba"/>
      </symbol>
      <symbol id="sm-9b7">
         <name>__aeabi_cdcmpeq</name>
         <value>0x3651</value>
         <object_component_ref idref="oc-48b"/>
      </symbol>
      <symbol id="sm-9b8">
         <name>__aeabi_cdcmple</name>
         <value>0x3651</value>
         <object_component_ref idref="oc-48b"/>
      </symbol>
      <symbol id="sm-9b9">
         <name>__aeabi_cdrcmple</name>
         <value>0x36d7</value>
         <object_component_ref idref="oc-696"/>
      </symbol>
      <symbol id="sm-9cd">
         <name>__aeabi_ddiv</name>
         <value>0x2d35</value>
         <object_component_ref idref="oc-490"/>
      </symbol>
      <symbol id="sm-9d8">
         <name>__aeabi_dmul</name>
         <value>0x31bd</value>
         <object_component_ref idref="oc-1b5"/>
      </symbol>
      <symbol id="sm-9e4">
         <name>__aeabi_d2f</name>
         <value>0x3851</value>
         <object_component_ref idref="oc-129"/>
      </symbol>
      <symbol id="sm-9ef">
         <name>__aeabi_f2d</name>
         <value>0x3e8d</value>
         <object_component_ref idref="oc-1b0"/>
      </symbol>
      <symbol id="sm-9f9">
         <name>__aeabi_i2d</name>
         <value>0x3fc5</value>
         <object_component_ref idref="oc-538"/>
      </symbol>
      <symbol id="sm-a12">
         <name>__TI_zero_init_nomemset</name>
         <value>0x41cd</value>
         <object_component_ref idref="oc-4c"/>
      </symbol>
      <symbol id="sm-a29">
         <name>__TI_decompress_none</name>
         <value>0x4235</value>
         <object_component_ref idref="oc-18"/>
      </symbol>
      <symbol id="sm-a4c">
         <name>__TI_decompress_lzss</name>
         <value>0x3929</value>
         <object_component_ref idref="oc-12"/>
      </symbol>
      <symbol id="sm-a5f">
         <name>__stack</name>
         <value>0x20000270</value>
         <object_component_ref idref="oc-26"/>
      </symbol>
      <symbol id="sm-a60">
         <name>_c_int00_noargs</name>
         <value>0x3e1d</value>
         <object_component_ref idref="oc-5e"/>
      </symbol>
      <symbol id="sm-a86">
         <name>C$$EXIT</name>
         <value>0x431d</value>
         <object_component_ref idref="oc-251"/>
      </symbol>
      <symbol id="sm-a87">
         <name>abort</name>
         <value>0x431d</value>
         <object_component_ref idref="oc-251"/>
      </symbol>
      <symbol id="sm-a88">
         <name>__TI_dtors_ptr</name>
         <value>0x20000540</value>
         <object_component_ref idref="oc-41d"/>
      </symbol>
      <symbol id="sm-a89">
         <name>__TI_cleanup_ptr</name>
         <value>0x2000053c</value>
         <object_component_ref idref="oc-41d"/>
      </symbol>
      <symbol id="sm-a8a">
         <name>__TI_enable_exit_profile_output</name>
         <value>0x20000544</value>
         <object_component_ref idref="oc-41d"/>
      </symbol>
      <symbol id="sm-a8b">
         <name>exit</name>
         <value>0x3bcd</value>
         <object_component_ref idref="oc-257"/>
      </symbol>
      <symbol id="sm-b06">
         <name>_sys_memory</name>
         <value>0x20000570</value>
         <object_component_ref idref="oc-29"/>
      </symbol>
      <symbol id="sm-b07">
         <name>free</name>
         <value>0x33ad</value>
         <object_component_ref idref="oc-47d"/>
      </symbol>
      <symbol id="sm-b08">
         <name>malloc</name>
         <value>0x37d9</value>
         <object_component_ref idref="oc-4b8"/>
      </symbol>
      <symbol id="sm-b09">
         <name>minit</name>
         <value>0x3e55</value>
         <object_component_ref idref="oc-5be"/>
      </symbol>
      <symbol id="sm-b1e">
         <name>_nop</name>
         <value>0x2a63</value>
         <object_component_ref idref="oc-4c5"/>
      </symbol>
      <symbol id="sm-b1f">
         <name>_lock</name>
         <value>0x20000554</value>
         <object_component_ref idref="oc-349"/>
      </symbol>
      <symbol id="sm-b20">
         <name>_unlock</name>
         <value>0x20000558</value>
         <object_component_ref idref="oc-349"/>
      </symbol>
      <symbol id="sm-b2e">
         <name>atof</name>
         <value>0x41bb</value>
         <object_component_ref idref="oc-123"/>
      </symbol>
      <symbol id="sm-b3c">
         <name>strlen</name>
         <value>0x414d</value>
         <object_component_ref idref="oc-13f"/>
      </symbol>
      <symbol id="sm-b9c">
         <name>strtold</name>
         <value>0xfc1</value>
         <object_component_ref idref="oc-30c"/>
      </symbol>
      <symbol id="sm-b9d">
         <name>strtod</name>
         <value>0xfc1</value>
         <object_component_ref idref="oc-30c"/>
      </symbol>
      <symbol id="sm-bc4">
         <name>scalbn</name>
         <value>0x30ad</value>
         <object_component_ref idref="oc-49b"/>
      </symbol>
      <symbol id="sm-bc5">
         <name>scalbnl</name>
         <value>0x30ad</value>
         <object_component_ref idref="oc-49b"/>
      </symbol>
      <symbol id="sm-bc6">
         <name>ldexpl</name>
         <value>0x30ad</value>
         <object_component_ref idref="oc-49b"/>
      </symbol>
      <symbol id="sm-bc7">
         <name>ldexp</name>
         <value>0x30ad</value>
         <object_component_ref idref="oc-49b"/>
      </symbol>
      <symbol id="sm-bf0">
         <name>_ZTSSt9type_info</name>
         <value>0x4992</value>
         <object_component_ref idref="oc-6b6"/>
      </symbol>
      <symbol id="sm-bf1">
         <name>_ZNSt9type_infoD2Ev</name>
         <value>0x184b</value>
         <object_component_ref idref="oc-679"/>
      </symbol>
      <symbol id="sm-bf2">
         <name>_ZNSt9type_infoD1Ev</name>
         <value>0x184b</value>
         <object_component_ref idref="oc-679"/>
      </symbol>
      <symbol id="sm-bf3">
         <name>_ZTISt9type_info</name>
         <value>0x4a38</value>
         <object_component_ref idref="oc-674"/>
      </symbol>
      <symbol id="sm-bfd">
         <name>copysign</name>
         <value>0x4139</value>
         <object_component_ref idref="oc-5db"/>
      </symbol>
      <symbol id="sm-bfe">
         <name>copysignl</name>
         <value>0x4139</value>
         <object_component_ref idref="oc-5db"/>
      </symbol>
      <symbol id="sm-c08">
         <name>__aeabi_idiv0</name>
         <value>0x37d7</value>
         <object_component_ref idref="oc-3fd"/>
      </symbol>
      <symbol id="sm-c09">
         <name>__aeabi_ldiv0</name>
         <value>0x37d7</value>
         <object_component_ref idref="oc-3fd"/>
      </symbol>
      <symbol id="sm-c24">
         <name>memcpy</name>
         <value>0x3521</value>
         <object_component_ref idref="oc-40"/>
      </symbol>
      <symbol id="sm-c25">
         <name>__aeabi_memcpy</name>
         <value>0x3521</value>
         <object_component_ref idref="oc-40"/>
      </symbol>
      <symbol id="sm-c26">
         <name>__aeabi_memcpy8</name>
         <value>0x3521</value>
         <object_component_ref idref="oc-40"/>
      </symbol>
      <symbol id="sm-c27">
         <name>__aeabi_memcpy4</name>
         <value>0x3521</value>
         <object_component_ref idref="oc-40"/>
      </symbol>
      <symbol id="sm-c54">
         <name>__TI_auto_init_nobinit</name>
         <value>0x39f1</value>
         <object_component_ref idref="oc-263"/>
      </symbol>
      <symbol id="sm-c5e">
         <name>_system_pre_init</name>
         <value>0x4319</value>
         <object_component_ref idref="oc-bc"/>
      </symbol>
      <symbol id="sm-c75">
         <name>__aeabi_errno_addr</name>
         <value>0x42d9</value>
         <object_component_ref idref="oc-495"/>
      </symbol>
      <symbol id="sm-c76">
         <name>errno</name>
         <value>0x2000056c</value>
         <object_component_ref idref="oc-5d6"/>
      </symbol>
      <symbol id="sm-c81">
         <name>_ctypes_</name>
         <value>0x4320</value>
         <object_component_ref idref="oc-4a1"/>
      </symbol>
      <symbol id="sm-c83">
         <name>__TI_static_base__</name>
         <value>0x0</value>
      </symbol>
      <symbol id="sm-c86">
         <name>__mpu_init</name>
         <value>0x0</value>
      </symbol>
      <symbol id="sm-c87">
         <name>_system_post_cinit</name>
         <value>0x0</value>
      </symbol>
      <symbol id="sm-c88">
         <name>_ZSt17__throw_bad_allocv</name>
         <value>0x431d</value>
      </symbol>
   </symbol_table>
   <title>Link successful</title>
</link_info>
