******************************************************************************
                  TI ARM Linker PC v18.1.2                     
******************************************************************************
>> Linked Wed Oct 10 22:09:35 2018

OUTPUT FILE NAME:   <2WheelsRobot.out>
ENTRY POINT SYMBOL: "_c_int00_noargs"  address: 00003165


MEMORY CONFIGURATION

         name            origin    length      used     unused   attr    fill
----------------------  --------  ---------  --------  --------  ----  --------
  FLASH                 00000000   00040000  00003bd6  0003c42a  R  X
  SRAM                  20000000   00008000  00000599  00007a67  RW X


SEGMENT ALLOCATION MAP

run origin  load origin   length   init length attrs members
----------  ----------- ---------- ----------- ----- -------
00000000    00000000    00003be0   00003be0    r-x
  00000000    00000000    0000026c   0000026c    r-- .intvecs
  0000026c    0000026c    00003396   00003396    r-x .text
  00003608    00003608    00000568   00000568    r-- .const
  00003b70    00003b70    00000014   00000014    r-- .init_array
  00003b88    00003b88    00000058   00000058    r-- .cinit
20000000    20000000    000005a0   00000000    rw-
  20000000    20000000    0000026c   00000000    rw- .vtable
  20000270    20000270    00000200   00000000    rw- .stack
  20000470    20000470    000000f9   00000000    rw- .bss
  2000056c    2000056c    0000002c   00000000    rw- .data
  20000598    20000598    00000008   00000000    rw- .sysmem


SECTION ALLOCATION MAP

 output                                  attributes/
section   page    origin      length       input sections
--------  ----  ----------  ----------   ----------------
.intvecs   0    00000000    0000026c     
                  00000000    0000026c     tm4c123gh6pm_startup_ccs.obj (.intvecs)

.text      0    0000026c    00003396     
                  0000026c    000004e8     Log.obj (.text)
                  00000754    000004c4     I2C.obj (.text)
                  00000c18    00000318     GY521.obj (.text)
                  00000f30    000002ec     rtsv7M4_T_le_v4SPD16_eabi.lib : s_atan.c.obj (.text:atan)
                  0000121c    00000298     Kalman.obj (.text)
                  000014b4    00000268     UART.obj (.text)
                  0000171c    000001f0     Task.obj (.text)
                  0000190c    000001ec     rtsv7M4_T_le_v4SPD16_eabi.lib : e_atan2.c.obj (.text:atan2)
                  00001af8    000001b6                                   : fd_add_t2.asm.obj (.text)
                  00001cae    00000002                                   : stdlib_typeinfo.cpp.obj (.text:_ZNSt9type_infoD1Ev)
                  00001cb0    00000194     State.obj (.text)
                  00001e44    00000180     GPIO.obj (.text)
                  00001fc4    0000015c     ESP8266.obj (.text)
                  00002120    00000144     GPTM.obj (.text)
                  00002264    00000136     rtsv7M4_T_le_v4SPD16_eabi.lib : fd_div_t2.asm.obj (.text)
                  0000239a    00000132     driverlib.lib : gpio.obj (.text:GPIOPadConfigSet)
                  000024cc    00000110                   : sysctl.obj (.text:SysCtlClockGet)
                  000025dc    000000fc     rtsv7M4_T_le_v4SPD16_eabi.lib : fd_mul_t2.asm.obj (.text)
                  000026d8    000000f4     driverlib.lib : sysctl.obj (.text:SysCtlClockSet)
                  000027cc    000000d8     rtsv7M4_T_le_v4SPD16_eabi.lib : memory.c.obj (.text:free)
                  000028a4    000000b0     System.obj (.text)
                  00002954    0000009c     Logger.obj (.text)
                  000029f0    0000009c     rtsv7M4_T_le_v4SPD16_eabi.lib : memcpy_t2.asm.obj (.text)
                  00002a8c    00000086                                   : fd_cmp_t2.asm.obj (.text:__aeabi_cdrcmple)
                  00002b12    00000002                                   : _lock.c.obj (.text:_nop)
                  00002b14    00000078                                   : memory.c.obj (.text:malloc)
                  00002b8c    0000006e                                   : fd_tos_t2.asm.obj (.text)
                  00002bfa    00000002                                   : div0.asm.obj (.text)
                  00002bfc    00000068     driverlib.lib : interrupt.obj (.text:IntEnable)
                  00002c64    00000068     rtsv7M4_T_le_v4SPD16_eabi.lib : copy_decompress_lzss.c.obj (.text:decompress:lzss:__TI_decompress_lzss)
                  00002ccc    00000060     driverlib.lib : timer.obj (.text:TimerConfigure)
                  00002d2c    00000060     rtsv7M4_T_le_v4SPD16_eabi.lib : autoinit.c.obj (.text:__TI_auto_init_nobinit:__TI_auto_init_nobinit)
                  00002d8c    00000058     Params.obj (.text)
                  00002de4    00000050     driverlib.lib : sysctl.obj (.text:SysCtlPeripheralReset)
                  00002e34    0000004c                   : i2c.obj (.text:I2CMasterInitExpClk)
                  00002e80    0000004c                   : timer.obj (.text:_TimerIntNumberGet)
                  00002ecc    00000048                   : gpio.obj (.text:GPIOPinConfigure)
                  00002f14    00000048     rtsv7M4_T_le_v4SPD16_eabi.lib : exit.c.obj (.text:exit)
                  00002f5c    00000046     driverlib.lib : uart.obj (.text:UARTConfigSetExpClk)
                  00002fa2    00000046     State.obj (.text:_ZN5GY521aSERKS_)
                  00002fe8    00000044     rtsv7M4_T_le_v4SPD16_eabi.lib : dtor_list.c.obj (.text:_Z25__add_destruction_to_listPP20a_needed_destructionPFYvPvES2_S2_)
                  0000302c    00000042                                   : dtor_list.c.obj (.text:_Z23__finalize_destructionsPP20a_needed_destructionPv)
                  0000306e    00000002     --HOLE-- [fill = 0]
                  00003070    00000040     driverlib.lib : uart.obj (.text:_UARTIntNumberGet)
                  000030b0    00000040     rtsv7M4_T_le_v4SPD16_eabi.lib : u_divt2.asm.obj (.text)
                  000030f0    0000003c                                   : memory.c.obj (.text:minsert)
                  0000312c    00000038     driverlib.lib : sysctl.obj (.text:SysCtlPeripheralReady)
                  00003164    00000038     rtsv7M4_T_le_v4SPD16_eabi.lib : boot_cortex_m.c.obj (.text:_c_int00_noargs:_c_int00_noargs)
                  0000319c    00000038                                   : memory.c.obj (.text:minit)
                  000031d4    00000034     driverlib.lib : interrupt.obj (.text:IntRegister)
                  00003208    00000034                   : sysctl.obj (.text:SysCtlPeripheralEnable)
                  0000323c    00000034     GY521.obj (.text:_Z5atan2IssENSt3__216__lazy_enable_ifIXaasr3std3__213is_arithmeticIT_EE5valuesr3std3__213is_arithmeticIT0_EE5valueENS0_9__promoteIS2_S3_vEEE4typeES2_S3_)
                  00003270    00000034     rtsv7M4_T_le_v4SPD16_eabi.lib : dtor_list.c.obj (.text:__aeabi_atexit)
                  000032a4    00000030     GY521.obj (.text:_Z5atan2IisENSt3__216__lazy_enable_ifIXaasr3std3__213is_arithmeticIT_EE5valuesr3std3__213is_arithmeticIT0_EE5valueENS0_9__promoteIS2_S3_vEEE4typeES2_S3_)
                  000032d4    0000002e     rtsv7M4_T_le_v4SPD16_eabi.lib : i_tofd_t2.asm.obj (.text)
                  00003302    0000002a     driverlib.lib : gpio.obj (.text:GPIODirModeSet)
                  0000332c    00000028     rtsv7M4_T_le_v4SPD16_eabi.lib : memory.c.obj (.text:mremove)
                  00003354    00000020     driverlib.lib : uart.obj (.text:UARTDisable)
                  00003374    0000001e     ESP8266.obj (.text:_ZN4UARTaSERKS_)
                  00003392    0000001a     main.obj (.text)
                  000033ac    00000018     driverlib.lib : gpio.obj (.text:GPIOPinTypeGPIOOutput)
                  000033c4    00000018                   : timer.obj (.text:TimerControlStall)
                  000033dc    00000018                   : timer.obj (.text:TimerIntRegister)
                  000033f4    00000018                   : uart.obj (.text:UARTIntRegister)
                  0000340c    00000016     GY521.obj (.text:_ZN3I2CaSERKS_)
                  00003422    00000016     DRV8412.obj (.text:_ZN4GPIOaSERKS_)
                  00003438    00000016     Task.obj (.text:_ZN4GPTMaSERKS_)
                  0000344e    00000014     driverlib.lib : uart.obj (.text:UARTEnable)
                  00003462    00000012                   : gpio.obj (.text:GPIOPinTypeGPIOInput)
                  00003474    00000012                   : gpio.obj (.text:GPIOPinTypeI2C)
                  00003486    00000012                   : gpio.obj (.text:GPIOPinTypeI2CSCL)
                  00003498    00000012                   : gpio.obj (.text:GPIOPinTypeUART)
                  000034aa    00000012                   : timer.obj (.text:TimerLoadSet)
                  000034bc    00000012     rtsv7M4_T_le_v4SPD16_eabi.lib : copy_zero_init.c.obj (.text:decompress:ZI:__TI_zero_init_nomemset:__TI_zero_init_nomemset)
                  000034ce    00000010     driverlib.lib : interrupt.obj (.text:IntMasterEnable)
                  000034de    0000000e                   : timer.obj (.text:TimerEnable)
                  000034ec    0000000e                   : uart.obj (.text:UARTCharsAvail)
                  000034fa    0000000e     rtsv7M4_T_le_v4SPD16_eabi.lib : typeinfo.c.obj (.text:_ZN10__cxxabiv117__class_type_infoD0Ev)
                  00003508    0000000e                                   : typeinfo.c.obj (.text:_ZN10__cxxabiv120__si_class_type_infoD0Ev)
                  00003516    0000000e     System.obj (.text:_ZN6LoggeraSERKS_)
                  00003524    0000000e     rtsv7M4_T_le_v4SPD16_eabi.lib : copy_decompress_none.c.obj (.text:decompress:none:__TI_decompress_none)
                  00003532    0000000c     driverlib.lib : cpu.obj (.text:CPUcpsie)
                  0000353e    00000002     --HOLE-- [fill = 0]
                  00003540    0000000c     rtsv7M4_T_le_v4SPD16_eabi.lib : dtor_list.c.obj (.text:__cxa_ia64_exit)
                  0000354c    0000000c     tm4c123gh6pm_startup_ccs.obj (.text)
                  00003558    0000000a     driverlib.lib : i2c.obj (.text:I2CMasterEnable)
                  00003562    0000000a                   : timer.obj (.text:TimerIntStatus)
                  0000356c    0000000a                   : uart.obj (.text:UARTCharGet)
                  00003576    0000000a                   : uart.obj (.text:UARTCharPut)
                  00003580    0000000a                   : uart.obj (.text:UARTFIFODisable)
                  0000358a    0000000a                   : uart.obj (.text:UARTIntStatus)
                  00003594    00000008                   : i2c.obj (.text:I2CMasterBusy)
                  0000359c    00000008                   : i2c.obj (.text:I2CMasterSlaveAddrSet)
                  000035a4    00000008                   : timer.obj (.text:TimerIntEnable)
                  000035ac    00000008                   : uart.obj (.text:UARTIntEnable)
                  000035b4    00000008     rtsv7M4_T_le_v4SPD16_eabi.lib : new.cpp.obj (.text:_ZdlPv)
                  000035bc    00000006     driverlib.lib : gpio.obj (.text:GPIOPinRead)
                  000035c2    00000006                   : gpio.obj (.text:GPIOPinWrite)
                  000035c8    00000006                   : sysctl.obj (.text:SysCtlDelay)
                  000035ce    00000006                   : timer.obj (.text:TimerClockSourceSet)
                  000035d4    00000006                   : uart.obj (.text:UARTClockSourceSet)
                  000035da    00000004                   : i2c.obj (.text:I2CMasterControl)
                  000035de    00000004                   : i2c.obj (.text:I2CMasterDataGet)
                  000035e2    00000004                   : i2c.obj (.text:I2CMasterDataPut)
                  000035e6    00000004                   : timer.obj (.text:TimerIntClear)
                  000035ea    00000004                   : uart.obj (.text:UARTIntClear)
                  000035ee    00000004     rtsv7M4_T_le_v4SPD16_eabi.lib : typeinfo.c.obj (.text:_ZN10__cxxabiv117__class_type_infoD1Ev)
                  000035f2    00000004                                   : typeinfo.c.obj (.text:_ZN10__cxxabiv120__si_class_type_infoD1Ev)
                  000035f6    00000004                                   : new.cpp.obj (.text:_ZdlPvj)
                  000035fa    00000004                                   : pre_init.c.obj (.text:_system_pre_init)
                  000035fe    00000004                                   : exit.c.obj (.text:abort:abort)

.const     0    00003608    00000568     
                  00003608    00000098     rtsv7M4_T_le_v4SPD16_eabi.lib : s_atan.c.obj (.const:$O1$$)
                  000036a0    00000090     driverlib.lib : gpio.obj (.const:g_pui32GPIOBaseAddrs)
                  00003730    00000070                   : interrupt.obj (.const)
                  000037a0    0000006c                   : sysctl.obj (.const:g_pui32Xtals)
                  0000380c    00000060                   : timer.obj (.const:g_ppui32TimerIntMap)
                  0000386c    00000040                   : timer.obj (.const:g_ppui32TimerIntMapSnowflake)
                  000038ac    00000040                   : uart.obj (.const:g_ppui32UARTIntMap)
                  000038ec    00000040                   : uart.obj (.const:g_ppui32UARTIntMapSnowflake)
                  0000392c    00000025     rtsv7M4_T_le_v4SPD16_eabi.lib : typeinfo.c.obj (.const:.typeinfo:_ZTSN10__cxxabiv120__si_class_type_infoE)
                  00003951    00000022                                   : typeinfo.c.obj (.const:.typeinfo:_ZTSN10__cxxabiv117__class_type_infoE)
                  00003973    00000001     --HOLE-- [fill = 0]
                  00003974    00000012     Log.obj (.const:.string)
                  00003986    00000002     --HOLE-- [fill = 0]
                  00003988    00000010     GY521.obj (.const:MPU6050AccelFactors)
                  00003998    00000010     GY521.obj (.const:MPU6050GyroFactors)
                  000039a8    00000010     I2C.obj (.const:_ZTV3I2C)
                  000039b8    00000010     Log.obj (.const:_ZTV3Log)
                  000039c8    00000010     GPIO.obj (.const:_ZTV4GPIO)
                  000039d8    00000010     GPTM.obj (.const:_ZTV4GPTM)
                  000039e8    00000010     Task.obj (.const:_ZTV4Task)
                  000039f8    00000010     UART.obj (.const:_ZTV4UART)
                  00003a08    00000010     GY521.obj (.const:_ZTV5GY521)
                  00003a18    00000010     State.obj (.const:_ZTV5State)
                  00003a28    00000010     Logger.obj (.const:_ZTV6Logger)
                  00003a38    00000010     Params.obj (.const:_ZTV6Params)
                  00003a48    00000010     System.obj (.const:_ZTV6System)
                  00003a58    00000010     ESP8266.obj (.const:_ZTV7ESP8266)
                  00003a68    00000010     rtsv7M4_T_le_v4SPD16_eabi.lib : typeinfo.c.obj (.const:_ZTVN10__cxxabiv117__class_type_infoE)
                  00003a78    00000010                                   : typeinfo.c.obj (.const:_ZTVN10__cxxabiv120__si_class_type_infoE)
                  00003a88    0000000d                                   : stdlib_typeinfo.cpp.obj (.const:.typeinfo:_ZTSSt9type_info)
                  00003a95    00000003     --HOLE-- [fill = 0]
                  00003a98    0000000c                                   : typeinfo.c.obj (.const:.typeinfo:_ZTIN10__cxxabiv117__class_type_infoE)
                  00003aa4    0000000c                                   : typeinfo.c.obj (.const:.typeinfo:_ZTIN10__cxxabiv120__si_class_type_infoE)
                  00003ab0    00000009     ESP8266.obj (.const:.typeinfo:_ZTS7ESP8266)
                  00003ab9    00000003     --HOLE-- [fill = 0]
                  00003abc    00000008     I2C.obj (.const:.typeinfo:_ZTI3I2C)
                  00003ac4    00000008     Log.obj (.const:.typeinfo:_ZTI3Log)
                  00003acc    00000008     GPIO.obj (.const:.typeinfo:_ZTI4GPIO)
                  00003ad4    00000008     GPTM.obj (.const:.typeinfo:_ZTI4GPTM)
                  00003adc    00000008     Task.obj (.const:.typeinfo:_ZTI4Task)
                  00003ae4    00000008     UART.obj (.const:.typeinfo:_ZTI4UART)
                  00003aec    00000008     GY521.obj (.const:.typeinfo:_ZTI5GY521)
                  00003af4    00000008     State.obj (.const:.typeinfo:_ZTI5State)
                  00003afc    00000008     Logger.obj (.const:.typeinfo:_ZTI6Logger)
                  00003b04    00000008     Params.obj (.const:.typeinfo:_ZTI6Params)
                  00003b0c    00000008     System.obj (.const:.typeinfo:_ZTI6System)
                  00003b14    00000008     ESP8266.obj (.const:.typeinfo:_ZTI7ESP8266)
                  00003b1c    00000008     rtsv7M4_T_le_v4SPD16_eabi.lib : stdlib_typeinfo.cpp.obj (.const:.typeinfo:_ZTISt9type_info)
                  00003b24    00000008     Logger.obj (.const:.typeinfo:_ZTS6Logger)
                  00003b2c    00000008     Params.obj (.const:.typeinfo:_ZTS6Params)
                  00003b34    00000008     System.obj (.const:.typeinfo:_ZTS6System)
                  00003b3c    00000007     GY521.obj (.const:.typeinfo:_ZTS5GY521)
                  00003b43    00000007     State.obj (.const:.typeinfo:_ZTS5State)
                  00003b4a    00000006     GPIO.obj (.const:.typeinfo:_ZTS4GPIO)
                  00003b50    00000006     GPTM.obj (.const:.typeinfo:_ZTS4GPTM)
                  00003b56    00000006     Task.obj (.const:.typeinfo:_ZTS4Task)
                  00003b5c    00000006     UART.obj (.const:.typeinfo:_ZTS4UART)
                  00003b62    00000005     I2C.obj (.const:.typeinfo:_ZTS3I2C)
                  00003b67    00000005     Log.obj (.const:.typeinfo:_ZTS3Log)
                  00003b6c    00000004     Log.obj (.const)

.cinit     0    00003b88    00000058     
                  00003b88    0000001f     (.cinit..data.load) [load image, compression = lzss]
                  00003ba7    00000001     --HOLE-- [fill = 0]
                  00003ba8    0000000c     (__TI_handler_table)
                  00003bb4    00000004     --HOLE-- [fill = 0]
                  00003bb8    00000008     (.cinit..bss.load) [load image, compression = zero_init]
                  00003bc0    00000008     (.cinit..vtable.load) [load image, compression = zero_init]
                  00003bc8    00000018     (__TI_cinit_table)

.init_array 
*          0    00003b70    00000014     
                  00003b70    00000004     Task.obj (.init_array)
                  00003b74    00000004     System.obj (.init_array)
                  00003b78    00000004     State.obj (.init_array)
                  00003b7c    00000004     Logger.obj (.init_array)
                  00003b80    00000004     ESP8266.obj (.init_array)

.vtable    0    20000000    0000026c     UNINITIALIZED
                  20000000    0000026c     driverlib.lib : interrupt.obj (.vtable)

.stack     0    20000270    00000200     UNINITIALIZED
                  20000270    00000004     rtsv7M4_T_le_v4SPD16_eabi.lib : boot_cortex_m.c.obj (.stack)
                  20000274    000001fc     --HOLE--

.bss       0    20000470    000000f9     UNINITIALIZED
                  20000470    00000078     Task.obj (.bss:timer_event_list)
                  200004e8    00000028     State.obj (.bss:_ZN5State6kalmanE)
                  20000510    0000001c     State.obj (.bss:_ZN5State5gy521E)
                  2000052c    0000000c     Logger.obj (.bss:_ZN6Logger4uartE)
                  20000538    0000000c     ESP8266.obj (.bss:_ZN7ESP82664uartE)
                  20000544    00000008     Task.obj (.bss:_ZN4Task10task_timerE)
                  2000054c    00000008     State.obj (.bss:_ZN5State5portFE)
                  20000554    00000004     System.obj (.bss:_ZN6System4taskE)
                  20000558    00000004     System.obj (.bss:_ZN6System6loggerE)
                  2000055c    00000004     (.common:_ZN3Log6loggerE)
                  20000560    00000004     (.common:_ZN5State6paramsE)
                  20000564    00000004     (.common:__dso_handle)
                  20000568    00000001     (.common:_ZN7ESP826613esp8266StatusE)

.data      0    2000056c    0000002c     UNINITIALIZED
                  2000056c    0000000c     rtsv7M4_T_le_v4SPD16_eabi.lib : exit.c.obj (.data:$O1$$)
                  20000578    0000000c                                   : memory.c.obj (.data:$O1$$)
                  20000584    00000008                                   : _lock.c.obj (.data:$O1$$)
                  2000058c    00000004     ESP8266.obj (.data)
                  20000590    00000004     State.obj (.data)
                  20000594    00000004     rtsv7M4_T_le_v4SPD16_eabi.lib : dtor_list.c.obj (.data)

.sysmem    0    20000598    00000008     UNINITIALIZED
                  20000598    00000008     rtsv7M4_T_le_v4SPD16_eabi.lib : memory.c.obj (.sysmem)

MODULE SUMMARY

       Module                         code    ro data   rw data
       ------                         ----    -------   -------
    .\
       tm4c123gh6pm_startup_ccs.obj   12      620       0      
       main.obj                       26      0         0      
    +--+------------------------------+-------+---------+---------+
       Total:                         38      620       0      
                                                               
    .\modules\DRV8412\
       DRV8412.obj                    22      0         0      
    +--+------------------------------+-------+---------+---------+
       Total:                         22      0         0      
                                                               
    .\modules\ESP8266\
       ESP8266.obj                    378     37        17     
    +--+------------------------------+-------+---------+---------+
       Total:                         378     37        17     
                                                               
    .\modules\GY521\
       GY521.obj                      914     63        0      
    +--+------------------------------+-------+---------+---------+
       Total:                         914     63        0      
                                                               
    .\peripheral\GPIO\
       GPIO.obj                       384     30        0      
    +--+------------------------------+-------+---------+---------+
       Total:                         384     30        0      
                                                               
    .\peripheral\GPTM\
       GPTM.obj                       324     30        0      
    +--+------------------------------+-------+---------+---------+
       Total:                         324     30        0      
                                                               
    .\peripheral\I2C\
       I2C.obj                        1220    29        0      
    +--+------------------------------+-------+---------+---------+
       Total:                         1220    29        0      
                                                               
    .\peripheral\UART\
       UART.obj                       616     30        0      
    +--+------------------------------+-------+---------+---------+
       Total:                         616     30        0      
                                                               
    .\slib\Log\
       Log.obj                        1256    51        4      
       Logger.obj                     156     36        12     
    +--+------------------------------+-------+---------+---------+
       Total:                         1412    87        16     
                                                               
    .\slib\Params\
       Params.obj                     88      32        0      
    +--+------------------------------+-------+---------+---------+
       Total:                         88      32        0      
                                                               
    .\slib\State\
       State.obj                      474     35        84     
    +--+------------------------------+-------+---------+---------+
       Total:                         474     35        84     
                                                               
    .\slib\State\Kalman\
       Kalman.obj                     664     0         0      
    +--+------------------------------+-------+---------+---------+
       Total:                         664     0         0      
                                                               
    .\slib\System\
       System.obj                     190     36        8      
    +--+------------------------------+-------+---------+---------+
       Total:                         190     36        8      
                                                               
    .\slib\Task\
       Task.obj                       518     34        128    
    +--+------------------------------+-------+---------+---------+
       Total:                         518     34        128    
                                                               
    ../driverlib.lib
       interrupt.obj                  172     112       620    
       sysctl.obj                     710     108       0      
       gpio.obj                       528     144       0      
       timer.obj                      280     160       0      
       uart.obj                       282     128       0      
       i2c.obj                        114     0         0      
       cpu.obj                        12      0         0      
    +--+------------------------------+-------+---------+---------+
       Total:                         2098    652       620    
                                                               
    D:\ProgrameFiles\CCS\ccsv8\tools\compiler\ti-cgt-arm_18.1.2.LTS\lib\rtsv7M4_T_le_v4SPD16_eabi.lib
       s_atan.c.obj                   748     152       0      
       memory.c.obj                   492     0         12     
       e_atan2.c.obj                  492     0         0      
       fd_add_t2.asm.obj              438     0         0      
       fd_div_t2.asm.obj              310     0         0      
       fd_mul_t2.asm.obj              252     0         0      
       dtor_list.c.obj                198     0         8      
       typeinfo.c.obj                 36      127       0      
       memcpy_t2.asm.obj              156     0         0      
       fd_cmp_t2.asm.obj              134     0         0      
       fd_tos_t2.asm.obj              110     0         0      
       copy_decompress_lzss.c.obj     104     0         0      
       autoinit.c.obj                 96      0         0      
       exit.c.obj                     76      0         12     
       u_divt2.asm.obj                64      0         0      
       boot_cortex_m.c.obj            56      0         0      
       i_tofd_t2.asm.obj              46      0         0      
       stdlib_typeinfo.cpp.obj        2       21        0      
       copy_zero_init.c.obj           18      0         0      
       copy_decompress_none.c.obj     14      0         0      
       new.cpp.obj                    12      0         0      
       _lock.c.obj                    2       0         8      
       pre_init.c.obj                 4       0         0      
       div0.asm.obj                   2       0         0      
    +--+------------------------------+-------+---------+---------+
       Total:                         3862    300       40     
                                                               
       Heap:                          0       0         8      
       Stack:                         0       0         512    
       Linker Generated:              0       83        0      
    +--+------------------------------+-------+---------+---------+
       Grand Total:                   13202   2098      1433   


LINKER GENERATED COPY TABLES

__TI_cinit_table @ 00003bc8 records: 3, size/record: 8, table size: 24
	.data: load addr=00003b88, load size=0000001f bytes, run addr=2000056c, run size=0000002c bytes, compression=lzss
	.bss: load addr=00003bb8, load size=00000008 bytes, run addr=20000470, run size=000000f9 bytes, compression=zero_init
	.vtable: load addr=00003bc0, load size=00000008 bytes, run addr=20000000, run size=0000026c bytes, compression=zero_init


LINKER GENERATED HANDLER TABLE

__TI_handler_table @ 00003ba8 records: 3, size/record: 4, table size: 12
	index: 0, handler: __TI_zero_init
	index: 1, handler: __TI_decompress_lzss
	index: 2, handler: __TI_decompress_none


GLOBAL SYMBOLS: SORTED ALPHABETICALLY BY Name 

address   name                                                                                                                                                    
-------   ----                                                                                                                                                    
000035ff  C$$EXIT                                                                                                                                                 
00003533  CPUcpsie                                                                                                                                                
00003303  GPIODirModeSet                                                                                                                                          
0000239b  GPIOPadConfigSet                                                                                                                                        
00002ecd  GPIOPinConfigure                                                                                                                                        
000035bd  GPIOPinRead                                                                                                                                             
00003463  GPIOPinTypeGPIOInput                                                                                                                                    
000033ad  GPIOPinTypeGPIOOutput                                                                                                                                   
00003475  GPIOPinTypeI2C                                                                                                                                          
00003487  GPIOPinTypeI2CSCL                                                                                                                                       
00003499  GPIOPinTypeUART                                                                                                                                         
000035c3  GPIOPinWrite                                                                                                                                            
00003595  I2CMasterBusy                                                                                                                                           
000035db  I2CMasterControl                                                                                                                                        
000035df  I2CMasterDataGet                                                                                                                                        
000035e3  I2CMasterDataPut                                                                                                                                        
00003559  I2CMasterEnable                                                                                                                                         
00002e35  I2CMasterInitExpClk                                                                                                                                     
0000359d  I2CMasterSlaveAddrSet                                                                                                                                   
00002bfd  IntEnable                                                                                                                                               
000034cf  IntMasterEnable                                                                                                                                         
000031d5  IntRegister                                                                                                                                             
0000354d  ResetISR                                                                                                                                                
00003b70  SHT$$INIT_ARRAY$$Base                                                                                                                                   
00003b84  SHT$$INIT_ARRAY$$Limit                                                                                                                                  
000024cd  SysCtlClockGet                                                                                                                                          
000026d9  SysCtlClockSet                                                                                                                                          
000035c9  SysCtlDelay                                                                                                                                             
00003209  SysCtlPeripheralEnable                                                                                                                                  
0000312d  SysCtlPeripheralReady                                                                                                                                   
00002de5  SysCtlPeripheralReset                                                                                                                                   
000035cf  TimerClockSourceSet                                                                                                                                     
00002ccd  TimerConfigure                                                                                                                                          
000033c5  TimerControlStall                                                                                                                                       
000034df  TimerEnable                                                                                                                                             
000035e7  TimerIntClear                                                                                                                                           
000035a5  TimerIntEnable                                                                                                                                          
000033dd  TimerIntRegister                                                                                                                                        
00003563  TimerIntStatus                                                                                                                                          
000034ab  TimerLoadSet                                                                                                                                            
0000356d  UARTCharGet                                                                                                                                             
00003577  UARTCharPut                                                                                                                                             
000034ed  UARTCharsAvail                                                                                                                                          
000035d5  UARTClockSourceSet                                                                                                                                      
00002f5d  UARTConfigSetExpClk                                                                                                                                     
00003355  UARTDisable                                                                                                                                             
0000344f  UARTEnable                                                                                                                                              
00003581  UARTFIFODisable                                                                                                                                         
000035eb  UARTIntClear                                                                                                                                            
000035ad  UARTIntEnable                                                                                                                                           
000033f5  UARTIntRegister                                                                                                                                         
0000358b  UARTIntStatus                                                                                                                                           
0000302d  _Z23__finalize_destructionsPP20a_needed_destructionPv                                                                                                   
00002fe9  _Z25__add_destruction_to_listPP20a_needed_destructionPFYvPvES2_S2_                                                                                      
000032a5  _Z5atan2IisENSt3__216__lazy_enable_ifIXaasr3std3__213is_arithmeticIT_EE5valuesr3std3__213is_arithmeticIT0_EE5valueENS0_9__promoteIS2_S3_vEEE4typeES2_S3_
0000323d  _Z5atan2IssENSt3__216__lazy_enable_ifIXaasr3std3__213is_arithmeticIT_EE5valuesr3std3__213is_arithmeticIT0_EE5valueENS0_9__promoteIS2_S3_vEEE4typeES2_S3_
00001fc5  _Z9donothingc                                                                                                                                           
000034fb  _ZN10__cxxabiv117__class_type_infoD0Ev                                                                                                                  
000035ef  _ZN10__cxxabiv117__class_type_infoD1Ev                                                                                                                  
000035ef  _ZN10__cxxabiv117__class_type_infoD2Ev                                                                                                                  
00003509  _ZN10__cxxabiv120__si_class_type_infoD0Ev                                                                                                               
000035f3  _ZN10__cxxabiv120__si_class_type_infoD1Ev                                                                                                               
000035f3  _ZN10__cxxabiv120__si_class_type_infoD2Ev                                                                                                               
000008e7  _ZN3I2C10WriteBurstEhPhh                                                                                                                                
000009c1  _ZN3I2C10WriteBurstEhhPhh                                                                                                                               
00000ac5  _ZN3I2C4ReadEhhPh                                                                                                                                       
000008c9  _ZN3I2C5WriteEhh                                                                                                                                        
00000995  _ZN3I2C5WriteEhhh                                                                                                                                       
00000b35  _ZN3I2C9ReadBurstEhhPhh                                                                                                                                 
00000767  _ZN3I2CC1E4I2C_10I2C_SPEED_                                                                                                                             
00000755  _ZN3I2CC1Ev                                                                                                                                             
00000767  _ZN3I2CC2E4I2C_10I2C_SPEED_                                                                                                                             
00000755  _ZN3I2CC2Ev                                                                                                                                             
000008b5  _ZN3I2CD0Ev                                                                                                                                             
000008a9  _ZN3I2CD1Ev                                                                                                                                             
000008a9  _ZN3I2CD2Ev                                                                                                                                             
0000340d  _ZN3I2CaSERKS_                                                                                                                                          
000002e7  _ZN3Log10logWarningEPKcz                                                                                                                                
0000029f  _ZN3Log4initEP6Logger                                                                                                                                   
00000357  _ZN3Log6logStrEPKc                                                                                                                                      
2000055c  _ZN3Log6loggerE                                                                                                                                         
0000039f  _ZN3Log7logDoneEPKcz                                                                                                                                    
000002af  _ZN3Log7logInfoEPKcz                                                                                                                                    
00000367  _ZN3Log8logDoingEPKcz                                                                                                                                   
0000031f  _ZN3Log8logErrorEPKcz                                                                                                                                   
0000041d  _ZN3Log8vprintf2EPKc11__va_list_t                                                                                                                       
0000026d  _ZN3LogC1Ev                                                                                                                                             
0000026d  _ZN3LogC2Ev                                                                                                                                             
0000028b  _ZN3LogD0Ev                                                                                                                                             
0000027f  _ZN3LogD1Ev                                                                                                                                             
0000027f  _ZN3LogD2Ev                                                                                                                                             
00001f01  _ZN4GPIO4modeEh10GPIO_MODE_                                                                                                                             
00001f7b  _ZN4GPIO4readEh                                                                                                                                         
00001f3b  _ZN4GPIO5writeEhh                                                                                                                                       
00001e57  _ZN4GPIOC1E10GPIO_PORT_                                                                                                                                 
00001e45  _ZN4GPIOC1Ev                                                                                                                                            
00001e57  _ZN4GPIOC2E10GPIO_PORT_                                                                                                                                 
00001e45  _ZN4GPIOC2Ev                                                                                                                                            
00001eed  _ZN4GPIOD0Ev                                                                                                                                            
00001ee1  _ZN4GPIOD1Ev                                                                                                                                            
00001ee1  _ZN4GPIOD2Ev                                                                                                                                            
00003423  _ZN4GPIOaSERKS_                                                                                                                                         
00002153  _ZN4GPTMC1E5GPTM_t                                                                                                                                      
00002121  _ZN4GPTMC1Ev                                                                                                                                            
00002153  _ZN4GPTMC2E5GPTM_t                                                                                                                                      
00002121  _ZN4GPTMC2Ev                                                                                                                                            
0000213f  _ZN4GPTMD0Ev                                                                                                                                            
00002133  _ZN4GPTMD1Ev                                                                                                                                            
00002133  _ZN4GPTMD2Ev                                                                                                                                            
00003439  _ZN4GPTMaSERKS_                                                                                                                                         
20000544  _ZN4Task10task_timerE                                                                                                                                   
00001781  _ZN4Task13registerEventEPFvvEm                                                                                                                          
00001801  _ZN4Task15unregisterEventEh                                                                                                                             
0000174f  _ZN4Task4initEv                                                                                                                                         
00001845  _ZN4Task8timerISREv                                                                                                                                     
0000171d  _ZN4TaskC1Ev                                                                                                                                            
0000171d  _ZN4TaskC2Ev                                                                                                                                            
0000173b  _ZN4TaskD0Ev                                                                                                                                            
0000172f  _ZN4TaskD1Ev                                                                                                                                            
0000172f  _ZN4TaskD2Ev                                                                                                                                            
000015ed  _ZN4UART4sendEPKc                                                                                                                                       
00001641  _ZN4UART4sendEPKch                                                                                                                                      
000016b5  _ZN4UART5reicvEPhc                                                                                                                                      
0000167b  _ZN4UART5reicvEPhh                                                                                                                                      
000014c7  _ZN4UARTC1E5UART_j                                                                                                                                      
000014b5  _ZN4UARTC1Ev                                                                                                                                            
000014c7  _ZN4UARTC2E5UART_j                                                                                                                                      
000014b5  _ZN4UARTC2Ev                                                                                                                                            
000015d9  _ZN4UARTD0Ev                                                                                                                                            
000015cd  _ZN4UARTD1Ev                                                                                                                                            
000015cd  _ZN4UARTD2Ev                                                                                                                                            
00003375  _ZN4UARTaSERKS_                                                                                                                                         
00000ecd  _ZN5GY52110updateGyroEv                                                                                                                                 
00000e7f  _ZN5GY52111updateAccelEv                                                                                                                                
00000d9d  _ZN5GY5217getGyroEPf                                                                                                                                    
00000e4f  _ZN5GY5217getRollEv                                                                                                                                     
00000d1d  _ZN5GY5218getAccelEPf                                                                                                                                   
00000e1d  _ZN5GY5218getPitchEv                                                                                                                                    
00000c19  _ZN5GY521C1Ev                                                                                                                                           
00000c19  _ZN5GY521C2Ev                                                                                                                                           
00000d09  _ZN5GY521D0Ev                                                                                                                                           
00000cf9  _ZN5GY521D1Ev                                                                                                                                           
00000cf9  _ZN5GY521D2Ev                                                                                                                                           
00002fa3  _ZN5GY521aSERKS_                                                                                                                                        
00001d4f  _ZN5State15stateUpdateTaskEv                                                                                                                            
20000590  _ZN5State4rollE                                                                                                                                         
20000510  _ZN5State5gy521E                                                                                                                                        
2000054c  _ZN5State5portFE                                                                                                                                        
200004e8  _ZN5State6kalmanE                                                                                                                                       
20000560  _ZN5State6paramsE                                                                                                                                       
00001d3f  _ZN5State7getRollEv                                                                                                                                     
00001cb1  _ZN5StateC1EP6Params                                                                                                                                    
00001cb1  _ZN5StateC2EP6Params                                                                                                                                    
00001d2b  _ZN5StateD0Ev                                                                                                                                           
00001d1f  _ZN5StateD1Ev                                                                                                                                           
00001d1f  _ZN5StateD2Ev                                                                                                                                           
00001493  _ZN6Kalman11getRmeasureEv                                                                                                                               
0000145f  _ZN6Kalman11setRmeasureEf                                                                                                                               
00001427  _ZN6Kalman7getRateEv                                                                                                                                    
0000125f  _ZN6Kalman8getAngleEfff                                                                                                                                 
00001483  _ZN6Kalman8getQbiasEv                                                                                                                                   
00001413  _ZN6Kalman8setAngleEf                                                                                                                                   
0000144b  _ZN6Kalman8setQbiasEf                                                                                                                                   
00001473  _ZN6Kalman9getQangleEv                                                                                                                                  
00001437  _ZN6Kalman9setQangleEf                                                                                                                                  
0000121d  _ZN6KalmanC1Ev                                                                                                                                          
0000121d  _ZN6KalmanC2Ev                                                                                                                                          
2000052c  _ZN6Logger4uartE                                                                                                                                        
000029a3  _ZN6Logger5writeEPKc                                                                                                                                    
000029b3  _ZN6Logger5writeEPKch                                                                                                                                   
00002955  _ZN6LoggerC1Ev                                                                                                                                          
00002955  _ZN6LoggerC2Ev                                                                                                                                          
0000298f  _ZN6LoggerD0Ev                                                                                                                                          
00002983  _ZN6LoggerD1Ev                                                                                                                                          
00002983  _ZN6LoggerD2Ev                                                                                                                                          
00003517  _ZN6LoggeraSERKS_                                                                                                                                       
00002d8d  _ZN6ParamsC1Ev                                                                                                                                          
00002d8d  _ZN6ParamsC2Ev                                                                                                                                          
00002dc3  _ZN6ParamsD0Ev                                                                                                                                          
00002db7  _ZN6ParamsD1Ev                                                                                                                                          
00002db7  _ZN6ParamsD2Ev                                                                                                                                          
000028d7  _ZN6System4initEv                                                                                                                                       
20000554  _ZN6System4taskE                                                                                                                                        
20000558  _ZN6System6loggerE                                                                                                                                      
00002903  _ZN6System7delayMsEj                                                                                                                                    
000028a5  _ZN6SystemC1Ev                                                                                                                                          
000028a5  _ZN6SystemC2Ev                                                                                                                                          
000028c3  _ZN6SystemD0Ev                                                                                                                                          
000028b7  _ZN6SystemD1Ev                                                                                                                                          
000028b7  _ZN6SystemD2Ev                                                                                                                                          
00002065  _ZN7ESP826611startServerEv                                                                                                                              
20000568  _ZN7ESP826613esp8266StatusE                                                                                                                             
2000058c  _ZN7ESP826613uartOnReceiveE                                                                                                                             
00002077  _ZN7ESP826614UARTIntHandlerEv                                                                                                                           
00002067  _ZN7ESP826615setOnReceiveFcnEPFvcE                                                                                                                      
20000538  _ZN7ESP82664uartE                                                                                                                                       
00002061  _ZN7ESP82665resetEv                                                                                                                                     
00002063  _ZN7ESP82667connectEv                                                                                                                                   
00001fd1  _ZN7ESP8266C1Ev                                                                                                                                         
00001fd1  _ZN7ESP8266C2Ev                                                                                                                                         
0000204d  _ZN7ESP8266D0Ev                                                                                                                                         
00002041  _ZN7ESP8266D1Ev                                                                                                                                         
00002041  _ZN7ESP8266D2Ev                                                                                                                                         
00001caf  _ZNSt9type_infoD1Ev                                                                                                                                     
00001caf  _ZNSt9type_infoD2Ev                                                                                                                                     
000035ff  _ZSt17__throw_bad_allocv                                                                                                                                
00003abc  _ZTI3I2C                                                                                                                                                
00003ac4  _ZTI3Log                                                                                                                                                
00003acc  _ZTI4GPIO                                                                                                                                               
00003ad4  _ZTI4GPTM                                                                                                                                               
00003adc  _ZTI4Task                                                                                                                                               
00003ae4  _ZTI4UART                                                                                                                                               
00003aec  _ZTI5GY521                                                                                                                                              
00003af4  _ZTI5State                                                                                                                                              
00003afc  _ZTI6Logger                                                                                                                                             
00003b04  _ZTI6Params                                                                                                                                             
00003b0c  _ZTI6System                                                                                                                                             
00003b14  _ZTI7ESP8266                                                                                                                                            
00003a98  _ZTIN10__cxxabiv117__class_type_infoE                                                                                                                   
00003aa4  _ZTIN10__cxxabiv120__si_class_type_infoE                                                                                                                
00003b1c  _ZTISt9type_info                                                                                                                                        
00003b62  _ZTS3I2C                                                                                                                                                
00003b67  _ZTS3Log                                                                                                                                                
00003b4a  _ZTS4GPIO                                                                                                                                               
00003b50  _ZTS4GPTM                                                                                                                                               
00003b56  _ZTS4Task                                                                                                                                               
00003b5c  _ZTS4UART                                                                                                                                               
00003b3c  _ZTS5GY521                                                                                                                                              
00003b43  _ZTS5State                                                                                                                                              
00003b24  _ZTS6Logger                                                                                                                                             
00003b2c  _ZTS6Params                                                                                                                                             
00003b34  _ZTS6System                                                                                                                                             
00003ab0  _ZTS7ESP8266                                                                                                                                            
00003951  _ZTSN10__cxxabiv117__class_type_infoE                                                                                                                   
0000392c  _ZTSN10__cxxabiv120__si_class_type_infoE                                                                                                                
00003a88  _ZTSSt9type_info                                                                                                                                        
000039a8  _ZTV3I2C                                                                                                                                                
000039b8  _ZTV3Log                                                                                                                                                
000039c8  _ZTV4GPIO                                                                                                                                               
000039d8  _ZTV4GPTM                                                                                                                                               
000039e8  _ZTV4Task                                                                                                                                               
000039f8  _ZTV4UART                                                                                                                                               
00003a08  _ZTV5GY521                                                                                                                                              
00003a18  _ZTV5State                                                                                                                                              
00003a28  _ZTV6Logger                                                                                                                                             
00003a38  _ZTV6Params                                                                                                                                             
00003a48  _ZTV6System                                                                                                                                             
00003a58  _ZTV7ESP8266                                                                                                                                            
00003a68  _ZTVN10__cxxabiv117__class_type_infoE                                                                                                                   
00003a78  _ZTVN10__cxxabiv120__si_class_type_infoE                                                                                                                
000035b5  _ZdlPv                                                                                                                                                  
000035f7  _ZdlPvj                                                                                                                                                 
20000470  __STACK_END                                                                                                                                             
00000200  __STACK_SIZE                                                                                                                                            
20000470  __STACK_TOP                                                                                                                                             
00000008  __SYSMEM_SIZE                                                                                                                                           
00003bc8  __TI_CINIT_Base                                                                                                                                         
00003be0  __TI_CINIT_Limit                                                                                                                                        
00003ba8  __TI_Handler_Table_Base                                                                                                                                 
00003bb4  __TI_Handler_Table_Limit                                                                                                                                
00002d2d  __TI_auto_init_nobinit                                                                                                                                  
2000056c  __TI_cleanup_ptr                                                                                                                                        
00002c65  __TI_decompress_lzss                                                                                                                                    
00003525  __TI_decompress_none                                                                                                                                    
20000570  __TI_dtors_ptr                                                                                                                                          
20000574  __TI_enable_exit_profile_output                                                                                                                         
ffffffff  __TI_pprof_out_hndl                                                                                                                                     
ffffffff  __TI_prof_data_size                                                                                                                                     
ffffffff  __TI_prof_data_start                                                                                                                                    
00000000  __TI_static_base__                                                                                                                                      
000034bd  __TI_zero_init_nomemset                                                                                                                                 
00003271  __aeabi_atexit                                                                                                                                          
00002a8d  __aeabi_cdrcmple                                                                                                                                        
00002b8d  __aeabi_d2f                                                                                                                                             
00001b03  __aeabi_dadd                                                                                                                                            
00002265  __aeabi_ddiv                                                                                                                                            
000025dd  __aeabi_dmul                                                                                                                                            
00001af9  __aeabi_dsub                                                                                                                                            
000032d5  __aeabi_i2d                                                                                                                                             
00002bfb  __aeabi_idiv0                                                                                                                                           
00002bfb  __aeabi_ldiv0                                                                                                                                           
000029f1  __aeabi_memcpy                                                                                                                                          
000029f1  __aeabi_memcpy4                                                                                                                                         
000029f1  __aeabi_memcpy8                                                                                                                                         
000030b1  __aeabi_uidiv                                                                                                                                           
000030b1  __aeabi_uidivmod                                                                                                                                        
ffffffff  __binit__                                                                                                                                               
ffffffff  __c_args__                                                                                                                                              
00003541  __cxa_ia64_exit                                                                                                                                         
20000564  __dso_handle                                                                                                                                            
UNDEFED   __mpu_init                                                                                                                                              
20000270  __stack                                                                                                                                                 
000029cb  __sti___10_Logger_cpp_4773e62b                                                                                                                          
00002915  __sti___10_System_cpp_524050c4                                                                                                                          
000020b7  __sti___11_ESP8266_cpp_843de7b2                                                                                                                         
000018d3  __sti___8_Task_cpp_5ca1f0c3                                                                                                                             
00001db9  __sti___9_State_cpp_e60cc7ce                                                                                                                            
00003165  _c_int00_noargs                                                                                                                                         
20000584  _lock                                                                                                                                                   
00002b13  _nop                                                                                                                                                    
20000598  _sys_memory                                                                                                                                             
UNDEFED   _system_post_cinit                                                                                                                                      
000035fb  _system_pre_init                                                                                                                                        
20000588  _unlock                                                                                                                                                 
000035ff  abort                                                                                                                                                   
00000f31  atan                                                                                                                                                    
0000190d  atan2                                                                                                                                                   
0000190d  atan2l                                                                                                                                                  
00000f31  atanl                                                                                                                                                   
ffffffff  binit                                                                                                                                                   
00002f15  exit                                                                                                                                                    
[...]
000034cf  IntMasterEnable                                                                                                                                         
000034df  TimerEnable                                                                                                                                             
000034ed  UARTCharsAvail                                                                                                                                          
000034fb  _ZN10__cxxabiv117__class_type_infoD0Ev                                                                                                                  
00003509  _ZN10__cxxabiv120__si_class_type_infoD0Ev                                                                                                               
00003517  _ZN6LoggeraSERKS_                                                                                                                                       
00003525  __TI_decompress_none                                                                                                                                    
00003533  CPUcpsie                                                                                                                                                
00003541  __cxa_ia64_exit                                                                                                                                         
0000354d  ResetISR                                                                                                                                                
00003559  I2CMasterEnable                                                                                                                                         
00003563  TimerIntStatus                                                                                                                                          
0000356d  UARTCharGet                                                                                                                                             
00003577  UARTCharPut                                                                                                                                             
00003581  UARTFIFODisable                                                                                                                                         
0000358b  UARTIntStatus                                                                                                                                           
00003595  I2CMasterBusy                                                                                                                                           
0000359d  I2CMasterSlaveAddrSet                                                                                                                                   
000035a5  TimerIntEnable                                                                                                                                          
000035ad  UARTIntEnable                                                                                                                                           
000035b5  _ZdlPv                                                                                                                                                  
000035bd  GPIOPinRead                                                                                                                                             
000035c3  GPIOPinWrite                                                                                                                                            
000035c9  SysCtlDelay                                                                                                                                             
000035cf  TimerClockSourceSet                                                                                                                                     
000035d5  UARTClockSourceSet                                                                                                                                      
000035db  I2CMasterControl                                                                                                                                        
000035df  I2CMasterDataGet                                                                                                                                        
000035e3  I2CMasterDataPut                                                                                                                                        
000035e7  TimerIntClear                                                                                                                                           
000035eb  UARTIntClear                                                                                                                                            
000035ef  _ZN10__cxxabiv117__class_type_infoD1Ev                                                                                                                  
000035ef  _ZN10__cxxabiv117__class_type_infoD2Ev                                                                                                                  
000035f3  _ZN10__cxxabiv120__si_class_type_infoD1Ev                                                                                                               
000035f3  _ZN10__cxxabiv120__si_class_type_infoD2Ev                                                                                                               
000035f7  _ZdlPvj                                                                                                                                                 
000035fb  _system_pre_init                                                                                                                                        
000035ff  C$$EXIT                                                                                                                                                 
000035ff  _ZSt17__throw_bad_allocv                                                                                                                                
000035ff  abort                                                                                                                                                   
0000392c  _ZTSN10__cxxabiv120__si_class_type_infoE                                                                                                                
00003951  _ZTSN10__cxxabiv117__class_type_infoE                                                                                                                   
000039a8  _ZTV3I2C                                                                                                                                                
000039b8  _ZTV3Log                                                                                                                                                
000039c8  _ZTV4GPIO                                                                                                                                               
000039d8  _ZTV4GPTM                                                                                                                                               
000039e8  _ZTV4Task                                                                                                                                               
000039f8  _ZTV4UART                                                                                                                                               
00003a08  _ZTV5GY521                                                                                                                                              
00003a18  _ZTV5State                                                                                                                                              
00003a28  _ZTV6Logger                                                                                                                                             
00003a38  _ZTV6Params                                                                                                                                             
00003a48  _ZTV6System                                                                                                                                             
00003a58  _ZTV7ESP8266                                                                                                                                            
00003a68  _ZTVN10__cxxabiv117__class_type_infoE                                                                                                                   
00003a78  _ZTVN10__cxxabiv120__si_class_type_infoE                                                                                                                
00003a88  _ZTSSt9type_info                                                                                                                                        
00003a98  _ZTIN10__cxxabiv117__class_type_infoE                                                                                                                   
00003aa4  _ZTIN10__cxxabiv120__si_class_type_infoE                                                                                                                
00003ab0  _ZTS7ESP8266                                                                                                                                            
00003abc  _ZTI3I2C                                                                                                                                                
00003ac4  _ZTI3Log                                                                                                                                                
00003acc  _ZTI4GPIO                                                                                                                                               
00003ad4  _ZTI4GPTM                                                                                                                                               
00003adc  _ZTI4Task                                                                                                                                               
00003ae4  _ZTI4UART                                                                                                                                               
00003aec  _ZTI5GY521                                                                                                                                              
00003af4  _ZTI5State                                                                                                                                              
00003afc  _ZTI6Logger                                                                                                                                             
00003b04  _ZTI6Params                                                                                                                                             
00003b0c  _ZTI6System                                                                                                                                             
00003b14  _ZTI7ESP8266                                                                                                                                            
00003b1c  _ZTISt9type_info                                                                                                                                        
00003b24  _ZTS6Logger                                                                                                                                             
00003b2c  _ZTS6Params                                                                                                                                             
00003b34  _ZTS6System                                                                                                                                             
00003b3c  _ZTS5GY521                                                                                                                                              
00003b43  _ZTS5State                                                                                                                                              
00003b4a  _ZTS4GPIO                                                                                                                                               
00003b50  _ZTS4GPTM                                                                                                                                               
00003b56  _ZTS4Task                                                                                                                                               
00003b5c  _ZTS4UART                                                                                                                                               
00003b62  _ZTS3I2C                                                                                                                                                
00003b67  _ZTS3Log                                                                                                                                                
00003b70  SHT$$INIT_ARRAY$$Base                                                                                                                                   
00003b84  SHT$$INIT_ARRAY$$Limit                                                                                                                                  
00003ba8  __TI_Handler_Table_Base                                                                                                                                 
00003bb4  __TI_Handler_Table_Limit                                                                                                                                
00003bc8  __TI_CINIT_Base                                                                                                                                         
00003be0  __TI_CINIT_Limit                                                                                                                                        
20000000  g_pfnRAMVectors                                                                                                                                         
20000270  __stack                                                                                                                                                 
20000470  __STACK_END                                                                                                                                             
20000470  __STACK_TOP                                                                                                                                             
200004e8  _ZN5State6kalmanE                                                                                                                                       
20000510  _ZN5State5gy521E                                                                                                                                        
2000052c  _ZN6Logger4uartE                                                                                                                                        
20000538  _ZN7ESP82664uartE                                                                                                                                       
20000544  _ZN4Task10task_timerE                                                                                                                                   
2000054c  _ZN5State5portFE                                                                                                                                        
20000554  _ZN6System4taskE                                                                                                                                        
20000558  _ZN6System6loggerE                                                                                                                                      
2000055c  _ZN3Log6loggerE                                                                                                                                         
20000560  _ZN5State6paramsE                                                                                                                                       
20000564  __dso_handle                                                                                                                                            
20000568  _ZN7ESP826613esp8266StatusE                                                                                                                             
2000056c  __TI_cleanup_ptr                                                                                                                                        
20000570  __TI_dtors_ptr                                                                                                                                          
20000574  __TI_enable_exit_profile_output                                                                                                                         
20000584  _lock                                                                                                                                                   
20000588  _unlock                                                                                                                                                 
2000058c  _ZN7ESP826613uartOnReceiveE                                                                                                                             
20000590  _ZN5State4rollE                                                                                                                                         
20000598  _sys_memory                                                                                                                                             
ffffffff  __TI_pprof_out_hndl                                                                                                                                     
ffffffff  __TI_prof_data_size                                                                                                                                     
ffffffff  __TI_prof_data_start                                                                                                                                    
ffffffff  __binit__                                                                                                                                               
ffffffff  __c_args__                                                                                                                                              
ffffffff  binit                                                                                                                                                   
UNDEFED   __mpu_init                                                                                                                                              
UNDEFED   _system_post_cinit                                                                                                                                      

[318 symbols]
