******************************************************************************
                  TI ARM Linker PC v18.1.2                     
******************************************************************************
>> Linked Thu Oct 11 07:45:38 2018

OUTPUT FILE NAME:   <2WheelsRobot.out>
ENTRY POINT SYMBOL: "_c_int00_noargs"  address: 0000301d


MEMORY CONFIGURATION

         name            origin    length      used     unused   attr    fill
----------------------  --------  ---------  --------  --------  ----  --------
  FLASH                 00000000   00040000  00003b83  0003c47d  R  X
  SRAM                  20000000   00008000  000005a0  00007a60  RW X


SEGMENT ALLOCATION MAP

run origin  load origin   length   init length attrs members
----------  ----------- ---------- ----------- ----- -------
00000000    00000000    00003b88   00003b88    r-x
  00000000    00000000    0000026c   0000026c    r-- .intvecs
  0000026c    0000026c    0000331a   0000331a    r-x .text
  00003588    00003588    00000591   00000591    r-- .const
  00003b1c    00003b1c    0000001c   0000001c    r-- .init_array
  00003b38    00003b38    00000050   00000050    r-- .cinit
20000000    20000000    000005a8   00000000    rw-
  20000000    20000000    0000026c   00000000    rw- .vtable
  20000270    20000270    00000200   00000000    rw- .stack
  20000470    20000470    00000104   00000000    rw- .bss
  20000574    20000574    00000028   00000000    rw- .data
  200005a0    200005a0    00000008   00000000    rw- .sysmem


SECTION ALLOCATION MAP

 output                                  attributes/
section   page    origin      length       input sections
--------  ----  ----------  ----------   ----------------
.intvecs   0    00000000    0000026c     
                  00000000    0000026c     tm4c123gh6pm_startup_ccs.obj (.intvecs)

.text      0    0000026c    0000331a     
                  0000026c    000004c4     I2C.obj (.text)
                  00000730    0000031c     GY521.obj (.text)
                  00000a4c    00000308     PWM.obj (.text)
                  00000d54    000002ec     rtsv7M4_T_le_v4SPD16_eabi.lib : s_atan.c.obj (.text:atan)
                  00001040    00000268     UART.obj (.text)
                  000012a8    0000022c     DRV8412.obj (.text)
                  000014d4    000001f0     Task.obj (.text)
                  000016c4    000001ec     rtsv7M4_T_le_v4SPD16_eabi.lib : e_atan2.c.obj (.text:atan2)
                  000018b0    000001b6                                   : fd_add_t2.asm.obj (.text)
                  00001a66    00000002                                   : stdlib_typeinfo.cpp.obj (.text:_ZNSt9type_infoD1Ev)
                  00001a68    000001a8     State.obj (.text)
                  00001c10    00000180     GPIO.obj (.text)
                  00001d90    00000170     Driver.obj (.text)
                  00001f00    00000144     GPTM.obj (.text)
                  00002044    00000136     rtsv7M4_T_le_v4SPD16_eabi.lib : fd_div_t2.asm.obj (.text)
                  0000217a    00000132     driverlib.lib : gpio.obj (.text:GPIOPadConfigSet)
                  000022ac    00000130     ESP8266.obj (.text)
                  000023dc    00000110     driverlib.lib : sysctl.obj (.text:SysCtlClockGet)
                  000024ec    000000fc     rtsv7M4_T_le_v4SPD16_eabi.lib : fd_mul_t2.asm.obj (.text)
                  000025e8    000000f4     driverlib.lib : sysctl.obj (.text:SysCtlClockSet)
                  000026dc    000000d8     rtsv7M4_T_le_v4SPD16_eabi.lib : memory.c.obj (.text:free)
                  000027b4    000000a0     Controller.obj (.text)
                  00002854    0000009c     rtsv7M4_T_le_v4SPD16_eabi.lib : memcpy_t2.asm.obj (.text)
                  000028f0    00000086                                   : fd_cmp_t2.asm.obj (.text:__aeabi_cdrcmple)
                  00002976    00000002                                   : _lock.c.obj (.text:_nop)
                  00002978    00000080     System.obj (.text)
                  000029f8    00000078     rtsv7M4_T_le_v4SPD16_eabi.lib : memory.c.obj (.text:malloc)
                  00002a70    00000070     main.obj (.text)
                  00002ae0    0000006e     rtsv7M4_T_le_v4SPD16_eabi.lib : fd_tos_t2.asm.obj (.text)
                  00002b4e    00000002     --HOLE-- [fill = 0]
                  00002b50    00000068     driverlib.lib : interrupt.obj (.text:IntEnable)
                  00002bb8    00000068     rtsv7M4_T_le_v4SPD16_eabi.lib : copy_decompress_lzss.c.obj (.text:decompress:lzss:__TI_decompress_lzss)
                  00002c20    00000060     driverlib.lib : timer.obj (.text:TimerConfigure)
                  00002c80    00000060     rtsv7M4_T_le_v4SPD16_eabi.lib : autoinit.c.obj (.text:__TI_auto_init_nobinit:__TI_auto_init_nobinit)
                  00002ce0    00000050     driverlib.lib : sysctl.obj (.text:SysCtlPeripheralReset)
                  00002d30    0000004c                   : i2c.obj (.text:I2CMasterInitExpClk)
                  00002d7c    0000004c                   : timer.obj (.text:_TimerIntNumberGet)
                  00002dc8    00000048                   : gpio.obj (.text:GPIOPinConfigure)
                  00002e10    00000048     rtsv7M4_T_le_v4SPD16_eabi.lib : exit.c.obj (.text:exit)
                  00002e58    00000046     driverlib.lib : uart.obj (.text:UARTConfigSetExpClk)
                  00002e9e    00000002     --HOLE-- [fill = 0]
                  00002ea0    00000044     rtsv7M4_T_le_v4SPD16_eabi.lib : dtor_list.c.obj (.text:_Z25__add_destruction_to_listPP20a_needed_destructionPFYvPvES2_S2_)
                  00002ee4    00000042                                   : dtor_list.c.obj (.text:_Z23__finalize_destructionsPP20a_needed_destructionPv)
                  00002f26    00000002     --HOLE-- [fill = 0]
                  00002f28    00000040     PAV.obj (.text)
                  00002f68    00000040     driverlib.lib : uart.obj (.text:_UARTIntNumberGet)
                  00002fa8    0000003c     rtsv7M4_T_le_v4SPD16_eabi.lib : memory.c.obj (.text:minsert)
                  00002fe4    00000038     driverlib.lib : sysctl.obj (.text:SysCtlPeripheralReady)
                  0000301c    00000038     rtsv7M4_T_le_v4SPD16_eabi.lib : boot_cortex_m.c.obj (.text:_c_int00_noargs:_c_int00_noargs)
                  00003054    00000038                                   : memory.c.obj (.text:minit)
                  0000308c    00000038                                   : fs_tod_t2.asm.obj (.text)
                  000030c4    00000036     DRV8412.obj (.text:_ZN3PWMaSERKS_)
                  000030fa    00000002     --HOLE-- [fill = 0]
                  000030fc    00000034     driverlib.lib : interrupt.obj (.text:IntRegister)
                  00003130    00000034                   : sysctl.obj (.text:SysCtlPeripheralEnable)
                  00003164    00000034     GY521.obj (.text:_Z5atan2IssENSt3__216__lazy_enable_ifIXaasr3std3__213is_arithmeticIT_EE5valuesr3std3__213is_arithmeticIT0_EE5valueENS0_9__promoteIS2_S3_vEEE4typeES2_S3_)
                  00003198    00000034     rtsv7M4_T_le_v4SPD16_eabi.lib : dtor_list.c.obj (.text:__aeabi_atexit)
                  000031cc    00000030     GY521.obj (.text:_Z5atan2IisENSt3__216__lazy_enable_ifIXaasr3std3__213is_arithmeticIT_EE5valuesr3std3__213is_arithmeticIT0_EE5valueENS0_9__promoteIS2_S3_vEEE4typeES2_S3_)
                  000031fc    0000002e     rtsv7M4_T_le_v4SPD16_eabi.lib : i_tofd_t2.asm.obj (.text)
                  0000322a    0000002a     driverlib.lib : gpio.obj (.text:GPIODirModeSet)
                  00003254    00000028     rtsv7M4_T_le_v4SPD16_eabi.lib : memory.c.obj (.text:mremove)
                  0000327c    00000022     driverlib.lib : pwm.obj (.text:PWMGenConfigure)
                  0000329e    00000002     --HOLE-- [fill = 0]
                  000032a0    00000020                   : uart.obj (.text:UARTDisable)
                  000032c0    0000001e                   : pwm.obj (.text:PWMPulseWidthSet)
                  000032de    0000001e     ESP8266.obj (.text:_ZN4UARTaSERKS_)
                  000032fc    00000018     driverlib.lib : gpio.obj (.text:GPIOPinTypeGPIOOutput)
                  00003314    00000018                   : timer.obj (.text:TimerControlStall)
                  0000332c    00000018                   : timer.obj (.text:TimerIntRegister)
                  00003344    00000018                   : uart.obj (.text:UARTIntRegister)
                  0000335c    00000016     GY521.obj (.text:_ZN3I2CaSERKS_)
                  00003372    00000016     DRV8412.obj (.text:_ZN4GPIOaSERKS_)
                  00003388    00000016     Task.obj (.text:_ZN4GPTMaSERKS_)
                  0000339e    00000002     --HOLE-- [fill = 0]
                  000033a0    00000014     driverlib.lib : sysctl.obj (.text:SysCtlPWMClockSet)
                  000033b4    00000014                   : uart.obj (.text:UARTEnable)
                  000033c8    00000012                   : gpio.obj (.text:GPIOPinTypeGPIOInput)
                  000033da    00000012                   : gpio.obj (.text:GPIOPinTypeI2C)
                  000033ec    00000012                   : gpio.obj (.text:GPIOPinTypeI2CSCL)
                  000033fe    00000012                   : gpio.obj (.text:GPIOPinTypePWM)
                  00003410    00000012                   : gpio.obj (.text:GPIOPinTypeUART)
                  00003422    00000012                   : timer.obj (.text:TimerLoadSet)
                  00003434    00000012     rtsv7M4_T_le_v4SPD16_eabi.lib : copy_zero_init.c.obj (.text:decompress:ZI:__TI_zero_init_nomemset:__TI_zero_init_nomemset)
                  00003446    00000010     driverlib.lib : interrupt.obj (.text:IntMasterEnable)
                  00003456    00000010                   : pwm.obj (.text:PWMGenPeriodSet)
                  00003466    0000000e                   : timer.obj (.text:TimerEnable)
                  00003474    0000000e                   : uart.obj (.text:UARTCharsAvail)
                  00003482    0000000e     rtsv7M4_T_le_v4SPD16_eabi.lib : typeinfo.c.obj (.text:_ZN10__cxxabiv117__class_type_infoD0Ev)
                  00003490    0000000e                                   : typeinfo.c.obj (.text:_ZN10__cxxabiv120__si_class_type_infoD0Ev)
                  0000349e    0000000e                                   : copy_decompress_none.c.obj (.text:decompress:none:__TI_decompress_none)
                  000034ac    0000000c     driverlib.lib : cpu.obj (.text:CPUcpsie)
                  000034b8    0000000c                   : pwm.obj (.text:PWMGenEnable)
                  000034c4    0000000c     rtsv7M4_T_le_v4SPD16_eabi.lib : dtor_list.c.obj (.text:__cxa_ia64_exit)
                  000034d0    0000000c     tm4c123gh6pm_startup_ccs.obj (.text)
                  000034dc    0000000a     driverlib.lib : i2c.obj (.text:I2CMasterEnable)
                  000034e6    0000000a                   : timer.obj (.text:TimerIntStatus)
                  000034f0    0000000a                   : uart.obj (.text:UARTCharGet)
                  000034fa    0000000a                   : uart.obj (.text:UARTCharPut)
                  00003504    0000000a                   : uart.obj (.text:UARTFIFODisable)
                  0000350e    0000000a                   : uart.obj (.text:UARTIntStatus)
                  00003518    00000008                   : i2c.obj (.text:I2CMasterBusy)
                  00003520    00000008                   : i2c.obj (.text:I2CMasterSlaveAddrSet)
                  00003528    00000008                   : timer.obj (.text:TimerIntEnable)
                  00003530    00000008                   : uart.obj (.text:UARTIntEnable)
                  00003538    00000008     rtsv7M4_T_le_v4SPD16_eabi.lib : new.cpp.obj (.text:_ZdlPv)
                  00003540    00000006     driverlib.lib : gpio.obj (.text:GPIOPinRead)
                  00003546    00000006                   : gpio.obj (.text:GPIOPinWrite)
                  0000354c    00000006                   : sysctl.obj (.text:SysCtlDelay)
                  00003552    00000006                   : timer.obj (.text:TimerClockSourceSet)
                  00003558    00000006                   : uart.obj (.text:UARTClockSourceSet)
                  0000355e    00000004                   : i2c.obj (.text:I2CMasterControl)
                  00003562    00000004                   : i2c.obj (.text:I2CMasterDataGet)
                  00003566    00000004                   : i2c.obj (.text:I2CMasterDataPut)
                  0000356a    00000004                   : timer.obj (.text:TimerIntClear)
                  0000356e    00000004                   : uart.obj (.text:UARTIntClear)
                  00003572    00000004     rtsv7M4_T_le_v4SPD16_eabi.lib : typeinfo.c.obj (.text:_ZN10__cxxabiv117__class_type_infoD1Ev)
                  00003576    00000004                                   : typeinfo.c.obj (.text:_ZN10__cxxabiv120__si_class_type_infoD1Ev)
                  0000357a    00000004                                   : new.cpp.obj (.text:_ZdlPvj)
                  0000357e    00000004                                   : pre_init.c.obj (.text:_system_pre_init)
                  00003582    00000004                                   : exit.c.obj (.text:abort:abort)

.const     0    00003588    00000591     
                  00003588    00000098     rtsv7M4_T_le_v4SPD16_eabi.lib : s_atan.c.obj (.const:$O1$$)
                  00003620    00000090     driverlib.lib : gpio.obj (.const:g_pui32GPIOBaseAddrs)
                  000036b0    00000070                   : interrupt.obj (.const)
                  00003720    0000006c                   : sysctl.obj (.const:g_pui32Xtals)
                  0000378c    00000060                   : timer.obj (.const:g_ppui32TimerIntMap)
                  000037ec    00000040                   : timer.obj (.const:g_ppui32TimerIntMapSnowflake)
                  0000382c    00000040                   : uart.obj (.const:g_ppui32UARTIntMap)
                  0000386c    00000040                   : uart.obj (.const:g_ppui32UARTIntMapSnowflake)
                  000038ac    00000025     rtsv7M4_T_le_v4SPD16_eabi.lib : typeinfo.c.obj (.const:.typeinfo:_ZTSN10__cxxabiv120__si_class_type_infoE)
                  000038d1    00000022                                   : typeinfo.c.obj (.const:.typeinfo:_ZTSN10__cxxabiv117__class_type_infoE)
                  000038f3    00000001     --HOLE-- [fill = 0]
                  000038f4    00000010     GY521.obj (.const:MPU6050AccelFactors)
                  00003904    00000010     GY521.obj (.const:MPU6050GyroFactors)
                  00003914    00000010     Controller.obj (.const:_ZTV10Controller)
                  00003924    00000010     I2C.obj (.const:_ZTV3I2C)
                  00003934    00000010     PAV.obj (.const:_ZTV3PAV)
                  00003944    00000010     PWM.obj (.const:_ZTV3PWM)
                  00003954    00000010     GPIO.obj (.const:_ZTV4GPIO)
                  00003964    00000010     GPTM.obj (.const:_ZTV4GPTM)
                  00003974    00000010     Task.obj (.const:_ZTV4Task)
                  00003984    00000010     UART.obj (.const:_ZTV4UART)
                  00003994    00000010     GY521.obj (.const:_ZTV5GY521)
                  000039a4    00000010     State.obj (.const:_ZTV5State)
                  000039b4    00000010     Driver.obj (.const:_ZTV6Driver)
                  000039c4    00000010     System.obj (.const:_ZTV6System)
                  000039d4    00000010     DRV8412.obj (.const:_ZTV7DRV8412)
                  000039e4    00000010     ESP8266.obj (.const:_ZTV7ESP8266)
                  000039f4    00000010     rtsv7M4_T_le_v4SPD16_eabi.lib : typeinfo.c.obj (.const:_ZTVN10__cxxabiv117__class_type_infoE)
                  00003a04    00000010                                   : typeinfo.c.obj (.const:_ZTVN10__cxxabiv120__si_class_type_infoE)
                  00003a14    0000000d     Controller.obj (.const:.typeinfo:_ZTS10Controller)
                  00003a21    0000000d     rtsv7M4_T_le_v4SPD16_eabi.lib : stdlib_typeinfo.cpp.obj (.const:.typeinfo:_ZTSSt9type_info)
                  00003a2e    00000002     --HOLE-- [fill = 0]
                  00003a30    0000000c                                   : typeinfo.c.obj (.const:.typeinfo:_ZTIN10__cxxabiv117__class_type_infoE)
                  00003a3c    0000000c                                   : typeinfo.c.obj (.const:.typeinfo:_ZTIN10__cxxabiv120__si_class_type_infoE)
                  00003a48    00000009     DRV8412.obj (.const:.typeinfo:_ZTS7DRV8412)
                  00003a51    00000009     ESP8266.obj (.const:.typeinfo:_ZTS7ESP8266)
                  00003a5a    00000002     --HOLE-- [fill = 0]
                  00003a5c    00000008     Controller.obj (.const:.typeinfo:_ZTI10Controller)
                  00003a64    00000008     I2C.obj (.const:.typeinfo:_ZTI3I2C)
                  00003a6c    00000008     PAV.obj (.const:.typeinfo:_ZTI3PAV)
                  00003a74    00000008     PWM.obj (.const:.typeinfo:_ZTI3PWM)
                  00003a7c    00000008     GPIO.obj (.const:.typeinfo:_ZTI4GPIO)
                  00003a84    00000008     GPTM.obj (.const:.typeinfo:_ZTI4GPTM)
                  00003a8c    00000008     Task.obj (.const:.typeinfo:_ZTI4Task)
                  00003a94    00000008     UART.obj (.const:.typeinfo:_ZTI4UART)
                  00003a9c    00000008     GY521.obj (.const:.typeinfo:_ZTI5GY521)
                  00003aa4    00000008     State.obj (.const:.typeinfo:_ZTI5State)
                  00003aac    00000008     Driver.obj (.const:.typeinfo:_ZTI6Driver)
                  00003ab4    00000008     System.obj (.const:.typeinfo:_ZTI6System)
                  00003abc    00000008     DRV8412.obj (.const:.typeinfo:_ZTI7DRV8412)
                  00003ac4    00000008     ESP8266.obj (.const:.typeinfo:_ZTI7ESP8266)
                  00003acc    00000008     rtsv7M4_T_le_v4SPD16_eabi.lib : stdlib_typeinfo.cpp.obj (.const:.typeinfo:_ZTISt9type_info)
                  00003ad4    00000008     Driver.obj (.const:.typeinfo:_ZTS6Driver)
                  00003adc    00000008     System.obj (.const:.typeinfo:_ZTS6System)
                  00003ae4    00000007     GY521.obj (.const:.typeinfo:_ZTS5GY521)
                  00003aeb    00000007     State.obj (.const:.typeinfo:_ZTS5State)
                  00003af2    00000006     GPIO.obj (.const:.typeinfo:_ZTS4GPIO)
                  00003af8    00000006     GPTM.obj (.const:.typeinfo:_ZTS4GPTM)
                  00003afe    00000006     Task.obj (.const:.typeinfo:_ZTS4Task)
                  00003b04    00000006     UART.obj (.const:.typeinfo:_ZTS4UART)
                  00003b0a    00000005     I2C.obj (.const:.typeinfo:_ZTS3I2C)
                  00003b0f    00000005     PAV.obj (.const:.typeinfo:_ZTS3PAV)
                  00003b14    00000005     PWM.obj (.const:.typeinfo:_ZTS3PWM)

.cinit     0    00003b38    00000050     
                  00003b38    0000001a     (.cinit..data.load) [load image, compression = lzss]
                  00003b52    00000002     --HOLE-- [fill = 0]
                  00003b54    0000000c     (__TI_handler_table)
                  00003b60    00000008     (.cinit..bss.load) [load image, compression = zero_init]
                  00003b68    00000008     (.cinit..vtable.load) [load image, compression = zero_init]
                  00003b70    00000018     (__TI_cinit_table)

.init_array 
*          0    00003b1c    0000001c     
                  00003b1c    00000004     Task.obj (.init_array)
                  00003b20    00000004     System.obj (.init_array)
                  00003b24    00000004     State.obj (.init_array)
                  00003b28    00000004     Driver.obj (.init_array)
                  00003b2c    00000004     Controller.obj (.init_array)
                  00003b30    00000004     ESP8266.obj (.init_array)
                  00003b34    00000004     main.obj (.init_array)

.vtable    0    20000000    0000026c     UNINITIALIZED
                  20000000    0000026c     driverlib.lib : interrupt.obj (.vtable)

.stack     0    20000270    00000200     UNINITIALIZED
                  20000270    00000004     rtsv7M4_T_le_v4SPD16_eabi.lib : boot_cortex_m.c.obj (.stack)
                  20000274    000001fc     --HOLE--

.bss       0    20000470    00000104     UNINITIALIZED
                  20000470    00000078     Task.obj (.bss:timer_event_list)
                  200004e8    00000024     Driver.obj (.bss:_ZN6Driver7drv8421E)
                  2000050c    0000001c     State.obj (.bss:_ZN5State5gy521E)
                  20000528    00000014     main.obj (.bss:pav)
                  2000053c    0000000c     ESP8266.obj (.bss:_ZN7ESP82664uartE)
                  20000548    00000008     Task.obj (.bss:_ZN4Task10task_timerE)
                  20000550    00000008     State.obj (.bss:_ZN5State5portFE)
                  20000558    00000004     Controller.obj (.bss:_ZN10Controller6driverE)
                  2000055c    00000004     System.obj (.bss:_ZN6System4taskE)
                  20000560    00000004     main.obj (.bss:controller)
                  20000564    00000004     main.obj (.bss:state)
                  20000568    00000004     (.common:_ZN10Controller3pavE)
                  2000056c    00000004     (.common:_ZN5State3pavE)
                  20000570    00000004     (.common:__dso_handle)

.data      0    20000574    00000028     UNINITIALIZED
                  20000574    0000000c     rtsv7M4_T_le_v4SPD16_eabi.lib : exit.c.obj (.data:$O1$$)
                  20000580    0000000c                                   : memory.c.obj (.data:$O1$$)
                  2000058c    00000008                                   : _lock.c.obj (.data:$O1$$)
                  20000594    00000004     ESP8266.obj (.data)
                  20000598    00000004     rtsv7M4_T_le_v4SPD16_eabi.lib : dtor_list.c.obj (.data)

.sysmem    0    200005a0    00000008     UNINITIALIZED
                  200005a0    00000008     rtsv7M4_T_le_v4SPD16_eabi.lib : memory.c.obj (.sysmem)

MODULE SUMMARY

       Module                         code    ro data   rw data
       ------                         ----    -------   -------
    .\
       tm4c123gh6pm_startup_ccs.obj   12      620       0      
       main.obj                       112     4         28     
    +--+------------------------------+-------+---------+---------+
       Total:                         124     624       28     
                                                               
    .\modules\DRV8412\
       DRV8412.obj                    632     33        0      
    +--+------------------------------+-------+---------+---------+
       Total:                         632     33        0      
                                                               
    .\modules\ESP8266\
       ESP8266.obj                    334     37        16     
    +--+------------------------------+-------+---------+---------+
       Total:                         334     37        16     
                                                               
    .\modules\GY521\
       GY521.obj                      918     63        0      
    +--+------------------------------+-------+---------+---------+
       Total:                         918     63        0      
                                                               
    .\peripheral\GPIO\
       GPIO.obj                       384     30        0      
    +--+------------------------------+-------+---------+---------+
       Total:                         384     30        0      
                                                               
    .\peripheral\GPTM\
       GPTM.obj                       324     30        0      
    +--+------------------------------+-------+---------+---------+
       Total:                         324     30        0      
                                                               
    .\peripheral\I2C\
       I2C.obj                        1220    29        0      
    +--+------------------------------+-------+---------+---------+
       Total:                         1220    29        0      
                                                               
    .\peripheral\PWM\
       PWM.obj                        776     29        0      
    +--+------------------------------+-------+---------+---------+
       Total:                         776     29        0      
                                                               
    .\peripheral\UART\
       UART.obj                       616     30        0      
    +--+------------------------------+-------+---------+---------+
       Total:                         616     30        0      
                                                               
    .\slib\Controller\
       Controller.obj                 160     41        8      
    +--+------------------------------+-------+---------+---------+
       Total:                         160     41        8      
                                                               
    .\slib\Driver\
       Driver.obj                     368     36        36     
    +--+------------------------------+-------+---------+---------+
       Total:                         368     36        36     
                                                               
    .\slib\PAV\
       PAV.obj                        64      29        0      
    +--+------------------------------+-------+---------+---------+
       Total:                         64      29        0      
                                                               
    .\slib\State\
       State.obj                      424     35        40     
    +--+------------------------------+-------+---------+---------+
       Total:                         424     35        40     
                                                               
    .\slib\System\
       System.obj                     128     36        4      
    +--+------------------------------+-------+---------+---------+
       Total:                         128     36        4      
                                                               
    .\slib\Task\
       Task.obj                       518     34        128    
    +--+------------------------------+-------+---------+---------+
       Total:                         518     34        128    
                                                               
    ../driverlib.lib
       interrupt.obj                  172     112       620    
       sysctl.obj                     730     108       0      
       gpio.obj                       546     144       0      
       timer.obj                      280     160       0      
       uart.obj                       282     128       0      
       i2c.obj                        114     0         0      
       pwm.obj                        92      0         0      
       cpu.obj                        12      0         0      
    +--+------------------------------+-------+---------+---------+
       Total:                         2228    652       620    
                                                               
    D:\ProgrameFiles\CCS\ccsv8\tools\compiler\ti-cgt-arm_18.1.2.LTS\lib\rtsv7M4_T_le_v4SPD16_eabi.lib
       s_atan.c.obj                   748     152       0      
       memory.c.obj                   492     0         12     
       e_atan2.c.obj                  492     0         0      
       fd_add_t2.asm.obj              438     0         0      
       fd_div_t2.asm.obj              310     0         0      
       fd_mul_t2.asm.obj              252     0         0      
       dtor_list.c.obj                198     0         8      
       typeinfo.c.obj                 36      127       0      
       memcpy_t2.asm.obj              156     0         0      
       fd_cmp_t2.asm.obj              134     0         0      
       fd_tos_t2.asm.obj              110     0         0      
       copy_decompress_lzss.c.obj     104     0         0      
       autoinit.c.obj                 96      0         0      
       exit.c.obj                     76      0         12     
       boot_cortex_m.c.obj            56      0         0      
       fs_tod_t2.asm.obj              56      0         0      
       i_tofd_t2.asm.obj              46      0         0      
       stdlib_typeinfo.cpp.obj        2       21        0      
       copy_zero_init.c.obj           18      0         0      
       copy_decompress_none.c.obj     14      0         0      
       new.cpp.obj                    12      0         0      
       _lock.c.obj                    2       0         8      
       pre_init.c.obj                 4       0         0      
    +--+------------------------------+-------+---------+---------+
       Total:                         3852    300       40     
                                                               
       Heap:                          0       0         8      
       Stack:                         0       0         512    
       Linker Generated:              0       78        0      
    +--+------------------------------+-------+---------+---------+
       Grand Total:                   13070   2146      1440   


LINKER GENERATED COPY TABLES

__TI_cinit_table @ 00003b70 records: 3, size/record: 8, table size: 24
	.data: load addr=00003b38, load size=0000001a bytes, run addr=20000574, run size=00000028 bytes, compression=lzss
	.bss: load addr=00003b60, load size=00000008 bytes, run addr=20000470, run size=00000104 bytes, compression=zero_init
	.vtable: load addr=00003b68, load size=00000008 bytes, run addr=20000000, run size=0000026c bytes, compression=zero_init


LINKER GENERATED HANDLER TABLE

__TI_handler_table @ 00003b54 records: 3, size/record: 4, table size: 12
	index: 0, handler: __TI_zero_init
	index: 1, handler: __TI_decompress_lzss
	index: 2, handler: __TI_decompress_none


GLOBAL SYMBOLS: SORTED ALPHABETICALLY BY Name 

address   name                                                                                                                                                    
-------   ----                                                                                                                                                    
00003583  C$$EXIT                                                                                                                                                 
000034ad  CPUcpsie                                                                                                                                                
0000322b  GPIODirModeSet                                                                                                                                          
0000217b  GPIOPadConfigSet                                                                                                                                        
00002dc9  GPIOPinConfigure                                                                                                                                        
00003541  GPIOPinRead                                                                                                                                             
000033c9  GPIOPinTypeGPIOInput                                                                                                                                    
000032fd  GPIOPinTypeGPIOOutput                                                                                                                                   
000033db  GPIOPinTypeI2C                                                                                                                                          
000033ed  GPIOPinTypeI2CSCL                                                                                                                                       
000033ff  GPIOPinTypePWM                                                                                                                                          
00003411  GPIOPinTypeUART                                                                                                                                         
00003547  GPIOPinWrite                                                                                                                                            
00003519  I2CMasterBusy                                                                                                                                           
0000355f  I2CMasterControl                                                                                                                                        
00003563  I2CMasterDataGet                                                                                                                                        
00003567  I2CMasterDataPut                                                                                                                                        
000034dd  I2CMasterEnable                                                                                                                                         
00002d31  I2CMasterInitExpClk                                                                                                                                     
00003521  I2CMasterSlaveAddrSet                                                                                                                                   
00002b51  IntEnable                                                                                                                                               
00003447  IntMasterEnable                                                                                                                                         
000030fd  IntRegister                                                                                                                                             
0000327d  PWMGenConfigure                                                                                                                                         
000034b9  PWMGenEnable                                                                                                                                            
00003457  PWMGenPeriodSet                                                                                                                                         
000032c1  PWMPulseWidthSet                                                                                                                                        
000034d1  ResetISR                                                                                                                                                
00003b1c  SHT$$INIT_ARRAY$$Base                                                                                                                                   
00003b38  SHT$$INIT_ARRAY$$Limit                                                                                                                                  
000023dd  SysCtlClockGet                                                                                                                                          
000025e9  SysCtlClockSet                                                                                                                                          
0000354d  SysCtlDelay                                                                                                                                             
000033a1  SysCtlPWMClockSet                                                                                                                                       
00003131  SysCtlPeripheralEnable                                                                                                                                  
00002fe5  SysCtlPeripheralReady                                                                                                                                   
00002ce1  SysCtlPeripheralReset                                                                                                                                   
00003553  TimerClockSourceSet                                                                                                                                     
00002c21  TimerConfigure                                                                                                                                          
00003315  TimerControlStall                                                                                                                                       
00003467  TimerEnable                                                                                                                                             
0000356b  TimerIntClear                                                                                                                                           
00003529  TimerIntEnable                                                                                                                                          
0000332d  TimerIntRegister                                                                                                                                        
000034e7  TimerIntStatus                                                                                                                                          
00003423  TimerLoadSet                                                                                                                                            
000034f1  UARTCharGet                                                                                                                                             
000034fb  UARTCharPut                                                                                                                                             
00003475  UARTCharsAvail                                                                                                                                          
00003559  UARTClockSourceSet                                                                                                                                      
00002e59  UARTConfigSetExpClk                                                                                                                                     
000032a1  UARTDisable                                                                                                                                             
000033b5  UARTEnable                                                                                                                                              
00003505  UARTFIFODisable                                                                                                                                         
0000356f  UARTIntClear                                                                                                                                            
00003531  UARTIntEnable                                                                                                                                           
00003345  UARTIntRegister                                                                                                                                         
0000350f  UARTIntStatus                                                                                                                                           
00002ee5  _Z23__finalize_destructionsPP20a_needed_destructionPv                                                                                                   
00002ea1  _Z25__add_destruction_to_listPP20a_needed_destructionPFYvPvES2_S2_                                                                                      
000031cd  _Z5atan2IisENSt3__216__lazy_enable_ifIXaasr3std3__213is_arithmeticIT_EE5valuesr3std3__213is_arithmeticIT0_EE5valueENS0_9__promoteIS2_S3_vEEE4typeES2_S3_
00003165  _Z5atan2IssENSt3__216__lazy_enable_ifIXaasr3std3__213is_arithmeticIT_EE5valuesr3std3__213is_arithmeticIT0_EE5valueENS0_9__promoteIS2_S3_vEEE4typeES2_S3_
00002809  _ZN10Controller18controllerCallBackEv                                                                                                                   
20000568  _ZN10Controller3pavE                                                                                                                                    
000027e7  _ZN10Controller4initEP3PAV                                                                                                                              
20000558  _ZN10Controller6driverE                                                                                                                                 
000027b5  _ZN10ControllerC1Ev                                                                                                                                     
000027b5  _ZN10ControllerC2Ev                                                                                                                                     
000027d3  _ZN10ControllerD0Ev                                                                                                                                     
000027c7  _ZN10ControllerD1Ev                                                                                                                                     
000027c7  _ZN10ControllerD2Ev                                                                                                                                     
00003483  _ZN10__cxxabiv117__class_type_infoD0Ev                                                                                                                  
00003573  _ZN10__cxxabiv117__class_type_infoD1Ev                                                                                                                  
00003573  _ZN10__cxxabiv117__class_type_infoD2Ev                                                                                                                  
00003491  _ZN10__cxxabiv120__si_class_type_infoD0Ev                                                                                                               
00003577  _ZN10__cxxabiv120__si_class_type_infoD1Ev                                                                                                               
00003577  _ZN10__cxxabiv120__si_class_type_infoD2Ev                                                                                                               
000003ff  _ZN3I2C10WriteBurstEhPhh                                                                                                                                
000004d9  _ZN3I2C10WriteBurstEhhPhh                                                                                                                               
000005dd  _ZN3I2C4ReadEhhPh                                                                                                                                       
000003e1  _ZN3I2C5WriteEhh                                                                                                                                        
000004ad  _ZN3I2C5WriteEhhh                                                                                                                                       
0000064d  _ZN3I2C9ReadBurstEhhPhh                                                                                                                                 
0000027f  _ZN3I2CC1E4I2C_10I2C_SPEED_                                                                                                                             
0000026d  _ZN3I2CC1Ev                                                                                                                                             
0000027f  _ZN3I2CC2E4I2C_10I2C_SPEED_                                                                                                                             
0000026d  _ZN3I2CC2Ev                                                                                                                                             
000003cd  _ZN3I2CD0Ev                                                                                                                                             
000003c1  _ZN3I2CD1Ev                                                                                                                                             
000003c1  _ZN3I2CD2Ev                                                                                                                                             
0000335d  _ZN3I2CaSERKS_                                                                                                                                          
00002f5b  _ZN3PAV4initEv                                                                                                                                          
00002f29  _ZN3PAVC1Ev                                                                                                                                             
00002f29  _ZN3PAVC2Ev                                                                                                                                             
00002f47  _ZN3PAVD0Ev                                                                                                                                             
00002f3b  _ZN3PAVD1Ev                                                                                                                                             
00002f3b  _ZN3PAVD2Ev                                                                                                                                             
00000b7d  _ZN3PWM12configOutPinE10GPIO_PORT_hj                                                                                                                    
00000c0f  _ZN3PWM8setDutyAEf                                                                                                                                      
00000c8d  _ZN3PWM8setDutyBEf                                                                                                                                      
00000a5f  _ZN3PWMC1E4PWM_8PWM_GEN_j                                                                                                                               
00000a4d  _ZN3PWMC1Ev                                                                                                                                             
00000a5f  _ZN3PWMC2E4PWM_8PWM_GEN_j                                                                                                                               
00000a4d  _ZN3PWMC2Ev                                                                                                                                             
00000b69  _ZN3PWMD0Ev                                                                                                                                             
00000b5d  _ZN3PWMD1Ev                                                                                                                                             
00000b5d  _ZN3PWMD2Ev                                                                                                                                             
000030c5  _ZN3PWMaSERKS_                                                                                                                                          
00001ccd  _ZN4GPIO4modeEh10GPIO_MODE_                                                                                                                             
00001d47  _ZN4GPIO4readEh                                                                                                                                         
00001d07  _ZN4GPIO5writeEhh                                                                                                                                       
00001c23  _ZN4GPIOC1E10GPIO_PORT_                                                                                                                                 
00001c11  _ZN4GPIOC1Ev                                                                                                                                            
00001c23  _ZN4GPIOC2E10GPIO_PORT_                                                                                                                                 
00001c11  _ZN4GPIOC2Ev                                                                                                                                            
00001cb9  _ZN4GPIOD0Ev                                                                                                                                            
00001cad  _ZN4GPIOD1Ev                                                                                                                                            
00001cad  _ZN4GPIOD2Ev                                                                                                                                            
00003373  _ZN4GPIOaSERKS_                                                                                                                                         
00001f33  _ZN4GPTMC1E5GPTM_t                                                                                                                                      
00001f01  _ZN4GPTMC1Ev                                                                                                                                            
00001f33  _ZN4GPTMC2E5GPTM_t                                                                                                                                      
00001f01  _ZN4GPTMC2Ev                                                                                                                                            
00001f1f  _ZN4GPTMD0Ev                                                                                                                                            
00001f13  _ZN4GPTMD1Ev                                                                                                                                            
00001f13  _ZN4GPTMD2Ev                                                                                                                                            
00003389  _ZN4GPTMaSERKS_                                                                                                                                         
20000548  _ZN4Task10task_timerE                                                                                                                                   
00001539  _ZN4Task13registerEventEPFvvEm                                                                                                                          
000015b9  _ZN4Task15unregisterEventEh                                                                                                                             
00001507  _ZN4Task4initEv                                                                                                                                         
000015fd  _ZN4Task8timerISREv                                                                                                                                     
000014d5  _ZN4TaskC1Ev                                                                                                                                            
000014d5  _ZN4TaskC2Ev                                                                                                                                            
000014f3  _ZN4TaskD0Ev                                                                                                                                            
000014e7  _ZN4TaskD1Ev                                                                                                                                            
000014e7  _ZN4TaskD2Ev                                                                                                                                            
00001179  _ZN4UART4sendEPKc                                                                                                                                       
000011cd  _ZN4UART4sendEPKch                                                                                                                                      
00001241  _ZN4UART5reicvEPhc                                                                                                                                      
00001207  _ZN4UART5reicvEPhh                                                                                                                                      
00001053  _ZN4UARTC1E5UART_j                                                                                                                                      
00001041  _ZN4UARTC1Ev                                                                                                                                            
00001053  _ZN4UARTC2E5UART_j                                                                                                                                      
00001041  _ZN4UARTC2Ev                                                                                                                                            
00001165  _ZN4UARTD0Ev                                                                                                                                            
00001159  _ZN4UARTD1Ev                                                                                                                                            
00001159  _ZN4UARTD2Ev                                                                                                                                            
000032df  _ZN4UARTaSERKS_                                                                                                                                         
000009eb  _ZN5GY52110updateGyroEv                                                                                                                                 
0000099d  _ZN5GY52111updateAccelEv                                                                                                                                
0000076b  _ZN5GY5214initEv                                                                                                                                        
000008bb  _ZN5GY5217getGyroEPf                                                                                                                                    
0000096d  _ZN5GY5217getRollEv                                                                                                                                     
0000083b  _ZN5GY5218getAccelEPf                                                                                                                                   
0000093b  _ZN5GY5218getPitchEv                                                                                                                                    
00000731  _ZN5GY521C1Ev                                                                                                                                           
00000731  _ZN5GY521C2Ev                                                                                                                                           
00000757  _ZN5GY521D0Ev                                                                                                                                           
00000747  _ZN5GY521D1Ev                                                                                                                                           
00000747  _ZN5GY521D2Ev                                                                                                                                           
00001ae7  _ZN5State15stateUpdateTaskEv                                                                                                                            
2000056c  _ZN5State3pavE                                                                                                                                          
00001a9b  _ZN5State4initEP3PAV                                                                                                                                    
2000050c  _ZN5State5gy521E                                                                                                                                        
20000550  _ZN5State5portFE                                                                                                                                        
00001a69  _ZN5StateC1Ev                                                                                                                                           
00001a69  _ZN5StateC2Ev                                                                                                                                           
00001a87  _ZN5StateD0Ev                                                                                                                                           
00001a7b  _ZN5StateD1Ev                                                                                                                                           
00001a7b  _ZN5StateD2Ev                                                                                                                                           
00001dcf  _ZN6Driver15setVelocityLeftEf                                                                                                                           
00001e2b  _ZN6Driver16setVelocityRightEf                                                                                                                          
00001dc3  _ZN6Driver4initEv                                                                                                                                       
00001eab  _ZN6Driver6enableEv                                                                                                                                     
00001e87  _ZN6Driver7disableEv                                                                                                                                    
200004e8  _ZN6Driver7drv8421E                                                                                                                                     
00001d91  _ZN6DriverC1Ev                                                                                                                                          
00001d91  _ZN6DriverC2Ev                                                                                                                                          
00001daf  _ZN6DriverD0Ev                                                                                                                                          
00001da3  _ZN6DriverD1Ev                                                                                                                                          
00001da3  _ZN6DriverD2Ev                                                                                                                                          
000029ab  _ZN6System4initEv                                                                                                                                       
2000055c  _ZN6System4taskE                                                                                                                                        
000029bd  _ZN6System7delayMsEj                                                                                                                                    
00002979  _ZN6SystemC1Ev                                                                                                                                          
00002979  _ZN6SystemC2Ev                                                                                                                                          
00002997  _ZN6SystemD0Ev                                                                                                                                          
0000298b  _ZN6SystemD1Ev                                                                                                                                          
0000298b  _ZN6SystemD2Ev                                                                                                                                          
0000139d  _ZN7DRV841215setVelocityLeftEf                                                                                                                          
00001413  _ZN7DRV841216setVelocityRightEf                                                                                                                         
000012f3  _ZN7DRV84124initEv                                                                                                                                      
000014a7  _ZN7DRV84126enableEv                                                                                                                                    
00001489  _ZN7DRV84127disableEv                                                                                                                                   
000012a9  _ZN7DRV8412C1Ev                                                                                                                                         
000012a9  _ZN7DRV8412C2Ev                                                                                                                                         
000012df  _ZN7DRV8412D0Ev                                                                                                                                         
000012c7  _ZN7DRV8412D1Ev                                                                                                                                         
000012c7  _ZN7DRV8412D2Ev                                                                                                                                         
00002345  _ZN7ESP826611startServerEv                                                                                                                              
20000594  _ZN7ESP826613uartOnReceiveE                                                                                                                             
00002361  _ZN7ESP826614UARTIntHandlerEv                                                                                                                           
0000234f  _ZN7ESP826615setOnReceiveFcnEPFvcE                                                                                                                      
2000053c  _ZN7ESP82664uartE                                                                                                                                       
00002331  _ZN7ESP82665resetEv                                                                                                                                     
0000233b  _ZN7ESP82667connectEv                                                                                                                                   
000022ad  _ZN7ESP8266C1Ev                                                                                                                                         
000022ad  _ZN7ESP8266C2Ev                                                                                                                                         
0000231d  _ZN7ESP8266D0Ev                                                                                                                                         
00002311  _ZN7ESP8266D1Ev                                                                                                                                         
00002311  _ZN7ESP8266D2Ev                                                                                                                                         
00001a67  _ZNSt9type_infoD1Ev                                                                                                                                     
00001a67  _ZNSt9type_infoD2Ev                                                                                                                                     
00003583  _ZSt17__throw_bad_allocv                                                                                                                                
00003a5c  _ZTI10Controller                                                                                                                                        
00003a64  _ZTI3I2C                                                                                                                                                
00003a6c  _ZTI3PAV                                                                                                                                                
00003a74  _ZTI3PWM                                                                                                                                                
00003a7c  _ZTI4GPIO                                                                                                                                               
00003a84  _ZTI4GPTM                                                                                                                                               
00003a8c  _ZTI4Task                                                                                                                                               
00003a94  _ZTI4UART                                                                                                                                               
00003a9c  _ZTI5GY521                                                                                                                                              
00003aa4  _ZTI5State                                                                                                                                              
00003aac  _ZTI6Driver                                                                                                                                             
00003ab4  _ZTI6System                                                                                                                                             
00003abc  _ZTI7DRV8412                                                                                                                                            
00003ac4  _ZTI7ESP8266                                                                                                                                            
00003a30  _ZTIN10__cxxabiv117__class_type_infoE                                                                                                                   
00003a3c  _ZTIN10__cxxabiv120__si_class_type_infoE                                                                                                                
00003acc  _ZTISt9type_info                                                                                                                                        
00003a14  _ZTS10Controller                                                                                                                                        
00003b0a  _ZTS3I2C                                                                                                                                                
00003b0f  _ZTS3PAV                                                                                                                                                
00003b14  _ZTS3PWM                                                                                                                                                
00003af2  _ZTS4GPIO                                                                                                                                               
00003af8  _ZTS4GPTM                                                                                                                                               
00003afe  _ZTS4Task                                                                                                                                               
00003b04  _ZTS4UART                                                                                                                                               
00003ae4  _ZTS5GY521                                                                                                                                              
00003aeb  _ZTS5State                                                                                                                                              
00003ad4  _ZTS6Driver                                                                                                                                             
00003adc  _ZTS6System                                                                                                                                             
00003a48  _ZTS7DRV8412                                                                                                                                            
00003a51  _ZTS7ESP8266                                                                                                                                            
000038d1  _ZTSN10__cxxabiv117__class_type_infoE                                                                                                                   
000038ac  _ZTSN10__cxxabiv120__si_class_type_infoE                                                                                                                
00003a21  _ZTSSt9type_info                                                                                                                                        
00003914  _ZTV10Controller                                                                                                                                        
00003924  _ZTV3I2C                                                                                                                                                
00003934  _ZTV3PAV                                                                                                                                                
00003944  _ZTV3PWM                                                                                                                                                
00003954  _ZTV4GPIO                                                                                                                                               
00003964  _ZTV4GPTM                                                                                                                                               
00003974  _ZTV4Task                                                                                                                                               
00003984  _ZTV4UART                                                                                                                                               
00003994  _ZTV5GY521                                                                                                                                              
000039a4  _ZTV5State                                                                                                                                              
000039b4  _ZTV6Driver                                                                                                                                             
000039c4  _ZTV6System                                                                                                                                             
000039d4  _ZTV7DRV8412                                                                                                                                            
000039e4  _ZTV7ESP8266                                                                                                                                            
000039f4  _ZTVN10__cxxabiv117__class_type_infoE                                                                                                                   
00003a04  _ZTVN10__cxxabiv120__si_class_type_infoE                                                                                                                
00003539  _ZdlPv                                                                                                                                                  
0000357b  _ZdlPvj                                                                                                                                                 
20000470  __STACK_END                                                                                                                                             
00000200  __STACK_SIZE                                                                                                                                            
20000470  __STACK_TOP                                                                                                                                             
00000008  __SYSMEM_SIZE                                                                                                                                           
00003b70  __TI_CINIT_Base                                                                                                                                         
00003b88  __TI_CINIT_Limit                                                                                                                                        
00003b54  __TI_Handler_Table_Base                                                                                                                                 
00003b60  __TI_Handler_Table_Limit                                                                                                                                
00002c81  __TI_auto_init_nobinit                                                                                                                                  
20000574  __TI_cleanup_ptr                                                                                                                                        
00002bb9  __TI_decompress_lzss                                                                                                                                    
0000349f  __TI_decompress_none                                                                                                                                    
20000578  __TI_dtors_ptr                                                                                                                                          
2000057c  __TI_enable_exit_profile_output                                                                                                                         
ffffffff  __TI_pprof_out_hndl                                                                                                                                     
ffffffff  __TI_prof_data_size                                                                                                                                     
ffffffff  __TI_prof_data_start                                                                                                                                    
00000000  __TI_static_base__                                                                                                                                      
00003435  __TI_zero_init_nomemset                                                                                                                                 
00003199  __aeabi_atexit                                                                                                                                          
000028f1  __aeabi_cdrcmple                                                                                                                                        
00002ae1  __aeabi_d2f                                                                                                                                             
000018bb  __aeabi_dadd                                                                                                                                            
00002045  __aeabi_ddiv                                                                                                                                            
000024ed  __aeabi_dmul                                                                                                                                            
000018b1  __aeabi_dsub                                                                                                                                            
0000308d  __aeabi_f2d                                                                                                                                             
000031fd  __aeabi_i2d                                                                                                                                             
00002855  __aeabi_memcpy                                                                                                                                          
00002855  __aeabi_memcpy4                                                                                                                                         
00002855  __aeabi_memcpy8                                                                                                                                         
ffffffff  __binit__                                                                                                                                               
ffffffff  __c_args__                                                                                                                                              
000034c5  __cxa_ia64_exit                                                                                                                                         
20000570  __dso_handle                                                                                                                                            
UNDEFED   __mpu_init                                                                                                                                              
[...]
000034ad  CPUcpsie                                                                                                                                                
000034b9  PWMGenEnable                                                                                                                                            
000034c5  __cxa_ia64_exit                                                                                                                                         
000034d1  ResetISR                                                                                                                                                
000034dd  I2CMasterEnable                                                                                                                                         
000034e7  TimerIntStatus                                                                                                                                          
000034f1  UARTCharGet                                                                                                                                             
000034fb  UARTCharPut                                                                                                                                             
00003505  UARTFIFODisable                                                                                                                                         
0000350f  UARTIntStatus                                                                                                                                           
00003519  I2CMasterBusy                                                                                                                                           
00003521  I2CMasterSlaveAddrSet                                                                                                                                   
00003529  TimerIntEnable                                                                                                                                          
00003531  UARTIntEnable                                                                                                                                           
00003539  _ZdlPv                                                                                                                                                  
00003541  GPIOPinRead                                                                                                                                             
00003547  GPIOPinWrite                                                                                                                                            
0000354d  SysCtlDelay                                                                                                                                             
00003553  TimerClockSourceSet                                                                                                                                     
00003559  UARTClockSourceSet                                                                                                                                      
0000355f  I2CMasterControl                                                                                                                                        
00003563  I2CMasterDataGet                                                                                                                                        
00003567  I2CMasterDataPut                                                                                                                                        
0000356b  TimerIntClear                                                                                                                                           
0000356f  UARTIntClear                                                                                                                                            
00003573  _ZN10__cxxabiv117__class_type_infoD1Ev                                                                                                                  
00003573  _ZN10__cxxabiv117__class_type_infoD2Ev                                                                                                                  
00003577  _ZN10__cxxabiv120__si_class_type_infoD1Ev                                                                                                               
00003577  _ZN10__cxxabiv120__si_class_type_infoD2Ev                                                                                                               
0000357b  _ZdlPvj                                                                                                                                                 
0000357f  _system_pre_init                                                                                                                                        
00003583  C$$EXIT                                                                                                                                                 
00003583  _ZSt17__throw_bad_allocv                                                                                                                                
00003583  abort                                                                                                                                                   
000038ac  _ZTSN10__cxxabiv120__si_class_type_infoE                                                                                                                
000038d1  _ZTSN10__cxxabiv117__class_type_infoE                                                                                                                   
00003914  _ZTV10Controller                                                                                                                                        
00003924  _ZTV3I2C                                                                                                                                                
00003934  _ZTV3PAV                                                                                                                                                
00003944  _ZTV3PWM                                                                                                                                                
00003954  _ZTV4GPIO                                                                                                                                               
00003964  _ZTV4GPTM                                                                                                                                               
00003974  _ZTV4Task                                                                                                                                               
00003984  _ZTV4UART                                                                                                                                               
00003994  _ZTV5GY521                                                                                                                                              
000039a4  _ZTV5State                                                                                                                                              
000039b4  _ZTV6Driver                                                                                                                                             
000039c4  _ZTV6System                                                                                                                                             
000039d4  _ZTV7DRV8412                                                                                                                                            
000039e4  _ZTV7ESP8266                                                                                                                                            
000039f4  _ZTVN10__cxxabiv117__class_type_infoE                                                                                                                   
00003a04  _ZTVN10__cxxabiv120__si_class_type_infoE                                                                                                                
00003a14  _ZTS10Controller                                                                                                                                        
00003a21  _ZTSSt9type_info                                                                                                                                        
00003a30  _ZTIN10__cxxabiv117__class_type_infoE                                                                                                                   
00003a3c  _ZTIN10__cxxabiv120__si_class_type_infoE                                                                                                                
00003a48  _ZTS7DRV8412                                                                                                                                            
00003a51  _ZTS7ESP8266                                                                                                                                            
00003a5c  _ZTI10Controller                                                                                                                                        
00003a64  _ZTI3I2C                                                                                                                                                
00003a6c  _ZTI3PAV                                                                                                                                                
00003a74  _ZTI3PWM                                                                                                                                                
00003a7c  _ZTI4GPIO                                                                                                                                               
00003a84  _ZTI4GPTM                                                                                                                                               
00003a8c  _ZTI4Task                                                                                                                                               
00003a94  _ZTI4UART                                                                                                                                               
00003a9c  _ZTI5GY521                                                                                                                                              
00003aa4  _ZTI5State                                                                                                                                              
00003aac  _ZTI6Driver                                                                                                                                             
00003ab4  _ZTI6System                                                                                                                                             
00003abc  _ZTI7DRV8412                                                                                                                                            
00003ac4  _ZTI7ESP8266                                                                                                                                            
00003acc  _ZTISt9type_info                                                                                                                                        
00003ad4  _ZTS6Driver                                                                                                                                             
00003adc  _ZTS6System                                                                                                                                             
00003ae4  _ZTS5GY521                                                                                                                                              
00003aeb  _ZTS5State                                                                                                                                              
00003af2  _ZTS4GPIO                                                                                                                                               
00003af8  _ZTS4GPTM                                                                                                                                               
00003afe  _ZTS4Task                                                                                                                                               
00003b04  _ZTS4UART                                                                                                                                               
00003b0a  _ZTS3I2C                                                                                                                                                
00003b0f  _ZTS3PAV                                                                                                                                                
00003b14  _ZTS3PWM                                                                                                                                                
00003b1c  SHT$$INIT_ARRAY$$Base                                                                                                                                   
00003b38  SHT$$INIT_ARRAY$$Limit                                                                                                                                  
00003b54  __TI_Handler_Table_Base                                                                                                                                 
00003b60  __TI_Handler_Table_Limit                                                                                                                                
00003b70  __TI_CINIT_Base                                                                                                                                         
00003b88  __TI_CINIT_Limit                                                                                                                                        
20000000  g_pfnRAMVectors                                                                                                                                         
20000270  __stack                                                                                                                                                 
20000470  __STACK_END                                                                                                                                             
20000470  __STACK_TOP                                                                                                                                             
200004e8  _ZN6Driver7drv8421E                                                                                                                                     
2000050c  _ZN5State5gy521E                                                                                                                                        
20000528  pav                                                                                                                                                     
2000053c  _ZN7ESP82664uartE                                                                                                                                       
20000548  _ZN4Task10task_timerE                                                                                                                                   
20000550  _ZN5State5portFE                                                                                                                                        
20000558  _ZN10Controller6driverE                                                                                                                                 
2000055c  _ZN6System4taskE                                                                                                                                        
20000560  controller                                                                                                                                              
20000564  state                                                                                                                                                   
20000568  _ZN10Controller3pavE                                                                                                                                    
2000056c  _ZN5State3pavE                                                                                                                                          
20000570  __dso_handle                                                                                                                                            
20000574  __TI_cleanup_ptr                                                                                                                                        
20000578  __TI_dtors_ptr                                                                                                                                          
2000057c  __TI_enable_exit_profile_output                                                                                                                         
2000058c  _lock                                                                                                                                                   
20000590  _unlock                                                                                                                                                 
20000594  _ZN7ESP826613uartOnReceiveE                                                                                                                             
200005a0  _sys_memory                                                                                                                                             
ffffffff  __TI_pprof_out_hndl                                                                                                                                     
ffffffff  __TI_prof_data_size                                                                                                                                     
ffffffff  __TI_prof_data_start                                                                                                                                    
ffffffff  __binit__                                                                                                                                               
ffffffff  __c_args__                                                                                                                                              
ffffffff  binit                                                                                                                                                   
UNDEFED   __mpu_init                                                                                                                                              
UNDEFED   _system_post_cinit                                                                                                                                      

[335 symbols]
