******************************************************************************
                  TI ARM Linker PC v18.1.2                     
******************************************************************************
>> Linked Thu Oct 11 14:56:22 2018

OUTPUT FILE NAME:   <2WheelsRobot.out>
ENTRY POINT SYMBOL: "_c_int00_noargs"  address: 00003635


MEMORY CONFIGURATION

         name            origin    length      used     unused   attr    fill
----------------------  --------  ---------  --------  --------  ----  --------
  FLASH                 00000000   00040000  000041fa  0003be06  R  X
  SRAM                  20000000   00008000  00000619  000079e7  RW X


SEGMENT ALLOCATION MAP

run origin  load origin   length   init length attrs members
----------  ----------- ---------- ----------- ----- -------
00000000    00000000    00004200   00004200    r-x
  00000000    00000000    0000026c   0000026c    r-- .intvecs
  0000026c    0000026c    00003950   00003950    r-x .text
  00003bc0    00003bc0    000005ce   000005ce    r-- .const
  00004190    00004190    00000020   00000020    r-- .init_array
  000041b0    000041b0    00000050   00000050    r-- .cinit
20000000    20000000    00000620   00000000    rw-
  20000000    20000000    0000026c   00000000    rw- .vtable
  20000270    20000270    00000200   00000000    rw- .stack
  20000470    20000470    00000179   00000000    rw- .bss
  200005ec    200005ec    0000002c   00000000    rw- .data
  20000618    20000618    00000008   00000000    rw- .sysmem


SECTION ALLOCATION MAP

 output                                  attributes/
section   page    origin      length       input sections
--------  ----  ----------  ----------   ----------------
.intvecs   0    00000000    0000026c     
                  00000000    0000026c     tm4c123gh6pm_startup_ccs.obj (.intvecs)

.text      0    0000026c    00003950     
                  0000026c    000004c4     I2C.obj (.text)
                  00000730    00000340     PWM.obj (.text)
                  00000a70    0000031c     GY521.obj (.text)
                  00000d8c    000002ec     rtsv7M4_T_le_v4SPD16_eabi.lib : s_atan.c.obj (.text:atan)
                  00001078    00000268     UART.obj (.text)
                  000012e0    0000022c     DRV8412.obj (.text)
                  0000150c    00000214     PID.obj (.text)
                  00001720    000001f0     Task.obj (.text)
                  00001910    000001ec     rtsv7M4_T_le_v4SPD16_eabi.lib : e_atan2.c.obj (.text:atan2)
                  00001afc    000001b8     State.obj (.text)
                  00001cb4    000001b6     rtsv7M4_T_le_v4SPD16_eabi.lib : fd_add_t2.asm.obj (.text)
                  00001e6a    00000002                                   : stdlib_typeinfo.cpp.obj (.text:_ZNSt9type_infoD1Ev)
                  00001e6c    000001a0     CC1101.obj (.text)
                  0000200c    00000180     GPIO.obj (.text)
                  0000218c    0000017c     Controller.obj (.text)
                  00002308    00000170     Driver.obj (.text)
                  00002478    00000144     GPTM.obj (.text)
                  000025bc    00000136     rtsv7M4_T_le_v4SPD16_eabi.lib : fd_div_t2.asm.obj (.text)
                  000026f2    00000132     driverlib.lib : gpio.obj (.text:GPIOPadConfigSet)
                  00002824    00000130     ESP8266.obj (.text)
                  00002954    00000110     driverlib.lib : sysctl.obj (.text:SysCtlClockGet)
                  00002a64    000000fc     rtsv7M4_T_le_v4SPD16_eabi.lib : fd_mul_t2.asm.obj (.text)
                  00002b60    000000f4     driverlib.lib : sysctl.obj (.text:SysCtlClockSet)
                  00002c54    000000d8     rtsv7M4_T_le_v4SPD16_eabi.lib : memory.c.obj (.text:free)
                  00002d2c    0000009c                                   : memcpy_t2.asm.obj (.text)
                  00002dc8    00000098     PAV.obj (.text)
                  00002e60    00000086     rtsv7M4_T_le_v4SPD16_eabi.lib : fd_cmp_t2.asm.obj (.text:__aeabi_cdrcmple)
                  00002ee6    00000002                                   : _lock.c.obj (.text:_nop)
                  00002ee8    00000080     System.obj (.text)
                  00002f68    0000007a     rtsv7M4_T_le_v4SPD16_eabi.lib : memset_t2.asm.obj (.text)
                  00002fe2    00000002     --HOLE-- [fill = 0]
                  00002fe4    00000078                                   : memory.c.obj (.text:malloc)
                  0000305c    00000070     main.obj (.text)
                  000030cc    0000006e     Controller.obj (.text:_ZN3PIDaSERKS_)
                  0000313a    0000006e     rtsv7M4_T_le_v4SPD16_eabi.lib : fd_tos_t2.asm.obj (.text)
                  000031a8    00000068     driverlib.lib : interrupt.obj (.text:IntEnable)
                  00003210    00000068     rtsv7M4_T_le_v4SPD16_eabi.lib : copy_decompress_lzss.c.obj (.text:decompress:lzss:__TI_decompress_lzss)
                  00003278    00000060     driverlib.lib : timer.obj (.text:TimerConfigure)
                  000032d8    00000060     rtsv7M4_T_le_v4SPD16_eabi.lib : autoinit.c.obj (.text:__TI_auto_init_nobinit:__TI_auto_init_nobinit)
                  00003338    00000050     driverlib.lib : sysctl.obj (.text:SysCtlPeripheralReset)
                  00003388    0000004c                   : i2c.obj (.text:I2CMasterInitExpClk)
                  000033d4    0000004c                   : timer.obj (.text:_TimerIntNumberGet)
                  00003420    00000048                   : gpio.obj (.text:GPIOPinConfigure)
                  00003468    00000048     rtsv7M4_T_le_v4SPD16_eabi.lib : exit.c.obj (.text:exit)
                  000034b0    00000046     driverlib.lib : uart.obj (.text:UARTConfigSetExpClk)
                  000034f6    00000002     --HOLE-- [fill = 0]
                  000034f8    00000044     rtsv7M4_T_le_v4SPD16_eabi.lib : dtor_list.c.obj (.text:_Z25__add_destruction_to_listPP20a_needed_destructionPFYvPvES2_S2_)
                  0000353c    00000042                                   : dtor_list.c.obj (.text:_Z23__finalize_destructionsPP20a_needed_destructionPv)
                  0000357e    00000002     --HOLE-- [fill = 0]
                  00003580    00000040     driverlib.lib : uart.obj (.text:_UARTIntNumberGet)
                  000035c0    0000003c     rtsv7M4_T_le_v4SPD16_eabi.lib : memory.c.obj (.text:minsert)
                  000035fc    00000038     driverlib.lib : sysctl.obj (.text:SysCtlPeripheralReady)
                  00003634    00000038     rtsv7M4_T_le_v4SPD16_eabi.lib : boot_cortex_m.c.obj (.text:_c_int00_noargs:_c_int00_noargs)
                  0000366c    00000038                                   : memory.c.obj (.text:minit)
                  000036a4    00000038                                   : fs_tod_t2.asm.obj (.text)
                  000036dc    00000036     DRV8412.obj (.text:_ZN3PWMaSERKS_)
                  00003712    00000002     --HOLE-- [fill = 0]
                  00003714    00000034     driverlib.lib : interrupt.obj (.text:IntRegister)
                  00003748    00000034                   : sysctl.obj (.text:SysCtlPeripheralEnable)
                  0000377c    00000034     GY521.obj (.text:_Z5atan2IssENSt3__216__lazy_enable_ifIXaasr3std3__213is_arithmeticIT_EE5valuesr3std3__213is_arithmeticIT0_EE5valueENS0_9__promoteIS2_S3_vEEE4typeES2_S3_)
                  000037b0    00000034     rtsv7M4_T_le_v4SPD16_eabi.lib : dtor_list.c.obj (.text:__aeabi_atexit)
                  000037e4    00000030     GY521.obj (.text:_Z5atan2IisENSt3__216__lazy_enable_ifIXaasr3std3__213is_arithmeticIT_EE5valuesr3std3__213is_arithmeticIT0_EE5valueENS0_9__promoteIS2_S3_vEEE4typeES2_S3_)
                  00003814    0000002e     rtsv7M4_T_le_v4SPD16_eabi.lib : i_tofd_t2.asm.obj (.text)
                  00003842    0000002a     driverlib.lib : gpio.obj (.text:GPIODirModeSet)
                  0000386c    00000028     rtsv7M4_T_le_v4SPD16_eabi.lib : memory.c.obj (.text:mremove)
                  00003894    00000022     driverlib.lib : pwm.obj (.text:PWMGenConfigure)
                  000038b6    00000002     --HOLE-- [fill = 0]
                  000038b8    00000020                   : uart.obj (.text:UARTDisable)
                  000038d8    0000001e                   : pwm.obj (.text:PWMPulseWidthSet)
                  000038f6    0000001e     CC1101.obj (.text:_ZN4UARTaSERKS_)
                  00003914    00000018     driverlib.lib : gpio.obj (.text:GPIOPinTypeGPIOOutput)
                  0000392c    00000018                   : timer.obj (.text:TimerControlStall)
                  00003944    00000018                   : timer.obj (.text:TimerIntRegister)
                  0000395c    00000018                   : uart.obj (.text:UARTIntRegister)
                  00003974    00000016     GY521.obj (.text:_ZN3I2CaSERKS_)
                  0000398a    00000016     DRV8412.obj (.text:_ZN4GPIOaSERKS_)
                  000039a0    00000016     Task.obj (.text:_ZN4GPTMaSERKS_)
                  000039b6    00000002     --HOLE-- [fill = 0]
                  000039b8    00000014     driverlib.lib : sysctl.obj (.text:SysCtlPWMClockSet)
                  000039cc    00000014                   : uart.obj (.text:UARTEnable)
                  000039e0    00000012                   : gpio.obj (.text:GPIOPinTypeGPIOInput)
                  000039f2    00000012                   : gpio.obj (.text:GPIOPinTypeI2C)
                  00003a04    00000012                   : gpio.obj (.text:GPIOPinTypeI2CSCL)
                  00003a16    00000012                   : gpio.obj (.text:GPIOPinTypePWM)
                  00003a28    00000012                   : gpio.obj (.text:GPIOPinTypeUART)
                  00003a3a    00000012                   : pwm.obj (.text:PWMOutputState)
                  00003a4c    00000012                   : timer.obj (.text:TimerLoadSet)
                  00003a5e    00000012     rtsv7M4_T_le_v4SPD16_eabi.lib : copy_zero_init.c.obj (.text:decompress:ZI:__TI_zero_init_nomemset:__TI_zero_init_nomemset)
                  00003a70    00000010     driverlib.lib : interrupt.obj (.text:IntMasterEnable)
                  00003a80    00000010                   : pwm.obj (.text:PWMGenPeriodSet)
                  00003a90    0000000e                   : timer.obj (.text:TimerEnable)
                  00003a9e    0000000e                   : uart.obj (.text:UARTCharsAvail)
                  00003aac    0000000e     rtsv7M4_T_le_v4SPD16_eabi.lib : typeinfo.c.obj (.text:_ZN10__cxxabiv117__class_type_infoD0Ev)
                  00003aba    0000000e                                   : typeinfo.c.obj (.text:_ZN10__cxxabiv120__si_class_type_infoD0Ev)
                  00003ac8    0000000e                                   : copy_decompress_none.c.obj (.text:decompress:none:__TI_decompress_none)
                  00003ad6    0000000c     driverlib.lib : cpu.obj (.text:CPUcpsie)
                  00003ae2    0000000c                   : pwm.obj (.text:PWMGenEnable)
                  00003aee    00000002     --HOLE-- [fill = 0]
                  00003af0    0000000c     rtsv7M4_T_le_v4SPD16_eabi.lib : dtor_list.c.obj (.text:__cxa_ia64_exit)
                  00003afc    0000000c     tm4c123gh6pm_startup_ccs.obj (.text)
                  00003b08    0000000a     driverlib.lib : i2c.obj (.text:I2CMasterEnable)
                  00003b12    0000000a                   : timer.obj (.text:TimerIntStatus)
                  00003b1c    0000000a                   : uart.obj (.text:UARTCharGet)
                  00003b26    0000000a                   : uart.obj (.text:UARTCharPut)
                  00003b30    0000000a                   : uart.obj (.text:UARTFIFODisable)
                  00003b3a    0000000a                   : uart.obj (.text:UARTIntDisable)
                  00003b44    0000000a                   : uart.obj (.text:UARTIntStatus)
                  00003b4e    00000008                   : i2c.obj (.text:I2CMasterBusy)
                  00003b56    00000008                   : i2c.obj (.text:I2CMasterSlaveAddrSet)
                  00003b5e    00000008                   : timer.obj (.text:TimerIntEnable)
                  00003b66    00000008                   : uart.obj (.text:UARTIntEnable)
                  00003b6e    00000008     rtsv7M4_T_le_v4SPD16_eabi.lib : new.cpp.obj (.text:_ZdlPv)
                  00003b76    00000006     driverlib.lib : gpio.obj (.text:GPIOPinRead)
                  00003b7c    00000006                   : gpio.obj (.text:GPIOPinWrite)
                  00003b82    00000006                   : sysctl.obj (.text:SysCtlDelay)
                  00003b88    00000006                   : timer.obj (.text:TimerClockSourceSet)
                  00003b8e    00000006                   : uart.obj (.text:UARTClockSourceSet)
                  00003b94    00000004                   : i2c.obj (.text:I2CMasterControl)
                  00003b98    00000004                   : i2c.obj (.text:I2CMasterDataGet)
                  00003b9c    00000004                   : i2c.obj (.text:I2CMasterDataPut)
                  00003ba0    00000004                   : timer.obj (.text:TimerIntClear)
                  00003ba4    00000004                   : uart.obj (.text:UARTIntClear)
                  00003ba8    00000004     rtsv7M4_T_le_v4SPD16_eabi.lib : typeinfo.c.obj (.text:_ZN10__cxxabiv117__class_type_infoD1Ev)
                  00003bac    00000004                                   : typeinfo.c.obj (.text:_ZN10__cxxabiv120__si_class_type_infoD1Ev)
                  00003bb0    00000004                                   : new.cpp.obj (.text:_ZdlPvj)
                  00003bb4    00000004                                   : pre_init.c.obj (.text:_system_pre_init)
                  00003bb8    00000004                                   : exit.c.obj (.text:abort:abort)

.const     0    00003bc0    000005ce     
                  00003bc0    00000098     rtsv7M4_T_le_v4SPD16_eabi.lib : s_atan.c.obj (.const:$O1$$)
                  00003c58    00000090     driverlib.lib : gpio.obj (.const:g_pui32GPIOBaseAddrs)
                  00003ce8    00000070                   : interrupt.obj (.const)
                  00003d58    0000006c                   : sysctl.obj (.const:g_pui32Xtals)
                  00003dc4    00000060                   : timer.obj (.const:g_ppui32TimerIntMap)
                  00003e24    00000040                   : timer.obj (.const:g_ppui32TimerIntMapSnowflake)
                  00003e64    00000040                   : uart.obj (.const:g_ppui32UARTIntMap)
                  00003ea4    00000040                   : uart.obj (.const:g_ppui32UARTIntMapSnowflake)
                  00003ee4    00000025     rtsv7M4_T_le_v4SPD16_eabi.lib : typeinfo.c.obj (.const:.typeinfo:_ZTSN10__cxxabiv120__si_class_type_infoE)
                  00003f09    00000022                                   : typeinfo.c.obj (.const:.typeinfo:_ZTSN10__cxxabiv117__class_type_infoE)
                  00003f2b    00000001     --HOLE-- [fill = 0]
                  00003f2c    00000010     GY521.obj (.const:MPU6050AccelFactors)
                  00003f3c    00000010     GY521.obj (.const:MPU6050GyroFactors)
                  00003f4c    00000010     Controller.obj (.const:_ZTV10Controller)
                  00003f5c    00000010     I2C.obj (.const:_ZTV3I2C)
                  00003f6c    00000010     PAV.obj (.const:_ZTV3PAV)
                  00003f7c    00000010     PID.obj (.const:_ZTV3PID)
                  00003f8c    00000010     PWM.obj (.const:_ZTV3PWM)
                  00003f9c    00000010     GPIO.obj (.const:_ZTV4GPIO)
                  00003fac    00000010     GPTM.obj (.const:_ZTV4GPTM)
                  00003fbc    00000010     Task.obj (.const:_ZTV4Task)
                  00003fcc    00000010     UART.obj (.const:_ZTV4UART)
                  00003fdc    00000010     GY521.obj (.const:_ZTV5GY521)
                  00003fec    00000010     State.obj (.const:_ZTV5State)
                  00003ffc    00000010     CC1101.obj (.const:_ZTV6CC1101)
                  0000400c    00000010     Driver.obj (.const:_ZTV6Driver)
                  0000401c    00000010     System.obj (.const:_ZTV6System)
                  0000402c    00000010     DRV8412.obj (.const:_ZTV7DRV8412)
                  0000403c    00000010     ESP8266.obj (.const:_ZTV7ESP8266)
                  0000404c    00000010     rtsv7M4_T_le_v4SPD16_eabi.lib : typeinfo.c.obj (.const:_ZTVN10__cxxabiv117__class_type_infoE)
                  0000405c    00000010                                   : typeinfo.c.obj (.const:_ZTVN10__cxxabiv120__si_class_type_infoE)
                  0000406c    0000000d     Controller.obj (.const:.typeinfo:_ZTS10Controller)
                  00004079    0000000d     rtsv7M4_T_le_v4SPD16_eabi.lib : stdlib_typeinfo.cpp.obj (.const:.typeinfo:_ZTSSt9type_info)
                  00004086    00000002     --HOLE-- [fill = 0]
                  00004088    0000000c                                   : typeinfo.c.obj (.const:.typeinfo:_ZTIN10__cxxabiv117__class_type_infoE)
                  00004094    0000000c                                   : typeinfo.c.obj (.const:.typeinfo:_ZTIN10__cxxabiv120__si_class_type_infoE)
                  000040a0    00000009     DRV8412.obj (.const:.typeinfo:_ZTS7DRV8412)
                  000040a9    00000009     ESP8266.obj (.const:.typeinfo:_ZTS7ESP8266)
                  000040b2    00000002     --HOLE-- [fill = 0]
                  000040b4    00000008     Controller.obj (.const:.typeinfo:_ZTI10Controller)
                  000040bc    00000008     I2C.obj (.const:.typeinfo:_ZTI3I2C)
                  000040c4    00000008     PAV.obj (.const:.typeinfo:_ZTI3PAV)
                  000040cc    00000008     PID.obj (.const:.typeinfo:_ZTI3PID)
                  000040d4    00000008     PWM.obj (.const:.typeinfo:_ZTI3PWM)
                  000040dc    00000008     GPIO.obj (.const:.typeinfo:_ZTI4GPIO)
                  000040e4    00000008     GPTM.obj (.const:.typeinfo:_ZTI4GPTM)
                  000040ec    00000008     Task.obj (.const:.typeinfo:_ZTI4Task)
                  000040f4    00000008     UART.obj (.const:.typeinfo:_ZTI4UART)
                  000040fc    00000008     GY521.obj (.const:.typeinfo:_ZTI5GY521)
                  00004104    00000008     State.obj (.const:.typeinfo:_ZTI5State)
                  0000410c    00000008     CC1101.obj (.const:.typeinfo:_ZTI6CC1101)
                  00004114    00000008     Driver.obj (.const:.typeinfo:_ZTI6Driver)
                  0000411c    00000008     System.obj (.const:.typeinfo:_ZTI6System)
                  00004124    00000008     DRV8412.obj (.const:.typeinfo:_ZTI7DRV8412)
                  0000412c    00000008     ESP8266.obj (.const:.typeinfo:_ZTI7ESP8266)
                  00004134    00000008     rtsv7M4_T_le_v4SPD16_eabi.lib : stdlib_typeinfo.cpp.obj (.const:.typeinfo:_ZTISt9type_info)
                  0000413c    00000008     CC1101.obj (.const:.typeinfo:_ZTS6CC1101)
                  00004144    00000008     Driver.obj (.const:.typeinfo:_ZTS6Driver)
                  0000414c    00000008     System.obj (.const:.typeinfo:_ZTS6System)
                  00004154    00000007     GY521.obj (.const:.typeinfo:_ZTS5GY521)
                  0000415b    00000007     State.obj (.const:.typeinfo:_ZTS5State)
                  00004162    00000006     GPIO.obj (.const:.typeinfo:_ZTS4GPIO)
                  00004168    00000006     GPTM.obj (.const:.typeinfo:_ZTS4GPTM)
                  0000416e    00000006     Task.obj (.const:.typeinfo:_ZTS4Task)
                  00004174    00000006     UART.obj (.const:.typeinfo:_ZTS4UART)
                  0000417a    00000005     I2C.obj (.const:.typeinfo:_ZTS3I2C)
                  0000417f    00000005     PAV.obj (.const:.typeinfo:_ZTS3PAV)
                  00004184    00000005     PID.obj (.const:.typeinfo:_ZTS3PID)
                  00004189    00000005     PWM.obj (.const:.typeinfo:_ZTS3PWM)

.cinit     0    000041b0    00000050     
                  000041b0    0000001a     (.cinit..data.load) [load image, compression = lzss]
                  000041ca    00000002     --HOLE-- [fill = 0]
                  000041cc    0000000c     (__TI_handler_table)
                  000041d8    00000008     (.cinit..bss.load) [load image, compression = zero_init]
                  000041e0    00000008     (.cinit..vtable.load) [load image, compression = zero_init]
                  000041e8    00000018     (__TI_cinit_table)

.init_array 
*          0    00004190    00000020     
                  00004190    00000004     Task.obj (.init_array)
                  00004194    00000004     System.obj (.init_array)
                  00004198    00000004     State.obj (.init_array)
                  0000419c    00000004     Driver.obj (.init_array)
                  000041a0    00000004     Controller.obj (.init_array)
                  000041a4    00000004     ESP8266.obj (.init_array)
                  000041a8    00000004     CC1101.obj (.init_array)
                  000041ac    00000004     main.obj (.init_array)

.vtable    0    20000000    0000026c     UNINITIALIZED
                  20000000    0000026c     driverlib.lib : interrupt.obj (.vtable)

.stack     0    20000270    00000200     UNINITIALIZED
                  20000270    00000004     rtsv7M4_T_le_v4SPD16_eabi.lib : boot_cortex_m.c.obj (.stack)
                  20000274    000001fc     --HOLE--

.bss       0    20000470    00000179     UNINITIALIZED
                  20000470    00000078     Task.obj (.bss:timer_event_list)
                  200004e8    00000040     main.obj (.bss:pav)
                  20000528    00000034     Controller.obj (.bss:_ZN10Controller3pidE)
                  2000055c    00000024     Driver.obj (.bss:_ZN6Driver7drv8421E)
                  20000580    0000001c     State.obj (.bss:_ZN5State5gy521E)
                  2000059c    0000000c     CC1101.obj (.bss:_ZN6CC11014uartE)
                  200005a8    0000000c     ESP8266.obj (.bss:_ZN7ESP82664uartE)
                  200005b4    00000008     Task.obj (.bss:_ZN4Task10task_timerE)
                  200005bc    00000008     State.obj (.bss:_ZN5State5portFE)
                  200005c4    00000008     (.common:_ZN6CC11013pkgE)
                  200005cc    00000004     Controller.obj (.bss:_ZN10Controller6driverE)
                  200005d0    00000004     System.obj (.bss:_ZN6System4taskE)
                  200005d4    00000004     main.obj (.bss:controller)
                  200005d8    00000004     main.obj (.bss:state)
                  200005dc    00000004     (.common:_ZN10Controller3pavE)
                  200005e0    00000004     (.common:_ZN5State3pavE)
                  200005e4    00000004     (.common:__dso_handle)
                  200005e8    00000001     (.common:_ZN6CC110110cc1101_sttE)

.data      0    200005ec    0000002c     UNINITIALIZED
                  200005ec    0000000c     rtsv7M4_T_le_v4SPD16_eabi.lib : exit.c.obj (.data:$O1$$)
                  200005f8    0000000c                                   : memory.c.obj (.data:$O1$$)
                  20000604    00000008                                   : _lock.c.obj (.data:$O1$$)
                  2000060c    00000004     CC1101.obj (.data)
                  20000610    00000004     ESP8266.obj (.data)
                  20000614    00000004     rtsv7M4_T_le_v4SPD16_eabi.lib : dtor_list.c.obj (.data)

.sysmem    0    20000618    00000008     UNINITIALIZED
                  20000618    00000008     rtsv7M4_T_le_v4SPD16_eabi.lib : memory.c.obj (.sysmem)

MODULE SUMMARY

       Module                         code    ro data   rw data
       ------                         ----    -------   -------
    .\
       tm4c123gh6pm_startup_ccs.obj   12      620       0      
       main.obj                       112     4         72     
    +--+------------------------------+-------+---------+---------+
       Total:                         124     624       72     
                                                               
    .\modules\CC1101\
       CC1101.obj                     446     36        25     
    +--+------------------------------+-------+---------+---------+
       Total:                         446     36        25     
                                                               
    .\modules\DRV8412\
       DRV8412.obj                    632     33        0      
    +--+------------------------------+-------+---------+---------+
       Total:                         632     33        0      
                                                               
    .\modules\ESP8266\
       ESP8266.obj                    304     37        16     
    +--+------------------------------+-------+---------+---------+
       Total:                         304     37        16     
                                                               
    .\modules\GY521\
       GY521.obj                      918     63        0      
    +--+------------------------------+-------+---------+---------+
       Total:                         918     63        0      
                                                               
    .\peripheral\GPIO\
       GPIO.obj                       384     30        0      
    +--+------------------------------+-------+---------+---------+
       Total:                         384     30        0      
                                                               
    .\peripheral\GPTM\
       GPTM.obj                       324     30        0      
    +--+------------------------------+-------+---------+---------+
       Total:                         324     30        0      
                                                               
    .\peripheral\I2C\
       I2C.obj                        1220    29        0      
    +--+------------------------------+-------+---------+---------+
       Total:                         1220    29        0      
                                                               
    .\peripheral\PWM\
       PWM.obj                        832     29        0      
    +--+------------------------------+-------+---------+---------+
       Total:                         832     29        0      
                                                               
    .\peripheral\UART\
       UART.obj                       616     30        0      
    +--+------------------------------+-------+---------+---------+
       Total:                         616     30        0      
                                                               
    .\slib\Controller\
       Controller.obj                 490     41        60     
    +--+------------------------------+-------+---------+---------+
       Total:                         490     41        60     
                                                               
    .\slib\Controller\PID\
       PID.obj                        532     29        0      
    +--+------------------------------+-------+---------+---------+
       Total:                         532     29        0      
                                                               
    .\slib\Driver\
       Driver.obj                     368     36        36     
    +--+------------------------------+-------+---------+---------+
       Total:                         368     36        36     
                                                               
    .\slib\PAV\
       PAV.obj                        152     29        0      
    +--+------------------------------+-------+---------+---------+
       Total:                         152     29        0      
                                                               
    .\slib\State\
       State.obj                      440     35        40     
    +--+------------------------------+-------+---------+---------+
       Total:                         440     35        40     
                                                               
    .\slib\System\
       System.obj                     128     36        4      
    +--+------------------------------+-------+---------+---------+
       Total:                         128     36        4      
                                                               
    .\slib\Task\
       Task.obj                       518     34        128    
    +--+------------------------------+-------+---------+---------+
       Total:                         518     34        128    
                                                               
    ../driverlib.lib
       interrupt.obj                  172     112       620    
       sysctl.obj                     730     108       0      
       gpio.obj                       546     144       0      
       timer.obj                      280     160       0      
       uart.obj                       292     128       0      
       i2c.obj                        114     0         0      
       pwm.obj                        110     0         0      
       cpu.obj                        12      0         0      
    +--+------------------------------+-------+---------+---------+
       Total:                         2256    652       620    
                                                               
    D:\ProgrameFiles\CCS\ccsv8\tools\compiler\ti-cgt-arm_18.1.2.LTS\lib\rtsv7M4_T_le_v4SPD16_eabi.lib
       s_atan.c.obj                   748     152       0      
       memory.c.obj                   492     0         12     
       e_atan2.c.obj                  492     0         0      
       fd_add_t2.asm.obj              438     0         0      
       fd_div_t2.asm.obj              310     0         0      
       fd_mul_t2.asm.obj              252     0         0      
       dtor_list.c.obj                198     0         8      
       typeinfo.c.obj                 36      127       0      
       memcpy_t2.asm.obj              156     0         0      
       fd_cmp_t2.asm.obj              134     0         0      
       memset_t2.asm.obj              122     0         0      
       fd_tos_t2.asm.obj              110     0         0      
       copy_decompress_lzss.c.obj     104     0         0      
       autoinit.c.obj                 96      0         0      
       exit.c.obj                     76      0         12     
       boot_cortex_m.c.obj            56      0         0      
       fs_tod_t2.asm.obj              56      0         0      
       i_tofd_t2.asm.obj              46      0         0      
       stdlib_typeinfo.cpp.obj        2       21        0      
       copy_zero_init.c.obj           18      0         0      
       copy_decompress_none.c.obj     14      0         0      
       new.cpp.obj                    12      0         0      
       _lock.c.obj                    2       0         8      
       pre_init.c.obj                 4       0         0      
    +--+------------------------------+-------+---------+---------+
       Total:                         3974    300       40     
                                                               
       Heap:                          0       0         8      
       Stack:                         0       0         512    
       Linker Generated:              0       78        0      
    +--+------------------------------+-------+---------+---------+
       Grand Total:                   14658   2211      1561   


LINKER GENERATED COPY TABLES

__TI_cinit_table @ 000041e8 records: 3, size/record: 8, table size: 24
	.data: load addr=000041b0, load size=0000001a bytes, run addr=200005ec, run size=0000002c bytes, compression=lzss
	.bss: load addr=000041d8, load size=00000008 bytes, run addr=20000470, run size=00000179 bytes, compression=zero_init
	.vtable: load addr=000041e0, load size=00000008 bytes, run addr=20000000, run size=0000026c bytes, compression=zero_init


LINKER GENERATED HANDLER TABLE

__TI_handler_table @ 000041cc records: 3, size/record: 4, table size: 12
	index: 0, handler: __TI_zero_init
	index: 1, handler: __TI_decompress_lzss
	index: 2, handler: __TI_decompress_none


GLOBAL SYMBOLS: SORTED ALPHABETICALLY BY Name 

address   name                                                                                                                                                    
-------   ----                                                                                                                                                    
00003bb9  C$$EXIT                                                                                                                                                 
00003ad7  CPUcpsie                                                                                                                                                
00003843  GPIODirModeSet                                                                                                                                          
000026f3  GPIOPadConfigSet                                                                                                                                        
00003421  GPIOPinConfigure                                                                                                                                        
00003b77  GPIOPinRead                                                                                                                                             
000039e1  GPIOPinTypeGPIOInput                                                                                                                                    
00003915  GPIOPinTypeGPIOOutput                                                                                                                                   
000039f3  GPIOPinTypeI2C                                                                                                                                          
00003a05  GPIOPinTypeI2CSCL                                                                                                                                       
00003a17  GPIOPinTypePWM                                                                                                                                          
00003a29  GPIOPinTypeUART                                                                                                                                         
00003b7d  GPIOPinWrite                                                                                                                                            
00003b4f  I2CMasterBusy                                                                                                                                           
00003b95  I2CMasterControl                                                                                                                                        
00003b99  I2CMasterDataGet                                                                                                                                        
00003b9d  I2CMasterDataPut                                                                                                                                        
00003b09  I2CMasterEnable                                                                                                                                         
00003389  I2CMasterInitExpClk                                                                                                                                     
00003b57  I2CMasterSlaveAddrSet                                                                                                                                   
000031a9  IntEnable                                                                                                                                               
00003a71  IntMasterEnable                                                                                                                                         
00003715  IntRegister                                                                                                                                             
00003895  PWMGenConfigure                                                                                                                                         
00003ae3  PWMGenEnable                                                                                                                                            
00003a81  PWMGenPeriodSet                                                                                                                                         
00003a3b  PWMOutputState                                                                                                                                          
000038d9  PWMPulseWidthSet                                                                                                                                        
00003afd  ResetISR                                                                                                                                                
00004190  SHT$$INIT_ARRAY$$Base                                                                                                                                   
000041b0  SHT$$INIT_ARRAY$$Limit                                                                                                                                  
00002955  SysCtlClockGet                                                                                                                                          
00002b61  SysCtlClockSet                                                                                                                                          
00003b83  SysCtlDelay                                                                                                                                             
000039b9  SysCtlPWMClockSet                                                                                                                                       
00003749  SysCtlPeripheralEnable                                                                                                                                  
000035fd  SysCtlPeripheralReady                                                                                                                                   
00003339  SysCtlPeripheralReset                                                                                                                                   
00003b89  TimerClockSourceSet                                                                                                                                     
00003279  TimerConfigure                                                                                                                                          
0000392d  TimerControlStall                                                                                                                                       
00003a91  TimerEnable                                                                                                                                             
00003ba1  TimerIntClear                                                                                                                                           
00003b5f  TimerIntEnable                                                                                                                                          
00003945  TimerIntRegister                                                                                                                                        
00003b13  TimerIntStatus                                                                                                                                          
00003a4d  TimerLoadSet                                                                                                                                            
00003b1d  UARTCharGet                                                                                                                                             
00003b27  UARTCharPut                                                                                                                                             
00003a9f  UARTCharsAvail                                                                                                                                          
00003b8f  UARTClockSourceSet                                                                                                                                      
000034b1  UARTConfigSetExpClk                                                                                                                                     
000038b9  UARTDisable                                                                                                                                             
000039cd  UARTEnable                                                                                                                                              
00003b31  UARTFIFODisable                                                                                                                                         
00003ba5  UARTIntClear                                                                                                                                            
00003b3b  UARTIntDisable                                                                                                                                          
00003b67  UARTIntEnable                                                                                                                                           
0000395d  UARTIntRegister                                                                                                                                         
00003b45  UARTIntStatus                                                                                                                                           
0000353d  _Z23__finalize_destructionsPP20a_needed_destructionPv                                                                                                   
000034f9  _Z25__add_destruction_to_listPP20a_needed_destructionPFYvPvES2_S2_                                                                                      
000037e5  _Z5atan2IisENSt3__216__lazy_enable_ifIXaasr3std3__213is_arithmeticIT_EE5valuesr3std3__213is_arithmeticIT0_EE5valueENS0_9__promoteIS2_S3_vEEE4typeES2_S3_
0000377d  _Z5atan2IssENSt3__216__lazy_enable_ifIXaasr3std3__213is_arithmeticIT_EE5valuesr3std3__213is_arithmeticIT0_EE5valueENS0_9__promoteIS2_S3_vEEE4typeES2_S3_
00002233  _ZN10Controller18controllerCallBackEv                                                                                                                   
200005dc  _ZN10Controller3pavE                                                                                                                                    
20000528  _ZN10Controller3pidE                                                                                                                                    
000021bf  _ZN10Controller4initEP3PAV                                                                                                                              
200005cc  _ZN10Controller6driverE                                                                                                                                 
0000218d  _ZN10ControllerC1Ev                                                                                                                                     
0000218d  _ZN10ControllerC2Ev                                                                                                                                     
000021ab  _ZN10ControllerD0Ev                                                                                                                                     
0000219f  _ZN10ControllerD1Ev                                                                                                                                     
0000219f  _ZN10ControllerD2Ev                                                                                                                                     
00003aad  _ZN10__cxxabiv117__class_type_infoD0Ev                                                                                                                  
00003ba9  _ZN10__cxxabiv117__class_type_infoD1Ev                                                                                                                  
00003ba9  _ZN10__cxxabiv117__class_type_infoD2Ev                                                                                                                  
00003abb  _ZN10__cxxabiv120__si_class_type_infoD0Ev                                                                                                               
00003bad  _ZN10__cxxabiv120__si_class_type_infoD1Ev                                                                                                               
00003bad  _ZN10__cxxabiv120__si_class_type_infoD2Ev                                                                                                               
000003ff  _ZN3I2C10WriteBurstEhPhh                                                                                                                                
000004d9  _ZN3I2C10WriteBurstEhhPhh                                                                                                                               
000005dd  _ZN3I2C4ReadEhhPh                                                                                                                                       
000003e1  _ZN3I2C5WriteEhh                                                                                                                                        
000004ad  _ZN3I2C5WriteEhhh                                                                                                                                       
0000064d  _ZN3I2C9ReadBurstEhhPhh                                                                                                                                 
0000027f  _ZN3I2CC1E4I2C_10I2C_SPEED_                                                                                                                             
0000026d  _ZN3I2CC1Ev                                                                                                                                             
0000027f  _ZN3I2CC2E4I2C_10I2C_SPEED_                                                                                                                             
0000026d  _ZN3I2CC2Ev                                                                                                                                             
000003cd  _ZN3I2CD0Ev                                                                                                                                             
000003c1  _ZN3I2CD1Ev                                                                                                                                             
000003c1  _ZN3I2CD2Ev                                                                                                                                             
00003975  _ZN3I2CaSERKS_                                                                                                                                          
00002dfb  _ZN3PAV4initEv                                                                                                                                          
00002dc9  _ZN3PAVC1Ev                                                                                                                                             
00002dc9  _ZN3PAVC2Ev                                                                                                                                             
00002de7  _ZN3PAVD0Ev                                                                                                                                             
00002ddb  _ZN3PAVD1Ev                                                                                                                                             
00002ddb  _ZN3PAVD2Ev                                                                                                                                             
000015dd  _ZN3PID7processEff                                                                                                                                      
00001595  _ZN3PID8setCoeffEfff                                                                                                                                    
0000151f  _ZN3PIDC1Efffffff                                                                                                                                       
0000150d  _ZN3PIDC1Ev                                                                                                                                             
0000151f  _ZN3PIDC2Efffffff                                                                                                                                       
0000150d  _ZN3PIDC2Ev                                                                                                                                             
000015c9  _ZN3PIDD0Ev                                                                                                                                             
000015bd  _ZN3PIDD1Ev                                                                                                                                             
000015bd  _ZN3PIDD2Ev                                                                                                                                             
000030cd  _ZN3PIDaSERKS_                                                                                                                                          
0000089b  _ZN3PWM12configOutPinE10GPIO_PORT_hj                                                                                                                    
0000092b  _ZN3PWM8setDutyAEf                                                                                                                                      
000009a9  _ZN3PWM8setDutyBEf                                                                                                                                      
00000743  _ZN3PWMC1E4PWM_8PWM_GEN_j                                                                                                                               
00000731  _ZN3PWMC1Ev                                                                                                                                             
00000743  _ZN3PWMC2E4PWM_8PWM_GEN_j                                                                                                                               
00000731  _ZN3PWMC2Ev                                                                                                                                             
00000887  _ZN3PWMD0Ev                                                                                                                                             
0000087b  _ZN3PWMD1Ev                                                                                                                                             
0000087b  _ZN3PWMD2Ev                                                                                                                                             
000036dd  _ZN3PWMaSERKS_                                                                                                                                          
000020c9  _ZN4GPIO4modeEh10GPIO_MODE_                                                                                                                             
00002143  _ZN4GPIO4readEh                                                                                                                                         
00002103  _ZN4GPIO5writeEhh                                                                                                                                       
0000201f  _ZN4GPIOC1E10GPIO_PORT_                                                                                                                                 
0000200d  _ZN4GPIOC1Ev                                                                                                                                            
0000201f  _ZN4GPIOC2E10GPIO_PORT_                                                                                                                                 
0000200d  _ZN4GPIOC2Ev                                                                                                                                            
000020b5  _ZN4GPIOD0Ev                                                                                                                                            
000020a9  _ZN4GPIOD1Ev                                                                                                                                            
000020a9  _ZN4GPIOD2Ev                                                                                                                                            
0000398b  _ZN4GPIOaSERKS_                                                                                                                                         
000024ab  _ZN4GPTMC1E5GPTM_t                                                                                                                                      
00002479  _ZN4GPTMC1Ev                                                                                                                                            
000024ab  _ZN4GPTMC2E5GPTM_t                                                                                                                                      
00002479  _ZN4GPTMC2Ev                                                                                                                                            
00002497  _ZN4GPTMD0Ev                                                                                                                                            
0000248b  _ZN4GPTMD1Ev                                                                                                                                            
0000248b  _ZN4GPTMD2Ev                                                                                                                                            
000039a1  _ZN4GPTMaSERKS_                                                                                                                                         
200005b4  _ZN4Task10task_timerE                                                                                                                                   
00001785  _ZN4Task13registerEventEPFvvEj                                                                                                                          
00001805  _ZN4Task15unregisterEventEh                                                                                                                             
00001753  _ZN4Task4initEv                                                                                                                                         
00001849  _ZN4Task8timerISREv                                                                                                                                     
00001721  _ZN4TaskC1Ev                                                                                                                                            
00001721  _ZN4TaskC2Ev                                                                                                                                            
0000173f  _ZN4TaskD0Ev                                                                                                                                            
00001733  _ZN4TaskD1Ev                                                                                                                                            
00001733  _ZN4TaskD2Ev                                                                                                                                            
000011b1  _ZN4UART4sendEPKc                                                                                                                                       
00001205  _ZN4UART4sendEPKch                                                                                                                                      
00001279  _ZN4UART5reicvEPhc                                                                                                                                      
0000123f  _ZN4UART5reicvEPhh                                                                                                                                      
0000108b  _ZN4UARTC1E5UART_j                                                                                                                                      
00001079  _ZN4UARTC1Ev                                                                                                                                            
0000108b  _ZN4UARTC2E5UART_j                                                                                                                                      
00001079  _ZN4UARTC2Ev                                                                                                                                            
0000119d  _ZN4UARTD0Ev                                                                                                                                            
00001191  _ZN4UARTD1Ev                                                                                                                                            
00001191  _ZN4UARTD2Ev                                                                                                                                            
000038f7  _ZN4UARTaSERKS_                                                                                                                                         
00000d2b  _ZN5GY52110updateGyroEv                                                                                                                                 
00000cdd  _ZN5GY52111updateAccelEv                                                                                                                                
00000aab  _ZN5GY5214initEv                                                                                                                                        
00000bfb  _ZN5GY5217getGyroEPf                                                                                                                                    
00000cad  _ZN5GY5217getRollEv                                                                                                                                     
00000b7b  _ZN5GY5218getAccelEPf                                                                                                                                   
00000c7b  _ZN5GY5218getPitchEv                                                                                                                                    
00000a71  _ZN5GY521C1Ev                                                                                                                                           
00000a71  _ZN5GY521C2Ev                                                                                                                                           
00000a97  _ZN5GY521D0Ev                                                                                                                                           
00000a87  _ZN5GY521D1Ev                                                                                                                                           
00000a87  _ZN5GY521D2Ev                                                                                                                                           
00001b7b  _ZN5State15stateUpdateTaskEv                                                                                                                            
200005e0  _ZN5State3pavE                                                                                                                                          
00001b2f  _ZN5State4initEP3PAV                                                                                                                                    
20000580  _ZN5State5gy521E                                                                                                                                        
200005bc  _ZN5State5portFE                                                                                                                                        
00001afd  _ZN5StateC1Ev                                                                                                                                           
00001afd  _ZN5StateC2Ev                                                                                                                                           
00001b1b  _ZN5StateD0Ev                                                                                                                                           
00001b0f  _ZN5StateD1Ev                                                                                                                                           
00001b0f  _ZN5StateD2Ev                                                                                                                                           
200005e8  _ZN6CC110110cc1101_sttE                                                                                                                                 
00001f2d  _ZN6CC110111setCallBackEPFvcE                                                                                                                           
2000060c  _ZN6CC110113uartOnReceiveE                                                                                                                              
00001f3f  _ZN6CC110114UARTIntHandlerEv                                                                                                                            
200005c4  _ZN6CC11013pkgE                                                                                                                                         
00001e9f  _ZN6CC11014initEv                                                                                                                                       
00001eef  _ZN6CC11014sendEPht                                                                                                                                     
2000059c  _ZN6CC11014uartE                                                                                                                                        
00001e6d  _ZN6CC1101C1Ev                                                                                                                                          
00001e6d  _ZN6CC1101C2Ev                                                                                                                                          
00001e8b  _ZN6CC1101D0Ev                                                                                                                                          
00001e7f  _ZN6CC1101D1Ev                                                                                                                                          
00001e7f  _ZN6CC1101D2Ev                                                                                                                                          
00002347  _ZN6Driver15setVelocityLeftEf                                                                                                                           
000023a3  _ZN6Driver16setVelocityRightEf                                                                                                                          
0000233b  _ZN6Driver4initEv                                                                                                                                       
00002423  _ZN6Driver6enableEv                                                                                                                                     
000023ff  _ZN6Driver7disableEv                                                                                                                                    
2000055c  _ZN6Driver7drv8421E                                                                                                                                     
00002309  _ZN6DriverC1Ev                                                                                                                                          
00002309  _ZN6DriverC2Ev                                                                                                                                          
00002327  _ZN6DriverD0Ev                                                                                                                                          
0000231b  _ZN6DriverD1Ev                                                                                                                                          
0000231b  _ZN6DriverD2Ev                                                                                                                                          
00002f1b  _ZN6System4initEv                                                                                                                                       
200005d0  _ZN6System4taskE                                                                                                                                        
00002f2d  _ZN6System7delayMsEj                                                                                                                                    
00002ee9  _ZN6SystemC1Ev                                                                                                                                          
00002ee9  _ZN6SystemC2Ev                                                                                                                                          
00002f07  _ZN6SystemD0Ev                                                                                                                                          
00002efb  _ZN6SystemD1Ev                                                                                                                                          
00002efb  _ZN6SystemD2Ev                                                                                                                                          
000013cd  _ZN7DRV841215setVelocityLeftEf                                                                                                                          
00001443  _ZN7DRV841216setVelocityRightEf                                                                                                                         
0000132b  _ZN7DRV84124initEv                                                                                                                                      
000014d7  _ZN7DRV84126enableEv                                                                                                                                    
000014b9  _ZN7DRV84127disableEv                                                                                                                                   
000012e1  _ZN7DRV8412C1Ev                                                                                                                                         
000012e1  _ZN7DRV8412C2Ev                                                                                                                                         
00001317  _ZN7DRV8412D0Ev                                                                                                                                         
000012ff  _ZN7DRV8412D1Ev                                                                                                                                         
000012ff  _ZN7DRV8412D2Ev                                                                                                                                         
000028bd  _ZN7ESP826611startServerEv                                                                                                                              
20000610  _ZN7ESP826613uartOnReceiveE                                                                                                                             
000028d9  _ZN7ESP826614UARTIntHandlerEv                                                                                                                           
000028c7  _ZN7ESP826615setOnReceiveFcnEPFvcE                                                                                                                      
200005a8  _ZN7ESP82664uartE                                                                                                                                       
000028a9  _ZN7ESP82665resetEv                                                                                                                                     
000028b3  _ZN7ESP82667connectEv                                                                                                                                   
00002825  _ZN7ESP8266C1Ev                                                                                                                                         
00002825  _ZN7ESP8266C2Ev                                                                                                                                         
00002895  _ZN7ESP8266D0Ev                                                                                                                                         
00002889  _ZN7ESP8266D1Ev                                                                                                                                         
00002889  _ZN7ESP8266D2Ev                                                                                                                                         
00001e6b  _ZNSt9type_infoD1Ev                                                                                                                                     
00001e6b  _ZNSt9type_infoD2Ev                                                                                                                                     
00003bb9  _ZSt17__throw_bad_allocv                                                                                                                                
000040b4  _ZTI10Controller                                                                                                                                        
000040bc  _ZTI3I2C                                                                                                                                                
000040c4  _ZTI3PAV                                                                                                                                                
000040cc  _ZTI3PID                                                                                                                                                
000040d4  _ZTI3PWM                                                                                                                                                
000040dc  _ZTI4GPIO                                                                                                                                               
000040e4  _ZTI4GPTM                                                                                                                                               
000040ec  _ZTI4Task                                                                                                                                               
000040f4  _ZTI4UART                                                                                                                                               
000040fc  _ZTI5GY521                                                                                                                                              
00004104  _ZTI5State                                                                                                                                              
0000410c  _ZTI6CC1101                                                                                                                                             
00004114  _ZTI6Driver                                                                                                                                             
0000411c  _ZTI6System                                                                                                                                             
00004124  _ZTI7DRV8412                                                                                                                                            
0000412c  _ZTI7ESP8266                                                                                                                                            
00004088  _ZTIN10__cxxabiv117__class_type_infoE                                                                                                                   
00004094  _ZTIN10__cxxabiv120__si_class_type_infoE                                                                                                                
00004134  _ZTISt9type_info                                                                                                                                        
0000406c  _ZTS10Controller                                                                                                                                        
0000417a  _ZTS3I2C                                                                                                                                                
0000417f  _ZTS3PAV                                                                                                                                                
00004184  _ZTS3PID                                                                                                                                                
00004189  _ZTS3PWM                                                                                                                                                
00004162  _ZTS4GPIO                                                                                                                                               
00004168  _ZTS4GPTM                                                                                                                                               
0000416e  _ZTS4Task                                                                                                                                               
00004174  _ZTS4UART                                                                                                                                               
00004154  _ZTS5GY521                                                                                                                                              
0000415b  _ZTS5State                                                                                                                                              
0000413c  _ZTS6CC1101                                                                                                                                             
00004144  _ZTS6Driver                                                                                                                                             
0000414c  _ZTS6System                                                                                                                                             
000040a0  _ZTS7DRV8412                                                                                                                                            
000040a9  _ZTS7ESP8266                                                                                                                                            
00003f09  _ZTSN10__cxxabiv117__class_type_infoE                                                                                                                   
00003ee4  _ZTSN10__cxxabiv120__si_class_type_infoE                                                                                                                
00004079  _ZTSSt9type_info                                                                                                                                        
00003f4c  _ZTV10Controller                                                                                                                                        
00003f5c  _ZTV3I2C                                                                                                                                                
00003f6c  _ZTV3PAV                                                                                                                                                
00003f7c  _ZTV3PID                                                                                                                                                
00003f8c  _ZTV3PWM                                                                                                                                                
00003f9c  _ZTV4GPIO                                                                                                                                               
00003fac  _ZTV4GPTM                                                                                                                                               
00003fbc  _ZTV4Task                                                                                                                                               
00003fcc  _ZTV4UART                                                                                                                                               
00003fdc  _ZTV5GY521                                                                                                                                              
00003fec  _ZTV5State                                                                                                                                              
[...]
00003b57  I2CMasterSlaveAddrSet                                                                                                                                   
00003b5f  TimerIntEnable                                                                                                                                          
00003b67  UARTIntEnable                                                                                                                                           
00003b6f  _ZdlPv                                                                                                                                                  
00003b77  GPIOPinRead                                                                                                                                             
00003b7d  GPIOPinWrite                                                                                                                                            
00003b83  SysCtlDelay                                                                                                                                             
00003b89  TimerClockSourceSet                                                                                                                                     
00003b8f  UARTClockSourceSet                                                                                                                                      
00003b95  I2CMasterControl                                                                                                                                        
00003b99  I2CMasterDataGet                                                                                                                                        
00003b9d  I2CMasterDataPut                                                                                                                                        
00003ba1  TimerIntClear                                                                                                                                           
00003ba5  UARTIntClear                                                                                                                                            
00003ba9  _ZN10__cxxabiv117__class_type_infoD1Ev                                                                                                                  
00003ba9  _ZN10__cxxabiv117__class_type_infoD2Ev                                                                                                                  
00003bad  _ZN10__cxxabiv120__si_class_type_infoD1Ev                                                                                                               
00003bad  _ZN10__cxxabiv120__si_class_type_infoD2Ev                                                                                                               
00003bb1  _ZdlPvj                                                                                                                                                 
00003bb5  _system_pre_init                                                                                                                                        
00003bb9  C$$EXIT                                                                                                                                                 
00003bb9  _ZSt17__throw_bad_allocv                                                                                                                                
00003bb9  abort                                                                                                                                                   
00003ee4  _ZTSN10__cxxabiv120__si_class_type_infoE                                                                                                                
00003f09  _ZTSN10__cxxabiv117__class_type_infoE                                                                                                                   
00003f4c  _ZTV10Controller                                                                                                                                        
00003f5c  _ZTV3I2C                                                                                                                                                
00003f6c  _ZTV3PAV                                                                                                                                                
00003f7c  _ZTV3PID                                                                                                                                                
00003f8c  _ZTV3PWM                                                                                                                                                
00003f9c  _ZTV4GPIO                                                                                                                                               
00003fac  _ZTV4GPTM                                                                                                                                               
00003fbc  _ZTV4Task                                                                                                                                               
00003fcc  _ZTV4UART                                                                                                                                               
00003fdc  _ZTV5GY521                                                                                                                                              
00003fec  _ZTV5State                                                                                                                                              
00003ffc  _ZTV6CC1101                                                                                                                                             
0000400c  _ZTV6Driver                                                                                                                                             
0000401c  _ZTV6System                                                                                                                                             
0000402c  _ZTV7DRV8412                                                                                                                                            
0000403c  _ZTV7ESP8266                                                                                                                                            
0000404c  _ZTVN10__cxxabiv117__class_type_infoE                                                                                                                   
0000405c  _ZTVN10__cxxabiv120__si_class_type_infoE                                                                                                                
0000406c  _ZTS10Controller                                                                                                                                        
00004079  _ZTSSt9type_info                                                                                                                                        
00004088  _ZTIN10__cxxabiv117__class_type_infoE                                                                                                                   
00004094  _ZTIN10__cxxabiv120__si_class_type_infoE                                                                                                                
000040a0  _ZTS7DRV8412                                                                                                                                            
000040a9  _ZTS7ESP8266                                                                                                                                            
000040b4  _ZTI10Controller                                                                                                                                        
000040bc  _ZTI3I2C                                                                                                                                                
000040c4  _ZTI3PAV                                                                                                                                                
000040cc  _ZTI3PID                                                                                                                                                
000040d4  _ZTI3PWM                                                                                                                                                
000040dc  _ZTI4GPIO                                                                                                                                               
000040e4  _ZTI4GPTM                                                                                                                                               
000040ec  _ZTI4Task                                                                                                                                               
000040f4  _ZTI4UART                                                                                                                                               
000040fc  _ZTI5GY521                                                                                                                                              
00004104  _ZTI5State                                                                                                                                              
0000410c  _ZTI6CC1101                                                                                                                                             
00004114  _ZTI6Driver                                                                                                                                             
0000411c  _ZTI6System                                                                                                                                             
00004124  _ZTI7DRV8412                                                                                                                                            
0000412c  _ZTI7ESP8266                                                                                                                                            
00004134  _ZTISt9type_info                                                                                                                                        
0000413c  _ZTS6CC1101                                                                                                                                             
00004144  _ZTS6Driver                                                                                                                                             
0000414c  _ZTS6System                                                                                                                                             
00004154  _ZTS5GY521                                                                                                                                              
0000415b  _ZTS5State                                                                                                                                              
00004162  _ZTS4GPIO                                                                                                                                               
00004168  _ZTS4GPTM                                                                                                                                               
0000416e  _ZTS4Task                                                                                                                                               
00004174  _ZTS4UART                                                                                                                                               
0000417a  _ZTS3I2C                                                                                                                                                
0000417f  _ZTS3PAV                                                                                                                                                
00004184  _ZTS3PID                                                                                                                                                
00004189  _ZTS3PWM                                                                                                                                                
00004190  SHT$$INIT_ARRAY$$Base                                                                                                                                   
000041b0  SHT$$INIT_ARRAY$$Limit                                                                                                                                  
000041cc  __TI_Handler_Table_Base                                                                                                                                 
000041d8  __TI_Handler_Table_Limit                                                                                                                                
000041e8  __TI_CINIT_Base                                                                                                                                         
00004200  __TI_CINIT_Limit                                                                                                                                        
20000000  g_pfnRAMVectors                                                                                                                                         
20000270  __stack                                                                                                                                                 
20000470  __STACK_END                                                                                                                                             
20000470  __STACK_TOP                                                                                                                                             
200004e8  pav                                                                                                                                                     
20000528  _ZN10Controller3pidE                                                                                                                                    
2000055c  _ZN6Driver7drv8421E                                                                                                                                     
20000580  _ZN5State5gy521E                                                                                                                                        
2000059c  _ZN6CC11014uartE                                                                                                                                        
200005a8  _ZN7ESP82664uartE                                                                                                                                       
200005b4  _ZN4Task10task_timerE                                                                                                                                   
200005bc  _ZN5State5portFE                                                                                                                                        
200005c4  _ZN6CC11013pkgE                                                                                                                                         
200005cc  _ZN10Controller6driverE                                                                                                                                 
200005d0  _ZN6System4taskE                                                                                                                                        
200005d4  controller                                                                                                                                              
200005d8  state                                                                                                                                                   
200005dc  _ZN10Controller3pavE                                                                                                                                    
200005e0  _ZN5State3pavE                                                                                                                                          
200005e4  __dso_handle                                                                                                                                            
200005e8  _ZN6CC110110cc1101_sttE                                                                                                                                 
200005ec  __TI_cleanup_ptr                                                                                                                                        
200005f0  __TI_dtors_ptr                                                                                                                                          
200005f4  __TI_enable_exit_profile_output                                                                                                                         
20000604  _lock                                                                                                                                                   
20000608  _unlock                                                                                                                                                 
2000060c  _ZN6CC110113uartOnReceiveE                                                                                                                              
20000610  _ZN7ESP826613uartOnReceiveE                                                                                                                             
20000618  _sys_memory                                                                                                                                             
ffffffff  __TI_pprof_out_hndl                                                                                                                                     
ffffffff  __TI_prof_data_size                                                                                                                                     
ffffffff  __TI_prof_data_start                                                                                                                                    
ffffffff  __binit__                                                                                                                                               
ffffffff  __c_args__                                                                                                                                              
ffffffff  binit                                                                                                                                                   
UNDEFED   __mpu_init                                                                                                                                              
UNDEFED   _system_post_cinit                                                                                                                                      

[375 symbols]
