<?xml version="1.0" encoding="ISO-8859-1" ?>
<link_info>
   <banner>TI ARM Linker PC v18.1.2.LTS</banner>
   <copyright>Copyright (c) 1996-2017 Texas Instruments Incorporated</copyright>
   <link_time>0x5b558c4d</link_time>
   <link_errors>0x0</link_errors>
   <output_file>2WheelsRobot.out</output_file>
   <entry_point>
      <name>_c_int00_noargs</name>
      <address>0x3f9d</address>
   </entry_point>
   <input_file_list>
      <input_file id="fl-2">
         <path>.\</path>
         <kind>object</kind>
         <file>main.obj</file>
         <name>main.obj</name>
      </input_file>
      <input_file id="fl-3">
         <path>.\</path>
         <kind>object</kind>
         <file>tm4c123gh6pm_startup_ccs.obj</file>
         <name>tm4c123gh6pm_startup_ccs.obj</name>
      </input_file>
      <input_file id="fl-4">
         <path>.\modules\DRV8412\</path>
         <kind>object</kind>
         <file>DRV8412.obj</file>
         <name>DRV8412.obj</name>
      </input_file>
      <input_file id="fl-5">
         <path>.\modules\ESP8266\</path>
         <kind>object</kind>
         <file>ESP8266.obj</file>
         <name>ESP8266.obj</name>
      </input_file>
      <input_file id="fl-6">
         <path>.\modules\GY521\</path>
         <kind>object</kind>
         <file>GY521.obj</file>
         <name>GY521.obj</name>
      </input_file>
      <input_file id="fl-7">
         <path>.\peripheral\GPIO\</path>
         <kind>object</kind>
         <file>GPIO.obj</file>
         <name>GPIO.obj</name>
      </input_file>
      <input_file id="fl-8">
         <path>.\peripheral\I2C\</path>
         <kind>object</kind>
         <file>I2C.obj</file>
         <name>I2C.obj</name>
      </input_file>
      <input_file id="fl-9">
         <path>.\peripheral\PWM\</path>
         <kind>object</kind>
         <file>PWM.obj</file>
         <name>PWM.obj</name>
      </input_file>
      <input_file id="fl-a">
         <path>.\peripheral\TIME\</path>
         <kind>object</kind>
         <file>TIME.obj</file>
         <name>TIME.obj</name>
      </input_file>
      <input_file id="fl-b">
         <path>.\peripheral\Timer\</path>
         <kind>object</kind>
         <file>TIMER.obj</file>
         <name>TIMER.obj</name>
      </input_file>
      <input_file id="fl-c">
         <path>.\peripheral\UART\</path>
         <kind>object</kind>
         <file>UART.obj</file>
         <name>UART.obj</name>
      </input_file>
      <input_file id="fl-d">
         <path>.\slib\Console\</path>
         <kind>object</kind>
         <file>Console.obj</file>
         <name>Console.obj</name>
      </input_file>
      <input_file id="fl-e">
         <path>.\slib\Driver\</path>
         <kind>object</kind>
         <file>Driver.obj</file>
         <name>Driver.obj</name>
      </input_file>
      <input_file id="fl-f">
         <path>.\slib\Log\</path>
         <kind>object</kind>
         <file>Log.obj</file>
         <name>Log.obj</name>
      </input_file>
      <input_file id="fl-10">
         <path>.\slib\Log\</path>
         <kind>object</kind>
         <file>Logger.obj</file>
         <name>Logger.obj</name>
      </input_file>
      <input_file id="fl-11">
         <path>.\slib\Params\</path>
         <kind>object</kind>
         <file>Params.obj</file>
         <name>Params.obj</name>
      </input_file>
      <input_file id="fl-12">
         <path>.\slib\StateSystem\</path>
         <kind>object</kind>
         <file>StateSystem.obj</file>
         <name>StateSystem.obj</name>
      </input_file>
      <input_file id="fl-13">
         <path>.\slib\System\</path>
         <kind>object</kind>
         <file>System.obj</file>
         <name>System.obj</name>
      </input_file>
      <input_file id="fl-14">
         <path>.\slib\Task\</path>
         <kind>object</kind>
         <file>Task.obj</file>
         <name>Task.obj</name>
      </input_file>
      <input_file id="fl-19">
         <kind>object</kind>
         <file>&lt;internal&gt;</file>
         <name>&lt;internal&gt;</name>
      </input_file>
      <input_file id="fl-1a">
         <path>..\</path>
         <kind>archive</kind>
         <file>driverlib.lib</file>
         <name>gpio.obj</name>
      </input_file>
      <input_file id="fl-1b">
         <path>..\</path>
         <kind>archive</kind>
         <file>driverlib.lib</file>
         <name>i2c.obj</name>
      </input_file>
      <input_file id="fl-1c">
         <path>..\</path>
         <kind>archive</kind>
         <file>driverlib.lib</file>
         <name>interrupt.obj</name>
      </input_file>
      <input_file id="fl-1d">
         <path>..\</path>
         <kind>archive</kind>
         <file>driverlib.lib</file>
         <name>pwm.obj</name>
      </input_file>
      <input_file id="fl-1e">
         <path>..\</path>
         <kind>archive</kind>
         <file>driverlib.lib</file>
         <name>sysctl.obj</name>
      </input_file>
      <input_file id="fl-1f">
         <path>..\</path>
         <kind>archive</kind>
         <file>driverlib.lib</file>
         <name>timer.obj</name>
      </input_file>
      <input_file id="fl-20">
         <path>..\</path>
         <kind>archive</kind>
         <file>driverlib.lib</file>
         <name>uart.obj</name>
      </input_file>
      <input_file id="fl-21">
         <path>..\</path>
         <kind>archive</kind>
         <file>driverlib.lib</file>
         <name>cpu.obj</name>
      </input_file>
      <input_file id="fl-d7">
         <path>D:\ProgrameFiles\CCS\ccsv8\tools\compiler\ti-cgt-arm_18.1.2.LTS\lib\</path>
         <kind>archive</kind>
         <file>rtsv7M4_T_le_v4SPD16_eabi.lib</file>
         <name>e_atan2.c.obj</name>
      </input_file>
      <input_file id="fl-d8">
         <path>D:\ProgrameFiles\CCS\ccsv8\tools\compiler\ti-cgt-arm_18.1.2.LTS\lib\</path>
         <kind>archive</kind>
         <file>rtsv7M4_T_le_v4SPD16_eabi.lib</file>
         <name>s_atan.c.obj</name>
      </input_file>
      <input_file id="fl-d9">
         <path>D:\ProgrameFiles\CCS\ccsv8\tools\compiler\ti-cgt-arm_18.1.2.LTS\lib\</path>
         <kind>archive</kind>
         <file>rtsv7M4_T_le_v4SPD16_eabi.lib</file>
         <name>new.cpp.obj</name>
      </input_file>
      <input_file id="fl-da">
         <path>D:\ProgrameFiles\CCS\ccsv8\tools\compiler\ti-cgt-arm_18.1.2.LTS\lib\</path>
         <kind>archive</kind>
         <file>rtsv7M4_T_le_v4SPD16_eabi.lib</file>
         <name>dtor_list.c.obj</name>
      </input_file>
      <input_file id="fl-db">
         <path>D:\ProgrameFiles\CCS\ccsv8\tools\compiler\ti-cgt-arm_18.1.2.LTS\lib\</path>
         <kind>archive</kind>
         <file>rtsv7M4_T_le_v4SPD16_eabi.lib</file>
         <name>typeinfo.c.obj</name>
      </input_file>
      <input_file id="fl-dc">
         <path>D:\ProgrameFiles\CCS\ccsv8\tools\compiler\ti-cgt-arm_18.1.2.LTS\lib\</path>
         <kind>archive</kind>
         <file>rtsv7M4_T_le_v4SPD16_eabi.lib</file>
         <name>u_divt2.asm.obj</name>
      </input_file>
      <input_file id="fl-dd">
         <path>D:\ProgrameFiles\CCS\ccsv8\tools\compiler\ti-cgt-arm_18.1.2.LTS\lib\</path>
         <kind>archive</kind>
         <file>rtsv7M4_T_le_v4SPD16_eabi.lib</file>
         <name>memset_t2.asm.obj</name>
      </input_file>
      <input_file id="fl-de">
         <path>D:\ProgrameFiles\CCS\ccsv8\tools\compiler\ti-cgt-arm_18.1.2.LTS\lib\</path>
         <kind>archive</kind>
         <file>rtsv7M4_T_le_v4SPD16_eabi.lib</file>
         <name>fd_add_t2.asm.obj</name>
      </input_file>
      <input_file id="fl-df">
         <path>D:\ProgrameFiles\CCS\ccsv8\tools\compiler\ti-cgt-arm_18.1.2.LTS\lib\</path>
         <kind>archive</kind>
         <file>rtsv7M4_T_le_v4SPD16_eabi.lib</file>
         <name>fd_cmp_t2.asm.obj</name>
      </input_file>
      <input_file id="fl-e0">
         <path>D:\ProgrameFiles\CCS\ccsv8\tools\compiler\ti-cgt-arm_18.1.2.LTS\lib\</path>
         <kind>archive</kind>
         <file>rtsv7M4_T_le_v4SPD16_eabi.lib</file>
         <name>fd_div_t2.asm.obj</name>
      </input_file>
      <input_file id="fl-e1">
         <path>D:\ProgrameFiles\CCS\ccsv8\tools\compiler\ti-cgt-arm_18.1.2.LTS\lib\</path>
         <kind>archive</kind>
         <file>rtsv7M4_T_le_v4SPD16_eabi.lib</file>
         <name>fd_mul_t2.asm.obj</name>
      </input_file>
      <input_file id="fl-e2">
         <path>D:\ProgrameFiles\CCS\ccsv8\tools\compiler\ti-cgt-arm_18.1.2.LTS\lib\</path>
         <kind>archive</kind>
         <file>rtsv7M4_T_le_v4SPD16_eabi.lib</file>
         <name>fd_tos_t2.asm.obj</name>
      </input_file>
      <input_file id="fl-e3">
         <path>D:\ProgrameFiles\CCS\ccsv8\tools\compiler\ti-cgt-arm_18.1.2.LTS\lib\</path>
         <kind>archive</kind>
         <file>rtsv7M4_T_le_v4SPD16_eabi.lib</file>
         <name>fs_tod_t2.asm.obj</name>
      </input_file>
      <input_file id="fl-e4">
         <path>D:\ProgrameFiles\CCS\ccsv8\tools\compiler\ti-cgt-arm_18.1.2.LTS\lib\</path>
         <kind>archive</kind>
         <file>rtsv7M4_T_le_v4SPD16_eabi.lib</file>
         <name>i_tofd_t2.asm.obj</name>
      </input_file>
      <input_file id="fl-e5">
         <path>D:\ProgrameFiles\CCS\ccsv8\tools\compiler\ti-cgt-arm_18.1.2.LTS\lib\</path>
         <kind>archive</kind>
         <file>rtsv7M4_T_le_v4SPD16_eabi.lib</file>
         <name>copy_zero_init.c.obj</name>
      </input_file>
      <input_file id="fl-e6">
         <path>D:\ProgrameFiles\CCS\ccsv8\tools\compiler\ti-cgt-arm_18.1.2.LTS\lib\</path>
         <kind>archive</kind>
         <file>rtsv7M4_T_le_v4SPD16_eabi.lib</file>
         <name>copy_decompress_none.c.obj</name>
      </input_file>
      <input_file id="fl-e7">
         <path>D:\ProgrameFiles\CCS\ccsv8\tools\compiler\ti-cgt-arm_18.1.2.LTS\lib\</path>
         <kind>archive</kind>
         <file>rtsv7M4_T_le_v4SPD16_eabi.lib</file>
         <name>copy_decompress_lzss.c.obj</name>
      </input_file>
      <input_file id="fl-e8">
         <path>D:\ProgrameFiles\CCS\ccsv8\tools\compiler\ti-cgt-arm_18.1.2.LTS\lib\</path>
         <kind>archive</kind>
         <file>rtsv7M4_T_le_v4SPD16_eabi.lib</file>
         <name>boot_cortex_m.c.obj</name>
      </input_file>
      <input_file id="fl-e9">
         <path>D:\ProgrameFiles\CCS\ccsv8\tools\compiler\ti-cgt-arm_18.1.2.LTS\lib\</path>
         <kind>archive</kind>
         <file>rtsv7M4_T_le_v4SPD16_eabi.lib</file>
         <name>exit.c.obj</name>
      </input_file>
      <input_file id="fl-ea">
         <path>D:\ProgrameFiles\CCS\ccsv8\tools\compiler\ti-cgt-arm_18.1.2.LTS\lib\</path>
         <kind>archive</kind>
         <file>rtsv7M4_T_le_v4SPD16_eabi.lib</file>
         <name>memory.c.obj</name>
      </input_file>
      <input_file id="fl-eb">
         <path>D:\ProgrameFiles\CCS\ccsv8\tools\compiler\ti-cgt-arm_18.1.2.LTS\lib\</path>
         <kind>archive</kind>
         <file>rtsv7M4_T_le_v4SPD16_eabi.lib</file>
         <name>_lock.c.obj</name>
      </input_file>
      <input_file id="fl-ec">
         <path>D:\ProgrameFiles\CCS\ccsv8\tools\compiler\ti-cgt-arm_18.1.2.LTS\lib\</path>
         <kind>archive</kind>
         <file>rtsv7M4_T_le_v4SPD16_eabi.lib</file>
         <name>args_main.c.obj</name>
      </input_file>
      <input_file id="fl-ed">
         <path>D:\ProgrameFiles\CCS\ccsv8\tools\compiler\ti-cgt-arm_18.1.2.LTS\lib\</path>
         <kind>archive</kind>
         <file>rtsv7M4_T_le_v4SPD16_eabi.lib</file>
         <name>atof.c.obj</name>
      </input_file>
      <input_file id="fl-ee">
         <path>D:\ProgrameFiles\CCS\ccsv8\tools\compiler\ti-cgt-arm_18.1.2.LTS\lib\</path>
         <kind>archive</kind>
         <file>rtsv7M4_T_le_v4SPD16_eabi.lib</file>
         <name>strlen.c.obj</name>
      </input_file>
      <input_file id="fl-ef">
         <path>D:\ProgrameFiles\CCS\ccsv8\tools\compiler\ti-cgt-arm_18.1.2.LTS\lib\</path>
         <kind>archive</kind>
         <file>rtsv7M4_T_le_v4SPD16_eabi.lib</file>
         <name>strtod.c.obj</name>
      </input_file>
      <input_file id="fl-f0">
         <path>D:\ProgrameFiles\CCS\ccsv8\tools\compiler\ti-cgt-arm_18.1.2.LTS\lib\</path>
         <kind>archive</kind>
         <file>rtsv7M4_T_le_v4SPD16_eabi.lib</file>
         <name>s_scalbn.c.obj</name>
      </input_file>
      <input_file id="fl-f1">
         <path>D:\ProgrameFiles\CCS\ccsv8\tools\compiler\ti-cgt-arm_18.1.2.LTS\lib\</path>
         <kind>archive</kind>
         <file>rtsv7M4_T_le_v4SPD16_eabi.lib</file>
         <name>stdlib_typeinfo.cpp.obj</name>
      </input_file>
      <input_file id="fl-f2">
         <path>D:\ProgrameFiles\CCS\ccsv8\tools\compiler\ti-cgt-arm_18.1.2.LTS\lib\</path>
         <kind>archive</kind>
         <file>rtsv7M4_T_le_v4SPD16_eabi.lib</file>
         <name>s_copysign.c.obj</name>
      </input_file>
      <input_file id="fl-f3">
         <path>D:\ProgrameFiles\CCS\ccsv8\tools\compiler\ti-cgt-arm_18.1.2.LTS\lib\</path>
         <kind>archive</kind>
         <file>rtsv7M4_T_le_v4SPD16_eabi.lib</file>
         <name>div0.asm.obj</name>
      </input_file>
      <input_file id="fl-f4">
         <path>D:\ProgrameFiles\CCS\ccsv8\tools\compiler\ti-cgt-arm_18.1.2.LTS\lib\</path>
         <kind>archive</kind>
         <file>rtsv7M4_T_le_v4SPD16_eabi.lib</file>
         <name>memcpy_t2.asm.obj</name>
      </input_file>
      <input_file id="fl-f5">
         <path>D:\ProgrameFiles\CCS\ccsv8\tools\compiler\ti-cgt-arm_18.1.2.LTS\lib\</path>
         <kind>archive</kind>
         <file>rtsv7M4_T_le_v4SPD16_eabi.lib</file>
         <name>autoinit.c.obj</name>
      </input_file>
      <input_file id="fl-f6">
         <path>D:\ProgrameFiles\CCS\ccsv8\tools\compiler\ti-cgt-arm_18.1.2.LTS\lib\</path>
         <kind>archive</kind>
         <file>rtsv7M4_T_le_v4SPD16_eabi.lib</file>
         <name>pre_init.c.obj</name>
      </input_file>
      <input_file id="fl-f7">
         <path>D:\ProgrameFiles\CCS\ccsv8\tools\compiler\ti-cgt-arm_18.1.2.LTS\lib\</path>
         <kind>archive</kind>
         <file>rtsv7M4_T_le_v4SPD16_eabi.lib</file>
         <name>cpy_tbl.c.obj</name>
      </input_file>
      <input_file id="fl-f8">
         <path>D:\ProgrameFiles\CCS\ccsv8\tools\compiler\ti-cgt-arm_18.1.2.LTS\lib\</path>
         <kind>archive</kind>
         <file>rtsv7M4_T_le_v4SPD16_eabi.lib</file>
         <name>errno.c.obj</name>
      </input_file>
      <input_file id="fl-f9">
         <path>D:\ProgrameFiles\CCS\ccsv8\tools\compiler\ti-cgt-arm_18.1.2.LTS\lib\</path>
         <kind>archive</kind>
         <file>rtsv7M4_T_le_v4SPD16_eabi.lib</file>
         <name>ctype.c.obj</name>
      </input_file>
      <input_file id="fl-fa">
         <path>D:\ProgrameFiles\CCS\ccsv8\tools\compiler\ti-cgt-arm_18.1.2.LTS\lib\</path>
         <kind>archive</kind>
         <file>rtsv7M4_T_le_v4SPD16_eabi.lib</file>
         <name>stdlib_exception.cpp.obj</name>
      </input_file>
   </input_file_list>
   <object_component_list>
      <object_component id="oc-f">
         <name>.intvecs</name>
         <load_address>0x0</load_address>
         <run_address>0x0</run_address>
         <size>0x26c</size>
         <input_file_ref idref="fl-3"/>
      </object_component>
      <object_component id="oc-71">
         <name>.text</name>
         <load_address>0x26c</load_address>
         <run_address>0x26c</run_address>
         <size>0x804</size>
         <input_file_ref idref="fl-5"/>
      </object_component>
      <object_component id="oc-db">
         <name>.text</name>
         <load_address>0xa70</load_address>
         <run_address>0xa70</run_address>
         <size>0x4e8</size>
         <input_file_ref idref="fl-f"/>
      </object_component>
      <object_component id="oc-333">
         <name>.text:strtod</name>
         <load_address>0xf58</load_address>
         <run_address>0xf58</run_address>
         <size>0x460</size>
         <input_file_ref idref="fl-ef"/>
      </object_component>
      <object_component id="oc-394">
         <name>.text</name>
         <load_address>0x13b8</load_address>
         <run_address>0x13b8</run_address>
         <size>0x42a</size>
         <input_file_ref idref="fl-8"/>
      </object_component>
      <object_component id="oc-68e">
         <name>.text:_ZNSt9type_infoD1Ev</name>
         <load_address>0x17e2</load_address>
         <run_address>0x17e2</run_address>
         <size>0x2</size>
         <input_file_ref idref="fl-f1"/>
      </object_component>
      <object_component id="oc-77">
         <name>.text</name>
         <load_address>0x17e4</load_address>
         <run_address>0x17e4</run_address>
         <size>0x3d8</size>
         <input_file_ref idref="fl-d"/>
      </object_component>
      <object_component id="oc-19d">
         <name>.text</name>
         <load_address>0x1bbc</load_address>
         <run_address>0x1bbc</run_address>
         <size>0x360</size>
         <input_file_ref idref="fl-6"/>
      </object_component>
      <object_component id="oc-649">
         <name>.text:atan</name>
         <load_address>0x1f1c</load_address>
         <run_address>0x1f1c</run_address>
         <size>0x2ec</size>
         <input_file_ref idref="fl-d8"/>
      </object_component>
      <object_component id="oc-e1">
         <name>.text</name>
         <load_address>0x2208</load_address>
         <run_address>0x2208</run_address>
         <size>0x224</size>
         <input_file_ref idref="fl-c"/>
      </object_component>
      <object_component id="oc-83">
         <name>.text</name>
         <load_address>0x242c</load_address>
         <run_address>0x242c</run_address>
         <size>0x1fc</size>
         <input_file_ref idref="fl-12"/>
      </object_component>
      <object_component id="oc-8f">
         <name>.text</name>
         <load_address>0x2628</load_address>
         <run_address>0x2628</run_address>
         <size>0x1f0</size>
         <input_file_ref idref="fl-14"/>
      </object_component>
      <object_component id="oc-553">
         <name>.text:atan2</name>
         <load_address>0x2818</load_address>
         <run_address>0x2818</run_address>
         <size>0x1ec</size>
         <input_file_ref idref="fl-d7"/>
      </object_component>
      <object_component id="oc-1c1">
         <name>.text</name>
         <load_address>0x2a04</load_address>
         <run_address>0x2a04</run_address>
         <size>0x1b6</size>
         <input_file_ref idref="fl-de"/>
      </object_component>
      <object_component id="oc-4e8">
         <name>.text:_nop</name>
         <load_address>0x2bba</load_address>
         <run_address>0x2bba</run_address>
         <size>0x2</size>
         <input_file_ref idref="fl-eb"/>
      </object_component>
      <object_component id="oc-1aa">
         <name>.text</name>
         <load_address>0x2bbc</load_address>
         <run_address>0x2bbc</run_address>
         <size>0x194</size>
         <input_file_ref idref="fl-7"/>
      </object_component>
      <object_component id="oc-209">
         <name>.text</name>
         <load_address>0x2d50</load_address>
         <run_address>0x2d50</run_address>
         <size>0x13c</size>
         <input_file_ref idref="fl-b"/>
      </object_component>
      <object_component id="oc-4bd">
         <name>.text</name>
         <load_address>0x2e8c</load_address>
         <run_address>0x2e8c</run_address>
         <size>0x136</size>
         <input_file_ref idref="fl-e0"/>
      </object_component>
      <object_component id="oc-473">
         <name>.text:GPIOPadConfigSet</name>
         <load_address>0x2fc2</load_address>
         <run_address>0x2fc2</run_address>
         <size>0x132</size>
         <input_file_ref idref="fl-1a"/>
      </object_component>
      <object_component id="oc-2e1">
         <name>.text:SysCtlClockGet</name>
         <load_address>0x30f4</load_address>
         <run_address>0x30f4</run_address>
         <size>0x110</size>
         <input_file_ref idref="fl-1e"/>
      </object_component>
      <object_component id="oc-4c8">
         <name>.text:scalbn</name>
         <load_address>0x3204</load_address>
         <run_address>0x3204</run_address>
         <size>0x110</size>
         <input_file_ref idref="fl-f0"/>
      </object_component>
      <object_component id="oc-1bc">
         <name>.text</name>
         <load_address>0x3314</load_address>
         <run_address>0x3314</run_address>
         <size>0xfc</size>
         <input_file_ref idref="fl-e1"/>
      </object_component>
      <object_component id="oc-1e8">
         <name>.text:SysCtlClockSet</name>
         <load_address>0x3410</load_address>
         <run_address>0x3410</run_address>
         <size>0xf4</size>
         <input_file_ref idref="fl-1e"/>
      </object_component>
      <object_component id="oc-4a0">
         <name>.text:free</name>
         <load_address>0x3504</load_address>
         <run_address>0x3504</run_address>
         <size>0xd8</size>
         <input_file_ref idref="fl-ea"/>
      </object_component>
      <object_component id="oc-89">
         <name>.text</name>
         <load_address>0x35dc</load_address>
         <run_address>0x35dc</run_address>
         <size>0xb0</size>
         <input_file_ref idref="fl-13"/>
      </object_component>
      <object_component id="oc-7d">
         <name>.text</name>
         <load_address>0x368c</load_address>
         <run_address>0x368c</run_address>
         <size>0x9c</size>
         <input_file_ref idref="fl-10"/>
      </object_component>
      <object_component id="oc-41">
         <name>.text</name>
         <load_address>0x3728</load_address>
         <run_address>0x3728</run_address>
         <size>0x9c</size>
         <input_file_ref idref="fl-f4"/>
      </object_component>
      <object_component id="oc-4b8">
         <name>.text:__aeabi_cdcmple</name>
         <load_address>0x37c4</load_address>
         <run_address>0x37c4</run_address>
         <size>0x86</size>
         <input_file_ref idref="fl-df"/>
      </object_component>
      <object_component id="oc-6b9">
         <name>.text:__aeabi_cdrcmple</name>
         <load_address>0x384a</load_address>
         <run_address>0x384a</run_address>
         <size>0x86</size>
         <input_file_ref idref="fl-df"/>
      </object_component>
      <object_component id="oc-bd">
         <name>.text</name>
         <load_address>0x38d0</load_address>
         <run_address>0x38d0</run_address>
         <size>0x7a</size>
         <input_file_ref idref="fl-dd"/>
      </object_component>
      <object_component id="oc-380">
         <name>.text</name>
         <load_address>0x394a</load_address>
         <run_address>0x394a</run_address>
         <size>0x2</size>
         <input_file_ref idref="fl-f3"/>
      </object_component>
      <object_component id="oc-4db">
         <name>.text:malloc</name>
         <load_address>0x394c</load_address>
         <run_address>0x394c</run_address>
         <size>0x78</size>
         <input_file_ref idref="fl-ea"/>
      </object_component>
      <object_component id="oc-135">
         <name>.text</name>
         <load_address>0x39c4</load_address>
         <run_address>0x39c4</run_address>
         <size>0x6e</size>
         <input_file_ref idref="fl-e2"/>
      </object_component>
      <object_component id="oc-ee">
         <name>.text:IntEnable</name>
         <load_address>0x3a34</load_address>
         <run_address>0x3a34</run_address>
         <size>0x68</size>
         <input_file_ref idref="fl-1c"/>
      </object_component>
      <object_component id="oc-12">
         <name>.text:decompress:lzss:__TI_decompress_lzss</name>
         <load_address>0x3a9c</load_address>
         <run_address>0x3a9c</run_address>
         <size>0x68</size>
         <input_file_ref idref="fl-e7"/>
      </object_component>
      <object_component id="oc-3fb">
         <name>.text:TimerConfigure</name>
         <load_address>0x3b04</load_address>
         <run_address>0x3b04</run_address>
         <size>0x60</size>
         <input_file_ref idref="fl-1f"/>
      </object_component>
      <object_component id="oc-285">
         <name>.text:__TI_auto_init_nobinit:__TI_auto_init_nobinit</name>
         <load_address>0x3b64</load_address>
         <run_address>0x3b64</run_address>
         <size>0x60</size>
         <input_file_ref idref="fl-f5"/>
      </object_component>
      <object_component id="oc-267">
         <name>.text</name>
         <load_address>0x3bc4</load_address>
         <run_address>0x3bc4</run_address>
         <size>0x58</size>
         <input_file_ref idref="fl-11"/>
      </object_component>
      <object_component id="oc-510">
         <name>.text:SysCtlPeripheralReset</name>
         <load_address>0x3c1c</load_address>
         <run_address>0x3c1c</run_address>
         <size>0x50</size>
         <input_file_ref idref="fl-1e"/>
      </object_component>
      <object_component id="oc-522">
         <name>.text:I2CMasterInitExpClk</name>
         <load_address>0x3c6c</load_address>
         <run_address>0x3c6c</run_address>
         <size>0x4c</size>
         <input_file_ref idref="fl-1b"/>
      </object_component>
      <object_component id="oc-423">
         <name>.text:_TimerIntNumberGet</name>
         <load_address>0x3cb8</load_address>
         <run_address>0x3cb8</run_address>
         <size>0x4c</size>
         <input_file_ref idref="fl-1f"/>
      </object_component>
      <object_component id="oc-2cf">
         <name>.text:GPIOPinConfigure</name>
         <load_address>0x3d04</load_address>
         <run_address>0x3d04</run_address>
         <size>0x48</size>
         <input_file_ref idref="fl-1a"/>
      </object_component>
      <object_component id="oc-279">
         <name>.text:exit</name>
         <load_address>0x3d4c</load_address>
         <run_address>0x3d4c</run_address>
         <size>0x48</size>
         <input_file_ref idref="fl-e9"/>
      </object_component>
      <object_component id="oc-2e7">
         <name>.text:UARTConfigSetExpClk</name>
         <load_address>0x3d94</load_address>
         <run_address>0x3d94</run_address>
         <size>0x46</size>
         <input_file_ref idref="fl-20"/>
      </object_component>
      <object_component id="oc-1a3">
         <name>.text:_ZN5GY521aSERKS_</name>
         <load_address>0x3dda</load_address>
         <run_address>0x3dda</run_address>
         <size>0x46</size>
         <input_file_ref idref="fl-12"/>
      </object_component>
      <object_component id="oc-35e">
         <name>.text:_Z25__add_destruction_to_listPP20a_needed_destructionPFYvPvES2_S2_</name>
         <load_address>0x3e20</load_address>
         <run_address>0x3e20</run_address>
         <size>0x44</size>
         <input_file_ref idref="fl-da"/>
      </object_component>
      <object_component id="oc-627">
         <name>.text:_Z23__finalize_destructionsPP20a_needed_destructionPv</name>
         <load_address>0x3e64</load_address>
         <run_address>0x3e64</run_address>
         <size>0x42</size>
         <input_file_ref idref="fl-da"/>
      </object_component>
      <object_component id="oc-307">
         <name>.text:_UARTIntNumberGet</name>
         <load_address>0x3ea8</load_address>
         <run_address>0x3ea8</run_address>
         <size>0x40</size>
         <input_file_ref idref="fl-20"/>
      </object_component>
      <object_component id="oc-178">
         <name>.text</name>
         <load_address>0x3ee8</load_address>
         <run_address>0x3ee8</run_address>
         <size>0x40</size>
         <input_file_ref idref="fl-dc"/>
      </object_component>
      <object_component id="oc-5ed">
         <name>.text:minsert</name>
         <load_address>0x3f28</load_address>
         <run_address>0x3f28</run_address>
         <size>0x3c</size>
         <input_file_ref idref="fl-ea"/>
      </object_component>
      <object_component id="oc-2c9">
         <name>.text:SysCtlPeripheralReady</name>
         <load_address>0x3f64</load_address>
         <run_address>0x3f64</run_address>
         <size>0x38</size>
         <input_file_ref idref="fl-1e"/>
      </object_component>
      <object_component id="oc-5f">
         <name>.text:_c_int00_noargs:_c_int00_noargs</name>
         <load_address>0x3f9c</load_address>
         <run_address>0x3f9c</run_address>
         <size>0x38</size>
         <input_file_ref idref="fl-e8"/>
      </object_component>
      <object_component id="oc-5e1">
         <name>.text:minit</name>
         <load_address>0x3fd4</load_address>
         <run_address>0x3fd4</run_address>
         <size>0x38</size>
         <input_file_ref idref="fl-ea"/>
      </object_component>
      <object_component id="oc-1b7">
         <name>.text</name>
         <load_address>0x400c</load_address>
         <run_address>0x400c</run_address>
         <size>0x38</size>
         <input_file_ref idref="fl-e3"/>
      </object_component>
      <object_component id="oc-30d">
         <name>.text:IntRegister</name>
         <load_address>0x4044</load_address>
         <run_address>0x4044</run_address>
         <size>0x34</size>
         <input_file_ref idref="fl-1c"/>
      </object_component>
      <object_component id="oc-2c3">
         <name>.text:SysCtlPeripheralEnable</name>
         <load_address>0x4078</load_address>
         <run_address>0x4078</run_address>
         <size>0x34</size>
         <input_file_ref idref="fl-1e"/>
      </object_component>
      <object_component id="oc-3a8">
         <name>.text:_Z5atan2IssENSt3__216__lazy_enable_ifIXaasr3std3__213is_arithmeticIT_EE5valuesr3std3__213is_arithmeticIT0_EE5valueENS0_9__promoteIS2_S3_vEEE4typeES2_S3_</name>
         <load_address>0x40ac</load_address>
         <run_address>0x40ac</run_address>
         <size>0x34</size>
         <input_file_ref idref="fl-6"/>
      </object_component>
      <object_component id="oc-152">
         <name>.text:__aeabi_atexit</name>
         <load_address>0x40e0</load_address>
         <run_address>0x40e0</run_address>
         <size>0x34</size>
         <input_file_ref idref="fl-da"/>
      </object_component>
      <object_component id="oc-3a1">
         <name>.text:_Z5atan2IisENSt3__216__lazy_enable_ifIXaasr3std3__213is_arithmeticIT_EE5valuesr3std3__213is_arithmeticIT0_EE5valueENS0_9__promoteIS2_S3_vEEE4typeES2_S3_</name>
         <load_address>0x4114</load_address>
         <run_address>0x4114</run_address>
         <size>0x30</size>
         <input_file_ref idref="fl-6"/>
      </object_component>
      <object_component id="oc-54e">
         <name>.text</name>
         <load_address>0x4144</load_address>
         <run_address>0x4144</run_address>
         <size>0x2e</size>
         <input_file_ref idref="fl-e4"/>
      </object_component>
      <object_component id="oc-46d">
         <name>.text:GPIODirModeSet</name>
         <load_address>0x4172</load_address>
         <run_address>0x4172</run_address>
         <size>0x2a</size>
         <input_file_ref idref="fl-1a"/>
      </object_component>
      <object_component id="oc-5e7">
         <name>.text:mremove</name>
         <load_address>0x419c</load_address>
         <run_address>0x419c</run_address>
         <size>0x28</size>
         <input_file_ref idref="fl-ea"/>
      </object_component>
      <object_component id="oc-c9">
         <name>.text</name>
         <load_address>0x41c4</load_address>
         <run_address>0x41c4</run_address>
         <size>0x22</size>
         <input_file_ref idref="fl-2"/>
      </object_component>
      <object_component id="oc-47f">
         <name>.text:UARTDisable</name>
         <load_address>0x41e8</load_address>
         <run_address>0x41e8</run_address>
         <size>0x20</size>
         <input_file_ref idref="fl-20"/>
      </object_component>
      <object_component id="oc-e7">
         <name>.text:_ZN4UARTaSERKS_</name>
         <load_address>0x4208</load_address>
         <run_address>0x4208</run_address>
         <size>0x1e</size>
         <input_file_ref idref="fl-5"/>
      </object_component>
      <object_component id="oc-3c8">
         <name>.text:GPIOPinTypeGPIOOutput</name>
         <load_address>0x4226</load_address>
         <run_address>0x4226</run_address>
         <size>0x18</size>
         <input_file_ref idref="fl-1a"/>
      </object_component>
      <object_component id="oc-407">
         <name>.text:TimerControlStall</name>
         <load_address>0x423e</load_address>
         <run_address>0x423e</run_address>
         <size>0x18</size>
         <input_file_ref idref="fl-1f"/>
      </object_component>
      <object_component id="oc-21c">
         <name>.text:TimerIntRegister</name>
         <load_address>0x4256</load_address>
         <run_address>0x4256</run_address>
         <size>0x18</size>
         <input_file_ref idref="fl-1f"/>
      </object_component>
      <object_component id="oc-fa">
         <name>.text:UARTIntRegister</name>
         <load_address>0x426e</load_address>
         <run_address>0x426e</run_address>
         <size>0x18</size>
         <input_file_ref idref="fl-20"/>
      </object_component>
      <object_component id="oc-39a">
         <name>.text:_ZN3I2CaSERKS_</name>
         <load_address>0x4286</load_address>
         <run_address>0x4286</run_address>
         <size>0x16</size>
         <input_file_ref idref="fl-6"/>
      </object_component>
      <object_component id="oc-1b0">
         <name>.text:_ZN4GPIOaSERKS_</name>
         <load_address>0x429c</load_address>
         <run_address>0x429c</run_address>
         <size>0x16</size>
         <input_file_ref idref="fl-4"/>
      </object_component>
      <object_component id="oc-20f">
         <name>.text:_ZN5TIMERaSERKS_</name>
         <load_address>0x42b2</load_address>
         <run_address>0x42b2</run_address>
         <size>0x16</size>
         <input_file_ref idref="fl-14"/>
      </object_component>
      <object_component id="oc-2ed">
         <name>.text:UARTEnable</name>
         <load_address>0x42c8</load_address>
         <run_address>0x42c8</run_address>
         <size>0x14</size>
         <input_file_ref idref="fl-20"/>
      </object_component>
      <object_component id="oc-612">
         <name>.text:copysign</name>
         <load_address>0x42dc</load_address>
         <run_address>0x42dc</run_address>
         <size>0x14</size>
         <input_file_ref idref="fl-f2"/>
      </object_component>
      <object_component id="oc-14b">
         <name>.text:strlen</name>
         <load_address>0x42f0</load_address>
         <run_address>0x42f0</run_address>
         <size>0x14</size>
         <input_file_ref idref="fl-ee"/>
      </object_component>
      <object_component id="oc-3ce">
         <name>.text:GPIOPinTypeGPIOInput</name>
         <load_address>0x4304</load_address>
         <run_address>0x4304</run_address>
         <size>0x12</size>
         <input_file_ref idref="fl-1a"/>
      </object_component>
      <object_component id="oc-51c">
         <name>.text:GPIOPinTypeI2C</name>
         <load_address>0x4316</load_address>
         <run_address>0x4316</run_address>
         <size>0x12</size>
         <input_file_ref idref="fl-1a"/>
      </object_component>
      <object_component id="oc-516">
         <name>.text:GPIOPinTypeI2CSCL</name>
         <load_address>0x4328</load_address>
         <run_address>0x4328</run_address>
         <size>0x12</size>
         <input_file_ref idref="fl-1a"/>
      </object_component>
      <object_component id="oc-2d5">
         <name>.text:GPIOPinTypeUART</name>
         <load_address>0x433a</load_address>
         <run_address>0x433a</run_address>
         <size>0x12</size>
         <input_file_ref idref="fl-1a"/>
      </object_component>
      <object_component id="oc-401">
         <name>.text:TimerLoadSet</name>
         <load_address>0x434c</load_address>
         <run_address>0x434c</run_address>
         <size>0x12</size>
         <input_file_ref idref="fl-1f"/>
      </object_component>
      <object_component id="oc-12f">
         <name>.text:atof</name>
         <load_address>0x435e</load_address>
         <run_address>0x435e</run_address>
         <size>0x12</size>
         <input_file_ref idref="fl-ed"/>
      </object_component>
      <object_component id="oc-4d">
         <name>.text:decompress:ZI:__TI_zero_init_nomemset:__TI_zero_init_nomemset</name>
         <load_address>0x4370</load_address>
         <run_address>0x4370</run_address>
         <size>0x12</size>
         <input_file_ref idref="fl-e5"/>
      </object_component>
      <object_component id="oc-106">
         <name>.text:IntMasterEnable</name>
         <load_address>0x4382</load_address>
         <run_address>0x4382</run_address>
         <size>0x10</size>
         <input_file_ref idref="fl-1c"/>
      </object_component>
      <object_component id="oc-413">
         <name>.text:TimerEnable</name>
         <load_address>0x4392</load_address>
         <run_address>0x4392</run_address>
         <size>0xe</size>
         <input_file_ref idref="fl-1f"/>
      </object_component>
      <object_component id="oc-124">
         <name>.text:UARTCharsAvail</name>
         <load_address>0x43a0</load_address>
         <run_address>0x43a0</run_address>
         <size>0xe</size>
         <input_file_ref idref="fl-20"/>
      </object_component>
      <object_component id="oc-602">
         <name>.text:_ZN10__cxxabiv117__class_type_infoD0Ev</name>
         <load_address>0x43ae</load_address>
         <run_address>0x43ae</run_address>
         <size>0xe</size>
         <input_file_ref idref="fl-db"/>
      </object_component>
      <object_component id="oc-6d4">
         <name>.text:_ZN10__cxxabiv120__si_class_type_infoD0Ev</name>
         <load_address>0x43bc</load_address>
         <run_address>0x43bc</run_address>
         <size>0xe</size>
         <input_file_ref idref="fl-db"/>
      </object_component>
      <object_component id="oc-1ee">
         <name>.text:_ZN6LoggeraSERKS_</name>
         <load_address>0x43ca</load_address>
         <run_address>0x43ca</run_address>
         <size>0xe</size>
         <input_file_ref idref="fl-13"/>
      </object_component>
      <object_component id="oc-18">
         <name>.text:decompress:none:__TI_decompress_none</name>
         <load_address>0x43d8</load_address>
         <run_address>0x43d8</run_address>
         <size>0xe</size>
         <input_file_ref idref="fl-e6"/>
      </object_component>
      <object_component id="oc-315">
         <name>.text:CPUcpsie</name>
         <load_address>0x43e6</load_address>
         <run_address>0x43e6</run_address>
         <size>0xc</size>
         <input_file_ref idref="fl-21"/>
      </object_component>
      <object_component id="oc-4e1">
         <name>.text:__cxa_ia64_exit</name>
         <load_address>0x43f4</load_address>
         <run_address>0x43f4</run_address>
         <size>0xc</size>
         <input_file_ref idref="fl-da"/>
      </object_component>
      <object_component id="oc-2d">
         <name>.text</name>
         <load_address>0x4400</load_address>
         <run_address>0x4400</run_address>
         <size>0xc</size>
         <input_file_ref idref="fl-3"/>
      </object_component>
      <object_component id="oc-634">
         <name>.text:I2CMasterEnable</name>
         <load_address>0x440c</load_address>
         <run_address>0x440c</run_address>
         <size>0xa</size>
         <input_file_ref idref="fl-1b"/>
      </object_component>
      <object_component id="oc-222">
         <name>.text:TimerIntStatus</name>
         <load_address>0x4416</load_address>
         <run_address>0x4416</run_address>
         <size>0xa</size>
         <input_file_ref idref="fl-1f"/>
      </object_component>
      <object_component id="oc-11e">
         <name>.text:UARTCharGet</name>
         <load_address>0x4420</load_address>
         <run_address>0x4420</run_address>
         <size>0xa</size>
         <input_file_ref idref="fl-20"/>
      </object_component>
      <object_component id="oc-144">
         <name>.text:UARTCharPut</name>
         <load_address>0x442a</load_address>
         <run_address>0x442a</run_address>
         <size>0xa</size>
         <input_file_ref idref="fl-20"/>
      </object_component>
      <object_component id="oc-100">
         <name>.text:UARTFIFODisable</name>
         <load_address>0x4434</load_address>
         <run_address>0x4434</run_address>
         <size>0xa</size>
         <input_file_ref idref="fl-20"/>
      </object_component>
      <object_component id="oc-112">
         <name>.text:UARTIntStatus</name>
         <load_address>0x443e</load_address>
         <run_address>0x443e</run_address>
         <size>0xa</size>
         <input_file_ref idref="fl-20"/>
      </object_component>
      <object_component id="oc-53a">
         <name>.text:I2CMasterBusy</name>
         <load_address>0x4448</load_address>
         <run_address>0x4448</run_address>
         <size>0x8</size>
         <input_file_ref idref="fl-1b"/>
      </object_component>
      <object_component id="oc-528">
         <name>.text:I2CMasterSlaveAddrSet</name>
         <load_address>0x4450</load_address>
         <run_address>0x4450</run_address>
         <size>0x8</size>
         <input_file_ref idref="fl-1b"/>
      </object_component>
      <object_component id="oc-216">
         <name>.text:TimerIntEnable</name>
         <load_address>0x4458</load_address>
         <run_address>0x4458</run_address>
         <size>0x8</size>
         <input_file_ref idref="fl-1f"/>
      </object_component>
      <object_component id="oc-f4">
         <name>.text:UARTIntEnable</name>
         <load_address>0x4460</load_address>
         <run_address>0x4460</run_address>
         <size>0x8</size>
         <input_file_ref idref="fl-20"/>
      </object_component>
      <object_component id="oc-31c">
         <name>.text:_ZdlPv</name>
         <load_address>0x4468</load_address>
         <run_address>0x4468</run_address>
         <size>0x8</size>
         <input_file_ref idref="fl-d9"/>
      </object_component>
      <object_component id="oc-4c2">
         <name>.text:__aeabi_errno_addr</name>
         <load_address>0x4470</load_address>
         <run_address>0x4470</run_address>
         <size>0x8</size>
         <input_file_ref idref="fl-f8"/>
      </object_component>
      <object_component id="oc-3c2">
         <name>.text:GPIOPinWrite</name>
         <load_address>0x4478</load_address>
         <run_address>0x4478</run_address>
         <size>0x6</size>
         <input_file_ref idref="fl-1a"/>
      </object_component>
      <object_component id="oc-1f5">
         <name>.text:SysCtlDelay</name>
         <load_address>0x447e</load_address>
         <run_address>0x447e</run_address>
         <size>0x6</size>
         <input_file_ref idref="fl-1e"/>
      </object_component>
      <object_component id="oc-40d">
         <name>.text:TimerClockSourceSet</name>
         <load_address>0x4484</load_address>
         <run_address>0x4484</run_address>
         <size>0x6</size>
         <input_file_ref idref="fl-1f"/>
      </object_component>
      <object_component id="oc-2db">
         <name>.text:UARTClockSourceSet</name>
         <load_address>0x448a</load_address>
         <run_address>0x448a</run_address>
         <size>0x6</size>
         <input_file_ref idref="fl-20"/>
      </object_component>
      <object_component id="oc-534">
         <name>.text:I2CMasterControl</name>
         <load_address>0x4490</load_address>
         <run_address>0x4490</run_address>
         <size>0x4</size>
         <input_file_ref idref="fl-1b"/>
      </object_component>
      <object_component id="oc-540">
         <name>.text:I2CMasterDataGet</name>
         <load_address>0x4494</load_address>
         <run_address>0x4494</run_address>
         <size>0x4</size>
         <input_file_ref idref="fl-1b"/>
      </object_component>
      <object_component id="oc-52e">
         <name>.text:I2CMasterDataPut</name>
         <load_address>0x4498</load_address>
         <run_address>0x4498</run_address>
         <size>0x4</size>
         <input_file_ref idref="fl-1b"/>
      </object_component>
      <object_component id="oc-228">
         <name>.text:TimerIntClear</name>
         <load_address>0x449c</load_address>
         <run_address>0x449c</run_address>
         <size>0x4</size>
         <input_file_ref idref="fl-1f"/>
      </object_component>
      <object_component id="oc-118">
         <name>.text:UARTIntClear</name>
         <load_address>0x44a0</load_address>
         <run_address>0x44a0</run_address>
         <size>0x4</size>
         <input_file_ref idref="fl-20"/>
      </object_component>
      <object_component id="oc-5fc">
         <name>.text:_ZN10__cxxabiv117__class_type_infoD1Ev</name>
         <load_address>0x44a4</load_address>
         <run_address>0x44a4</run_address>
         <size>0x4</size>
         <input_file_ref idref="fl-db"/>
      </object_component>
      <object_component id="oc-6ce">
         <name>.text:_ZN10__cxxabiv120__si_class_type_infoD1Ev</name>
         <load_address>0x44a8</load_address>
         <run_address>0x44a8</run_address>
         <size>0x4</size>
         <input_file_ref idref="fl-db"/>
      </object_component>
      <object_component id="oc-10c">
         <name>.text:_ZdlPvj</name>
         <load_address>0x44ac</load_address>
         <run_address>0x44ac</run_address>
         <size>0x4</size>
         <input_file_ref idref="fl-d9"/>
      </object_component>
      <object_component id="oc-c3">
         <name>.text:_system_pre_init</name>
         <load_address>0x44b0</load_address>
         <run_address>0x44b0</run_address>
         <size>0x4</size>
         <input_file_ref idref="fl-f6"/>
      </object_component>
      <object_component id="oc-273">
         <name>.text:abort:abort</name>
         <load_address>0x44b4</load_address>
         <run_address>0x44b4</run_address>
         <size>0x4</size>
         <input_file_ref idref="fl-e9"/>
      </object_component>
      <object_component id="oc-4ce">
         <name>.const:.string:_ctypes_</name>
         <load_address>0x44b8</load_address>
         <run_address>0x44b8</run_address>
         <size>0x101</size>
         <input_file_ref idref="fl-f9"/>
      </object_component>
      <object_component id="oc-656">
         <name>.const:.typeinfo:_ZTS5GY521</name>
         <load_address>0x45b9</load_address>
         <run_address>0x45b9</run_address>
         <size>0x7</size>
         <input_file_ref idref="fl-6"/>
      </object_component>
      <object_component id="oc-4d1">
         <name>.const:$O1$$</name>
         <load_address>0x45c0</load_address>
         <run_address>0x45c0</run_address>
         <size>0xc8</size>
         <input_file_ref idref="fl-ef"/>
      </object_component>
      <object_component id="oc-6be">
         <name>.const:$O1$$</name>
         <load_address>0x4688</load_address>
         <run_address>0x4688</run_address>
         <size>0x98</size>
         <input_file_ref idref="fl-d8"/>
      </object_component>
      <object_component id="oc-468">
         <name>.const:g_pui32GPIOBaseAddrs</name>
         <load_address>0x4720</load_address>
         <run_address>0x4720</run_address>
         <size>0x90</size>
         <input_file_ref idref="fl-1a"/>
      </object_component>
      <object_component id="oc-2fb">
         <name>.const</name>
         <load_address>0x47b0</load_address>
         <run_address>0x47b0</run_address>
         <size>0x70</size>
         <input_file_ref idref="fl-1c"/>
      </object_component>
      <object_component id="oc-47b">
         <name>.const:g_pui32Xtals</name>
         <load_address>0x4820</load_address>
         <run_address>0x4820</run_address>
         <size>0x6c</size>
         <input_file_ref idref="fl-1e"/>
      </object_component>
      <object_component id="oc-59e">
         <name>.const:g_ppui32TimerIntMap</name>
         <load_address>0x488c</load_address>
         <run_address>0x488c</run_address>
         <size>0x60</size>
         <input_file_ref idref="fl-1f"/>
      </object_component>
      <object_component id="oc-5a1">
         <name>.const:g_ppui32TimerIntMapSnowflake</name>
         <load_address>0x48ec</load_address>
         <run_address>0x48ec</run_address>
         <size>0x40</size>
         <input_file_ref idref="fl-1f"/>
      </object_component>
      <object_component id="oc-494">
         <name>.const:g_ppui32UARTIntMap</name>
         <load_address>0x492c</load_address>
         <run_address>0x492c</run_address>
         <size>0x40</size>
         <input_file_ref idref="fl-20"/>
      </object_component>
      <object_component id="oc-497">
         <name>.const:g_ppui32UARTIntMapSnowflake</name>
         <load_address>0x496c</load_address>
         <run_address>0x496c</run_address>
         <size>0x40</size>
         <input_file_ref idref="fl-20"/>
      </object_component>
      <object_component id="oc-6eb">
         <name>.const:.typeinfo:_ZTSN10__cxxabiv120__si_class_type_infoE</name>
         <load_address>0x49ac</load_address>
         <run_address>0x49ac</run_address>
         <size>0x25</size>
         <input_file_ref idref="fl-db"/>
      </object_component>
      <object_component id="oc-684">
         <name>.const:.typeinfo:_ZTSN10__cxxabiv117__class_type_infoE</name>
         <load_address>0x49d1</load_address>
         <run_address>0x49d1</run_address>
         <size>0x22</size>
         <input_file_ref idref="fl-db"/>
      </object_component>
      <object_component id="oc-386">
         <name>.const:.string</name>
         <load_address>0x49f4</load_address>
         <run_address>0x49f4</run_address>
         <size>0x12</size>
         <input_file_ref idref="fl-d"/>
      </object_component>
      <object_component id="oc-463">
         <name>.const:.string</name>
         <load_address>0x4a08</load_address>
         <run_address>0x4a08</run_address>
         <size>0x12</size>
         <input_file_ref idref="fl-f"/>
      </object_component>
      <object_component id="oc-3b4">
         <name>.const:MPU6050AccelFactors</name>
         <load_address>0x4a1c</load_address>
         <run_address>0x4a1c</run_address>
         <size>0x10</size>
         <input_file_ref idref="fl-6"/>
      </object_component>
      <object_component id="oc-3b7">
         <name>.const:MPU6050GyroFactors</name>
         <load_address>0x4a2c</load_address>
         <run_address>0x4a2c</run_address>
         <size>0x10</size>
         <input_file_ref idref="fl-6"/>
      </object_component>
      <object_component id="oc-1c6">
         <name>.const:_ZTV11StateSystem</name>
         <load_address>0x4a3c</load_address>
         <run_address>0x4a3c</run_address>
         <size>0x10</size>
         <input_file_ref idref="fl-12"/>
      </object_component>
      <object_component id="oc-546">
         <name>.const:_ZTV3I2C</name>
         <load_address>0x4a4c</load_address>
         <run_address>0x4a4c</run_address>
         <size>0x10</size>
         <input_file_ref idref="fl-8"/>
      </object_component>
      <object_component id="oc-2b1">
         <name>.const:_ZTV3Log</name>
         <load_address>0x4a5c</load_address>
         <run_address>0x4a5c</run_address>
         <size>0x10</size>
         <input_file_ref idref="fl-f"/>
      </object_component>
      <object_component id="oc-3d4">
         <name>.const:_ZTV4GPIO</name>
         <load_address>0x4a6c</load_address>
         <run_address>0x4a6c</run_address>
         <size>0x10</size>
         <input_file_ref idref="fl-7"/>
      </object_component>
      <object_component id="oc-22e">
         <name>.const:_ZTV4Task</name>
         <load_address>0x4a7c</load_address>
         <run_address>0x4a7c</run_address>
         <size>0x10</size>
         <input_file_ref idref="fl-14"/>
      </object_component>
      <object_component id="oc-2f3">
         <name>.const:_ZTV4UART</name>
         <load_address>0x4a8c</load_address>
         <run_address>0x4a8c</run_address>
         <size>0x10</size>
         <input_file_ref idref="fl-c"/>
      </object_component>
      <object_component id="oc-3af">
         <name>.const:_ZTV5GY521</name>
         <load_address>0x4a9c</load_address>
         <run_address>0x4a9c</run_address>
         <size>0x10</size>
         <input_file_ref idref="fl-6"/>
      </object_component>
      <object_component id="oc-419">
         <name>.const:_ZTV5TIMER</name>
         <load_address>0x4aac</load_address>
         <run_address>0x4aac</run_address>
         <size>0x10</size>
         <input_file_ref idref="fl-b"/>
      </object_component>
      <object_component id="oc-18d">
         <name>.const:_ZTV6Logger</name>
         <load_address>0x4abc</load_address>
         <run_address>0x4abc</run_address>
         <size>0x10</size>
         <input_file_ref idref="fl-10"/>
      </object_component>
      <object_component id="oc-437">
         <name>.const:_ZTV6Params</name>
         <load_address>0x4acc</load_address>
         <run_address>0x4acc</run_address>
         <size>0x10</size>
         <input_file_ref idref="fl-11"/>
      </object_component>
      <object_component id="oc-1f6">
         <name>.const:_ZTV6System</name>
         <load_address>0x4adc</load_address>
         <run_address>0x4adc</run_address>
         <size>0x10</size>
         <input_file_ref idref="fl-13"/>
      </object_component>
      <object_component id="oc-170">
         <name>.const:_ZTV7Console</name>
         <load_address>0x4aec</load_address>
         <run_address>0x4aec</run_address>
         <size>0x10</size>
         <input_file_ref idref="fl-d"/>
      </object_component>
      <object_component id="oc-12a">
         <name>.const:_ZTV7ESP8266</name>
         <load_address>0x4afc</load_address>
         <run_address>0x4afc</run_address>
         <size>0x10</size>
         <input_file_ref idref="fl-5"/>
      </object_component>
      <object_component id="oc-4ae">
         <name>.const:_ZTVN10__cxxabiv117__class_type_infoE</name>
         <load_address>0x4b0c</load_address>
         <run_address>0x4b0c</run_address>
         <size>0x10</size>
         <input_file_ref idref="fl-db"/>
      </object_component>
      <object_component id="oc-67f">
         <name>.const:_ZTVN10__cxxabiv120__si_class_type_infoE</name>
         <load_address>0x4b1c</load_address>
         <run_address>0x4b1c</run_address>
         <size>0x10</size>
         <input_file_ref idref="fl-db"/>
      </object_component>
      <object_component id="oc-57f">
         <name>.const:.typeinfo:_ZTS11StateSystem</name>
         <load_address>0x4b2c</load_address>
         <run_address>0x4b2c</run_address>
         <size>0xe</size>
         <input_file_ref idref="fl-12"/>
      </object_component>
      <object_component id="oc-6d9">
         <name>.const:.typeinfo:_ZTSSt9type_info</name>
         <load_address>0x4b3a</load_address>
         <run_address>0x4b3a</run_address>
         <size>0xd</size>
         <input_file_ref idref="fl-f1"/>
      </object_component>
      <object_component id="oc-5f7">
         <name>.const:.typeinfo:_ZTIN10__cxxabiv117__class_type_infoE</name>
         <load_address>0x4b48</load_address>
         <run_address>0x4b48</run_address>
         <size>0xc</size>
         <input_file_ref idref="fl-db"/>
      </object_component>
      <object_component id="oc-6c9">
         <name>.const:.typeinfo:_ZTIN10__cxxabiv120__si_class_type_infoE</name>
         <load_address>0x4b54</load_address>
         <run_address>0x4b54</run_address>
         <size>0xc</size>
         <input_file_ref idref="fl-db"/>
      </object_component>
      <object_component id="oc-505">
         <name>.const:.typeinfo:_ZTS7Console</name>
         <load_address>0x4b60</load_address>
         <run_address>0x4b60</run_address>
         <size>0x9</size>
         <input_file_ref idref="fl-d"/>
      </object_component>
      <object_component id="oc-4b3">
         <name>.const:.typeinfo:_ZTS7ESP8266</name>
         <load_address>0x4b69</load_address>
         <run_address>0x4b69</run_address>
         <size>0x9</size>
         <input_file_ref idref="fl-5"/>
      </object_component>
      <object_component id="oc-3e1">
         <name>.const:.typeinfo:_ZTI11StateSystem</name>
         <load_address>0x4b74</load_address>
         <run_address>0x4b74</run_address>
         <size>0x8</size>
         <input_file_ref idref="fl-12"/>
      </object_component>
      <object_component id="oc-641">
         <name>.const:.typeinfo:_ZTI3I2C</name>
         <load_address>0x4b7c</load_address>
         <run_address>0x4b7c</run_address>
         <size>0x8</size>
         <input_file_ref idref="fl-8"/>
      </object_component>
      <object_component id="oc-45c">
         <name>.const:.typeinfo:_ZTI3Log</name>
         <load_address>0x4b84</load_address>
         <run_address>0x4b84</run_address>
         <size>0x8</size>
         <input_file_ref idref="fl-f"/>
      </object_component>
      <object_component id="oc-576">
         <name>.const:.typeinfo:_ZTI4GPIO</name>
         <load_address>0x4b8c</load_address>
         <run_address>0x4b8c</run_address>
         <size>0x8</size>
         <input_file_ref idref="fl-7"/>
      </object_component>
      <object_component id="oc-42c">
         <name>.const:.typeinfo:_ZTI4Task</name>
         <load_address>0x4b94</load_address>
         <run_address>0x4b94</run_address>
         <size>0x8</size>
         <input_file_ref idref="fl-14"/>
      </object_component>
      <object_component id="oc-487">
         <name>.const:.typeinfo:_ZTI4UART</name>
         <load_address>0x4b9c</load_address>
         <run_address>0x4b9c</run_address>
         <size>0x8</size>
         <input_file_ref idref="fl-c"/>
      </object_component>
      <object_component id="oc-559">
         <name>.const:.typeinfo:_ZTI5GY521</name>
         <load_address>0x4ba4</load_address>
         <run_address>0x4ba4</run_address>
         <size>0x8</size>
         <input_file_ref idref="fl-6"/>
      </object_component>
      <object_component id="oc-595">
         <name>.const:.typeinfo:_ZTI5TIMER</name>
         <load_address>0x4bac</load_address>
         <run_address>0x4bac</run_address>
         <size>0x8</size>
         <input_file_ref idref="fl-b"/>
      </object_component>
      <object_component id="oc-38b">
         <name>.const:.typeinfo:_ZTI6Logger</name>
         <load_address>0x4bb4</load_address>
         <run_address>0x4bb4</run_address>
         <size>0x8</size>
         <input_file_ref idref="fl-10"/>
      </object_component>
      <object_component id="oc-5aa">
         <name>.const:.typeinfo:_ZTI6Params</name>
         <load_address>0x4bbc</load_address>
         <run_address>0x4bbc</run_address>
         <size>0x8</size>
         <input_file_ref idref="fl-11"/>
      </object_component>
      <object_component id="oc-3f0">
         <name>.const:.typeinfo:_ZTI6System</name>
         <load_address>0x4bc4</load_address>
         <run_address>0x4bc4</run_address>
         <size>0x8</size>
         <input_file_ref idref="fl-13"/>
      </object_component>
      <object_component id="oc-379">
         <name>.const:.typeinfo:_ZTI7Console</name>
         <load_address>0x4bcc</load_address>
         <run_address>0x4bcc</run_address>
         <size>0x8</size>
         <input_file_ref idref="fl-d"/>
      </object_component>
      <object_component id="oc-32e">
         <name>.const:.typeinfo:_ZTI7ESP8266</name>
         <load_address>0x4bd4</load_address>
         <run_address>0x4bd4</run_address>
         <size>0x8</size>
         <input_file_ref idref="fl-5"/>
      </object_component>
      <object_component id="oc-689">
         <name>.const:.typeinfo:_ZTISt9type_info</name>
         <load_address>0x4bdc</load_address>
         <run_address>0x4bdc</run_address>
         <size>0x8</size>
         <input_file_ref idref="fl-f1"/>
      </object_component>
      <object_component id="oc-50b">
         <name>.const:.typeinfo:_ZTS6Logger</name>
         <load_address>0x4be4</load_address>
         <run_address>0x4be4</run_address>
         <size>0x8</size>
         <input_file_ref idref="fl-10"/>
      </object_component>
      <object_component id="oc-669">
         <name>.const:.typeinfo:_ZTS6Params</name>
         <load_address>0x4bec</load_address>
         <run_address>0x4bec</run_address>
         <size>0x8</size>
         <input_file_ref idref="fl-11"/>
      </object_component>
      <object_component id="oc-58b">
         <name>.const:.typeinfo:_ZTS6System</name>
         <load_address>0x4bf4</load_address>
         <run_address>0x4bf4</run_address>
         <size>0x8</size>
         <input_file_ref idref="fl-13"/>
      </object_component>
      <object_component id="oc-660">
         <name>.const:.typeinfo:_ZTS5TIMER</name>
         <load_address>0x4bfc</load_address>
         <run_address>0x4bfc</run_address>
         <size>0x7</size>
         <input_file_ref idref="fl-b"/>
      </object_component>
      <object_component id="oc-65b">
         <name>.const:.typeinfo:_ZTS4GPIO</name>
         <load_address>0x4c03</load_address>
         <run_address>0x4c03</run_address>
         <size>0x6</size>
         <input_file_ref idref="fl-7"/>
      </object_component>
      <object_component id="oc-5a5">
         <name>.const:.typeinfo:_ZTS4Task</name>
         <load_address>0x4c09</load_address>
         <run_address>0x4c09</run_address>
         <size>0x6</size>
         <input_file_ref idref="fl-14"/>
      </object_component>
      <object_component id="oc-5d6">
         <name>.const:.typeinfo:_ZTS4UART</name>
         <load_address>0x4c0f</load_address>
         <run_address>0x4c0f</run_address>
         <size>0x6</size>
         <input_file_ref idref="fl-c"/>
      </object_component>
      <object_component id="oc-6b4">
         <name>.const:.typeinfo:_ZTS3I2C</name>
         <load_address>0x4c15</load_address>
         <run_address>0x4c15</run_address>
         <size>0x5</size>
         <input_file_ref idref="fl-8"/>
      </object_component>
      <object_component id="oc-5c8">
         <name>.const:.typeinfo:_ZTS3Log</name>
         <load_address>0x4c1a</load_address>
         <run_address>0x4c1a</run_address>
         <size>0x5</size>
         <input_file_ref idref="fl-f"/>
      </object_component>
      <object_component id="oc-17d">
         <name>.const</name>
         <load_address>0x4c20</load_address>
         <run_address>0x4c20</run_address>
         <size>0x4</size>
         <input_file_ref idref="fl-d"/>
      </object_component>
      <object_component id="oc-2ba">
         <name>.const</name>
         <load_address>0x4c24</load_address>
         <run_address>0x4c24</run_address>
         <size>0x4</size>
         <input_file_ref idref="fl-f"/>
      </object_component>
      <object_component id="oc-72b">
         <name>.cinit..data.load</name>
         <load_address>0x4c40</load_address>
         <run_address>0x4c40</run_address>
         <size>0x1a</size>
      </object_component>
      <object_component id="oc-728">
         <name>__TI_handler_table</name>
         <load_address>0x4c5c</load_address>
         <run_address>0x4c5c</run_address>
         <size>0xc</size>
      </object_component>
      <object_component id="oc-72c">
         <name>.cinit..bss.load</name>
         <load_address>0x4c68</load_address>
         <run_address>0x4c68</run_address>
         <size>0x8</size>
      </object_component>
      <object_component id="oc-72a">
         <name>.cinit..vtable.load</name>
         <load_address>0x4c70</load_address>
         <run_address>0x4c70</run_address>
         <size>0x8</size>
      </object_component>
      <object_component id="oc-729">
         <name>__TI_cinit_table</name>
         <load_address>0x4c78</load_address>
         <run_address>0x4c78</run_address>
         <size>0x18</size>
      </object_component>
      <object_component id="oc-26">
         <name>.init_array</name>
         <load_address>0x4c28</load_address>
         <run_address>0x4c28</run_address>
         <size>0x4</size>
         <input_file_ref idref="fl-14"/>
      </object_component>
      <object_component id="oc-25">
         <name>.init_array</name>
         <load_address>0x4c2c</load_address>
         <run_address>0x4c2c</run_address>
         <size>0x4</size>
         <input_file_ref idref="fl-13"/>
      </object_component>
      <object_component id="oc-24">
         <name>.init_array</name>
         <load_address>0x4c30</load_address>
         <run_address>0x4c30</run_address>
         <size>0x4</size>
         <input_file_ref idref="fl-12"/>
      </object_component>
      <object_component id="oc-23">
         <name>.init_array</name>
         <load_address>0x4c34</load_address>
         <run_address>0x4c34</run_address>
         <size>0x4</size>
         <input_file_ref idref="fl-10"/>
      </object_component>
      <object_component id="oc-22">
         <name>.init_array</name>
         <load_address>0x4c38</load_address>
         <run_address>0x4c38</run_address>
         <size>0x4</size>
         <input_file_ref idref="fl-d"/>
      </object_component>
      <object_component id="oc-21">
         <name>.init_array</name>
         <load_address>0x4c3c</load_address>
         <run_address>0x4c3c</run_address>
         <size>0x4</size>
         <input_file_ref idref="fl-5"/>
      </object_component>
      <object_component id="oc-72d">
         <name>SHT$$INIT_ARRAY$$Limit</name>
         <load_address>0x4c40</load_address>
         <run_address>0x4c40</run_address>
         <size>0x0</size>
      </object_component>
      <object_component id="oc-49b">
         <name>.vtable</name>
         <uninitialized>true</uninitialized>
         <run_address>0x20000000</run_address>
         <size>0x26c</size>
         <input_file_ref idref="fl-1c"/>
      </object_component>
      <object_component id="oc-141">
         <name>.data</name>
         <load_address>0x200005e4</load_address>
         <run_address>0x200005e4</run_address>
         <size>0x3</size>
         <input_file_ref idref="fl-5"/>
      </object_component>
      <object_component id="oc-1d5">
         <name>.data</name>
         <load_address>0x200005d8</load_address>
         <run_address>0x200005d8</run_address>
         <size>0x4</size>
         <input_file_ref idref="fl-12"/>
      </object_component>
      <object_component id="oc-367">
         <name>.data</name>
         <load_address>0x200005dc</load_address>
         <run_address>0x200005dc</run_address>
         <size>0x4</size>
         <input_file_ref idref="fl-da"/>
      </object_component>
      <object_component id="oc-440">
         <name>.data:$O1$$</name>
         <load_address>0x200005b8</load_address>
         <run_address>0x200005b8</run_address>
         <size>0xc</size>
         <input_file_ref idref="fl-e9"/>
      </object_component>
      <object_component id="oc-5f3">
         <name>.data:$O1$$</name>
         <load_address>0x200005c4</load_address>
         <run_address>0x200005c4</run_address>
         <size>0xc</size>
         <input_file_ref idref="fl-ea"/>
      </object_component>
      <object_component id="oc-364">
         <name>.data:$O1$$</name>
         <load_address>0x200005d0</load_address>
         <run_address>0x200005d0</run_address>
         <size>0x8</size>
         <input_file_ref idref="fl-eb"/>
      </object_component>
      <object_component id="oc-60d">
         <name>.data</name>
         <load_address>0x200005e0</load_address>
         <run_address>0x200005e0</run_address>
         <size>0x4</size>
         <input_file_ref idref="fl-f8"/>
      </object_component>
      <object_component id="oc-13e">
         <name>.bss:_ZN7ESP82664uartE</name>
         <uninitialized>true</uninitialized>
         <run_address>0x20000580</run_address>
         <size>0xc</size>
         <input_file_ref idref="fl-5"/>
      </object_component>
      <object_component id="oc-175">
         <name>.bss:_ZN7Console4uartE</name>
         <uninitialized>true</uninitialized>
         <run_address>0x20000574</run_address>
         <size>0xc</size>
         <input_file_ref idref="fl-d"/>
      </object_component>
      <object_component id="oc-192">
         <name>.bss:_ZN6Logger4uartE</name>
         <uninitialized>true</uninitialized>
         <run_address>0x20000568</run_address>
         <size>0xc</size>
         <input_file_ref idref="fl-10"/>
      </object_component>
      <object_component id="oc-1cf">
         <name>.bss:_ZN11StateSystem5gy521E</name>
         <uninitialized>true</uninitialized>
         <run_address>0x2000054c</run_address>
         <size>0x1c</size>
         <input_file_ref idref="fl-12"/>
      </object_component>
      <object_component id="oc-1d2">
         <name>.bss:_ZN11StateSystem5portFE</name>
         <uninitialized>true</uninitialized>
         <run_address>0x2000058c</run_address>
         <size>0x8</size>
         <input_file_ref idref="fl-12"/>
      </object_component>
      <object_component id="oc-1fb">
         <name>.bss:_ZN6System6loggerE</name>
         <uninitialized>true</uninitialized>
         <run_address>0x200005a0</run_address>
         <size>0x4</size>
         <input_file_ref idref="fl-13"/>
      </object_component>
      <object_component id="oc-1fe">
         <name>.bss:_ZN6System4taskE</name>
         <uninitialized>true</uninitialized>
         <run_address>0x2000059c</run_address>
         <size>0x4</size>
         <input_file_ref idref="fl-13"/>
      </object_component>
      <object_component id="oc-236">
         <name>.bss:timer_event_list</name>
         <uninitialized>true</uninitialized>
         <run_address>0x20000470</run_address>
         <size>0x78</size>
         <input_file_ref idref="fl-14"/>
      </object_component>
      <object_component id="oc-233">
         <name>.bss:_ZN4Task10task_timerE</name>
         <uninitialized>true</uninitialized>
         <run_address>0x20000594</run_address>
         <size>0x8</size>
         <input_file_ref idref="fl-14"/>
      </object_component>
      <object_component id="oc-13a">
         <name>.common:_ZN7ESP82665paramE</name>
         <uninitialized>true</uninitialized>
         <run_address>0x200005ac</run_address>
         <size>0x4</size>
      </object_component>
      <object_component id="oc-151">
         <name>.common:_ZN7ESP82663bufE</name>
         <uninitialized>true</uninitialized>
         <run_address>0x200004e8</run_address>
         <size>0x64</size>
      </object_component>
      <object_component id="oc-14a">
         <name>.common:_ZN7ESP826613esp8266StatusE</name>
         <uninitialized>true</uninitialized>
         <run_address>0x200005b4</run_address>
         <size>0x1</size>
      </object_component>
      <object_component id="oc-2b6">
         <name>.common:_ZN3Log6loggerE</name>
         <uninitialized>true</uninitialized>
         <run_address>0x200005a8</run_address>
         <size>0x4</size>
      </object_component>
      <object_component id="oc-1cb">
         <name>.common:_ZN11StateSystem6paramsE</name>
         <uninitialized>true</uninitialized>
         <run_address>0x200005a4</run_address>
         <size>0x4</size>
      </object_component>
      <object_component id="oc-158">
         <name>.common:__dso_handle</name>
         <uninitialized>true</uninitialized>
         <run_address>0x200005b0</run_address>
         <size>0x4</size>
      </object_component>
      <object_component id="oc-2a">
         <name>.sysmem</name>
         <uninitialized>true</uninitialized>
         <run_address>0x200005e8</run_address>
         <size>0x8</size>
         <input_file_ref idref="fl-ea"/>
      </object_component>
      <object_component id="oc-72f">
         <name>.sysmem</name>
         <uninitialized>true</uninitialized>
         <run_address>0x200005e8</run_address>
         <size>0x0</size>
      </object_component>
      <object_component id="oc-27">
         <name>.stack</name>
         <uninitialized>true</uninitialized>
         <run_address>0x20000270</run_address>
         <size>0x4</size>
         <input_file_ref idref="fl-e8"/>
      </object_component>
      <object_component id="oc-72e">
         <name>.stack</name>
         <uninitialized>true</uninitialized>
         <run_address>0x20000270</run_address>
         <size>0x0</size>
      </object_component>
      <object_component id="oc-377">
         <name>.debug_info</name>
         <load_address>0x0</load_address>
         <run_address>0x0</run_address>
         <size>0xd4a</size>
         <input_file_ref idref="fl-2"/>
      </object_component>
      <object_component id="oc-ca">
         <name>.debug_info</name>
         <load_address>0xd4a</load_address>
         <run_address>0xd4a</run_address>
         <size>0x194</size>
         <input_file_ref idref="fl-2"/>
      </object_component>
      <object_component id="oc-181">
         <name>.debug_info</name>
         <load_address>0xede</load_address>
         <run_address>0xede</run_address>
         <size>0xf2</size>
         <input_file_ref idref="fl-2"/>
      </object_component>
      <object_component id="oc-4f6">
         <name>.debug_info</name>
         <load_address>0xfd0</load_address>
         <run_address>0xfd0</run_address>
         <size>0xdd</size>
         <input_file_ref idref="fl-2"/>
      </object_component>
      <object_component id="oc-4fb">
         <name>.debug_info</name>
         <load_address>0x10ad</load_address>
         <run_address>0x10ad</run_address>
         <size>0x20f</size>
         <input_file_ref idref="fl-2"/>
      </object_component>
      <object_component id="oc-15c">
         <name>.debug_info</name>
         <load_address>0x12bc</load_address>
         <run_address>0x12bc</run_address>
         <size>0x19b</size>
         <input_file_ref idref="fl-2"/>
      </object_component>
      <object_component id="oc-1de">
         <name>.debug_info</name>
         <load_address>0x1457</load_address>
         <run_address>0x1457</run_address>
         <size>0xe6</size>
         <input_file_ref idref="fl-2"/>
      </object_component>
      <object_component id="oc-1e3">
         <name>.debug_info</name>
         <load_address>0x153d</load_address>
         <run_address>0x153d</run_address>
         <size>0x1e7</size>
         <input_file_ref idref="fl-2"/>
      </object_component>
      <object_component id="oc-3bd">
         <name>.debug_info</name>
         <load_address>0x1724</load_address>
         <run_address>0x1724</run_address>
         <size>0x14d</size>
         <input_file_ref idref="fl-2"/>
      </object_component>
      <object_component id="oc-2be">
         <name>.debug_info</name>
         <load_address>0x1871</load_address>
         <run_address>0x1871</run_address>
         <size>0x153</size>
         <input_file_ref idref="fl-2"/>
      </object_component>
      <object_component id="oc-196">
         <name>.debug_info</name>
         <load_address>0x19c4</load_address>
         <run_address>0x19c4</run_address>
         <size>0xc8</size>
         <input_file_ref idref="fl-2"/>
      </object_component>
      <object_component id="oc-500">
         <name>.debug_info</name>
         <load_address>0x1a8c</load_address>
         <run_address>0x1a8c</run_address>
         <size>0x127</size>
         <input_file_ref idref="fl-2"/>
      </object_component>
      <object_component id="oc-26e">
         <name>.debug_info</name>
         <load_address>0x1bb3</load_address>
         <run_address>0x1bb3</run_address>
         <size>0xd9</size>
         <input_file_ref idref="fl-2"/>
      </object_component>
      <object_component id="oc-1d9">
         <name>.debug_info</name>
         <load_address>0x1c8c</load_address>
         <run_address>0x1c8c</run_address>
         <size>0xee</size>
         <input_file_ref idref="fl-2"/>
      </object_component>
      <object_component id="oc-202">
         <name>.debug_info</name>
         <load_address>0x1d7a</load_address>
         <run_address>0x1d7a</run_address>
         <size>0xcb</size>
         <input_file_ref idref="fl-2"/>
      </object_component>
      <object_component id="oc-23a">
         <name>.debug_info</name>
         <load_address>0x1e45</load_address>
         <run_address>0x1e45</run_address>
         <size>0x18d</size>
         <input_file_ref idref="fl-2"/>
      </object_component>
      <object_component id="oc-241">
         <name>.debug_info</name>
         <load_address>0x1fd2</load_address>
         <run_address>0x1fd2</run_address>
         <size>0xb7</size>
         <input_file_ref idref="fl-2"/>
      </object_component>
      <object_component id="oc-161">
         <name>.debug_info</name>
         <load_address>0x2089</load_address>
         <run_address>0x2089</run_address>
         <size>0x114</size>
         <input_file_ref idref="fl-2"/>
      </object_component>
      <object_component id="oc-3c">
         <name>.debug_info</name>
         <load_address>0x219d</load_address>
         <run_address>0x219d</run_address>
         <size>0x84</size>
         <input_file_ref idref="fl-2"/>
      </object_component>
      <object_component id="oc-348">
         <name>.debug_info</name>
         <load_address>0x2221</load_address>
         <run_address>0x2221</run_address>
         <size>0x941</size>
         <input_file_ref idref="fl-2"/>
      </object_component>
      <object_component id="oc-343">
         <name>.debug_info</name>
         <load_address>0x2b62</load_address>
         <run_address>0x2b62</run_address>
         <size>0x2c9</size>
         <input_file_ref idref="fl-2"/>
      </object_component>
      <object_component id="oc-166">
         <name>.debug_info</name>
         <load_address>0x2e2b</load_address>
         <run_address>0x2e2b</run_address>
         <size>0xbb</size>
         <input_file_ref idref="fl-2"/>
      </object_component>
      <object_component id="oc-33e">
         <name>.debug_info</name>
         <load_address>0x2ee6</load_address>
         <run_address>0x2ee6</run_address>
         <size>0x2a1</size>
         <input_file_ref idref="fl-2"/>
      </object_component>
      <object_component id="oc-188">
         <name>.debug_info</name>
         <load_address>0x3187</load_address>
         <run_address>0x3187</run_address>
         <size>0x2c</size>
         <input_file_ref idref="fl-2"/>
      </object_component>
      <object_component id="oc-35">
         <name>.debug_info</name>
         <load_address>0x31b3</load_address>
         <run_address>0x31b3</run_address>
         <size>0x2a3</size>
         <input_file_ref idref="fl-3"/>
      </object_component>
      <object_component id="oc-10">
         <name>.debug_info</name>
         <load_address>0x3456</load_address>
         <run_address>0x3456</run_address>
         <size>0xe2</size>
         <input_file_ref idref="fl-3"/>
      </object_component>
      <object_component id="oc-2e">
         <name>.debug_info</name>
         <load_address>0x3538</load_address>
         <run_address>0x3538</run_address>
         <size>0x25e</size>
         <input_file_ref idref="fl-3"/>
      </object_component>
      <object_component id="oc-9e">
         <name>.debug_info</name>
         <load_address>0x3796</load_address>
         <run_address>0x3796</run_address>
         <size>0x26b</size>
         <input_file_ref idref="fl-3"/>
      </object_component>
      <object_component id="oc-252">
         <name>.debug_info</name>
         <load_address>0x3a01</load_address>
         <run_address>0x3a01</run_address>
         <size>0x297</size>
         <input_file_ref idref="fl-3"/>
      </object_component>
      <object_component id="oc-a3">
         <name>.debug_info</name>
         <load_address>0x3c98</load_address>
         <run_address>0x3c98</run_address>
         <size>0xbb</size>
         <input_file_ref idref="fl-3"/>
      </object_component>
      <object_component id="oc-3dc">
         <name>.debug_info</name>
         <load_address>0x3d53</load_address>
[...]
      </symbol>
      <symbol id="sm-683">
         <name>I2CMasterDataGet</name>
         <value>0x4495</value>
         <object_component_ref idref="oc-540"/>
      </symbol>
      <symbol id="sm-684">
         <name>I2CMasterControl</name>
         <value>0x4491</value>
         <object_component_ref idref="oc-534"/>
      </symbol>
      <symbol id="sm-685">
         <name>I2CMasterBusy</name>
         <value>0x4449</value>
         <object_component_ref idref="oc-53a"/>
      </symbol>
      <symbol id="sm-686">
         <name>I2CMasterEnable</name>
         <value>0x440d</value>
         <object_component_ref idref="oc-634"/>
      </symbol>
      <symbol id="sm-6c8">
         <name>IntEnable</name>
         <value>0x3a35</value>
         <object_component_ref idref="oc-ee"/>
      </symbol>
      <symbol id="sm-6c9">
         <name>IntRegister</name>
         <value>0x4045</value>
         <object_component_ref idref="oc-30d"/>
      </symbol>
      <symbol id="sm-6ca">
         <name>g_pfnRAMVectors</name>
         <value>0x20000000</value>
         <object_component_ref idref="oc-49b"/>
      </symbol>
      <symbol id="sm-6cb">
         <name>IntMasterEnable</name>
         <value>0x4383</value>
         <object_component_ref idref="oc-106"/>
      </symbol>
      <symbol id="sm-735">
         <name>SysCtlClockSet</name>
         <value>0x3411</value>
         <object_component_ref idref="oc-1e8"/>
      </symbol>
      <symbol id="sm-736">
         <name>SysCtlDelay</name>
         <value>0x447f</value>
         <object_component_ref idref="oc-1f5"/>
      </symbol>
      <symbol id="sm-737">
         <name>SysCtlPeripheralEnable</name>
         <value>0x4079</value>
         <object_component_ref idref="oc-2c3"/>
      </symbol>
      <symbol id="sm-738">
         <name>SysCtlClockGet</name>
         <value>0x30f5</value>
         <object_component_ref idref="oc-2e1"/>
      </symbol>
      <symbol id="sm-739">
         <name>SysCtlPeripheralReady</name>
         <value>0x3f65</value>
         <object_component_ref idref="oc-2c9"/>
      </symbol>
      <symbol id="sm-73a">
         <name>SysCtlPeripheralReset</name>
         <value>0x3c1d</value>
         <object_component_ref idref="oc-510"/>
      </symbol>
      <symbol id="sm-7ad">
         <name>TimerLoadSet</name>
         <value>0x434d</value>
         <object_component_ref idref="oc-401"/>
      </symbol>
      <symbol id="sm-7ae">
         <name>TimerIntRegister</name>
         <value>0x4257</value>
         <object_component_ref idref="oc-21c"/>
      </symbol>
      <symbol id="sm-7af">
         <name>TimerEnable</name>
         <value>0x4393</value>
         <object_component_ref idref="oc-413"/>
      </symbol>
      <symbol id="sm-7b0">
         <name>TimerIntStatus</name>
         <value>0x4417</value>
         <object_component_ref idref="oc-222"/>
      </symbol>
      <symbol id="sm-7b1">
         <name>TimerControlStall</name>
         <value>0x423f</value>
         <object_component_ref idref="oc-407"/>
      </symbol>
      <symbol id="sm-7b2">
         <name>TimerIntEnable</name>
         <value>0x4459</value>
         <object_component_ref idref="oc-216"/>
      </symbol>
      <symbol id="sm-7b3">
         <name>TimerClockSourceSet</name>
         <value>0x4485</value>
         <object_component_ref idref="oc-40d"/>
      </symbol>
      <symbol id="sm-7b4">
         <name>TimerConfigure</name>
         <value>0x3b05</value>
         <object_component_ref idref="oc-3fb"/>
      </symbol>
      <symbol id="sm-7b5">
         <name>TimerIntClear</name>
         <value>0x449d</value>
         <object_component_ref idref="oc-228"/>
      </symbol>
      <symbol id="sm-83f">
         <name>UARTFIFODisable</name>
         <value>0x4435</value>
         <object_component_ref idref="oc-100"/>
      </symbol>
      <symbol id="sm-840">
         <name>UARTConfigSetExpClk</name>
         <value>0x3d95</value>
         <object_component_ref idref="oc-2e7"/>
      </symbol>
      <symbol id="sm-841">
         <name>UARTDisable</name>
         <value>0x41e9</value>
         <object_component_ref idref="oc-47f"/>
      </symbol>
      <symbol id="sm-842">
         <name>UARTIntEnable</name>
         <value>0x4461</value>
         <object_component_ref idref="oc-f4"/>
      </symbol>
      <symbol id="sm-843">
         <name>UARTCharsAvail</name>
         <value>0x43a1</value>
         <object_component_ref idref="oc-124"/>
      </symbol>
      <symbol id="sm-844">
         <name>UARTClockSourceSet</name>
         <value>0x448b</value>
         <object_component_ref idref="oc-2db"/>
      </symbol>
      <symbol id="sm-845">
         <name>UARTCharPut</name>
         <value>0x442b</value>
         <object_component_ref idref="oc-144"/>
      </symbol>
      <symbol id="sm-846">
         <name>UARTEnable</name>
         <value>0x42c9</value>
         <object_component_ref idref="oc-2ed"/>
      </symbol>
      <symbol id="sm-847">
         <name>UARTIntClear</name>
         <value>0x44a1</value>
         <object_component_ref idref="oc-118"/>
      </symbol>
      <symbol id="sm-848">
         <name>UARTIntStatus</name>
         <value>0x443f</value>
         <object_component_ref idref="oc-112"/>
      </symbol>
      <symbol id="sm-849">
         <name>UARTCharGet</name>
         <value>0x4421</value>
         <object_component_ref idref="oc-11e"/>
      </symbol>
      <symbol id="sm-84a">
         <name>UARTIntRegister</name>
         <value>0x426f</value>
         <object_component_ref idref="oc-fa"/>
      </symbol>
      <symbol id="sm-854">
         <name>CPUcpsie</name>
         <value>0x43e7</value>
         <object_component_ref idref="oc-315"/>
      </symbol>
      <symbol id="sm-898">
         <name>atan2</name>
         <value>0x2819</value>
         <object_component_ref idref="oc-553"/>
      </symbol>
      <symbol id="sm-899">
         <name>atan2l</name>
         <value>0x2819</value>
         <object_component_ref idref="oc-553"/>
      </symbol>
      <symbol id="sm-8cf">
         <name>atanl</name>
         <value>0x1f1d</value>
         <object_component_ref idref="oc-649"/>
      </symbol>
      <symbol id="sm-8d0">
         <name>atan</name>
         <value>0x1f1d</value>
         <object_component_ref idref="oc-649"/>
      </symbol>
      <symbol id="sm-8f1">
         <name>_ZdlPv</name>
         <value>0x4469</value>
         <object_component_ref idref="oc-31c"/>
      </symbol>
      <symbol id="sm-8f2">
         <name>_ZdlPvj</name>
         <value>0x44ad</value>
         <object_component_ref idref="oc-10c"/>
      </symbol>
      <symbol id="sm-939">
         <name>__dso_handle</name>
         <value>0x200005b0</value>
      </symbol>
      <symbol id="sm-93a">
         <name>_Z25__add_destruction_to_listPP20a_needed_destructionPFYvPvES2_S2_</name>
         <value>0x3e21</value>
         <object_component_ref idref="oc-35e"/>
      </symbol>
      <symbol id="sm-93b">
         <name>__aeabi_atexit</name>
         <value>0x40e1</value>
         <object_component_ref idref="oc-152"/>
      </symbol>
      <symbol id="sm-93c">
         <name>_Z23__finalize_destructionsPP20a_needed_destructionPv</name>
         <value>0x3e65</value>
         <object_component_ref idref="oc-627"/>
      </symbol>
      <symbol id="sm-93d">
         <name>__cxa_ia64_exit</name>
         <value>0x43f5</value>
         <object_component_ref idref="oc-4e1"/>
      </symbol>
      <symbol id="sm-992">
         <name>_ZN10__cxxabiv117__class_type_infoD1Ev</name>
         <value>0x44a5</value>
         <object_component_ref idref="oc-5fc"/>
      </symbol>
      <symbol id="sm-993">
         <name>_ZTSN10__cxxabiv120__si_class_type_infoE</name>
         <value>0x49ac</value>
         <object_component_ref idref="oc-6eb"/>
      </symbol>
      <symbol id="sm-994">
         <name>_ZTSN10__cxxabiv117__class_type_infoE</name>
         <value>0x49d1</value>
         <object_component_ref idref="oc-684"/>
      </symbol>
      <symbol id="sm-995">
         <name>_ZN10__cxxabiv117__class_type_infoD2Ev</name>
         <value>0x44a5</value>
         <object_component_ref idref="oc-5fc"/>
      </symbol>
      <symbol id="sm-996">
         <name>_ZN10__cxxabiv120__si_class_type_infoD2Ev</name>
         <value>0x44a9</value>
         <object_component_ref idref="oc-6ce"/>
      </symbol>
      <symbol id="sm-997">
         <name>_ZTVN10__cxxabiv117__class_type_infoE</name>
         <value>0x4b0c</value>
         <object_component_ref idref="oc-4ae"/>
      </symbol>
      <symbol id="sm-998">
         <name>_ZTIN10__cxxabiv117__class_type_infoE</name>
         <value>0x4b48</value>
         <object_component_ref idref="oc-5f7"/>
      </symbol>
      <symbol id="sm-999">
         <name>_ZN10__cxxabiv120__si_class_type_infoD1Ev</name>
         <value>0x44a9</value>
         <object_component_ref idref="oc-6ce"/>
      </symbol>
      <symbol id="sm-99a">
         <name>_ZTIN10__cxxabiv120__si_class_type_infoE</name>
         <value>0x4b54</value>
         <object_component_ref idref="oc-6c9"/>
      </symbol>
      <symbol id="sm-99b">
         <name>_ZN10__cxxabiv117__class_type_infoD0Ev</name>
         <value>0x43af</value>
         <object_component_ref idref="oc-602"/>
      </symbol>
      <symbol id="sm-99c">
         <name>_ZTVN10__cxxabiv120__si_class_type_infoE</name>
         <value>0x4b1c</value>
         <object_component_ref idref="oc-67f"/>
      </symbol>
      <symbol id="sm-99d">
         <name>_ZN10__cxxabiv120__si_class_type_infoD0Ev</name>
         <value>0x43bd</value>
         <object_component_ref idref="oc-6d4"/>
      </symbol>
      <symbol id="sm-9ac">
         <name>__aeabi_uidivmod</name>
         <value>0x3ee9</value>
         <object_component_ref idref="oc-178"/>
      </symbol>
      <symbol id="sm-9ad">
         <name>__aeabi_uidiv</name>
         <value>0x3ee9</value>
         <object_component_ref idref="oc-178"/>
      </symbol>
      <symbol id="sm-9bc">
         <name>__aeabi_memset</name>
         <value>0x38d3</value>
         <object_component_ref idref="oc-bd"/>
      </symbol>
      <symbol id="sm-9bd">
         <name>memset</name>
         <value>0x38d9</value>
         <object_component_ref idref="oc-bd"/>
      </symbol>
      <symbol id="sm-9be">
         <name>__aeabi_memset8</name>
         <value>0x38d3</value>
         <object_component_ref idref="oc-bd"/>
      </symbol>
      <symbol id="sm-9bf">
         <name>__aeabi_memset4</name>
         <value>0x38d3</value>
         <object_component_ref idref="oc-bd"/>
      </symbol>
      <symbol id="sm-9c0">
         <name>__aeabi_memclr8</name>
         <value>0x38d1</value>
         <object_component_ref idref="oc-bd"/>
      </symbol>
      <symbol id="sm-9c1">
         <name>__aeabi_memclr4</name>
         <value>0x38d1</value>
         <object_component_ref idref="oc-bd"/>
      </symbol>
      <symbol id="sm-9c2">
         <name>__aeabi_memclr</name>
         <value>0x38d1</value>
         <object_component_ref idref="oc-bd"/>
      </symbol>
      <symbol id="sm-9d9">
         <name>__aeabi_dsub</name>
         <value>0x2a05</value>
         <object_component_ref idref="oc-1c1"/>
      </symbol>
      <symbol id="sm-9da">
         <name>__aeabi_dadd</name>
         <value>0x2a0f</value>
         <object_component_ref idref="oc-1c1"/>
      </symbol>
      <symbol id="sm-9fc">
         <name>__aeabi_cdcmpeq</name>
         <value>0x37c5</value>
         <object_component_ref idref="oc-4b8"/>
      </symbol>
      <symbol id="sm-9fd">
         <name>__aeabi_cdcmple</name>
         <value>0x37c5</value>
         <object_component_ref idref="oc-4b8"/>
      </symbol>
      <symbol id="sm-9fe">
         <name>__aeabi_cdrcmple</name>
         <value>0x384b</value>
         <object_component_ref idref="oc-6b9"/>
      </symbol>
      <symbol id="sm-a12">
         <name>__aeabi_ddiv</name>
         <value>0x2e8d</value>
         <object_component_ref idref="oc-4bd"/>
      </symbol>
      <symbol id="sm-a1d">
         <name>__aeabi_dmul</name>
         <value>0x3315</value>
         <object_component_ref idref="oc-1bc"/>
      </symbol>
      <symbol id="sm-a29">
         <name>__aeabi_d2f</name>
         <value>0x39c5</value>
         <object_component_ref idref="oc-135"/>
      </symbol>
      <symbol id="sm-a34">
         <name>__aeabi_f2d</name>
         <value>0x400d</value>
         <object_component_ref idref="oc-1b7"/>
      </symbol>
      <symbol id="sm-a3e">
         <name>__aeabi_i2d</name>
         <value>0x4145</value>
         <object_component_ref idref="oc-54e"/>
      </symbol>
      <symbol id="sm-a57">
         <name>__TI_zero_init_nomemset</name>
         <value>0x4371</value>
         <object_component_ref idref="oc-4d"/>
      </symbol>
      <symbol id="sm-a6e">
         <name>__TI_decompress_none</name>
         <value>0x43d9</value>
         <object_component_ref idref="oc-18"/>
      </symbol>
      <symbol id="sm-a91">
         <name>__TI_decompress_lzss</name>
         <value>0x3a9d</value>
         <object_component_ref idref="oc-12"/>
      </symbol>
      <symbol id="sm-aa4">
         <name>__stack</name>
         <value>0x20000270</value>
         <object_component_ref idref="oc-27"/>
      </symbol>
      <symbol id="sm-aa5">
         <name>_c_int00_noargs</name>
         <value>0x3f9d</value>
         <object_component_ref idref="oc-5f"/>
      </symbol>
      <symbol id="sm-acb">
         <name>C$$EXIT</name>
         <value>0x44b5</value>
         <object_component_ref idref="oc-273"/>
      </symbol>
      <symbol id="sm-acc">
         <name>abort</name>
         <value>0x44b5</value>
         <object_component_ref idref="oc-273"/>
      </symbol>
      <symbol id="sm-acd">
         <name>__TI_dtors_ptr</name>
         <value>0x200005bc</value>
         <object_component_ref idref="oc-440"/>
      </symbol>
      <symbol id="sm-ace">
         <name>__TI_cleanup_ptr</name>
         <value>0x200005b8</value>
         <object_component_ref idref="oc-440"/>
      </symbol>
      <symbol id="sm-acf">
         <name>__TI_enable_exit_profile_output</name>
         <value>0x200005c0</value>
         <object_component_ref idref="oc-440"/>
      </symbol>
      <symbol id="sm-ad0">
         <name>exit</name>
         <value>0x3d4d</value>
         <object_component_ref idref="oc-279"/>
      </symbol>
      <symbol id="sm-b4b">
         <name>_sys_memory</name>
         <value>0x200005e8</value>
         <object_component_ref idref="oc-2a"/>
      </symbol>
      <symbol id="sm-b4c">
         <name>free</name>
         <value>0x3505</value>
         <object_component_ref idref="oc-4a0"/>
      </symbol>
      <symbol id="sm-b4d">
         <name>malloc</name>
         <value>0x394d</value>
         <object_component_ref idref="oc-4db"/>
      </symbol>
      <symbol id="sm-b4e">
         <name>minit</name>
         <value>0x3fd5</value>
         <object_component_ref idref="oc-5e1"/>
      </symbol>
      <symbol id="sm-b63">
         <name>_nop</name>
         <value>0x2bbb</value>
         <object_component_ref idref="oc-4e8"/>
      </symbol>
      <symbol id="sm-b64">
         <name>_lock</name>
         <value>0x200005d0</value>
         <object_component_ref idref="oc-364"/>
      </symbol>
      <symbol id="sm-b65">
         <name>_unlock</name>
         <value>0x200005d4</value>
         <object_component_ref idref="oc-364"/>
      </symbol>
      <symbol id="sm-b73">
         <name>atof</name>
         <value>0x435f</value>
         <object_component_ref idref="oc-12f"/>
      </symbol>
      <symbol id="sm-b81">
         <name>strlen</name>
         <value>0x42f1</value>
         <object_component_ref idref="oc-14b"/>
      </symbol>
      <symbol id="sm-be1">
         <name>strtold</name>
         <value>0xf59</value>
         <object_component_ref idref="oc-333"/>
      </symbol>
      <symbol id="sm-be2">
         <name>strtod</name>
         <value>0xf59</value>
         <object_component_ref idref="oc-333"/>
      </symbol>
      <symbol id="sm-c09">
         <name>scalbn</name>
         <value>0x3205</value>
         <object_component_ref idref="oc-4c8"/>
      </symbol>
      <symbol id="sm-c0a">
         <name>scalbnl</name>
         <value>0x3205</value>
         <object_component_ref idref="oc-4c8"/>
      </symbol>
      <symbol id="sm-c0b">
         <name>ldexpl</name>
         <value>0x3205</value>
         <object_component_ref idref="oc-4c8"/>
      </symbol>
      <symbol id="sm-c0c">
         <name>ldexp</name>
         <value>0x3205</value>
         <object_component_ref idref="oc-4c8"/>
      </symbol>
      <symbol id="sm-c35">
         <name>_ZTSSt9type_info</name>
         <value>0x4b3a</value>
         <object_component_ref idref="oc-6d9"/>
      </symbol>
      <symbol id="sm-c36">
         <name>_ZNSt9type_infoD2Ev</name>
         <value>0x17e3</value>
         <object_component_ref idref="oc-68e"/>
      </symbol>
      <symbol id="sm-c37">
         <name>_ZNSt9type_infoD1Ev</name>
         <value>0x17e3</value>
         <object_component_ref idref="oc-68e"/>
      </symbol>
      <symbol id="sm-c38">
         <name>_ZTISt9type_info</name>
         <value>0x4bdc</value>
         <object_component_ref idref="oc-689"/>
      </symbol>
      <symbol id="sm-c42">
         <name>copysign</name>
         <value>0x42dd</value>
         <object_component_ref idref="oc-612"/>
      </symbol>
      <symbol id="sm-c43">
         <name>copysignl</name>
         <value>0x42dd</value>
         <object_component_ref idref="oc-612"/>
      </symbol>
      <symbol id="sm-c4d">
         <name>__aeabi_idiv0</name>
         <value>0x394b</value>
         <object_component_ref idref="oc-380"/>
      </symbol>
      <symbol id="sm-c4e">
         <name>__aeabi_ldiv0</name>
         <value>0x394b</value>
         <object_component_ref idref="oc-380"/>
      </symbol>
      <symbol id="sm-c69">
         <name>memcpy</name>
         <value>0x3729</value>
         <object_component_ref idref="oc-41"/>
      </symbol>
      <symbol id="sm-c6a">
         <name>__aeabi_memcpy</name>
         <value>0x3729</value>
         <object_component_ref idref="oc-41"/>
      </symbol>
      <symbol id="sm-c6b">
         <name>__aeabi_memcpy8</name>
         <value>0x3729</value>
         <object_component_ref idref="oc-41"/>
      </symbol>
      <symbol id="sm-c6c">
         <name>__aeabi_memcpy4</name>
         <value>0x3729</value>
         <object_component_ref idref="oc-41"/>
      </symbol>
      <symbol id="sm-c99">
         <name>__TI_auto_init_nobinit</name>
         <value>0x3b65</value>
         <object_component_ref idref="oc-285"/>
      </symbol>
      <symbol id="sm-ca3">
         <name>_system_pre_init</name>
         <value>0x44b1</value>
         <object_component_ref idref="oc-c3"/>
      </symbol>
      <symbol id="sm-cba">
         <name>__aeabi_errno_addr</name>
         <value>0x4471</value>
         <object_component_ref idref="oc-4c2"/>
      </symbol>
      <symbol id="sm-cbb">
         <name>errno</name>
         <value>0x200005e0</value>
         <object_component_ref idref="oc-60d"/>
      </symbol>
      <symbol id="sm-cc6">
         <name>_ctypes_</name>
         <value>0x44b8</value>
         <object_component_ref idref="oc-4ce"/>
      </symbol>
      <symbol id="sm-cc8">
         <name>__TI_static_base__</name>
         <value>0x0</value>
      </symbol>
      <symbol id="sm-ccb">
         <name>__mpu_init</name>
         <value>0x0</value>
      </symbol>
      <symbol id="sm-ccc">
         <name>_system_post_cinit</name>
         <value>0x0</value>
      </symbol>
      <symbol id="sm-ccd">
         <name>_ZSt17__throw_bad_allocv</name>
         <value>0x44b5</value>
      </symbol>
   </symbol_table>
   <title>Link successful</title>
</link_info>
