******************************************************************************
                  TI ARM Linker PC v18.1.2                     
******************************************************************************
>> Linked Thu Oct 11 15:19:32 2018

OUTPUT FILE NAME:   <2WheelsRobot.out>
ENTRY POINT SYMBOL: "_c_int00_noargs"  address: 00004ded


MEMORY CONFIGURATION

         name            origin    length      used     unused   attr    fill
----------------------  --------  ---------  --------  --------  ----  --------
  FLASH                 00000000   00040000  00005b57  0003a4a9  R  X
  SRAM                  20000000   00008000  000006e9  00007917  RW X


SEGMENT ALLOCATION MAP

run origin  load origin   length   init length attrs members
----------  ----------- ---------- ----------- ----- -------
00000000    00000000    00005b60   00005b60    r-x
  00000000    00000000    0000026c   0000026c    r-- .intvecs
  0000026c    0000026c    000051a8   000051a8    r-x .text
  00005418    00005418    000006cf   000006cf    r-- .const
  00005ae8    00005ae8    00000024   00000024    r-- .init_array
  00005b10    00005b10    00000050   00000050    r-- .cinit
20000000    20000000    000006f0   00000000    rw-
  20000000    20000000    0000026c   00000000    rw- .vtable
  2000026c    2000026c    00000245   00000000    rw- .bss
  200004b8    200004b8    00000200   00000000    rw- .stack
  200006b8    200006b8    00000030   00000000    rw- .data
  200006e8    200006e8    00000008   00000000    rw- .sysmem


SECTION ALLOCATION MAP

 output                                  attributes/
section   page    origin      length       input sections
--------  ----  ----------  ----------   ----------------
.intvecs   0    00000000    0000026c     
                  00000000    0000026c     tm4c123gh6pm_startup_ccs.obj (.intvecs)

.text      0    0000026c    000051a8     
                  0000026c    00000a5e     rtsv7M4_T_le_v4SPD16_eabi.lib : _printfi.c.obj (.text:__TI_printfi)
                  00000cca    00000002                                   : stdlib_typeinfo.cpp.obj (.text:_ZNSt9type_infoD1Ev)
                  00000ccc    000004c4     I2C.obj (.text)
                  00001190    00000340     PWM.obj (.text)
                  000014d0    0000031c     GY521.obj (.text)
                  000017ec    000002ec     rtsv7M4_T_le_v4SPD16_eabi.lib : s_atan.c.obj (.text:atan)
                  00001ad8    00000270                                   : _printfi.c.obj (.text:_pconv_a)
                  00001d48    00000268     UART.obj (.text)
                  00001fb0    0000022c     DRV8412.obj (.text)
                  000021dc    00000214     PID.obj (.text)
                  000023f0    000001f0     Task.obj (.text)
                  000025e0    000001ec     rtsv7M4_T_le_v4SPD16_eabi.lib : e_atan2.c.obj (.text:atan2)
                  000027cc    000001d0                                   : _printfi.c.obj (.text:_pconv_g)
                  0000299c    000001bc     State.obj (.text)
                  00002b58    000001b6     rtsv7M4_T_le_v4SPD16_eabi.lib : fd_add_t2.asm.obj (.text)
                  00002d0e    00000002                                   : _lock.c.obj (.text:_nop)
                  00002d10    000001ac     CC1101.obj (.text)
                  00002ebc    0000018c     Controller.obj (.text)
                  00003048    00000180     GPIO.obj (.text)
                  000031c8    00000174     PAV.obj (.text)
                  0000333c    00000170     Driver.obj (.text)
                  000034ac    00000144     GPTM.obj (.text)
                  000035f0    0000013c     rtsv7M4_T_le_v4SPD16_eabi.lib : _printfi.c.obj (.text:_pconv_e)
                  0000372c    00000136                                   : fd_div_t2.asm.obj (.text)
                  00003862    00000132     driverlib.lib : gpio.obj (.text:GPIOPadConfigSet)
                  00003994    00000130     ESP8266.obj (.text)
                  00003ac4    00000120     rtsv7M4_T_le_v4SPD16_eabi.lib : _printfi.c.obj (.text:fcvt)
                  00003be4    00000110     driverlib.lib : sysctl.obj (.text:SysCtlClockGet)
                  00003cf4    00000110     rtsv7M4_T_le_v4SPD16_eabi.lib : s_scalbn.c.obj (.text:scalbn)
                  00003e04    000000fc                                   : fd_mul_t2.asm.obj (.text)
                  00003f00    000000f4     driverlib.lib : sysctl.obj (.text:SysCtlClockSet)
                  00003ff4    000000d8     rtsv7M4_T_le_v4SPD16_eabi.lib : memory.c.obj (.text:free)
                  000040cc    000000b1                                   : _printfi.c.obj (.text:_ltostr)
                  0000417d    00000001     --HOLE-- [fill = 0]
                  0000417e    0000009c                                   : memcpy_t2.asm.obj (.text)
                  0000421a    00000096                                   : ull_div_t2.asm.obj (.text)
                  000042b0    00000086                                   : fd_cmp_t2.asm.obj (.text:__aeabi_cdcmple)
                  00004336    00000086                                   : fd_cmp_t2.asm.obj (.text:__aeabi_cdrcmple)
                  000043bc    00000080     System.obj (.text)
                  0000443c    0000007a     rtsv7M4_T_le_v4SPD16_eabi.lib : memset_t2.asm.obj (.text)
                  000044b6    00000002                                   : div0.asm.obj (.text)
                  000044b8    00000078                                   : memory.c.obj (.text:malloc)
                  00004530    00000070     main.obj (.text)
                  000045a0    0000006e     Controller.obj (.text:_ZN3PIDaSERKS_)
                  0000460e    0000006e     rtsv7M4_T_le_v4SPD16_eabi.lib : _printfi.c.obj (.text:_mcpy)
                  0000467c    0000006e                                   : fd_tos_t2.asm.obj (.text)
                  000046ea    00000002     --HOLE-- [fill = 0]
                  000046ec    00000068     driverlib.lib : interrupt.obj (.text:IntEnable)
                  00004754    00000068     rtsv7M4_T_le_v4SPD16_eabi.lib : copy_decompress_lzss.c.obj (.text:decompress:lzss:__TI_decompress_lzss)
                  000047bc    00000064                                   : s_frexp.c.obj (.text:frexp)
                  00004820    00000060     driverlib.lib : timer.obj (.text:TimerConfigure)
                  00004880    00000060     rtsv7M4_T_le_v4SPD16_eabi.lib : autoinit.c.obj (.text:__TI_auto_init_nobinit:__TI_auto_init_nobinit)
                  000048e0    00000056                                   : _printfi.c.obj (.text:_pconv_f)
                  00004936    00000054                                   : ltoa.c.obj (.text:ltoa)
                  0000498a    00000052                                   : _printfi.c.obj (.text:_ecpy)
                  000049dc    00000050     driverlib.lib : sysctl.obj (.text:SysCtlPeripheralReset)
                  00004a2c    0000004c                   : i2c.obj (.text:I2CMasterInitExpClk)
                  00004a78    0000004c                   : timer.obj (.text:_TimerIntNumberGet)
                  00004ac4    0000004c     rtsv7M4_T_le_v4SPD16_eabi.lib : atoi.c.obj (.text:atoi)
                  00004b10    00000048     driverlib.lib : gpio.obj (.text:GPIOPinConfigure)
                  00004b58    00000048     rtsv7M4_T_le_v4SPD16_eabi.lib : exit.c.obj (.text:exit)
                  00004ba0    00000048                                   : fd_toi_t2.asm.obj (.text)
                  00004be8    00000046     driverlib.lib : uart.obj (.text:UARTConfigSetExpClk)
                  00004c2e    00000002     --HOLE-- [fill = 0]
                  00004c30    00000044     rtsv7M4_T_le_v4SPD16_eabi.lib : dtor_list.c.obj (.text:_Z25__add_destruction_to_listPP20a_needed_destructionPFYvPvES2_S2_)
                  00004c74    00000042                                   : dtor_list.c.obj (.text:_Z23__finalize_destructionsPP20a_needed_destructionPv)
                  00004cb6    00000002     --HOLE-- [fill = 0]
                  00004cb8    00000040     driverlib.lib : uart.obj (.text:_UARTIntNumberGet)
                  00004cf8    00000040     rtsv7M4_T_le_v4SPD16_eabi.lib : sprintf.c.obj (.text:sprintf)
                  00004d38    0000003e                                   : _printfi.c.obj (.text:_fcpy)
                  00004d76    00000002     --HOLE-- [fill = 0]
                  00004d78    0000003c                                   : memory.c.obj (.text:minsert)
                  00004db4    00000038     driverlib.lib : sysctl.obj (.text:SysCtlPeripheralReady)
                  00004dec    00000038     rtsv7M4_T_le_v4SPD16_eabi.lib : boot_cortex_m.c.obj (.text:_c_int00_noargs:_c_int00_noargs)
                  00004e24    00000038                                   : memory.c.obj (.text:minit)
                  00004e5c    00000038                                   : fs_tod_t2.asm.obj (.text)
                  00004e94    00000036     DRV8412.obj (.text:_ZN3PWMaSERKS_)
                  00004eca    00000002     --HOLE-- [fill = 0]
                  00004ecc    00000034     driverlib.lib : interrupt.obj (.text:IntRegister)
                  00004f00    00000034                   : sysctl.obj (.text:SysCtlPeripheralEnable)
                  00004f34    00000034     GY521.obj (.text:_Z5atan2IssENSt3__216__lazy_enable_ifIXaasr3std3__213is_arithmeticIT_EE5valuesr3std3__213is_arithmeticIT0_EE5valueENS0_9__promoteIS2_S3_vEEE4typeES2_S3_)
                  00004f68    00000034     rtsv7M4_T_le_v4SPD16_eabi.lib : dtor_list.c.obj (.text:__aeabi_atexit)
                  00004f9c    00000030     GY521.obj (.text:_Z5atan2IisENSt3__216__lazy_enable_ifIXaasr3std3__213is_arithmeticIT_EE5valuesr3std3__213is_arithmeticIT0_EE5valueENS0_9__promoteIS2_S3_vEEE4typeES2_S3_)
                  00004fcc    0000002e     rtsv7M4_T_le_v4SPD16_eabi.lib : i_tofd_t2.asm.obj (.text)
                  00004ffa    0000002a     driverlib.lib : gpio.obj (.text:GPIODirModeSet)
                  00005024    00000028     rtsv7M4_T_le_v4SPD16_eabi.lib : memory.c.obj (.text:mremove)
                  0000504c    00000022     driverlib.lib : pwm.obj (.text:PWMGenConfigure)
                  0000506e    00000002     --HOLE-- [fill = 0]
                  00005070    00000020                   : uart.obj (.text:UARTDisable)
                  00005090    0000001e                   : pwm.obj (.text:PWMPulseWidthSet)
                  000050ae    0000001e     CC1101.obj (.text:_ZN4UARTaSERKS_)
                  000050cc    0000001c     rtsv7M4_T_le_v4SPD16_eabi.lib : memccpy.c.obj (.text:memccpy)
                  000050e8    00000018     driverlib.lib : gpio.obj (.text:GPIOPinTypeGPIOOutput)
                  00005100    00000018                   : timer.obj (.text:TimerControlStall)
                  00005118    00000018                   : timer.obj (.text:TimerIntRegister)
                  00005130    00000018                   : uart.obj (.text:UARTIntRegister)
                  00005148    00000018     rtsv7M4_T_le_v4SPD16_eabi.lib : sprintf.c.obj (.text:_outs)
                  00005160    00000016     GY521.obj (.text:_ZN3I2CaSERKS_)
                  00005176    00000016     DRV8412.obj (.text:_ZN4GPIOaSERKS_)
                  0000518c    00000016     Task.obj (.text:_ZN4GPTMaSERKS_)
                  000051a2    00000016     rtsv7M4_T_le_v4SPD16_eabi.lib : strchr.c.obj (.text:strchr)
                  000051b8    00000014     driverlib.lib : sysctl.obj (.text:SysCtlPWMClockSet)
                  000051cc    00000014                   : uart.obj (.text:UARTEnable)
                  000051e0    00000014     rtsv7M4_T_le_v4SPD16_eabi.lib : s_copysign.c.obj (.text:copysign)
                  000051f4    00000014                                   : strlen.c.obj (.text:strlen)
                  00005208    00000012     driverlib.lib : gpio.obj (.text:GPIOPinTypeGPIOInput)
                  0000521a    00000012                   : gpio.obj (.text:GPIOPinTypeI2C)
                  0000522c    00000012                   : gpio.obj (.text:GPIOPinTypeI2CSCL)
                  0000523e    00000012                   : gpio.obj (.text:GPIOPinTypePWM)
                  00005250    00000012                   : gpio.obj (.text:GPIOPinTypeUART)
                  00005262    00000012                   : pwm.obj (.text:PWMOutputState)
                  00005274    00000012                   : timer.obj (.text:TimerLoadSet)
                  00005286    00000012     rtsv7M4_T_le_v4SPD16_eabi.lib : wcslen.c.obj (.text:wcslen)
                  00005298    00000010     driverlib.lib : interrupt.obj (.text:IntMasterEnable)
                  000052a8    00000010                   : pwm.obj (.text:PWMGenPeriodSet)
                  000052b8    0000000e                   : timer.obj (.text:TimerEnable)
                  000052c6    0000000e                   : uart.obj (.text:UARTCharsAvail)
                  000052d4    0000000e     rtsv7M4_T_le_v4SPD16_eabi.lib : typeinfo.c.obj (.text:_ZN10__cxxabiv117__class_type_infoD0Ev)
                  000052e2    0000000e                                   : typeinfo.c.obj (.text:_ZN10__cxxabiv120__si_class_type_infoD0Ev)
                  000052f0    0000000e                                   : copy_decompress_none.c.obj (.text:decompress:none:__TI_decompress_none)
                  000052fe    0000000c     driverlib.lib : cpu.obj (.text:CPUcpsie)
                  0000530a    0000000c                   : pwm.obj (.text:PWMGenEnable)
                  00005316    00000002     --HOLE-- [fill = 0]
                  00005318    0000000c     rtsv7M4_T_le_v4SPD16_eabi.lib : dtor_list.c.obj (.text:__cxa_ia64_exit)
                  00005324    0000000c                                   : copy_zero_init.c.obj (.text:decompress:ZI:__TI_zero_init)
                  00005330    0000000c     tm4c123gh6pm_startup_ccs.obj (.text)
                  0000533c    0000000a     driverlib.lib : i2c.obj (.text:I2CMasterEnable)
                  00005346    0000000a                   : timer.obj (.text:TimerIntStatus)
                  00005350    0000000a                   : uart.obj (.text:UARTCharGet)
                  0000535a    0000000a                   : uart.obj (.text:UARTCharPut)
                  00005364    0000000a                   : uart.obj (.text:UARTFIFODisable)
                  0000536e    0000000a                   : uart.obj (.text:UARTFIFOEnable)
                  00005378    0000000a                   : uart.obj (.text:UARTIntDisable)
                  00005382    0000000a                   : uart.obj (.text:UARTIntStatus)
                  0000538c    0000000a     rtsv7M4_T_le_v4SPD16_eabi.lib : sprintf.c.obj (.text:_outc)
                  00005396    00000008     driverlib.lib : i2c.obj (.text:I2CMasterBusy)
                  0000539e    00000008                   : i2c.obj (.text:I2CMasterSlaveAddrSet)
                  000053a6    00000008                   : timer.obj (.text:TimerIntEnable)
                  000053ae    00000008                   : uart.obj (.text:UARTIntEnable)
                  000053b6    00000008     rtsv7M4_T_le_v4SPD16_eabi.lib : new.cpp.obj (.text:_ZdlPv)
                  000053be    00000002     --HOLE-- [fill = 0]
                  000053c0    00000008                                   : errno.c.obj (.text:__aeabi_errno_addr)
                  000053c8    00000006     driverlib.lib : gpio.obj (.text:GPIOPinRead)
                  000053ce    00000006                   : gpio.obj (.text:GPIOPinWrite)
                  000053d4    00000006                   : sysctl.obj (.text:SysCtlDelay)
                  000053da    00000006                   : timer.obj (.text:TimerClockSourceSet)
                  000053e0    00000006                   : uart.obj (.text:UARTClockSourceSet)
                  000053e6    00000006                   : uart.obj (.text:UARTFIFOLevelSet)
                  000053ec    00000004                   : i2c.obj (.text:I2CMasterControl)
                  000053f0    00000004                   : i2c.obj (.text:I2CMasterDataGet)
                  000053f4    00000004                   : i2c.obj (.text:I2CMasterDataPut)
                  000053f8    00000004                   : timer.obj (.text:TimerIntClear)
                  000053fc    00000004                   : uart.obj (.text:UARTIntClear)
                  00005400    00000004     rtsv7M4_T_le_v4SPD16_eabi.lib : typeinfo.c.obj (.text:_ZN10__cxxabiv117__class_type_infoD1Ev)
                  00005404    00000004                                   : typeinfo.c.obj (.text:_ZN10__cxxabiv120__si_class_type_infoD1Ev)
                  00005408    00000004                                   : new.cpp.obj (.text:_ZdlPvj)
                  0000540c    00000004                                   : pre_init.c.obj (.text:_system_pre_init)
                  00005410    00000004                                   : exit.c.obj (.text:abort:abort)

.const     0    00005418    000006cf     
                  00005418    00000101     rtsv7M4_T_le_v4SPD16_eabi.lib : ctype.c.obj (.const:.string:_ctypes_)
                  00005519    00000007     GY521.obj (.const:.typeinfo:_ZTS5GY521)
                  00005520    00000098     rtsv7M4_T_le_v4SPD16_eabi.lib : s_atan.c.obj (.const:$O1$$)
                  000055b8    00000090     driverlib.lib : gpio.obj (.const:g_pui32GPIOBaseAddrs)
                  00005648    00000070                   : interrupt.obj (.const)
                  000056b8    0000006c                   : sysctl.obj (.const:g_pui32Xtals)
                  00005724    00000060                   : timer.obj (.const:g_ppui32TimerIntMap)
                  00005784    00000040                   : timer.obj (.const:g_ppui32TimerIntMapSnowflake)
                  000057c4    00000040                   : uart.obj (.const:g_ppui32UARTIntMap)
                  00005804    00000040                   : uart.obj (.const:g_ppui32UARTIntMapSnowflake)
                  00005844    00000025     rtsv7M4_T_le_v4SPD16_eabi.lib : typeinfo.c.obj (.const:.typeinfo:_ZTSN10__cxxabiv120__si_class_type_infoE)
                  00005869    00000022                                   : typeinfo.c.obj (.const:.typeinfo:_ZTSN10__cxxabiv117__class_type_infoE)
                  0000588b    00000001     --HOLE-- [fill = 0]
                  0000588c    00000010     GY521.obj (.const:MPU6050AccelFactors)
                  0000589c    00000010     GY521.obj (.const:MPU6050GyroFactors)
                  000058ac    00000010     Controller.obj (.const:_ZTV10Controller)
                  000058bc    00000010     I2C.obj (.const:_ZTV3I2C)
                  000058cc    00000010     PAV.obj (.const:_ZTV3PAV)
                  000058dc    00000010     PID.obj (.const:_ZTV3PID)
                  000058ec    00000010     PWM.obj (.const:_ZTV3PWM)
                  000058fc    00000010     GPIO.obj (.const:_ZTV4GPIO)
                  0000590c    00000010     GPTM.obj (.const:_ZTV4GPTM)
                  0000591c    00000010     Task.obj (.const:_ZTV4Task)
                  0000592c    00000010     UART.obj (.const:_ZTV4UART)
                  0000593c    00000010     GY521.obj (.const:_ZTV5GY521)
                  0000594c    00000010     State.obj (.const:_ZTV5State)
                  0000595c    00000010     CC1101.obj (.const:_ZTV6CC1101)
                  0000596c    00000010     Driver.obj (.const:_ZTV6Driver)
                  0000597c    00000010     System.obj (.const:_ZTV6System)
                  0000598c    00000010     DRV8412.obj (.const:_ZTV7DRV8412)
                  0000599c    00000010     ESP8266.obj (.const:_ZTV7ESP8266)
                  000059ac    00000010     rtsv7M4_T_le_v4SPD16_eabi.lib : typeinfo.c.obj (.const:_ZTVN10__cxxabiv117__class_type_infoE)
                  000059bc    00000010                                   : typeinfo.c.obj (.const:_ZTVN10__cxxabiv120__si_class_type_infoE)
                  000059cc    0000000d     Controller.obj (.const:.typeinfo:_ZTS10Controller)
                  000059d9    0000000d     rtsv7M4_T_le_v4SPD16_eabi.lib : stdlib_typeinfo.cpp.obj (.const:.typeinfo:_ZTSSt9type_info)
                  000059e6    00000002     --HOLE-- [fill = 0]
                  000059e8    0000000c                                   : typeinfo.c.obj (.const:.typeinfo:_ZTIN10__cxxabiv117__class_type_infoE)
                  000059f4    0000000c                                   : typeinfo.c.obj (.const:.typeinfo:_ZTIN10__cxxabiv120__si_class_type_infoE)
                  00005a00    00000009     DRV8412.obj (.const:.typeinfo:_ZTS7DRV8412)
                  00005a09    00000009     ESP8266.obj (.const:.typeinfo:_ZTS7ESP8266)
                  00005a12    00000002     --HOLE-- [fill = 0]
                  00005a14    00000008     Controller.obj (.const:.typeinfo:_ZTI10Controller)
                  00005a1c    00000008     I2C.obj (.const:.typeinfo:_ZTI3I2C)
                  00005a24    00000008     PAV.obj (.const:.typeinfo:_ZTI3PAV)
                  00005a2c    00000008     PID.obj (.const:.typeinfo:_ZTI3PID)
                  00005a34    00000008     PWM.obj (.const:.typeinfo:_ZTI3PWM)
                  00005a3c    00000008     GPIO.obj (.const:.typeinfo:_ZTI4GPIO)
                  00005a44    00000008     GPTM.obj (.const:.typeinfo:_ZTI4GPTM)
                  00005a4c    00000008     Task.obj (.const:.typeinfo:_ZTI4Task)
                  00005a54    00000008     UART.obj (.const:.typeinfo:_ZTI4UART)
                  00005a5c    00000008     GY521.obj (.const:.typeinfo:_ZTI5GY521)
                  00005a64    00000008     State.obj (.const:.typeinfo:_ZTI5State)
                  00005a6c    00000008     CC1101.obj (.const:.typeinfo:_ZTI6CC1101)
                  00005a74    00000008     Driver.obj (.const:.typeinfo:_ZTI6Driver)
                  00005a7c    00000008     System.obj (.const:.typeinfo:_ZTI6System)
                  00005a84    00000008     DRV8412.obj (.const:.typeinfo:_ZTI7DRV8412)
                  00005a8c    00000008     ESP8266.obj (.const:.typeinfo:_ZTI7ESP8266)
                  00005a94    00000008     rtsv7M4_T_le_v4SPD16_eabi.lib : stdlib_typeinfo.cpp.obj (.const:.typeinfo:_ZTISt9type_info)
                  00005a9c    00000008     CC1101.obj (.const:.typeinfo:_ZTS6CC1101)
                  00005aa4    00000008     Driver.obj (.const:.typeinfo:_ZTS6Driver)
                  00005aac    00000008     System.obj (.const:.typeinfo:_ZTS6System)
                  00005ab4    00000007     State.obj (.const:.typeinfo:_ZTS5State)
                  00005abb    00000006     GPIO.obj (.const:.typeinfo:_ZTS4GPIO)
                  00005ac1    00000006     GPTM.obj (.const:.typeinfo:_ZTS4GPTM)
                  00005ac7    00000006     Task.obj (.const:.typeinfo:_ZTS4Task)
                  00005acd    00000006     UART.obj (.const:.typeinfo:_ZTS4UART)
                  00005ad3    00000005     I2C.obj (.const:.typeinfo:_ZTS3I2C)
                  00005ad8    00000005     PAV.obj (.const:.typeinfo:_ZTS3PAV)
                  00005add    00000005     PID.obj (.const:.typeinfo:_ZTS3PID)
                  00005ae2    00000005     PWM.obj (.const:.typeinfo:_ZTS3PWM)

.cinit     0    00005b10    00000050     
                  00005b10    0000001a     (.cinit..data.load) [load image, compression = lzss]
                  00005b2a    00000002     --HOLE-- [fill = 0]
                  00005b2c    0000000c     (__TI_handler_table)
                  00005b38    00000008     (.cinit..bss.load) [load image, compression = zero_init]
                  00005b40    00000008     (.cinit..vtable.load) [load image, compression = zero_init]
                  00005b48    00000018     (__TI_cinit_table)

.init_array 
*          0    00005ae8    00000024     
                  00005ae8    00000004     Task.obj (.init_array)
                  00005aec    00000004     System.obj (.init_array)
                  00005af0    00000004     State.obj (.init_array)
                  00005af4    00000004     PAV.obj (.init_array)
                  00005af8    00000004     Driver.obj (.init_array)
                  00005afc    00000004     Controller.obj (.init_array)
                  00005b00    00000004     ESP8266.obj (.init_array)
                  00005b04    00000004     CC1101.obj (.init_array)
                  00005b08    00000004     main.obj (.init_array)

.vtable    0    20000000    0000026c     UNINITIALIZED
                  20000000    0000026c     driverlib.lib : interrupt.obj (.vtable)

.bss       0    2000026c    00000245     UNINITIALIZED
                  2000026c    000000c8     (.common:_ZN3PAV4buffE)
                  20000334    00000078     Task.obj (.bss:timer_event_list)
                  200003ac    00000034     Controller.obj (.bss:_ZN10Controller3pidE)
                  200003e0    0000002c     (.common:_ZN3PAV10controllerE)
                  2000040c    00000024     Driver.obj (.bss:_ZN6Driver7drv8421E)
                  20000430    0000001c     State.obj (.bss:_ZN5State5gy521E)
                  2000044c    00000010     (.common:_ZN3PAV5stateE)
                  2000045c    0000000c     CC1101.obj (.bss:_ZN6CC11014uartE)
                  20000468    0000000c     ESP8266.obj (.bss:_ZN7ESP82664uartE)
                  20000474    00000008     Task.obj (.bss:_ZN4Task10task_timerE)
                  2000047c    00000008     State.obj (.bss:_ZN5State5portFE)
                  20000484    00000008     (.common:_ZN6CC11013pkgE)
                  2000048c    00000004     Controller.obj (.bss:_ZN10Controller6driverE)
                  20000490    00000004     PAV.obj (.bss:_ZN3PAV6cc1101E)
                  20000494    00000004     System.obj (.bss:_ZN6System4taskE)
                  20000498    00000004     main.obj (.bss:controller)
                  2000049c    00000004     main.obj (.bss:pav)
                  200004a0    00000004     main.obj (.bss:state)
                  200004a4    00000004     (.common:_ZN10Controller3pavE)
                  200004a8    00000004     (.common:_ZN5State3pavE)
                  200004ac    00000004     (.common:__dso_handle)
                  200004b0    00000001     (.common:_ZN6CC110110cc1101_sttE)

.stack     0    200004b8    00000200     UNINITIALIZED
                  200004b8    00000004     rtsv7M4_T_le_v4SPD16_eabi.lib : boot_cortex_m.c.obj (.stack)
                  200004bc    000001fc     --HOLE--

.data      0    200006b8    00000030     UNINITIALIZED
                  200006b8    0000000c     rtsv7M4_T_le_v4SPD16_eabi.lib : exit.c.obj (.data:$O1$$)
                  200006c4    0000000c                                   : memory.c.obj (.data:$O1$$)
                  200006d0    00000008                                   : _lock.c.obj (.data:$O1$$)
                  200006d8    00000004     CC1101.obj (.data)
                  200006dc    00000004     ESP8266.obj (.data)
                  200006e0    00000004     rtsv7M4_T_le_v4SPD16_eabi.lib : dtor_list.c.obj (.data)
                  200006e4    00000004                                   : errno.c.obj (.data)

.sysmem    0    200006e8    00000008     UNINITIALIZED
                  200006e8    00000008     rtsv7M4_T_le_v4SPD16_eabi.lib : memory.c.obj (.sysmem)

MODULE SUMMARY

       Module                         code    ro data   rw data
       ------                         ----    -------   -------
    .\
       tm4c123gh6pm_startup_ccs.obj   12      620       0      
       main.obj                       112     4         12     
    +--+------------------------------+-------+---------+---------+
       Total:                         124     624       12     
                                                               
    .\modules\CC1101\
       CC1101.obj                     458     36        25     
    +--+------------------------------+-------+---------+---------+
       Total:                         458     36        25     
                                                               
    .\modules\DRV8412\
       DRV8412.obj                    632     33        0      
    +--+------------------------------+-------+---------+---------+
       Total:                         632     33        0      
                                                               
    .\modules\ESP8266\
       ESP8266.obj                    304     37        16     
    +--+------------------------------+-------+---------+---------+
       Total:                         304     37        16     
                                                               
    .\modules\GY521\
       GY521.obj                      918     63        0      
    +--+------------------------------+-------+---------+---------+
       Total:                         918     63        0      
                                                               
    .\peripheral\GPIO\
       GPIO.obj                       384     30        0      
    +--+------------------------------+-------+---------+---------+
       Total:                         384     30        0      
                                                               
    .\peripheral\GPTM\
       GPTM.obj                       324     30        0      
    +--+------------------------------+-------+---------+---------+
       Total:                         324     30        0      
                                                               
    .\peripheral\I2C\
       I2C.obj                        1220    29        0      
    +--+------------------------------+-------+---------+---------+
       Total:                         1220    29        0      
                                                               
    .\peripheral\PWM\
       PWM.obj                        832     29        0      
    +--+------------------------------+-------+---------+---------+
       Total:                         832     29        0      
                                                               
    .\peripheral\UART\
       UART.obj                       616     30        0      
    +--+------------------------------+-------+---------+---------+
       Total:                         616     30        0      
                                                               
    .\slib\Controller\
       Controller.obj                 506     41        60     
    +--+------------------------------+-------+---------+---------+
       Total:                         506     41        60     
                                                               
    .\slib\Controller\PID\
       PID.obj                        532     29        0      
    +--+------------------------------+-------+---------+---------+
       Total:                         532     29        0      
                                                               
    .\slib\Driver\
       Driver.obj                     368     36        36     
    +--+------------------------------+-------+---------+---------+
       Total:                         368     36        36     
                                                               
    .\slib\PAV\
       PAV.obj                        372     33        264    
    +--+------------------------------+-------+---------+---------+
       Total:                         372     33        264    
                                                               
    .\slib\State\
       State.obj                      444     35        40     
    +--+------------------------------+-------+---------+---------+
       Total:                         444     35        40     
                                                               
    .\slib\System\
       System.obj                     128     36        4      
    +--+------------------------------+-------+---------+---------+
       Total:                         128     36        4      
                                                               
    .\slib\Task\
       Task.obj                       518     34        128    
    +--+------------------------------+-------+---------+---------+
       Total:                         518     34        128    
                                                               
    ../driverlib.lib
       interrupt.obj                  172     112       620    
       sysctl.obj                     730     108       0      
       gpio.obj                       546     144       0      
       timer.obj                      280     160       0      
       uart.obj                       308     128       0      
       i2c.obj                        114     0         0      
       pwm.obj                        110     0         0      
       cpu.obj                        12      0         0      
    +--+------------------------------+-------+---------+---------+
       Total:                         2272    652       620    
                                                               
    D:\ProgrameFiles\CCS\ccsv8\tools\compiler\ti-cgt-arm_18.1.2.LTS\lib\rtsv7M4_T_le_v4SPD16_eabi.lib
       _printfi.c.obj                 4863    0         0      
       s_atan.c.obj                   748     152       0      
       memory.c.obj                   492     0         12     
       e_atan2.c.obj                  492     0         0      
       fd_add_t2.asm.obj              438     0         0      
       fd_div_t2.asm.obj              310     0         0      
       s_scalbn.c.obj                 272     0         0      
       fd_cmp_t2.asm.obj              268     0         0      
       ctype.c.obj                    0       257       0      
       fd_mul_t2.asm.obj              252     0         0      
       dtor_list.c.obj                198     0         8      
       typeinfo.c.obj                 36      127       0      
       memcpy_t2.asm.obj              156     0         0      
       ull_div_t2.asm.obj             150     0         0      
       memset_t2.asm.obj              122     0         0      
       fd_tos_t2.asm.obj              110     0         0      
       copy_decompress_lzss.c.obj     104     0         0      
       s_frexp.c.obj                  100     0         0      
       sprintf.c.obj                  98      0         0      
       autoinit.c.obj                 96      0         0      
       exit.c.obj                     76      0         12     
       ltoa.c.obj                     84      0         0      
       atoi.c.obj                     76      0         0      
       fd_toi_t2.asm.obj              72      0         0      
       boot_cortex_m.c.obj            56      0         0      
       fs_tod_t2.asm.obj              56      0         0      
       i_tofd_t2.asm.obj              46      0         0      
       memccpy.c.obj                  28      0         0      
       stdlib_typeinfo.cpp.obj        2       21        0      
       strchr.c.obj                   22      0         0      
       s_copysign.c.obj               20      0         0      
       strlen.c.obj                   20      0         0      
       wcslen.c.obj                   18      0         0      
       copy_decompress_none.c.obj     14      0         0      
       copy_zero_init.c.obj           12      0         0      
       errno.c.obj                    8       0         4      
       new.cpp.obj                    12      0         0      
       _lock.c.obj                    2       0         8      
       pre_init.c.obj                 4       0         0      
       div0.asm.obj                   2       0         0      
    +--+------------------------------+-------+---------+---------+
       Total:                         9935    557       44     
                                                               
       Heap:                          0       0         8      
       Stack:                         0       0         512    
       Linker Generated:              0       78        0      
    +--+------------------------------+-------+---------+---------+
       Grand Total:                   20887   2472      1769   


LINKER GENERATED COPY TABLES

__TI_cinit_table @ 00005b48 records: 3, size/record: 8, table size: 24
	.data: load addr=00005b10, load size=0000001a bytes, run addr=200006b8, run size=00000030 bytes, compression=lzss
	.bss: load addr=00005b38, load size=00000008 bytes, run addr=2000026c, run size=00000245 bytes, compression=zero_init
	.vtable: load addr=00005b40, load size=00000008 bytes, run addr=20000000, run size=0000026c bytes, compression=zero_init


LINKER GENERATED HANDLER TABLE

__TI_handler_table @ 00005b2c records: 3, size/record: 4, table size: 12
	index: 0, handler: __TI_zero_init
	index: 1, handler: __TI_decompress_lzss
	index: 2, handler: __TI_decompress_none


GLOBAL SYMBOLS: SORTED ALPHABETICALLY BY Name 

address   name                                                                                                                                                    
-------   ----                                                                                                                                                    
00005411  C$$EXIT                                                                                                                                                 
000052ff  CPUcpsie                                                                                                                                                
00004ffb  GPIODirModeSet                                                                                                                                          
00003863  GPIOPadConfigSet                                                                                                                                        
00004b11  GPIOPinConfigure                                                                                                                                        
000053c9  GPIOPinRead                                                                                                                                             
00005209  GPIOPinTypeGPIOInput                                                                                                                                    
000050e9  GPIOPinTypeGPIOOutput                                                                                                                                   
0000521b  GPIOPinTypeI2C                                                                                                                                          
0000522d  GPIOPinTypeI2CSCL                                                                                                                                       
0000523f  GPIOPinTypePWM                                                                                                                                          
00005251  GPIOPinTypeUART                                                                                                                                         
000053cf  GPIOPinWrite                                                                                                                                            
00005397  I2CMasterBusy                                                                                                                                           
000053ed  I2CMasterControl                                                                                                                                        
000053f1  I2CMasterDataGet                                                                                                                                        
000053f5  I2CMasterDataPut                                                                                                                                        
0000533d  I2CMasterEnable                                                                                                                                         
00004a2d  I2CMasterInitExpClk                                                                                                                                     
0000539f  I2CMasterSlaveAddrSet                                                                                                                                   
000046ed  IntEnable                                                                                                                                               
00005299  IntMasterEnable                                                                                                                                         
00004ecd  IntRegister                                                                                                                                             
0000504d  PWMGenConfigure                                                                                                                                         
0000530b  PWMGenEnable                                                                                                                                            
000052a9  PWMGenPeriodSet                                                                                                                                         
00005263  PWMOutputState                                                                                                                                          
00005091  PWMPulseWidthSet                                                                                                                                        
00005331  ResetISR                                                                                                                                                
00005ae8  SHT$$INIT_ARRAY$$Base                                                                                                                                   
00005b0c  SHT$$INIT_ARRAY$$Limit                                                                                                                                  
00003be5  SysCtlClockGet                                                                                                                                          
00003f01  SysCtlClockSet                                                                                                                                          
000053d5  SysCtlDelay                                                                                                                                             
000051b9  SysCtlPWMClockSet                                                                                                                                       
00004f01  SysCtlPeripheralEnable                                                                                                                                  
00004db5  SysCtlPeripheralReady                                                                                                                                   
000049dd  SysCtlPeripheralReset                                                                                                                                   
000053db  TimerClockSourceSet                                                                                                                                     
00004821  TimerConfigure                                                                                                                                          
00005101  TimerControlStall                                                                                                                                       
000052b9  TimerEnable                                                                                                                                             
000053f9  TimerIntClear                                                                                                                                           
000053a7  TimerIntEnable                                                                                                                                          
00005119  TimerIntRegister                                                                                                                                        
00005347  TimerIntStatus                                                                                                                                          
00005275  TimerLoadSet                                                                                                                                            
00005351  UARTCharGet                                                                                                                                             
0000535b  UARTCharPut                                                                                                                                             
000052c7  UARTCharsAvail                                                                                                                                          
000053e1  UARTClockSourceSet                                                                                                                                      
00004be9  UARTConfigSetExpClk                                                                                                                                     
00005071  UARTDisable                                                                                                                                             
000051cd  UARTEnable                                                                                                                                              
00005365  UARTFIFODisable                                                                                                                                         
0000536f  UARTFIFOEnable                                                                                                                                          
000053e7  UARTFIFOLevelSet                                                                                                                                        
000053fd  UARTIntClear                                                                                                                                            
00005379  UARTIntDisable                                                                                                                                          
000053af  UARTIntEnable                                                                                                                                           
00005131  UARTIntRegister                                                                                                                                         
00005383  UARTIntStatus                                                                                                                                           
00004c75  _Z23__finalize_destructionsPP20a_needed_destructionPv                                                                                                   
00004c31  _Z25__add_destruction_to_listPP20a_needed_destructionPFYvPvES2_S2_                                                                                      
00004f9d  _Z5atan2IisENSt3__216__lazy_enable_ifIXaasr3std3__213is_arithmeticIT_EE5valuesr3std3__213is_arithmeticIT0_EE5valueENS0_9__promoteIS2_S3_vEEE4typeES2_S3_
00004f35  _Z5atan2IssENSt3__216__lazy_enable_ifIXaasr3std3__213is_arithmeticIT_EE5valuesr3std3__213is_arithmeticIT0_EE5valueENS0_9__promoteIS2_S3_vEEE4typeES2_S3_
00002f55  _ZN10Controller18controllerCallBackEv                                                                                                                   
200004a4  _ZN10Controller3pavE                                                                                                                                    
200003ac  _ZN10Controller3pidE                                                                                                                                    
00002eef  _ZN10Controller4initEP3PAV                                                                                                                              
2000048c  _ZN10Controller6driverE                                                                                                                                 
00002ebd  _ZN10ControllerC1Ev                                                                                                                                     
00002ebd  _ZN10ControllerC2Ev                                                                                                                                     
00002edb  _ZN10ControllerD0Ev                                                                                                                                     
00002ecf  _ZN10ControllerD1Ev                                                                                                                                     
00002ecf  _ZN10ControllerD2Ev                                                                                                                                     
000052d5  _ZN10__cxxabiv117__class_type_infoD0Ev                                                                                                                  
00005401  _ZN10__cxxabiv117__class_type_infoD1Ev                                                                                                                  
00005401  _ZN10__cxxabiv117__class_type_infoD2Ev                                                                                                                  
000052e3  _ZN10__cxxabiv120__si_class_type_infoD0Ev                                                                                                               
00005405  _ZN10__cxxabiv120__si_class_type_infoD1Ev                                                                                                               
00005405  _ZN10__cxxabiv120__si_class_type_infoD2Ev                                                                                                               
00000e5f  _ZN3I2C10WriteBurstEhPhh                                                                                                                                
00000f39  _ZN3I2C10WriteBurstEhhPhh                                                                                                                               
0000103d  _ZN3I2C4ReadEhhPh                                                                                                                                       
00000e41  _ZN3I2C5WriteEhh                                                                                                                                        
00000f0d  _ZN3I2C5WriteEhhh                                                                                                                                       
000010ad  _ZN3I2C9ReadBurstEhhPhh                                                                                                                                 
00000cdf  _ZN3I2CC1E4I2C_10I2C_SPEED_                                                                                                                             
00000ccd  _ZN3I2CC1Ev                                                                                                                                             
00000cdf  _ZN3I2CC2E4I2C_10I2C_SPEED_                                                                                                                             
00000ccd  _ZN3I2CC2Ev                                                                                                                                             
00000e2d  _ZN3I2CD0Ev                                                                                                                                             
00000e21  _ZN3I2CD1Ev                                                                                                                                             
00000e21  _ZN3I2CD2Ev                                                                                                                                             
00005161  _ZN3I2CaSERKS_                                                                                                                                          
200003e0  _ZN3PAV10controllerE                                                                                                                                    
2000026c  _ZN3PAV4buffE                                                                                                                                           
000031fb  _ZN3PAV4initEv                                                                                                                                          
2000044c  _ZN3PAV5stateE                                                                                                                                          
00003257  _ZN3PAV6PAVLogEv                                                                                                                                        
20000490  _ZN3PAV6cc1101E                                                                                                                                         
000031c9  _ZN3PAVC1Ev                                                                                                                                             
000031c9  _ZN3PAVC2Ev                                                                                                                                             
000031e7  _ZN3PAVD0Ev                                                                                                                                             
000031db  _ZN3PAVD1Ev                                                                                                                                             
000031db  _ZN3PAVD2Ev                                                                                                                                             
000022ad  _ZN3PID7processEff                                                                                                                                      
00002265  _ZN3PID8setCoeffEfff                                                                                                                                    
000021ef  _ZN3PIDC1Efffffff                                                                                                                                       
000021dd  _ZN3PIDC1Ev                                                                                                                                             
000021ef  _ZN3PIDC2Efffffff                                                                                                                                       
000021dd  _ZN3PIDC2Ev                                                                                                                                             
00002299  _ZN3PIDD0Ev                                                                                                                                             
0000228d  _ZN3PIDD1Ev                                                                                                                                             
0000228d  _ZN3PIDD2Ev                                                                                                                                             
000045a1  _ZN3PIDaSERKS_                                                                                                                                          
000012fb  _ZN3PWM12configOutPinE10GPIO_PORT_hj                                                                                                                    
0000138b  _ZN3PWM8setDutyAEf                                                                                                                                      
00001409  _ZN3PWM8setDutyBEf                                                                                                                                      
000011a3  _ZN3PWMC1E4PWM_8PWM_GEN_j                                                                                                                               
00001191  _ZN3PWMC1Ev                                                                                                                                             
000011a3  _ZN3PWMC2E4PWM_8PWM_GEN_j                                                                                                                               
00001191  _ZN3PWMC2Ev                                                                                                                                             
000012e7  _ZN3PWMD0Ev                                                                                                                                             
000012db  _ZN3PWMD1Ev                                                                                                                                             
000012db  _ZN3PWMD2Ev                                                                                                                                             
00004e95  _ZN3PWMaSERKS_                                                                                                                                          
00003105  _ZN4GPIO4modeEh10GPIO_MODE_                                                                                                                             
0000317f  _ZN4GPIO4readEh                                                                                                                                         
0000313f  _ZN4GPIO5writeEhh                                                                                                                                       
0000305b  _ZN4GPIOC1E10GPIO_PORT_                                                                                                                                 
00003049  _ZN4GPIOC1Ev                                                                                                                                            
0000305b  _ZN4GPIOC2E10GPIO_PORT_                                                                                                                                 
00003049  _ZN4GPIOC2Ev                                                                                                                                            
000030f1  _ZN4GPIOD0Ev                                                                                                                                            
000030e5  _ZN4GPIOD1Ev                                                                                                                                            
000030e5  _ZN4GPIOD2Ev                                                                                                                                            
00005177  _ZN4GPIOaSERKS_                                                                                                                                         
000034df  _ZN4GPTMC1E5GPTM_t                                                                                                                                      
000034ad  _ZN4GPTMC1Ev                                                                                                                                            
000034df  _ZN4GPTMC2E5GPTM_t                                                                                                                                      
000034ad  _ZN4GPTMC2Ev                                                                                                                                            
000034cb  _ZN4GPTMD0Ev                                                                                                                                            
000034bf  _ZN4GPTMD1Ev                                                                                                                                            
000034bf  _ZN4GPTMD2Ev                                                                                                                                            
0000518d  _ZN4GPTMaSERKS_                                                                                                                                         
20000474  _ZN4Task10task_timerE                                                                                                                                   
00002455  _ZN4Task13registerEventEPFvvEj                                                                                                                          
000024d5  _ZN4Task15unregisterEventEh                                                                                                                             
00002423  _ZN4Task4initEv                                                                                                                                         
00002519  _ZN4Task8timerISREv                                                                                                                                     
000023f1  _ZN4TaskC1Ev                                                                                                                                            
000023f1  _ZN4TaskC2Ev                                                                                                                                            
0000240f  _ZN4TaskD0Ev                                                                                                                                            
00002403  _ZN4TaskD1Ev                                                                                                                                            
00002403  _ZN4TaskD2Ev                                                                                                                                            
00001e81  _ZN4UART4sendEPKc                                                                                                                                       
00001ed5  _ZN4UART4sendEPKch                                                                                                                                      
00001f49  _ZN4UART5reicvEPhc                                                                                                                                      
00001f0f  _ZN4UART5reicvEPhh                                                                                                                                      
00001d5b  _ZN4UARTC1E5UART_j                                                                                                                                      
00001d49  _ZN4UARTC1Ev                                                                                                                                            
00001d5b  _ZN4UARTC2E5UART_j                                                                                                                                      
00001d49  _ZN4UARTC2Ev                                                                                                                                            
00001e6d  _ZN4UARTD0Ev                                                                                                                                            
00001e61  _ZN4UARTD1Ev                                                                                                                                            
00001e61  _ZN4UARTD2Ev                                                                                                                                            
000050af  _ZN4UARTaSERKS_                                                                                                                                         
0000178b  _ZN5GY52110updateGyroEv                                                                                                                                 
0000173d  _ZN5GY52111updateAccelEv                                                                                                                                
0000150b  _ZN5GY5214initEv                                                                                                                                        
0000165b  _ZN5GY5217getGyroEPf                                                                                                                                    
0000170d  _ZN5GY5217getRollEv                                                                                                                                     
000015db  _ZN5GY5218getAccelEPf                                                                                                                                   
000016db  _ZN5GY5218getPitchEv                                                                                                                                    
000014d1  _ZN5GY521C1Ev                                                                                                                                           
000014d1  _ZN5GY521C2Ev                                                                                                                                           
000014f7  _ZN5GY521D0Ev                                                                                                                                           
000014e7  _ZN5GY521D1Ev                                                                                                                                           
000014e7  _ZN5GY521D2Ev                                                                                                                                           
00002a1b  _ZN5State15stateUpdateTaskEv                                                                                                                            
200004a8  _ZN5State3pavE                                                                                                                                          
000029cf  _ZN5State4initEP3PAV                                                                                                                                    
20000430  _ZN5State5gy521E                                                                                                                                        
2000047c  _ZN5State5portFE                                                                                                                                        
0000299d  _ZN5StateC1Ev                                                                                                                                           
0000299d  _ZN5StateC2Ev                                                                                                                                           
000029bb  _ZN5StateD0Ev                                                                                                                                           
000029af  _ZN5StateD1Ev                                                                                                                                           
000029af  _ZN5StateD2Ev                                                                                                                                           
200004b0  _ZN6CC110110cc1101_sttE                                                                                                                                 
00002ddd  _ZN6CC110111setCallBackEPFvcE                                                                                                                           
200006d8  _ZN6CC110113uartOnReceiveE                                                                                                                              
00002def  _ZN6CC110114UARTIntHandlerEv                                                                                                                            
20000484  _ZN6CC11013pkgE                                                                                                                                         
00002d43  _ZN6CC11014initEv                                                                                                                                       
00002d9f  _ZN6CC11014sendEPht                                                                                                                                     
2000045c  _ZN6CC11014uartE                                                                                                                                        
00002d11  _ZN6CC1101C1Ev                                                                                                                                          
00002d11  _ZN6CC1101C2Ev                                                                                                                                          
00002d2f  _ZN6CC1101D0Ev                                                                                                                                          
00002d23  _ZN6CC1101D1Ev                                                                                                                                          
00002d23  _ZN6CC1101D2Ev                                                                                                                                          
0000337b  _ZN6Driver15setVelocityLeftEf                                                                                                                           
000033d7  _ZN6Driver16setVelocityRightEf                                                                                                                          
0000336f  _ZN6Driver4initEv                                                                                                                                       
00003457  _ZN6Driver6enableEv                                                                                                                                     
00003433  _ZN6Driver7disableEv                                                                                                                                    
2000040c  _ZN6Driver7drv8421E                                                                                                                                     
0000333d  _ZN6DriverC1Ev                                                                                                                                          
0000333d  _ZN6DriverC2Ev                                                                                                                                          
0000335b  _ZN6DriverD0Ev                                                                                                                                          
0000334f  _ZN6DriverD1Ev                                                                                                                                          
0000334f  _ZN6DriverD2Ev                                                                                                                                          
000043ef  _ZN6System4initEv                                                                                                                                       
20000494  _ZN6System4taskE                                                                                                                                        
00004401  _ZN6System7delayMsEj                                                                                                                                    
000043bd  _ZN6SystemC1Ev                                                                                                                                          
000043bd  _ZN6SystemC2Ev                                                                                                                                          
000043db  _ZN6SystemD0Ev                                                                                                                                          
000043cf  _ZN6SystemD1Ev                                                                                                                                          
000043cf  _ZN6SystemD2Ev                                                                                                                                          
0000209d  _ZN7DRV841215setVelocityLeftEf                                                                                                                          
00002113  _ZN7DRV841216setVelocityRightEf                                                                                                                         
00001ffb  _ZN7DRV84124initEv                                                                                                                                      
000021a7  _ZN7DRV84126enableEv                                                                                                                                    
00002189  _ZN7DRV84127disableEv                                                                                                                                   
00001fb1  _ZN7DRV8412C1Ev                                                                                                                                         
00001fb1  _ZN7DRV8412C2Ev                                                                                                                                         
00001fe7  _ZN7DRV8412D0Ev                                                                                                                                         
00001fcf  _ZN7DRV8412D1Ev                                                                                                                                         
00001fcf  _ZN7DRV8412D2Ev                                                                                                                                         
00003a2d  _ZN7ESP826611startServerEv                                                                                                                              
200006dc  _ZN7ESP826613uartOnReceiveE                                                                                                                             
00003a49  _ZN7ESP826614UARTIntHandlerEv                                                                                                                           
00003a37  _ZN7ESP826615setOnReceiveFcnEPFvcE                                                                                                                      
20000468  _ZN7ESP82664uartE                                                                                                                                       
00003a19  _ZN7ESP82665resetEv                                                                                                                                     
00003a23  _ZN7ESP82667connectEv                                                                                                                                   
00003995  _ZN7ESP8266C1Ev                                                                                                                                         
00003995  _ZN7ESP8266C2Ev                                                                                                                                         
00003a05  _ZN7ESP8266D0Ev                                                                                                                                         
000039f9  _ZN7ESP8266D1Ev                                                                                                                                         
000039f9  _ZN7ESP8266D2Ev                                                                                                                                         
00000ccb  _ZNSt9type_infoD1Ev                                                                                                                                     
00000ccb  _ZNSt9type_infoD2Ev                                                                                                                                     
00005411  _ZSt17__throw_bad_allocv                                                                                                                                
00005a14  _ZTI10Controller                                                                                                                                        
00005a1c  _ZTI3I2C                                                                                                                                                
00005a24  _ZTI3PAV                                                                                                                                                
00005a2c  _ZTI3PID                                                                                                                                                
00005a34  _ZTI3PWM                                                                                                                                                
00005a3c  _ZTI4GPIO                                                                                                                                               
00005a44  _ZTI4GPTM                                                                                                                                               
00005a4c  _ZTI4Task                                                                                                                                               
00005a54  _ZTI4UART                                                                                                                                               
00005a5c  _ZTI5GY521                                                                                                                                              
00005a64  _ZTI5State                                                                                                                                              
00005a6c  _ZTI6CC1101                                                                                                                                             
00005a74  _ZTI6Driver                                                                                                                                             
[...]
000053db  TimerClockSourceSet                                                                                                                                     
000053e1  UARTClockSourceSet                                                                                                                                      
000053e7  UARTFIFOLevelSet                                                                                                                                        
000053ed  I2CMasterControl                                                                                                                                        
000053f1  I2CMasterDataGet                                                                                                                                        
000053f5  I2CMasterDataPut                                                                                                                                        
000053f9  TimerIntClear                                                                                                                                           
000053fd  UARTIntClear                                                                                                                                            
00005401  _ZN10__cxxabiv117__class_type_infoD1Ev                                                                                                                  
00005401  _ZN10__cxxabiv117__class_type_infoD2Ev                                                                                                                  
00005405  _ZN10__cxxabiv120__si_class_type_infoD1Ev                                                                                                               
00005405  _ZN10__cxxabiv120__si_class_type_infoD2Ev                                                                                                               
00005409  _ZdlPvj                                                                                                                                                 
0000540d  _system_pre_init                                                                                                                                        
00005411  C$$EXIT                                                                                                                                                 
00005411  _ZSt17__throw_bad_allocv                                                                                                                                
00005411  abort                                                                                                                                                   
00005418  _ctypes_                                                                                                                                                
00005519  _ZTS5GY521                                                                                                                                              
00005844  _ZTSN10__cxxabiv120__si_class_type_infoE                                                                                                                
00005869  _ZTSN10__cxxabiv117__class_type_infoE                                                                                                                   
000058ac  _ZTV10Controller                                                                                                                                        
000058bc  _ZTV3I2C                                                                                                                                                
000058cc  _ZTV3PAV                                                                                                                                                
000058dc  _ZTV3PID                                                                                                                                                
000058ec  _ZTV3PWM                                                                                                                                                
000058fc  _ZTV4GPIO                                                                                                                                               
0000590c  _ZTV4GPTM                                                                                                                                               
0000591c  _ZTV4Task                                                                                                                                               
0000592c  _ZTV4UART                                                                                                                                               
0000593c  _ZTV5GY521                                                                                                                                              
0000594c  _ZTV5State                                                                                                                                              
0000595c  _ZTV6CC1101                                                                                                                                             
0000596c  _ZTV6Driver                                                                                                                                             
0000597c  _ZTV6System                                                                                                                                             
0000598c  _ZTV7DRV8412                                                                                                                                            
0000599c  _ZTV7ESP8266                                                                                                                                            
000059ac  _ZTVN10__cxxabiv117__class_type_infoE                                                                                                                   
000059bc  _ZTVN10__cxxabiv120__si_class_type_infoE                                                                                                                
000059cc  _ZTS10Controller                                                                                                                                        
000059d9  _ZTSSt9type_info                                                                                                                                        
000059e8  _ZTIN10__cxxabiv117__class_type_infoE                                                                                                                   
000059f4  _ZTIN10__cxxabiv120__si_class_type_infoE                                                                                                                
00005a00  _ZTS7DRV8412                                                                                                                                            
00005a09  _ZTS7ESP8266                                                                                                                                            
00005a14  _ZTI10Controller                                                                                                                                        
00005a1c  _ZTI3I2C                                                                                                                                                
00005a24  _ZTI3PAV                                                                                                                                                
00005a2c  _ZTI3PID                                                                                                                                                
00005a34  _ZTI3PWM                                                                                                                                                
00005a3c  _ZTI4GPIO                                                                                                                                               
00005a44  _ZTI4GPTM                                                                                                                                               
00005a4c  _ZTI4Task                                                                                                                                               
00005a54  _ZTI4UART                                                                                                                                               
00005a5c  _ZTI5GY521                                                                                                                                              
00005a64  _ZTI5State                                                                                                                                              
00005a6c  _ZTI6CC1101                                                                                                                                             
00005a74  _ZTI6Driver                                                                                                                                             
00005a7c  _ZTI6System                                                                                                                                             
00005a84  _ZTI7DRV8412                                                                                                                                            
00005a8c  _ZTI7ESP8266                                                                                                                                            
00005a94  _ZTISt9type_info                                                                                                                                        
00005a9c  _ZTS6CC1101                                                                                                                                             
00005aa4  _ZTS6Driver                                                                                                                                             
00005aac  _ZTS6System                                                                                                                                             
00005ab4  _ZTS5State                                                                                                                                              
00005abb  _ZTS4GPIO                                                                                                                                               
00005ac1  _ZTS4GPTM                                                                                                                                               
00005ac7  _ZTS4Task                                                                                                                                               
00005acd  _ZTS4UART                                                                                                                                               
00005ad3  _ZTS3I2C                                                                                                                                                
00005ad8  _ZTS3PAV                                                                                                                                                
00005add  _ZTS3PID                                                                                                                                                
00005ae2  _ZTS3PWM                                                                                                                                                
00005ae8  SHT$$INIT_ARRAY$$Base                                                                                                                                   
00005b0c  SHT$$INIT_ARRAY$$Limit                                                                                                                                  
00005b2c  __TI_Handler_Table_Base                                                                                                                                 
00005b38  __TI_Handler_Table_Limit                                                                                                                                
00005b48  __TI_CINIT_Base                                                                                                                                         
00005b60  __TI_CINIT_Limit                                                                                                                                        
20000000  g_pfnRAMVectors                                                                                                                                         
2000026c  _ZN3PAV4buffE                                                                                                                                           
200003ac  _ZN10Controller3pidE                                                                                                                                    
200003e0  _ZN3PAV10controllerE                                                                                                                                    
2000040c  _ZN6Driver7drv8421E                                                                                                                                     
20000430  _ZN5State5gy521E                                                                                                                                        
2000044c  _ZN3PAV5stateE                                                                                                                                          
2000045c  _ZN6CC11014uartE                                                                                                                                        
20000468  _ZN7ESP82664uartE                                                                                                                                       
20000474  _ZN4Task10task_timerE                                                                                                                                   
2000047c  _ZN5State5portFE                                                                                                                                        
20000484  _ZN6CC11013pkgE                                                                                                                                         
2000048c  _ZN10Controller6driverE                                                                                                                                 
20000490  _ZN3PAV6cc1101E                                                                                                                                         
20000494  _ZN6System4taskE                                                                                                                                        
20000498  controller                                                                                                                                              
2000049c  pav                                                                                                                                                     
200004a0  state                                                                                                                                                   
200004a4  _ZN10Controller3pavE                                                                                                                                    
200004a8  _ZN5State3pavE                                                                                                                                          
200004ac  __dso_handle                                                                                                                                            
200004b0  _ZN6CC110110cc1101_sttE                                                                                                                                 
200004b8  __stack                                                                                                                                                 
200006b8  __STACK_END                                                                                                                                             
200006b8  __STACK_TOP                                                                                                                                             
200006b8  __TI_cleanup_ptr                                                                                                                                        
200006bc  __TI_dtors_ptr                                                                                                                                          
200006c0  __TI_enable_exit_profile_output                                                                                                                         
200006d0  _lock                                                                                                                                                   
200006d4  _unlock                                                                                                                                                 
200006d8  _ZN6CC110113uartOnReceiveE                                                                                                                              
200006dc  _ZN7ESP826613uartOnReceiveE                                                                                                                             
200006e4  errno                                                                                                                                                   
200006e8  _sys_memory                                                                                                                                             
ffffffff  __TI_pprof_out_hndl                                                                                                                                     
ffffffff  __TI_prof_data_size                                                                                                                                     
ffffffff  __TI_prof_data_start                                                                                                                                    
ffffffff  __binit__                                                                                                                                               
ffffffff  __c_args__                                                                                                                                              
ffffffff  binit                                                                                                                                                   
UNDEFED   __mpu_init                                                                                                                                              
UNDEFED   _system_post_cinit                                                                                                                                      

[408 symbols]
