******************************************************************************
                  TI ARM Linker PC v18.1.2                     
******************************************************************************
>> Linked Fri Aug 31 20:55:20 2018

OUTPUT FILE NAME:   <2WheelsRobot.out>
ENTRY POINT SYMBOL: "_c_int00_noargs"  address: 000041d1


MEMORY CONFIGURATION

         name            origin    length      used     unused   attr    fill
----------------------  --------  ---------  --------  --------  ----  --------
  FLASH                 00000000   00040000  00004e80  0003b180  R  X
  SRAM                  20000000   00008000  00000610  000079f0  RW X


SEGMENT ALLOCATION MAP

run origin  load origin   length   init length attrs members
----------  ----------- ---------- ----------- ----- -------
00000000    00000000    00004e80   00004e80    r-x
  00000000    00000000    0000026c   0000026c    r-- .intvecs
  0000026c    0000026c    0000443c   0000443c    r-x .text
  000046a8    000046a8    00000770   00000770    r-- .const
  00004e18    00004e18    00000018   00000018    r-- .init_array
  00004e30    00004e30    00000050   00000050    r-- .cinit
20000000    20000000    00000618   00000000    rw-
  20000000    20000000    0000026c   00000000    rw- .vtable
  20000270    20000270    00000200   00000000    rw- .stack
  20000470    20000470    0000016d   00000000    rw- .bss
  200005e0    200005e0    0000002f   00000000    rw- .data
  20000610    20000610    00000008   00000000    rw- .sysmem


SECTION ALLOCATION MAP

 output                                  attributes/
section   page    origin      length       input sections
--------  ----  ----------  ----------   ----------------
.intvecs   0    00000000    0000026c     
                  00000000    0000026c     tm4c123gh6pm_startup_ccs.obj (.intvecs)

.text      0    0000026c    0000443c     
                  0000026c    00000804     ESP8266.obj (.text)
                  00000a70    000004e8     Log.obj (.text)
                  00000f58    00000460     rtsv7M4_T_le_v4SPD16_eabi.lib : strtod.c.obj (.text:strtod)
                  000013b8    0000042a     I2C.obj (.text)
                  000017e2    00000002     rtsv7M4_T_le_v4SPD16_eabi.lib : stdlib_typeinfo.cpp.obj (.text:_ZNSt9type_infoD1Ev)
                  000017e4    000003d8     Console.obj (.text)
                  00001bbc    00000360     GY521.obj (.text)
                  00001f1c    000002ec     rtsv7M4_T_le_v4SPD16_eabi.lib : s_atan.c.obj (.text:atan)
                  00002208    00000298     Kalman.obj (.text)
                  000024a0    00000224     UART.obj (.text)
                  000026c4    000001f0     Task.obj (.text)
                  000028b4    000001ec     rtsv7M4_T_le_v4SPD16_eabi.lib : e_atan2.c.obj (.text:atan2)
                  00002aa0    000001b6                                   : fd_add_t2.asm.obj (.text)
                  00002c56    00000002                                   : _lock.c.obj (.text:_nop)
                  00002c58    00000198     StateSystem.obj (.text)
                  00002df0    00000194     GPIO.obj (.text)
                  00002f84    0000013c     TIMER.obj (.text)
                  000030c0    00000136     rtsv7M4_T_le_v4SPD16_eabi.lib : fd_div_t2.asm.obj (.text)
                  000031f6    00000132     driverlib.lib : gpio.obj (.text:GPIOPadConfigSet)
                  00003328    00000110                   : sysctl.obj (.text:SysCtlClockGet)
                  00003438    00000110     rtsv7M4_T_le_v4SPD16_eabi.lib : s_scalbn.c.obj (.text:scalbn)
                  00003548    000000fc                                   : fd_mul_t2.asm.obj (.text)
                  00003644    000000f4     driverlib.lib : sysctl.obj (.text:SysCtlClockSet)
                  00003738    000000d8     rtsv7M4_T_le_v4SPD16_eabi.lib : memory.c.obj (.text:free)
                  00003810    000000b0     System.obj (.text)
                  000038c0    0000009c     Logger.obj (.text)
                  0000395c    0000009c     rtsv7M4_T_le_v4SPD16_eabi.lib : memcpy_t2.asm.obj (.text)
                  000039f8    00000086                                   : fd_cmp_t2.asm.obj (.text:__aeabi_cdcmple)
                  00003a7e    00000086                                   : fd_cmp_t2.asm.obj (.text:__aeabi_cdrcmple)
                  00003b04    0000007a                                   : memset_t2.asm.obj (.text)
                  00003b7e    00000002                                   : div0.asm.obj (.text)
                  00003b80    00000078                                   : memory.c.obj (.text:malloc)
                  00003bf8    0000006e                                   : fd_tos_t2.asm.obj (.text)
                  00003c66    00000002     --HOLE-- [fill = 0]
                  00003c68    00000068     driverlib.lib : interrupt.obj (.text:IntEnable)
                  00003cd0    00000068     rtsv7M4_T_le_v4SPD16_eabi.lib : copy_decompress_lzss.c.obj (.text:decompress:lzss:__TI_decompress_lzss)
                  00003d38    00000060     driverlib.lib : timer.obj (.text:TimerConfigure)
                  00003d98    00000060     rtsv7M4_T_le_v4SPD16_eabi.lib : autoinit.c.obj (.text:__TI_auto_init_nobinit:__TI_auto_init_nobinit)
                  00003df8    00000058     Params.obj (.text)
                  00003e50    00000050     driverlib.lib : sysctl.obj (.text:SysCtlPeripheralReset)
                  00003ea0    0000004c                   : i2c.obj (.text:I2CMasterInitExpClk)
                  00003eec    0000004c                   : timer.obj (.text:_TimerIntNumberGet)
                  00003f38    00000048                   : gpio.obj (.text:GPIOPinConfigure)
                  00003f80    00000048     rtsv7M4_T_le_v4SPD16_eabi.lib : exit.c.obj (.text:exit)
                  00003fc8    00000046     driverlib.lib : uart.obj (.text:UARTConfigSetExpClk)
                  0000400e    00000046     StateSystem.obj (.text:_ZN5GY521aSERKS_)
                  00004054    00000044     rtsv7M4_T_le_v4SPD16_eabi.lib : dtor_list.c.obj (.text:_Z25__add_destruction_to_listPP20a_needed_destructionPFYvPvES2_S2_)
                  00004098    00000042                                   : dtor_list.c.obj (.text:_Z23__finalize_destructionsPP20a_needed_destructionPv)
                  000040da    00000002     --HOLE-- [fill = 0]
                  000040dc    00000040     driverlib.lib : uart.obj (.text:_UARTIntNumberGet)
                  0000411c    00000040     rtsv7M4_T_le_v4SPD16_eabi.lib : u_divt2.asm.obj (.text)
                  0000415c    0000003c                                   : memory.c.obj (.text:minsert)
                  00004198    00000038     driverlib.lib : sysctl.obj (.text:SysCtlPeripheralReady)
                  000041d0    00000038     rtsv7M4_T_le_v4SPD16_eabi.lib : boot_cortex_m.c.obj (.text:_c_int00_noargs:_c_int00_noargs)
                  00004208    00000038                                   : memory.c.obj (.text:minit)
                  00004240    00000034     driverlib.lib : interrupt.obj (.text:IntRegister)
                  00004274    00000034                   : sysctl.obj (.text:SysCtlPeripheralEnable)
                  000042a8    00000034     GY521.obj (.text:_Z5atan2IssENSt3__216__lazy_enable_ifIXaasr3std3__213is_arithmeticIT_EE5valuesr3std3__213is_arithmeticIT0_EE5valueENS0_9__promoteIS2_S3_vEEE4typeES2_S3_)
                  000042dc    00000034     rtsv7M4_T_le_v4SPD16_eabi.lib : dtor_list.c.obj (.text:__aeabi_atexit)
                  00004310    00000030     GY521.obj (.text:_Z5atan2IisENSt3__216__lazy_enable_ifIXaasr3std3__213is_arithmeticIT_EE5valuesr3std3__213is_arithmeticIT0_EE5valueENS0_9__promoteIS2_S3_vEEE4typeES2_S3_)
                  00004340    0000002e     rtsv7M4_T_le_v4SPD16_eabi.lib : i_tofd_t2.asm.obj (.text)
                  0000436e    0000002a     driverlib.lib : gpio.obj (.text:GPIODirModeSet)
                  00004398    00000028     rtsv7M4_T_le_v4SPD16_eabi.lib : memory.c.obj (.text:mremove)
                  000043c0    00000020     driverlib.lib : uart.obj (.text:UARTDisable)
                  000043e0    0000001e     ESP8266.obj (.text:_ZN4UARTaSERKS_)
                  000043fe    0000001a     main.obj (.text)
                  00004418    00000018     driverlib.lib : gpio.obj (.text:GPIOPinTypeGPIOOutput)
                  00004430    00000018                   : timer.obj (.text:TimerControlStall)
                  00004448    00000018                   : timer.obj (.text:TimerIntRegister)
                  00004460    00000018                   : uart.obj (.text:UARTIntRegister)
                  00004478    00000016     GY521.obj (.text:_ZN3I2CaSERKS_)
                  0000448e    00000016     DRV8412.obj (.text:_ZN4GPIOaSERKS_)
                  000044a4    00000016     Task.obj (.text:_ZN5TIMERaSERKS_)
                  000044ba    00000014     driverlib.lib : uart.obj (.text:UARTEnable)
                  000044ce    00000014     rtsv7M4_T_le_v4SPD16_eabi.lib : s_copysign.c.obj (.text:copysign)
                  000044e2    00000014                                   : strlen.c.obj (.text:strlen)
                  000044f6    00000012     driverlib.lib : gpio.obj (.text:GPIOPinTypeGPIOInput)
                  00004508    00000012                   : gpio.obj (.text:GPIOPinTypeI2C)
                  0000451a    00000012                   : gpio.obj (.text:GPIOPinTypeI2CSCL)
                  0000452c    00000012                   : gpio.obj (.text:GPIOPinTypeUART)
                  0000453e    00000012                   : timer.obj (.text:TimerLoadSet)
                  00004550    00000012     rtsv7M4_T_le_v4SPD16_eabi.lib : atof.c.obj (.text:atof)
                  00004562    00000012                                   : copy_zero_init.c.obj (.text:decompress:ZI:__TI_zero_init_nomemset:__TI_zero_init_nomemset)
                  00004574    00000010     driverlib.lib : interrupt.obj (.text:IntMasterEnable)
                  00004584    0000000e                   : timer.obj (.text:TimerEnable)
                  00004592    0000000e                   : uart.obj (.text:UARTCharsAvail)
                  000045a0    0000000e     rtsv7M4_T_le_v4SPD16_eabi.lib : typeinfo.c.obj (.text:_ZN10__cxxabiv117__class_type_infoD0Ev)
                  000045ae    0000000e                                   : typeinfo.c.obj (.text:_ZN10__cxxabiv120__si_class_type_infoD0Ev)
                  000045bc    0000000e     System.obj (.text:_ZN6LoggeraSERKS_)
                  000045ca    0000000e     rtsv7M4_T_le_v4SPD16_eabi.lib : copy_decompress_none.c.obj (.text:decompress:none:__TI_decompress_none)
                  000045d8    0000000c     driverlib.lib : cpu.obj (.text:CPUcpsie)
                  000045e4    0000000c     rtsv7M4_T_le_v4SPD16_eabi.lib : dtor_list.c.obj (.text:__cxa_ia64_exit)
                  000045f0    0000000c     tm4c123gh6pm_startup_ccs.obj (.text)
                  000045fc    0000000a     driverlib.lib : i2c.obj (.text:I2CMasterEnable)
                  00004606    0000000a                   : timer.obj (.text:TimerIntStatus)
                  00004610    0000000a                   : uart.obj (.text:UARTCharGet)
                  0000461a    0000000a                   : uart.obj (.text:UARTCharPut)
                  00004624    0000000a                   : uart.obj (.text:UARTFIFODisable)
                  0000462e    0000000a                   : uart.obj (.text:UARTIntStatus)
                  00004638    00000008                   : i2c.obj (.text:I2CMasterBusy)
                  00004640    00000008                   : i2c.obj (.text:I2CMasterSlaveAddrSet)
                  00004648    00000008                   : timer.obj (.text:TimerIntEnable)
                  00004650    00000008                   : uart.obj (.text:UARTIntEnable)
                  00004658    00000008     rtsv7M4_T_le_v4SPD16_eabi.lib : new.cpp.obj (.text:_ZdlPv)
                  00004660    00000008                                   : errno.c.obj (.text:__aeabi_errno_addr)
                  00004668    00000006     driverlib.lib : gpio.obj (.text:GPIOPinWrite)
                  0000466e    00000006                   : sysctl.obj (.text:SysCtlDelay)
                  00004674    00000006                   : timer.obj (.text:TimerClockSourceSet)
                  0000467a    00000006                   : uart.obj (.text:UARTClockSourceSet)
                  00004680    00000004                   : i2c.obj (.text:I2CMasterControl)
                  00004684    00000004                   : i2c.obj (.text:I2CMasterDataGet)
                  00004688    00000004                   : i2c.obj (.text:I2CMasterDataPut)
                  0000468c    00000004                   : timer.obj (.text:TimerIntClear)
                  00004690    00000004                   : uart.obj (.text:UARTIntClear)
                  00004694    00000004     rtsv7M4_T_le_v4SPD16_eabi.lib : typeinfo.c.obj (.text:_ZN10__cxxabiv117__class_type_infoD1Ev)
                  00004698    00000004                                   : typeinfo.c.obj (.text:_ZN10__cxxabiv120__si_class_type_infoD1Ev)
                  0000469c    00000004                                   : new.cpp.obj (.text:_ZdlPvj)
                  000046a0    00000004                                   : pre_init.c.obj (.text:_system_pre_init)
                  000046a4    00000004                                   : exit.c.obj (.text:abort:abort)

.const     0    000046a8    00000770     
                  000046a8    00000101     rtsv7M4_T_le_v4SPD16_eabi.lib : ctype.c.obj (.const:.string:_ctypes_)
                  000047a9    00000007     GY521.obj (.const:.typeinfo:_ZTS5GY521)
                  000047b0    000000c8     rtsv7M4_T_le_v4SPD16_eabi.lib : strtod.c.obj (.const:$O1$$)
                  00004878    00000098                                   : s_atan.c.obj (.const:$O1$$)
                  00004910    00000090     driverlib.lib : gpio.obj (.const:g_pui32GPIOBaseAddrs)
                  000049a0    00000070                   : interrupt.obj (.const)
                  00004a10    0000006c                   : sysctl.obj (.const:g_pui32Xtals)
                  00004a7c    00000060                   : timer.obj (.const:g_ppui32TimerIntMap)
                  00004adc    00000040                   : timer.obj (.const:g_ppui32TimerIntMapSnowflake)
                  00004b1c    00000040                   : uart.obj (.const:g_ppui32UARTIntMap)
                  00004b5c    00000040                   : uart.obj (.const:g_ppui32UARTIntMapSnowflake)
                  00004b9c    00000025     rtsv7M4_T_le_v4SPD16_eabi.lib : typeinfo.c.obj (.const:.typeinfo:_ZTSN10__cxxabiv120__si_class_type_infoE)
                  00004bc1    00000022                                   : typeinfo.c.obj (.const:.typeinfo:_ZTSN10__cxxabiv117__class_type_infoE)
                  00004be3    00000001     --HOLE-- [fill = 0]
                  00004be4    00000012     Console.obj (.const:.string)
                  00004bf6    00000002     --HOLE-- [fill = 0]
                  00004bf8    00000012     Log.obj (.const:.string)
                  00004c0a    00000002     --HOLE-- [fill = 0]
                  00004c0c    00000010     GY521.obj (.const:MPU6050AccelFactors)
                  00004c1c    00000010     GY521.obj (.const:MPU6050GyroFactors)
                  00004c2c    00000010     StateSystem.obj (.const:_ZTV11StateSystem)
                  00004c3c    00000010     I2C.obj (.const:_ZTV3I2C)
                  00004c4c    00000010     Log.obj (.const:_ZTV3Log)
                  00004c5c    00000010     GPIO.obj (.const:_ZTV4GPIO)
                  00004c6c    00000010     Task.obj (.const:_ZTV4Task)
                  00004c7c    00000010     UART.obj (.const:_ZTV4UART)
                  00004c8c    00000010     GY521.obj (.const:_ZTV5GY521)
                  00004c9c    00000010     TIMER.obj (.const:_ZTV5TIMER)
                  00004cac    00000010     Logger.obj (.const:_ZTV6Logger)
                  00004cbc    00000010     Params.obj (.const:_ZTV6Params)
                  00004ccc    00000010     System.obj (.const:_ZTV6System)
                  00004cdc    00000010     Console.obj (.const:_ZTV7Console)
                  00004cec    00000010     ESP8266.obj (.const:_ZTV7ESP8266)
                  00004cfc    00000010     rtsv7M4_T_le_v4SPD16_eabi.lib : typeinfo.c.obj (.const:_ZTVN10__cxxabiv117__class_type_infoE)
                  00004d0c    00000010                                   : typeinfo.c.obj (.const:_ZTVN10__cxxabiv120__si_class_type_infoE)
                  00004d1c    0000000e     StateSystem.obj (.const:.typeinfo:_ZTS11StateSystem)
                  00004d2a    0000000d     rtsv7M4_T_le_v4SPD16_eabi.lib : stdlib_typeinfo.cpp.obj (.const:.typeinfo:_ZTSSt9type_info)
                  00004d37    00000001     --HOLE-- [fill = 0]
                  00004d38    0000000c                                   : typeinfo.c.obj (.const:.typeinfo:_ZTIN10__cxxabiv117__class_type_infoE)
                  00004d44    0000000c                                   : typeinfo.c.obj (.const:.typeinfo:_ZTIN10__cxxabiv120__si_class_type_infoE)
                  00004d50    00000009     Console.obj (.const:.typeinfo:_ZTS7Console)
                  00004d59    00000009     ESP8266.obj (.const:.typeinfo:_ZTS7ESP8266)
                  00004d62    00000002     --HOLE-- [fill = 0]
                  00004d64    00000008     StateSystem.obj (.const:.typeinfo:_ZTI11StateSystem)
                  00004d6c    00000008     I2C.obj (.const:.typeinfo:_ZTI3I2C)
                  00004d74    00000008     Log.obj (.const:.typeinfo:_ZTI3Log)
                  00004d7c    00000008     GPIO.obj (.const:.typeinfo:_ZTI4GPIO)
                  00004d84    00000008     Task.obj (.const:.typeinfo:_ZTI4Task)
                  00004d8c    00000008     UART.obj (.const:.typeinfo:_ZTI4UART)
                  00004d94    00000008     GY521.obj (.const:.typeinfo:_ZTI5GY521)
                  00004d9c    00000008     TIMER.obj (.const:.typeinfo:_ZTI5TIMER)
                  00004da4    00000008     Logger.obj (.const:.typeinfo:_ZTI6Logger)
                  00004dac    00000008     Params.obj (.const:.typeinfo:_ZTI6Params)
                  00004db4    00000008     System.obj (.const:.typeinfo:_ZTI6System)
                  00004dbc    00000008     Console.obj (.const:.typeinfo:_ZTI7Console)
                  00004dc4    00000008     ESP8266.obj (.const:.typeinfo:_ZTI7ESP8266)
                  00004dcc    00000008     rtsv7M4_T_le_v4SPD16_eabi.lib : stdlib_typeinfo.cpp.obj (.const:.typeinfo:_ZTISt9type_info)
                  00004dd4    00000008     Logger.obj (.const:.typeinfo:_ZTS6Logger)
                  00004ddc    00000008     Params.obj (.const:.typeinfo:_ZTS6Params)
                  00004de4    00000008     System.obj (.const:.typeinfo:_ZTS6System)
                  00004dec    00000007     TIMER.obj (.const:.typeinfo:_ZTS5TIMER)
                  00004df3    00000006     GPIO.obj (.const:.typeinfo:_ZTS4GPIO)
                  00004df9    00000006     Task.obj (.const:.typeinfo:_ZTS4Task)
                  00004dff    00000006     UART.obj (.const:.typeinfo:_ZTS4UART)
                  00004e05    00000005     I2C.obj (.const:.typeinfo:_ZTS3I2C)
                  00004e0a    00000005     Log.obj (.const:.typeinfo:_ZTS3Log)
                  00004e0f    00000001     --HOLE-- [fill = 0]
                  00004e10    00000004     Console.obj (.const)
                  00004e14    00000004     Log.obj (.const)

.cinit     0    00004e30    00000050     
                  00004e30    0000001a     (.cinit..data.load) [load image, compression = lzss]
                  00004e4a    00000002     --HOLE-- [fill = 0]
                  00004e4c    0000000c     (__TI_handler_table)
                  00004e58    00000008     (.cinit..bss.load) [load image, compression = zero_init]
                  00004e60    00000008     (.cinit..vtable.load) [load image, compression = zero_init]
                  00004e68    00000018     (__TI_cinit_table)

.init_array 
*          0    00004e18    00000018     
                  00004e18    00000004     Task.obj (.init_array)
                  00004e1c    00000004     System.obj (.init_array)
                  00004e20    00000004     StateSystem.obj (.init_array)
                  00004e24    00000004     Logger.obj (.init_array)
                  00004e28    00000004     Console.obj (.init_array)
                  00004e2c    00000004     ESP8266.obj (.init_array)

.vtable    0    20000000    0000026c     UNINITIALIZED
                  20000000    0000026c     driverlib.lib : interrupt.obj (.vtable)

.stack     0    20000270    00000200     UNINITIALIZED
                  20000270    00000004     rtsv7M4_T_le_v4SPD16_eabi.lib : boot_cortex_m.c.obj (.stack)
                  20000274    000001fc     --HOLE--

.bss       0    20000470    0000016d     UNINITIALIZED
                  20000470    00000078     Task.obj (.bss:timer_event_list)
                  200004e8    00000064     (.common:_ZN7ESP82663bufE)
                  2000054c    00000028     StateSystem.obj (.bss:_ZN11StateSystem6kalmanE)
                  20000574    0000001c     StateSystem.obj (.bss:_ZN11StateSystem5gy521E)
                  20000590    0000000c     Logger.obj (.bss:_ZN6Logger4uartE)
                  2000059c    0000000c     Console.obj (.bss:_ZN7Console4uartE)
                  200005a8    0000000c     ESP8266.obj (.bss:_ZN7ESP82664uartE)
                  200005b4    00000008     StateSystem.obj (.bss:_ZN11StateSystem5portFE)
                  200005bc    00000008     Task.obj (.bss:_ZN4Task10task_timerE)
                  200005c4    00000004     System.obj (.bss:_ZN6System4taskE)
                  200005c8    00000004     System.obj (.bss:_ZN6System6loggerE)
                  200005cc    00000004     (.common:_ZN11StateSystem6paramsE)
                  200005d0    00000004     (.common:_ZN3Log6loggerE)
                  200005d4    00000004     (.common:_ZN7ESP82665paramE)
                  200005d8    00000004     (.common:__dso_handle)
                  200005dc    00000001     (.common:_ZN7ESP826613esp8266StatusE)

.data      0    200005e0    0000002f     UNINITIALIZED
                  200005e0    0000000c     rtsv7M4_T_le_v4SPD16_eabi.lib : exit.c.obj (.data:$O1$$)
                  200005ec    0000000c                                   : memory.c.obj (.data:$O1$$)
                  200005f8    00000008                                   : _lock.c.obj (.data:$O1$$)
                  20000600    00000004     StateSystem.obj (.data)
                  20000604    00000004     rtsv7M4_T_le_v4SPD16_eabi.lib : dtor_list.c.obj (.data)
                  20000608    00000004                                   : errno.c.obj (.data)
                  2000060c    00000003     ESP8266.obj (.data)

.sysmem    0    20000610    00000008     UNINITIALIZED
                  20000610    00000008     rtsv7M4_T_le_v4SPD16_eabi.lib : memory.c.obj (.sysmem)

MODULE SUMMARY

       Module                         code    ro data   rw data
       ------                         ----    -------   -------
    .\
       tm4c123gh6pm_startup_ccs.obj   12      620       0      
       main.obj                       26      0         0      
    +--+------------------------------+-------+---------+---------+
       Total:                         38      620       0      
                                                               
    .\modules\DRV8412\
       DRV8412.obj                    22      0         0      
    +--+------------------------------+-------+---------+---------+
       Total:                         22      0         0      
                                                               
    .\modules\ESP8266\
       ESP8266.obj                    2082    37        120    
    +--+------------------------------+-------+---------+---------+
       Total:                         2082    37        120    
                                                               
    .\modules\GY521\
       GY521.obj                      986     63        0      
    +--+------------------------------+-------+---------+---------+
       Total:                         986     63        0      
                                                               
    .\peripheral\GPIO\
       GPIO.obj                       404     30        0      
    +--+------------------------------+-------+---------+---------+
       Total:                         404     30        0      
                                                               
    .\peripheral\I2C\
       I2C.obj                        1066    29        0      
    +--+------------------------------+-------+---------+---------+
       Total:                         1066    29        0      
                                                               
    .\peripheral\Timer\
       TIMER.obj                      316     31        0      
    +--+------------------------------+-------+---------+---------+
       Total:                         316     31        0      
                                                               
    .\peripheral\UART\
       UART.obj                       548     30        0      
    +--+------------------------------+-------+---------+---------+
       Total:                         548     30        0      
                                                               
    .\slib\Console\
       Console.obj                    984     59        12     
    +--+------------------------------+-------+---------+---------+
       Total:                         984     59        12     
                                                               
    .\slib\Log\
       Log.obj                        1256    51        4      
       Logger.obj                     156     36        12     
    +--+------------------------------+-------+---------+---------+
       Total:                         1412    87        16     
                                                               
    .\slib\Params\
       Params.obj                     88      32        0      
    +--+------------------------------+-------+---------+---------+
       Total:                         88      32        0      
                                                               
    .\slib\StateSystem\
       StateSystem.obj                478     42        84     
    +--+------------------------------+-------+---------+---------+
       Total:                         478     42        84     
                                                               
    .\slib\StateSystem\Kalman\
       Kalman.obj                     664     0         0      
    +--+------------------------------+-------+---------+---------+
       Total:                         664     0         0      
                                                               
    .\slib\System\
       System.obj                     190     36        8      
    +--+------------------------------+-------+---------+---------+
       Total:                         190     36        8      
                                                               
    .\slib\Task\
       Task.obj                       518     34        128    
    +--+------------------------------+-------+---------+---------+
       Total:                         518     34        128    
                                                               
    ../driverlib.lib
       interrupt.obj                  172     112       620    
       sysctl.obj                     710     108       0      
       gpio.obj                       522     144       0      
       timer.obj                      280     160       0      
       uart.obj                       282     128       0      
       i2c.obj                        114     0         0      
       cpu.obj                        12      0         0      
    +--+------------------------------+-------+---------+---------+
       Total:                         2092    652       620    
                                                               
    D:\ProgrameFiles\CCS\ccsv8\tools\compiler\ti-cgt-arm_18.1.2.LTS\lib\rtsv7M4_T_le_v4SPD16_eabi.lib
       strtod.c.obj                   1120    200       0      
       s_atan.c.obj                   748     152       0      
       memory.c.obj                   492     0         12     
       e_atan2.c.obj                  492     0         0      
       fd_add_t2.asm.obj              438     0         0      
       fd_div_t2.asm.obj              310     0         0      
       s_scalbn.c.obj                 272     0         0      
       fd_cmp_t2.asm.obj              268     0         0      
       ctype.c.obj                    0       257       0      
       fd_mul_t2.asm.obj              252     0         0      
       dtor_list.c.obj                198     0         8      
       typeinfo.c.obj                 36      127       0      
       memcpy_t2.asm.obj              156     0         0      
       memset_t2.asm.obj              122     0         0      
       fd_tos_t2.asm.obj              110     0         0      
       copy_decompress_lzss.c.obj     104     0         0      
       autoinit.c.obj                 96      0         0      
       exit.c.obj                     76      0         12     
       u_divt2.asm.obj                64      0         0      
       boot_cortex_m.c.obj            56      0         0      
       i_tofd_t2.asm.obj              46      0         0      
       stdlib_typeinfo.cpp.obj        2       21        0      
       s_copysign.c.obj               20      0         0      
       strlen.c.obj                   20      0         0      
       atof.c.obj                     18      0         0      
       copy_zero_init.c.obj           18      0         0      
       copy_decompress_none.c.obj     14      0         0      
       errno.c.obj                    8       0         4      
       new.cpp.obj                    12      0         0      
       _lock.c.obj                    2       0         8      
       pre_init.c.obj                 4       0         0      
       div0.asm.obj                   2       0         0      
    +--+------------------------------+-------+---------+---------+
       Total:                         5576    757       44     
                                                               
       Heap:                          0       0         8      
       Stack:                         0       0         512    
       Linker Generated:              0       78        0      
    +--+------------------------------+-------+---------+---------+
       Grand Total:                   17464   2617      1552   


LINKER GENERATED COPY TABLES

__TI_cinit_table @ 00004e68 records: 3, size/record: 8, table size: 24
	.data: load addr=00004e30, load size=0000001a bytes, run addr=200005e0, run size=0000002f bytes, compression=lzss
	.bss: load addr=00004e58, load size=00000008 bytes, run addr=20000470, run size=0000016d bytes, compression=zero_init
	.vtable: load addr=00004e60, load size=00000008 bytes, run addr=20000000, run size=0000026c bytes, compression=zero_init


LINKER GENERATED HANDLER TABLE

__TI_handler_table @ 00004e4c records: 3, size/record: 4, table size: 12
	index: 0, handler: __TI_zero_init
	index: 1, handler: __TI_decompress_lzss
	index: 2, handler: __TI_decompress_none


GLOBAL SYMBOLS: SORTED ALPHABETICALLY BY Name 

address   name                                                                                                                                                    
-------   ----                                                                                                                                                    
000046a5  C$$EXIT                                                                                                                                                 
000045d9  CPUcpsie                                                                                                                                                
0000436f  GPIODirModeSet                                                                                                                                          
000031f7  GPIOPadConfigSet                                                                                                                                        
00003f39  GPIOPinConfigure                                                                                                                                        
000044f7  GPIOPinTypeGPIOInput                                                                                                                                    
00004419  GPIOPinTypeGPIOOutput                                                                                                                                   
00004509  GPIOPinTypeI2C                                                                                                                                          
0000451b  GPIOPinTypeI2CSCL                                                                                                                                       
0000452d  GPIOPinTypeUART                                                                                                                                         
00004669  GPIOPinWrite                                                                                                                                            
00004639  I2CMasterBusy                                                                                                                                           
00004681  I2CMasterControl                                                                                                                                        
00004685  I2CMasterDataGet                                                                                                                                        
00004689  I2CMasterDataPut                                                                                                                                        
000045fd  I2CMasterEnable                                                                                                                                         
00003ea1  I2CMasterInitExpClk                                                                                                                                     
00004641  I2CMasterSlaveAddrSet                                                                                                                                   
00003c69  IntEnable                                                                                                                                               
00004575  IntMasterEnable                                                                                                                                         
00004241  IntRegister                                                                                                                                             
000045f1  ResetISR                                                                                                                                                
00004e18  SHT$$INIT_ARRAY$$Base                                                                                                                                   
00004e30  SHT$$INIT_ARRAY$$Limit                                                                                                                                  
00003329  SysCtlClockGet                                                                                                                                          
00003645  SysCtlClockSet                                                                                                                                          
0000466f  SysCtlDelay                                                                                                                                             
00004275  SysCtlPeripheralEnable                                                                                                                                  
00004199  SysCtlPeripheralReady                                                                                                                                   
00003e51  SysCtlPeripheralReset                                                                                                                                   
00004675  TimerClockSourceSet                                                                                                                                     
00003d39  TimerConfigure                                                                                                                                          
00004431  TimerControlStall                                                                                                                                       
00004585  TimerEnable                                                                                                                                             
0000468d  TimerIntClear                                                                                                                                           
00004649  TimerIntEnable                                                                                                                                          
00004449  TimerIntRegister                                                                                                                                        
00004607  TimerIntStatus                                                                                                                                          
0000453f  TimerLoadSet                                                                                                                                            
00004611  UARTCharGet                                                                                                                                             
0000461b  UARTCharPut                                                                                                                                             
00004593  UARTCharsAvail                                                                                                                                          
0000467b  UARTClockSourceSet                                                                                                                                      
00003fc9  UARTConfigSetExpClk                                                                                                                                     
000043c1  UARTDisable                                                                                                                                             
000044bb  UARTEnable                                                                                                                                              
00004625  UARTFIFODisable                                                                                                                                         
00004691  UARTIntClear                                                                                                                                            
00004651  UARTIntEnable                                                                                                                                           
00004461  UARTIntRegister                                                                                                                                         
0000462f  UARTIntStatus                                                                                                                                           
0000026d  _Z13compareStringPKcS0_                                                                                                                                 
00004099  _Z23__finalize_destructionsPP20a_needed_destructionPv                                                                                                   
00004055  _Z25__add_destruction_to_listPP20a_needed_destructionPFYvPvES2_S2_                                                                                      
00004311  _Z5atan2IisENSt3__216__lazy_enable_ifIXaasr3std3__213is_arithmeticIT_EE5valuesr3std3__213is_arithmeticIT0_EE5valueENS0_9__promoteIS2_S3_vEEE4typeES2_S3_
000042a9  _Z5atan2IssENSt3__216__lazy_enable_ifIXaasr3std3__213is_arithmeticIT_EE5valuesr3std3__213is_arithmeticIT0_EE5valueENS0_9__promoteIS2_S3_vEEE4typeES2_S3_
000045a1  _ZN10__cxxabiv117__class_type_infoD0Ev                                                                                                                  
00004695  _ZN10__cxxabiv117__class_type_infoD1Ev                                                                                                                  
00004695  _ZN10__cxxabiv117__class_type_infoD2Ev                                                                                                                  
000045af  _ZN10__cxxabiv120__si_class_type_infoD0Ev                                                                                                               
00004699  _ZN10__cxxabiv120__si_class_type_infoD1Ev                                                                                                               
00004699  _ZN10__cxxabiv120__si_class_type_infoD2Ev                                                                                                               
00002cfd  _ZN11StateSystem15stateUpdateTaskEv                                                                                                                     
20000600  _ZN11StateSystem4rollE                                                                                                                                  
20000574  _ZN11StateSystem5gy521E                                                                                                                                 
200005b4  _ZN11StateSystem5portFE                                                                                                                                 
2000054c  _ZN11StateSystem6kalmanE                                                                                                                                
200005cc  _ZN11StateSystem6paramsE                                                                                                                                
00002ced  _ZN11StateSystem7getRollEv                                                                                                                              
00002c59  _ZN11StateSystemC1EP6Params                                                                                                                             
00002c59  _ZN11StateSystemC2EP6Params                                                                                                                             
00002cd9  _ZN11StateSystemD0Ev                                                                                                                                    
00002ccd  _ZN11StateSystemD1Ev                                                                                                                                    
00002ccd  _ZN11StateSystemD2Ev                                                                                                                                    
0000156b  _ZN3I2C10WriteBurstEhhPhh                                                                                                                               
00001621  _ZN3I2C4ReadEhhPh                                                                                                                                       
00001541  _ZN3I2C5WriteEhhh                                                                                                                                       
000016fd  _ZN3I2C9ReadBurstEhhPhh                                                                                                                                 
000013cb  _ZN3I2CC1Ehh                                                                                                                                            
000013b9  _ZN3I2CC1Ev                                                                                                                                             
000013cb  _ZN3I2CC2Ehh                                                                                                                                            
000013b9  _ZN3I2CC2Ev                                                                                                                                             
0000152d  _ZN3I2CD0Ev                                                                                                                                             
00001521  _ZN3I2CD1Ev                                                                                                                                             
00001521  _ZN3I2CD2Ev                                                                                                                                             
00004479  _ZN3I2CaSERKS_                                                                                                                                          
00000aeb  _ZN3Log10logWarningEPKcz                                                                                                                                
00000aa3  _ZN3Log4initEP6Logger                                                                                                                                   
00000b5b  _ZN3Log6logStrEPKc                                                                                                                                      
200005d0  _ZN3Log6loggerE                                                                                                                                         
00000ba3  _ZN3Log7logDoneEPKcz                                                                                                                                    
00000ab3  _ZN3Log7logInfoEPKcz                                                                                                                                    
00000b6b  _ZN3Log8logDoingEPKcz                                                                                                                                   
00000b23  _ZN3Log8logErrorEPKcz                                                                                                                                   
00000c21  _ZN3Log8vprintf2EPKc11__va_list_t                                                                                                                       
00000a71  _ZN3LogC1Ev                                                                                                                                             
00000a71  _ZN3LogC2Ev                                                                                                                                             
00000a8f  _ZN3LogD0Ev                                                                                                                                             
00000a83  _ZN3LogD1Ev                                                                                                                                             
00000a83  _ZN3LogD2Ev                                                                                                                                             
00002f01  _ZN4GPIO4modeEhh                                                                                                                                        
00002ec1  _ZN4GPIO5writeEhh                                                                                                                                       
00002e03  _ZN4GPIOC1Eh                                                                                                                                            
00002df1  _ZN4GPIOC1Ev                                                                                                                                            
00002e03  _ZN4GPIOC2Eh                                                                                                                                            
00002df1  _ZN4GPIOC2Ev                                                                                                                                            
00002ead  _ZN4GPIOD0Ev                                                                                                                                            
00002ea1  _ZN4GPIOD1Ev                                                                                                                                            
00002ea1  _ZN4GPIOD2Ev                                                                                                                                            
0000448f  _ZN4GPIOaSERKS_                                                                                                                                         
200005bc  _ZN4Task10task_timerE                                                                                                                                   
00002729  _ZN4Task13registerEventEPFvvEm                                                                                                                          
000027a9  _ZN4Task15unregisterEventEh                                                                                                                             
000026f7  _ZN4Task4initEv                                                                                                                                         
000027ed  _ZN4Task8timerISREv                                                                                                                                     
000026c5  _ZN4TaskC1Ev                                                                                                                                            
000026c5  _ZN4TaskC2Ev                                                                                                                                            
000026e3  _ZN4TaskD0Ev                                                                                                                                            
000026d7  _ZN4TaskD1Ev                                                                                                                                            
000026d7  _ZN4TaskD2Ev                                                                                                                                            
000025d9  _ZN4UART4sendEPKc                                                                                                                                       
0000262d  _ZN4UART4sendEPKch                                                                                                                                      
00002667  _ZN4UART5reicvEPhh                                                                                                                                      
000024b3  _ZN4UARTC1Ehj                                                                                                                                           
000024a1  _ZN4UARTC1Ev                                                                                                                                            
000024b3  _ZN4UARTC2Ehj                                                                                                                                           
000024a1  _ZN4UARTC2Ev                                                                                                                                            
000025c5  _ZN4UARTD0Ev                                                                                                                                            
000025b9  _ZN4UARTD1Ev                                                                                                                                            
000025b9  _ZN4UARTD2Ev                                                                                                                                            
000043e1  _ZN4UARTaSERKS_                                                                                                                                         
00001ea9  _ZN5GY52110updateGyroEv                                                                                                                                 
00001e57  _ZN5GY52111updateAccelEv                                                                                                                                
00001d75  _ZN5GY5217getGyroEPf                                                                                                                                    
00001e27  _ZN5GY5217getRollEv                                                                                                                                     
00001cf5  _ZN5GY5218getAccelEPf                                                                                                                                   
00001df5  _ZN5GY5218getPitchEv                                                                                                                                    
00001bd3  _ZN5GY521C1Ehhh                                                                                                                                         
00001bbd  _ZN5GY521C1Ev                                                                                                                                           
00001bd3  _ZN5GY521C2Ehhh                                                                                                                                         
00001bbd  _ZN5GY521C2Ev                                                                                                                                           
00001ce1  _ZN5GY521D0Ev                                                                                                                                           
00001cd1  _ZN5GY521D1Ev                                                                                                                                           
00001cd1  _ZN5GY521D2Ev                                                                                                                                           
0000400f  _ZN5GY521aSERKS_                                                                                                                                        
00002f97  _ZN5TIMERC1Eht                                                                                                                                          
00002f85  _ZN5TIMERC1Ev                                                                                                                                           
00002f97  _ZN5TIMERC2Eht                                                                                                                                          
00002f85  _ZN5TIMERC2Ev                                                                                                                                           
00003073  _ZN5TIMERD0Ev                                                                                                                                           
00003067  _ZN5TIMERD1Ev                                                                                                                                           
00003067  _ZN5TIMERD2Ev                                                                                                                                           
000044a5  _ZN5TIMERaSERKS_                                                                                                                                        
0000247f  _ZN6Kalman11getRmeasureEv                                                                                                                               
0000244b  _ZN6Kalman11setRmeasureEf                                                                                                                               
00002413  _ZN6Kalman7getRateEv                                                                                                                                    
0000224b  _ZN6Kalman8getAngleEfff                                                                                                                                 
0000246f  _ZN6Kalman8getQbiasEv                                                                                                                                   
000023ff  _ZN6Kalman8setAngleEf                                                                                                                                   
00002437  _ZN6Kalman8setQbiasEf                                                                                                                                   
0000245f  _ZN6Kalman9getQangleEv                                                                                                                                  
00002423  _ZN6Kalman9setQangleEf                                                                                                                                  
00002209  _ZN6KalmanC1Ev                                                                                                                                          
00002209  _ZN6KalmanC2Ev                                                                                                                                          
20000590  _ZN6Logger4uartE                                                                                                                                        
0000390f  _ZN6Logger5writeEPKc                                                                                                                                    
0000391f  _ZN6Logger5writeEPKch                                                                                                                                   
000038c1  _ZN6LoggerC1Ev                                                                                                                                          
000038c1  _ZN6LoggerC2Ev                                                                                                                                          
000038fb  _ZN6LoggerD0Ev                                                                                                                                          
000038ef  _ZN6LoggerD1Ev                                                                                                                                          
000038ef  _ZN6LoggerD2Ev                                                                                                                                          
000045bd  _ZN6LoggeraSERKS_                                                                                                                                       
00003df9  _ZN6ParamsC1Ev                                                                                                                                          
00003df9  _ZN6ParamsC2Ev                                                                                                                                          
00003e2f  _ZN6ParamsD0Ev                                                                                                                                          
00003e23  _ZN6ParamsD1Ev                                                                                                                                          
00003e23  _ZN6ParamsD2Ev                                                                                                                                          
00003843  _ZN6System4initEv                                                                                                                                       
200005c4  _ZN6System4taskE                                                                                                                                        
200005c8  _ZN6System6loggerE                                                                                                                                      
0000386f  _ZN6System7delayMsEj                                                                                                                                    
00003811  _ZN6SystemC1Ev                                                                                                                                          
00003811  _ZN6SystemC2Ev                                                                                                                                          
0000382f  _ZN6SystemD0Ev                                                                                                                                          
00003823  _ZN6SystemD1Ev                                                                                                                                          
00003823  _ZN6SystemD2Ev                                                                                                                                          
00001875  _ZN7Console11UARTvprintfEPKc11__va_list_t                                                                                                               
00001835  _ZN7Console4getsEPhh                                                                                                                                    
00001817  _ZN7Console4initEv                                                                                                                                      
2000059c  _ZN7Console4uartE                                                                                                                                       
0000184b  _ZN7Console6printfEPKcz                                                                                                                                 
000017e5  _ZN7ConsoleC1Ev                                                                                                                                         
000017e5  _ZN7ConsoleC2Ev                                                                                                                                         
00001803  _ZN7ConsoleD0Ev                                                                                                                                         
000017f7  _ZN7ConsoleD1Ev                                                                                                                                         
000017f7  _ZN7ConsoleD2Ev                                                                                                                                         
000004e9  _ZN7ESP826610paramParseEv                                                                                                                               
000007ed  _ZN7ESP826611getKeyValueEPcS0_                                                                                                                          
00000791  _ZN7ESP826611startServerEv                                                                                                                              
200005dc  _ZN7ESP826613esp8266StatusE                                                                                                                             
00000365  _ZN7ESP826614UARTIntHandlerEv                                                                                                                           
00000713  _ZN7ESP826617readFullParamListEv                                                                                                                        
200004e8  _ZN7ESP82663bufE                                                                                                                                        
200005a8  _ZN7ESP82664uartE                                                                                                                                       
200005d4  _ZN7ESP82665paramE                                                                                                                                      
000005c9  _ZN7ESP82665resetEv                                                                                                                                     
00000691  _ZN7ESP82667connectEv                                                                                                                                   
2000060e  _ZN7ESP82668bufIndexE                                                                                                                                   
000002bf  _ZN7ESP8266C1EP6Params                                                                                                                                  
000002bf  _ZN7ESP8266C2EP6Params                                                                                                                                  
00000351  _ZN7ESP8266D0Ev                                                                                                                                         
00000345  _ZN7ESP8266D1Ev                                                                                                                                         
00000345  _ZN7ESP8266D2Ev                                                                                                                                         
000017e3  _ZNSt9type_infoD1Ev                                                                                                                                     
000017e3  _ZNSt9type_infoD2Ev                                                                                                                                     
000046a5  _ZSt17__throw_bad_allocv                                                                                                                                
00004d64  _ZTI11StateSystem                                                                                                                                       
00004d6c  _ZTI3I2C                                                                                                                                                
00004d74  _ZTI3Log                                                                                                                                                
00004d7c  _ZTI4GPIO                                                                                                                                               
00004d84  _ZTI4Task                                                                                                                                               
00004d8c  _ZTI4UART                                                                                                                                               
00004d94  _ZTI5GY521                                                                                                                                              
00004d9c  _ZTI5TIMER                                                                                                                                              
00004da4  _ZTI6Logger                                                                                                                                             
00004dac  _ZTI6Params                                                                                                                                             
00004db4  _ZTI6System                                                                                                                                             
00004dbc  _ZTI7Console                                                                                                                                            
00004dc4  _ZTI7ESP8266                                                                                                                                            
00004d38  _ZTIN10__cxxabiv117__class_type_infoE                                                                                                                   
00004d44  _ZTIN10__cxxabiv120__si_class_type_infoE                                                                                                                
00004dcc  _ZTISt9type_info                                                                                                                                        
00004d1c  _ZTS11StateSystem                                                                                                                                       
00004e05  _ZTS3I2C                                                                                                                                                
00004e0a  _ZTS3Log                                                                                                                                                
00004df3  _ZTS4GPIO                                                                                                                                               
00004df9  _ZTS4Task                                                                                                                                               
00004dff  _ZTS4UART                                                                                                                                               
000047a9  _ZTS5GY521                                                                                                                                              
00004dec  _ZTS5TIMER                                                                                                                                              
00004dd4  _ZTS6Logger                                                                                                                                             
00004ddc  _ZTS6Params                                                                                                                                             
00004de4  _ZTS6System                                                                                                                                             
00004d50  _ZTS7Console                                                                                                                                            
00004d59  _ZTS7ESP8266                                                                                                                                            
00004bc1  _ZTSN10__cxxabiv117__class_type_infoE                                                                                                                   
00004b9c  _ZTSN10__cxxabiv120__si_class_type_infoE                                                                                                                
00004d2a  _ZTSSt9type_info                                                                                                                                        
00004c2c  _ZTV11StateSystem                                                                                                                                       
00004c3c  _ZTV3I2C                                                                                                                                                
00004c4c  _ZTV3Log                                                                                                                                                
00004c5c  _ZTV4GPIO                                                                                                                                               
00004c6c  _ZTV4Task                                                                                                                                               
00004c7c  _ZTV4UART                                                                                                                                               
00004c8c  _ZTV5GY521                                                                                                                                              
00004c9c  _ZTV5TIMER                                                                                                                                              
00004cac  _ZTV6Logger                                                                                                                                             
00004cbc  _ZTV6Params                                                                                                                                             
00004ccc  _ZTV6System                                                                                                                                             
00004cdc  _ZTV7Console                                                                                                                                            
00004cec  _ZTV7ESP8266                                                                                                                                            
00004cfc  _ZTVN10__cxxabiv117__class_type_infoE                                                                                                                   
00004d0c  _ZTVN10__cxxabiv120__si_class_type_infoE                                                                                                                
00004659  _ZdlPv                                                                                                                                                  
0000469d  _ZdlPvj                                                                                                                                                 
20000470  __STACK_END                                                                                                                                             
00000200  __STACK_SIZE                                                                                                                                            
20000470  __STACK_TOP                                                                                                                                             
00000008  __SYSMEM_SIZE                                                                                                                                           
00004e68  __TI_CINIT_Base                                                                                                                                         
00004e80  __TI_CINIT_Limit                                                                                                                                        
00004e4c  __TI_Handler_Table_Base                                                                                                                                 
00004e58  __TI_Handler_Table_Limit                                                                                                                                
00003d99  __TI_auto_init_nobinit                                                                                                                                  
200005e0  __TI_cleanup_ptr                                                                                                                                        
00003cd1  __TI_decompress_lzss                                                                                                                                    
000045cb  __TI_decompress_none                                                                                                                                    
200005e4  __TI_dtors_ptr                                                                                                                                          
200005e8  __TI_enable_exit_profile_output                                                                                                                         
ffffffff  __TI_pprof_out_hndl                                                                                                                                     
ffffffff  __TI_prof_data_size                                                                                                                                     
ffffffff  __TI_prof_data_start                                                                                                                                    
00000000  __TI_static_base__                                                                                                                                      
00004563  __TI_zero_init_nomemset                                                                                                                                 
000042dd  __aeabi_atexit                                                                                                                                          
000039f9  __aeabi_cdcmpeq                                                                                                                                         
000039f9  __aeabi_cdcmple                                                                                                                                         
00003a7f  __aeabi_cdrcmple                                                                                                                                        
00003bf9  __aeabi_d2f                                                                                                                                             
00002aab  __aeabi_dadd                                                                                                                                            
000030c1  __aeabi_ddiv                                                                                                                                            
00003549  __aeabi_dmul                                                                                                                                            
00002aa1  __aeabi_dsub                                                                                                                                            
[...]
000045fd  I2CMasterEnable                                                                                                                                         
00004607  TimerIntStatus                                                                                                                                          
00004611  UARTCharGet                                                                                                                                             
0000461b  UARTCharPut                                                                                                                                             
00004625  UARTFIFODisable                                                                                                                                         
0000462f  UARTIntStatus                                                                                                                                           
00004639  I2CMasterBusy                                                                                                                                           
00004641  I2CMasterSlaveAddrSet                                                                                                                                   
00004649  TimerIntEnable                                                                                                                                          
00004651  UARTIntEnable                                                                                                                                           
00004659  _ZdlPv                                                                                                                                                  
00004661  __aeabi_errno_addr                                                                                                                                      
00004669  GPIOPinWrite                                                                                                                                            
0000466f  SysCtlDelay                                                                                                                                             
00004675  TimerClockSourceSet                                                                                                                                     
0000467b  UARTClockSourceSet                                                                                                                                      
00004681  I2CMasterControl                                                                                                                                        
00004685  I2CMasterDataGet                                                                                                                                        
00004689  I2CMasterDataPut                                                                                                                                        
0000468d  TimerIntClear                                                                                                                                           
00004691  UARTIntClear                                                                                                                                            
00004695  _ZN10__cxxabiv117__class_type_infoD1Ev                                                                                                                  
00004695  _ZN10__cxxabiv117__class_type_infoD2Ev                                                                                                                  
00004699  _ZN10__cxxabiv120__si_class_type_infoD1Ev                                                                                                               
00004699  _ZN10__cxxabiv120__si_class_type_infoD2Ev                                                                                                               
0000469d  _ZdlPvj                                                                                                                                                 
000046a1  _system_pre_init                                                                                                                                        
000046a5  C$$EXIT                                                                                                                                                 
000046a5  _ZSt17__throw_bad_allocv                                                                                                                                
000046a5  abort                                                                                                                                                   
000046a8  _ctypes_                                                                                                                                                
000047a9  _ZTS5GY521                                                                                                                                              
00004b9c  _ZTSN10__cxxabiv120__si_class_type_infoE                                                                                                                
00004bc1  _ZTSN10__cxxabiv117__class_type_infoE                                                                                                                   
00004c2c  _ZTV11StateSystem                                                                                                                                       
00004c3c  _ZTV3I2C                                                                                                                                                
00004c4c  _ZTV3Log                                                                                                                                                
00004c5c  _ZTV4GPIO                                                                                                                                               
00004c6c  _ZTV4Task                                                                                                                                               
00004c7c  _ZTV4UART                                                                                                                                               
00004c8c  _ZTV5GY521                                                                                                                                              
00004c9c  _ZTV5TIMER                                                                                                                                              
00004cac  _ZTV6Logger                                                                                                                                             
00004cbc  _ZTV6Params                                                                                                                                             
00004ccc  _ZTV6System                                                                                                                                             
00004cdc  _ZTV7Console                                                                                                                                            
00004cec  _ZTV7ESP8266                                                                                                                                            
00004cfc  _ZTVN10__cxxabiv117__class_type_infoE                                                                                                                   
00004d0c  _ZTVN10__cxxabiv120__si_class_type_infoE                                                                                                                
00004d1c  _ZTS11StateSystem                                                                                                                                       
00004d2a  _ZTSSt9type_info                                                                                                                                        
00004d38  _ZTIN10__cxxabiv117__class_type_infoE                                                                                                                   
00004d44  _ZTIN10__cxxabiv120__si_class_type_infoE                                                                                                                
00004d50  _ZTS7Console                                                                                                                                            
00004d59  _ZTS7ESP8266                                                                                                                                            
00004d64  _ZTI11StateSystem                                                                                                                                       
00004d6c  _ZTI3I2C                                                                                                                                                
00004d74  _ZTI3Log                                                                                                                                                
00004d7c  _ZTI4GPIO                                                                                                                                               
00004d84  _ZTI4Task                                                                                                                                               
00004d8c  _ZTI4UART                                                                                                                                               
00004d94  _ZTI5GY521                                                                                                                                              
00004d9c  _ZTI5TIMER                                                                                                                                              
00004da4  _ZTI6Logger                                                                                                                                             
00004dac  _ZTI6Params                                                                                                                                             
00004db4  _ZTI6System                                                                                                                                             
00004dbc  _ZTI7Console                                                                                                                                            
00004dc4  _ZTI7ESP8266                                                                                                                                            
00004dcc  _ZTISt9type_info                                                                                                                                        
00004dd4  _ZTS6Logger                                                                                                                                             
00004ddc  _ZTS6Params                                                                                                                                             
00004de4  _ZTS6System                                                                                                                                             
00004dec  _ZTS5TIMER                                                                                                                                              
00004df3  _ZTS4GPIO                                                                                                                                               
00004df9  _ZTS4Task                                                                                                                                               
00004dff  _ZTS4UART                                                                                                                                               
00004e05  _ZTS3I2C                                                                                                                                                
00004e0a  _ZTS3Log                                                                                                                                                
00004e18  SHT$$INIT_ARRAY$$Base                                                                                                                                   
00004e30  SHT$$INIT_ARRAY$$Limit                                                                                                                                  
00004e4c  __TI_Handler_Table_Base                                                                                                                                 
00004e58  __TI_Handler_Table_Limit                                                                                                                                
00004e68  __TI_CINIT_Base                                                                                                                                         
00004e80  __TI_CINIT_Limit                                                                                                                                        
20000000  g_pfnRAMVectors                                                                                                                                         
20000270  __stack                                                                                                                                                 
20000470  __STACK_END                                                                                                                                             
20000470  __STACK_TOP                                                                                                                                             
200004e8  _ZN7ESP82663bufE                                                                                                                                        
2000054c  _ZN11StateSystem6kalmanE                                                                                                                                
20000574  _ZN11StateSystem5gy521E                                                                                                                                 
20000590  _ZN6Logger4uartE                                                                                                                                        
2000059c  _ZN7Console4uartE                                                                                                                                       
200005a8  _ZN7ESP82664uartE                                                                                                                                       
200005b4  _ZN11StateSystem5portFE                                                                                                                                 
200005bc  _ZN4Task10task_timerE                                                                                                                                   
200005c4  _ZN6System4taskE                                                                                                                                        
200005c8  _ZN6System6loggerE                                                                                                                                      
200005cc  _ZN11StateSystem6paramsE                                                                                                                                
200005d0  _ZN3Log6loggerE                                                                                                                                         
200005d4  _ZN7ESP82665paramE                                                                                                                                      
200005d8  __dso_handle                                                                                                                                            
200005dc  _ZN7ESP826613esp8266StatusE                                                                                                                             
200005e0  __TI_cleanup_ptr                                                                                                                                        
200005e4  __TI_dtors_ptr                                                                                                                                          
200005e8  __TI_enable_exit_profile_output                                                                                                                         
200005f8  _lock                                                                                                                                                   
200005fc  _unlock                                                                                                                                                 
20000600  _ZN11StateSystem4rollE                                                                                                                                  
20000608  errno                                                                                                                                                   
2000060c  count                                                                                                                                                   
2000060d  discardIndex                                                                                                                                            
2000060e  _ZN7ESP82668bufIndexE                                                                                                                                   
20000610  _sys_memory                                                                                                                                             
ffffffff  __TI_pprof_out_hndl                                                                                                                                     
ffffffff  __TI_prof_data_size                                                                                                                                     
ffffffff  __TI_prof_data_start                                                                                                                                    
ffffffff  __binit__                                                                                                                                               
ffffffff  __c_args__                                                                                                                                              
ffffffff  binit                                                                                                                                                   
UNDEFED   __mpu_init                                                                                                                                              
UNDEFED   _system_post_cinit                                                                                                                                      

[357 symbols]
