******************************************************************************
                  TI ARM Linker PC v18.1.2                     
******************************************************************************
>> Linked Thu Jul 19 19:47:57 2018

OUTPUT FILE NAME:   <2WheelsRobot.out>
ENTRY POINT SYMBOL: "_c_int00_noargs"  address: 00003dc9


MEMORY CONFIGURATION

         name            origin    length      used     unused   attr    fill
----------------------  --------  ---------  --------  --------  ----  --------
  FLASH                 00000000   00040000  00004a88  0003b578  R  X
  SRAM                  20000000   00008000  0000056c  00007a94  RW X


SEGMENT ALLOCATION MAP

run origin  load origin   length   init length attrs members
----------  ----------- ---------- ----------- ----- -------
00000000    00000000    00004a90   00004a90    r-x
  00000000    00000000    0000026c   0000026c    r-- .intvecs
  0000026c    0000026c    00004060   00004060    r-x .text
  000042d0    000042d0    00000758   00000758    r-- .const
  00004a28    00004a28    00000014   00000014    r-- .init_array
  00004a40    00004a40    00000050   00000050    r-- .cinit
20000000    20000000    00000578   00000000    rw-
  20000000    20000000    0000026c   00000000    rw- .vtable
  20000270    20000270    00000200   00000000    rw- .stack
  20000470    20000470    000000c9   00000000    rw- .bss
  2000053c    2000053c    0000002f   00000000    rw- .data
  20000570    20000570    00000008   00000000    rw- .sysmem


SECTION ALLOCATION MAP

 output                                  attributes/
section   page    origin      length       input sections
--------  ----  ----------  ----------   ----------------
.intvecs   0    00000000    0000026c     
                  00000000    0000026c     tm4c123gh6pm_startup_ccs.obj (.intvecs)

.text      0    0000026c    00004060     
                  0000026c    00000818     ESP8266.obj (.text)
                  00000a84    000004e8     Log.obj (.text)
                  00000f6c    00000460     rtsv7M4_T_le_v4SPD16_eabi.lib : strtod.c.obj (.text:strtod)
                  000013cc    0000042a     I2C.obj (.text)
                  000017f6    00000002     rtsv7M4_T_le_v4SPD16_eabi.lib : stdlib_typeinfo.cpp.obj (.text:_ZNSt9type_infoD1Ev)
                  000017f8    000003d8     Console.obj (.text)
                  00001bd0    00000360     GY521.obj (.text)
                  00001f30    000002ec     rtsv7M4_T_le_v4SPD16_eabi.lib : s_atan.c.obj (.text:atan)
                  0000221c    0000022c     StateSystem.obj (.text)
                  00002448    00000224     UART.obj (.text)
                  0000266c    000001ec     rtsv7M4_T_le_v4SPD16_eabi.lib : e_atan2.c.obj (.text:atan2)
                  00002858    000001b6                                   : fd_add_t2.asm.obj (.text)
                  00002a0e    00000002                                   : _lock.c.obj (.text:_nop)
                  00002a10    00000194     GPIO.obj (.text)
                  00002ba4    0000013c     TIMER.obj (.text)
                  00002ce0    00000136     rtsv7M4_T_le_v4SPD16_eabi.lib : fd_div_t2.asm.obj (.text)
                  00002e16    00000132     driverlib.lib : gpio.obj (.text:GPIOPadConfigSet)
                  00002f48    00000110                   : sysctl.obj (.text:SysCtlClockGet)
                  00003058    00000110     rtsv7M4_T_le_v4SPD16_eabi.lib : s_scalbn.c.obj (.text:scalbn)
                  00003168    000000fc                                   : fd_mul_t2.asm.obj (.text)
                  00003264    000000f4     driverlib.lib : sysctl.obj (.text:SysCtlClockSet)
                  00003358    000000d8     rtsv7M4_T_le_v4SPD16_eabi.lib : memory.c.obj (.text:free)
                  00003430    0000009c     Logger.obj (.text)
                  000034cc    0000009c     rtsv7M4_T_le_v4SPD16_eabi.lib : memcpy_t2.asm.obj (.text)
                  00003568    00000094     System.obj (.text)
                  000035fc    00000086     rtsv7M4_T_le_v4SPD16_eabi.lib : fd_cmp_t2.asm.obj (.text:__aeabi_cdcmple)
                  00003682    00000086                                   : fd_cmp_t2.asm.obj (.text:__aeabi_cdrcmple)
                  00003708    0000007a                                   : memset_t2.asm.obj (.text)
                  00003782    00000002                                   : div0.asm.obj (.text)
                  00003784    00000078                                   : memory.c.obj (.text:malloc)
                  000037fc    0000006e                                   : fd_tos_t2.asm.obj (.text)
                  0000386a    00000002     --HOLE-- [fill = 0]
                  0000386c    00000068     driverlib.lib : interrupt.obj (.text:IntEnable)
                  000038d4    00000068     rtsv7M4_T_le_v4SPD16_eabi.lib : copy_decompress_lzss.c.obj (.text:decompress:lzss:__TI_decompress_lzss)
                  0000393c    00000060     driverlib.lib : timer.obj (.text:TimerConfigure)
                  0000399c    00000060     rtsv7M4_T_le_v4SPD16_eabi.lib : autoinit.c.obj (.text:__TI_auto_init_nobinit:__TI_auto_init_nobinit)
                  000039fc    00000050     driverlib.lib : sysctl.obj (.text:SysCtlPeripheralReset)
                  00003a4c    0000004c                   : i2c.obj (.text:I2CMasterInitExpClk)
                  00003a98    0000004c     PARAMETER.obj (.text)
                  00003ae4    0000004c     driverlib.lib : timer.obj (.text:_TimerIntNumberGet)
                  00003b30    00000048                   : gpio.obj (.text:GPIOPinConfigure)
                  00003b78    00000048     rtsv7M4_T_le_v4SPD16_eabi.lib : exit.c.obj (.text:exit)
                  00003bc0    00000046     driverlib.lib : uart.obj (.text:UARTConfigSetExpClk)
                  00003c06    00000046     StateSystem.obj (.text:_ZN5GY521aSERKS_)
                  00003c4c    00000044     rtsv7M4_T_le_v4SPD16_eabi.lib : dtor_list.c.obj (.text:_Z25__add_destruction_to_listPP20a_needed_destructionPFYvPvES2_S2_)
                  00003c90    00000042                                   : dtor_list.c.obj (.text:_Z23__finalize_destructionsPP20a_needed_destructionPv)
                  00003cd2    00000002     --HOLE-- [fill = 0]
                  00003cd4    00000040     driverlib.lib : uart.obj (.text:_UARTIntNumberGet)
                  00003d14    00000040     rtsv7M4_T_le_v4SPD16_eabi.lib : u_divt2.asm.obj (.text)
                  00003d54    0000003c                                   : memory.c.obj (.text:minsert)
                  00003d90    00000038     driverlib.lib : sysctl.obj (.text:SysCtlPeripheralReady)
                  00003dc8    00000038     rtsv7M4_T_le_v4SPD16_eabi.lib : boot_cortex_m.c.obj (.text:_c_int00_noargs:_c_int00_noargs)
                  00003e00    00000038                                   : memory.c.obj (.text:minit)
                  00003e38    00000038                                   : fs_tod_t2.asm.obj (.text)
                  00003e70    00000034     driverlib.lib : interrupt.obj (.text:IntRegister)
                  00003ea4    00000034                   : sysctl.obj (.text:SysCtlPeripheralEnable)
                  00003ed8    00000034     GY521.obj (.text:_Z5atan2IssENSt3__216__lazy_enable_ifIXaasr3std3__213is_arithmeticIT_EE5valuesr3std3__213is_arithmeticIT0_EE5valueENS0_9__promoteIS2_S3_vEEE4typeES2_S3_)
                  00003f0c    00000034     rtsv7M4_T_le_v4SPD16_eabi.lib : dtor_list.c.obj (.text:__aeabi_atexit)
                  00003f40    00000030     GY521.obj (.text:_Z5atan2IisENSt3__216__lazy_enable_ifIXaasr3std3__213is_arithmeticIT_EE5valuesr3std3__213is_arithmeticIT0_EE5valueENS0_9__promoteIS2_S3_vEEE4typeES2_S3_)
                  00003f70    0000002e     rtsv7M4_T_le_v4SPD16_eabi.lib : i_tofd_t2.asm.obj (.text)
                  00003f9e    0000002a     driverlib.lib : gpio.obj (.text:GPIODirModeSet)
                  00003fc8    00000028     rtsv7M4_T_le_v4SPD16_eabi.lib : memory.c.obj (.text:mremove)
                  00003ff0    00000020     driverlib.lib : uart.obj (.text:UARTDisable)
                  00004010    0000001e     ESP8266.obj (.text:_ZN4UARTaSERKS_)
                  0000402e    00000018     driverlib.lib : gpio.obj (.text:GPIOPinTypeGPIOOutput)
                  00004046    00000018                   : timer.obj (.text:TimerControlStall)
                  0000405e    00000018                   : timer.obj (.text:TimerIntRegister)
                  00004076    00000018                   : uart.obj (.text:UARTIntRegister)
                  0000408e    00000016     GY521.obj (.text:_ZN3I2CaSERKS_)
                  000040a4    00000016     DRV8412.obj (.text:_ZN4GPIOaSERKS_)
                  000040ba    00000016     StateSystem.obj (.text:_ZN5TIMERaSERKS_)
                  000040d0    00000014     driverlib.lib : uart.obj (.text:UARTEnable)
                  000040e4    00000014     rtsv7M4_T_le_v4SPD16_eabi.lib : s_copysign.c.obj (.text:copysign)
                  000040f8    00000014                                   : strlen.c.obj (.text:strlen)
                  0000410c    00000012     driverlib.lib : gpio.obj (.text:GPIOPinTypeGPIOInput)
                  0000411e    00000012                   : gpio.obj (.text:GPIOPinTypeI2C)
                  00004130    00000012                   : gpio.obj (.text:GPIOPinTypeI2CSCL)
                  00004142    00000012                   : gpio.obj (.text:GPIOPinTypeUART)
                  00004154    00000012                   : timer.obj (.text:TimerLoadSet)
                  00004166    00000012     rtsv7M4_T_le_v4SPD16_eabi.lib : atof.c.obj (.text:atof)
                  00004178    00000012                                   : copy_zero_init.c.obj (.text:decompress:ZI:__TI_zero_init_nomemset:__TI_zero_init_nomemset)
                  0000418a    00000010     driverlib.lib : interrupt.obj (.text:IntMasterEnable)
                  0000419a    0000000e                   : timer.obj (.text:TimerEnable)
                  000041a8    0000000e                   : uart.obj (.text:UARTCharsAvail)
                  000041b6    0000000e     rtsv7M4_T_le_v4SPD16_eabi.lib : typeinfo.c.obj (.text:_ZN10__cxxabiv117__class_type_infoD0Ev)
                  000041c4    0000000e                                   : typeinfo.c.obj (.text:_ZN10__cxxabiv120__si_class_type_infoD0Ev)
                  000041d2    0000000e     System.obj (.text:_ZN6LoggeraSERKS_)
                  000041e0    0000000e     rtsv7M4_T_le_v4SPD16_eabi.lib : copy_decompress_none.c.obj (.text:decompress:none:__TI_decompress_none)
                  000041ee    0000000e     main.obj (.text)
                  000041fc    0000000c     driverlib.lib : cpu.obj (.text:CPUcpsie)
                  00004208    0000000c     rtsv7M4_T_le_v4SPD16_eabi.lib : dtor_list.c.obj (.text:__cxa_ia64_exit)
                  00004214    0000000c     tm4c123gh6pm_startup_ccs.obj (.text)
                  00004220    0000000a     driverlib.lib : i2c.obj (.text:I2CMasterEnable)
                  0000422a    0000000a                   : timer.obj (.text:TimerIntStatus)
                  00004234    0000000a                   : uart.obj (.text:UARTCharGet)
                  0000423e    0000000a                   : uart.obj (.text:UARTCharPut)
                  00004248    0000000a                   : uart.obj (.text:UARTFIFODisable)
                  00004252    0000000a                   : uart.obj (.text:UARTIntStatus)
                  0000425c    00000008                   : i2c.obj (.text:I2CMasterBusy)
                  00004264    00000008                   : i2c.obj (.text:I2CMasterSlaveAddrSet)
                  0000426c    00000008                   : timer.obj (.text:TimerIntEnable)
                  00004274    00000008                   : uart.obj (.text:UARTIntEnable)
                  0000427c    00000008     rtsv7M4_T_le_v4SPD16_eabi.lib : new.cpp.obj (.text:_ZdlPv)
                  00004284    00000008                                   : errno.c.obj (.text:__aeabi_errno_addr)
                  0000428c    00000006     driverlib.lib : gpio.obj (.text:GPIOPinWrite)
                  00004292    00000006                   : sysctl.obj (.text:SysCtlDelay)
                  00004298    00000006                   : timer.obj (.text:TimerClockSourceSet)
                  0000429e    00000006                   : uart.obj (.text:UARTClockSourceSet)
                  000042a4    00000004                   : i2c.obj (.text:I2CMasterControl)
                  000042a8    00000004                   : i2c.obj (.text:I2CMasterDataGet)
                  000042ac    00000004                   : i2c.obj (.text:I2CMasterDataPut)
                  000042b0    00000004                   : timer.obj (.text:TimerIntClear)
                  000042b4    00000004                   : uart.obj (.text:UARTIntClear)
                  000042b8    00000004     rtsv7M4_T_le_v4SPD16_eabi.lib : typeinfo.c.obj (.text:_ZN10__cxxabiv117__class_type_infoD1Ev)
                  000042bc    00000004                                   : typeinfo.c.obj (.text:_ZN10__cxxabiv120__si_class_type_infoD1Ev)
                  000042c0    00000004                                   : new.cpp.obj (.text:_ZdlPvj)
                  000042c4    00000004                                   : pre_init.c.obj (.text:_system_pre_init)
                  000042c8    00000004                                   : exit.c.obj (.text:abort:abort)

.const     0    000042d0    00000758     
                  000042d0    00000101     rtsv7M4_T_le_v4SPD16_eabi.lib : ctype.c.obj (.const:.string:_ctypes_)
                  000043d1    00000007     GY521.obj (.const:.typeinfo:_ZTS5GY521)
                  000043d8    000000c8     rtsv7M4_T_le_v4SPD16_eabi.lib : strtod.c.obj (.const:$O1$$)
                  000044a0    00000098                                   : s_atan.c.obj (.const:$O1$$)
                  00004538    00000090     driverlib.lib : gpio.obj (.const:g_pui32GPIOBaseAddrs)
                  000045c8    00000070                   : interrupt.obj (.const)
                  00004638    0000006c                   : sysctl.obj (.const:g_pui32Xtals)
                  000046a4    00000060                   : timer.obj (.const:g_ppui32TimerIntMap)
                  00004704    00000040                   : timer.obj (.const:g_ppui32TimerIntMapSnowflake)
                  00004744    00000040                   : uart.obj (.const:g_ppui32UARTIntMap)
                  00004784    00000040                   : uart.obj (.const:g_ppui32UARTIntMapSnowflake)
                  000047c4    00000025     rtsv7M4_T_le_v4SPD16_eabi.lib : typeinfo.c.obj (.const:.typeinfo:_ZTSN10__cxxabiv120__si_class_type_infoE)
                  000047e9    00000022                                   : typeinfo.c.obj (.const:.typeinfo:_ZTSN10__cxxabiv117__class_type_infoE)
                  0000480b    00000001     --HOLE-- [fill = 0]
                  0000480c    00000012     Console.obj (.const:.string)
                  0000481e    00000002     --HOLE-- [fill = 0]
                  00004820    00000012     Log.obj (.const:.string)
                  00004832    00000002     --HOLE-- [fill = 0]
                  00004834    00000010     GY521.obj (.const:MPU6050AccelFactors)
                  00004844    00000010     GY521.obj (.const:MPU6050GyroFactors)
                  00004854    00000010     StateSystem.obj (.const:_ZTV11StateSystem)
                  00004864    00000010     I2C.obj (.const:_ZTV3I2C)
                  00004874    00000010     Log.obj (.const:_ZTV3Log)
                  00004884    00000010     GPIO.obj (.const:_ZTV4GPIO)
                  00004894    00000010     UART.obj (.const:_ZTV4UART)
                  000048a4    00000010     GY521.obj (.const:_ZTV5GY521)
                  000048b4    00000010     TIMER.obj (.const:_ZTV5TIMER)
                  000048c4    00000010     Logger.obj (.const:_ZTV6Logger)
                  000048d4    00000010     System.obj (.const:_ZTV6System)
                  000048e4    00000010     Console.obj (.const:_ZTV7Console)
                  000048f4    00000010     ESP8266.obj (.const:_ZTV7ESP8266)
                  00004904    00000010     PARAMETER.obj (.const:_ZTV9PARAMETER)
                  00004914    00000010     rtsv7M4_T_le_v4SPD16_eabi.lib : typeinfo.c.obj (.const:_ZTVN10__cxxabiv117__class_type_infoE)
                  00004924    00000010                                   : typeinfo.c.obj (.const:_ZTVN10__cxxabiv120__si_class_type_infoE)
                  00004934    0000000e     StateSystem.obj (.const:.typeinfo:_ZTS11StateSystem)
                  00004942    0000000d     rtsv7M4_T_le_v4SPD16_eabi.lib : stdlib_typeinfo.cpp.obj (.const:.typeinfo:_ZTSSt9type_info)
                  0000494f    00000001     --HOLE-- [fill = 0]
                  00004950    0000000c                                   : typeinfo.c.obj (.const:.typeinfo:_ZTIN10__cxxabiv117__class_type_infoE)
                  0000495c    0000000c                                   : typeinfo.c.obj (.const:.typeinfo:_ZTIN10__cxxabiv120__si_class_type_infoE)
                  00004968    0000000b     PARAMETER.obj (.const:.typeinfo:_ZTS9PARAMETER)
                  00004973    00000009     Console.obj (.const:.typeinfo:_ZTS7Console)
                  0000497c    00000009     ESP8266.obj (.const:.typeinfo:_ZTS7ESP8266)
                  00004985    00000003     --HOLE-- [fill = 0]
                  00004988    00000008     StateSystem.obj (.const:.typeinfo:_ZTI11StateSystem)
                  00004990    00000008     I2C.obj (.const:.typeinfo:_ZTI3I2C)
                  00004998    00000008     Log.obj (.const:.typeinfo:_ZTI3Log)
                  000049a0    00000008     GPIO.obj (.const:.typeinfo:_ZTI4GPIO)
                  000049a8    00000008     UART.obj (.const:.typeinfo:_ZTI4UART)
                  000049b0    00000008     GY521.obj (.const:.typeinfo:_ZTI5GY521)
                  000049b8    00000008     TIMER.obj (.const:.typeinfo:_ZTI5TIMER)
                  000049c0    00000008     Logger.obj (.const:.typeinfo:_ZTI6Logger)
                  000049c8    00000008     System.obj (.const:.typeinfo:_ZTI6System)
                  000049d0    00000008     Console.obj (.const:.typeinfo:_ZTI7Console)
                  000049d8    00000008     ESP8266.obj (.const:.typeinfo:_ZTI7ESP8266)
                  000049e0    00000008     PARAMETER.obj (.const:.typeinfo:_ZTI9PARAMETER)
                  000049e8    00000008     rtsv7M4_T_le_v4SPD16_eabi.lib : stdlib_typeinfo.cpp.obj (.const:.typeinfo:_ZTISt9type_info)
                  000049f0    00000008     Logger.obj (.const:.typeinfo:_ZTS6Logger)
                  000049f8    00000008     System.obj (.const:.typeinfo:_ZTS6System)
                  00004a00    00000007     TIMER.obj (.const:.typeinfo:_ZTS5TIMER)
                  00004a07    00000006     GPIO.obj (.const:.typeinfo:_ZTS4GPIO)
                  00004a0d    00000006     UART.obj (.const:.typeinfo:_ZTS4UART)
                  00004a13    00000005     I2C.obj (.const:.typeinfo:_ZTS3I2C)
                  00004a18    00000005     Log.obj (.const:.typeinfo:_ZTS3Log)
                  00004a1d    00000003     --HOLE-- [fill = 0]
                  00004a20    00000004     Console.obj (.const)
                  00004a24    00000004     Log.obj (.const)

.cinit     0    00004a40    00000050     
                  00004a40    0000001a     (.cinit..data.load) [load image, compression = lzss]
                  00004a5a    00000002     --HOLE-- [fill = 0]
                  00004a5c    0000000c     (__TI_handler_table)
                  00004a68    00000008     (.cinit..bss.load) [load image, compression = zero_init]
                  00004a70    00000008     (.cinit..vtable.load) [load image, compression = zero_init]
                  00004a78    00000018     (__TI_cinit_table)

.init_array 
*          0    00004a28    00000014     
                  00004a28    00000004     System.obj (.init_array)
                  00004a2c    00000004     Logger.obj (.init_array)
                  00004a30    00000004     Console.obj (.init_array)
                  00004a34    00000004     StateSystem.obj (.init_array)
                  00004a38    00000004     ESP8266.obj (.init_array)

.vtable    0    20000000    0000026c     UNINITIALIZED
                  20000000    0000026c     driverlib.lib : interrupt.obj (.vtable)

.stack     0    20000270    00000200     UNINITIALIZED
                  20000270    00000004     rtsv7M4_T_le_v4SPD16_eabi.lib : boot_cortex_m.c.obj (.stack)
                  20000274    000001fc     --HOLE--

.bss       0    20000470    000000c9     UNINITIALIZED
                  20000470    00000064     (.common:_ZN7ESP82663bufE)
                  200004d4    0000001c     StateSystem.obj (.bss:_ZN11StateSystem5gy521E)
                  200004f0    00000010     ESP8266.obj (.bss:_ZN7ESP82665paramE)
                  20000500    0000000c     Logger.obj (.bss:_ZN6Logger4uartE)
                  2000050c    0000000c     Console.obj (.bss:_ZN7Console4uartE)
                  20000518    0000000c     ESP8266.obj (.bss:_ZN7ESP82664uartE)
                  20000524    00000008     StateSystem.obj (.bss:_ZN11StateSystem5portFE)
                  2000052c    00000004     System.obj (.bss:_ZN6System6loggerE)
                  20000530    00000004     (.common:_ZN3Log6loggerE)
                  20000534    00000004     (.common:__dso_handle)
                  20000538    00000001     (.common:_ZN7ESP826613esp8266StatusE)

.data      0    2000053c    0000002f     UNINITIALIZED
                  2000053c    0000000c     rtsv7M4_T_le_v4SPD16_eabi.lib : exit.c.obj (.data:$O1$$)
                  20000548    0000000c                                   : memory.c.obj (.data:$O1$$)
                  20000554    00000008                                   : _lock.c.obj (.data:$O1$$)
                  2000055c    00000004     StateSystem.obj (.data)
                  20000560    00000004     rtsv7M4_T_le_v4SPD16_eabi.lib : dtor_list.c.obj (.data)
                  20000564    00000004                                   : errno.c.obj (.data)
                  20000568    00000003     ESP8266.obj (.data)

.sysmem    0    20000570    00000008     UNINITIALIZED
                  20000570    00000008     rtsv7M4_T_le_v4SPD16_eabi.lib : memory.c.obj (.sysmem)

MODULE SUMMARY

       Module                         code    ro data   rw data
       ------                         ----    -------   -------
    .\
       tm4c123gh6pm_startup_ccs.obj   12      620       0      
       main.obj                       14      0         0      
    +--+------------------------------+-------+---------+---------+
       Total:                         26      620       0      
                                                               
    .\modules\DRV8412\
       DRV8412.obj                    22      0         0      
    +--+------------------------------+-------+---------+---------+
       Total:                         22      0         0      
                                                               
    .\modules\ESP8266\
       ESP8266.obj                    2102    37        132    
    +--+------------------------------+-------+---------+---------+
       Total:                         2102    37        132    
                                                               
    .\modules\ESP8266\PARAMETER\
       PARAMETER.obj                  76      35        0      
    +--+------------------------------+-------+---------+---------+
       Total:                         76      35        0      
                                                               
    .\modules\GY521\
       GY521.obj                      986     63        0      
    +--+------------------------------+-------+---------+---------+
       Total:                         986     63        0      
                                                               
    .\peripheral\GPIO\
       GPIO.obj                       404     30        0      
    +--+------------------------------+-------+---------+---------+
       Total:                         404     30        0      
                                                               
    .\peripheral\I2C\
       I2C.obj                        1066    29        0      
    +--+------------------------------+-------+---------+---------+
       Total:                         1066    29        0      
                                                               
    .\peripheral\Timer\
       TIMER.obj                      316     31        0      
    +--+------------------------------+-------+---------+---------+
       Total:                         316     31        0      
                                                               
    .\peripheral\UART\
       UART.obj                       548     30        0      
    +--+------------------------------+-------+---------+---------+
       Total:                         548     30        0      
                                                               
    .\slib\StateSystem\
       StateSystem.obj                648     42        40     
    +--+------------------------------+-------+---------+---------+
       Total:                         648     42        40     
                                                               
    .\slib\console\
       Console.obj                    984     59        12     
    +--+------------------------------+-------+---------+---------+
       Total:                         984     59        12     
                                                               
    .\slib\log\
       Log.obj                        1256    51        4      
       Logger.obj                     156     36        12     
    +--+------------------------------+-------+---------+---------+
       Total:                         1412    87        16     
                                                               
    .\slib\system\
       System.obj                     162     36        4      
    +--+------------------------------+-------+---------+---------+
       Total:                         162     36        4      
                                                               
    ../driverlib.lib
       interrupt.obj                  172     112       620    
       sysctl.obj                     710     108       0      
       gpio.obj                       522     144       0      
       timer.obj                      280     160       0      
       uart.obj                       282     128       0      
       i2c.obj                        114     0         0      
       cpu.obj                        12      0         0      
    +--+------------------------------+-------+---------+---------+
       Total:                         2092    652       620    
                                                               
    D:\ProgrameFiles\CCS\ccsv8\tools\compiler\ti-cgt-arm_18.1.2.LTS\lib\rtsv7M4_T_le_v4SPD16_eabi.lib
       strtod.c.obj                   1120    200       0      
       s_atan.c.obj                   748     152       0      
       memory.c.obj                   492     0         12     
       e_atan2.c.obj                  492     0         0      
       fd_add_t2.asm.obj              438     0         0      
       fd_div_t2.asm.obj              310     0         0      
       s_scalbn.c.obj                 272     0         0      
       fd_cmp_t2.asm.obj              268     0         0      
       ctype.c.obj                    0       257       0      
       fd_mul_t2.asm.obj              252     0         0      
       dtor_list.c.obj                198     0         8      
       typeinfo.c.obj                 36      127       0      
       memcpy_t2.asm.obj              156     0         0      
       memset_t2.asm.obj              122     0         0      
       fd_tos_t2.asm.obj              110     0         0      
       copy_decompress_lzss.c.obj     104     0         0      
       autoinit.c.obj                 96      0         0      
       exit.c.obj                     76      0         12     
       u_divt2.asm.obj                64      0         0      
       boot_cortex_m.c.obj            56      0         0      
       fs_tod_t2.asm.obj              56      0         0      
       i_tofd_t2.asm.obj              46      0         0      
       stdlib_typeinfo.cpp.obj        2       21        0      
       s_copysign.c.obj               20      0         0      
       strlen.c.obj                   20      0         0      
       atof.c.obj                     18      0         0      
       copy_zero_init.c.obj           18      0         0      
       copy_decompress_none.c.obj     14      0         0      
       errno.c.obj                    8       0         4      
       new.cpp.obj                    12      0         0      
       _lock.c.obj                    2       0         8      
       pre_init.c.obj                 4       0         0      
       div0.asm.obj                   2       0         0      
    +--+------------------------------+-------+---------+---------+
       Total:                         5632    757       44     
                                                               
       Heap:                          0       0         8      
       Stack:                         0       0         512    
       Linker Generated:              0       78        0      
    +--+------------------------------+-------+---------+---------+
       Grand Total:                   16476   2586      1388   


LINKER GENERATED COPY TABLES

__TI_cinit_table @ 00004a78 records: 3, size/record: 8, table size: 24
	.data: load addr=00004a40, load size=0000001a bytes, run addr=2000053c, run size=0000002f bytes, compression=lzss
	.bss: load addr=00004a68, load size=00000008 bytes, run addr=20000470, run size=000000c9 bytes, compression=zero_init
	.vtable: load addr=00004a70, load size=00000008 bytes, run addr=20000000, run size=0000026c bytes, compression=zero_init


LINKER GENERATED HANDLER TABLE

__TI_handler_table @ 00004a5c records: 3, size/record: 4, table size: 12
	index: 0, handler: __TI_zero_init
	index: 1, handler: __TI_decompress_lzss
	index: 2, handler: __TI_decompress_none


GLOBAL SYMBOLS: SORTED ALPHABETICALLY BY Name 

address   name                                                                                                                                                    
-------   ----                                                                                                                                                    
000042c9  C$$EXIT                                                                                                                                                 
000041fd  CPUcpsie                                                                                                                                                
00003f9f  GPIODirModeSet                                                                                                                                          
00002e17  GPIOPadConfigSet                                                                                                                                        
00003b31  GPIOPinConfigure                                                                                                                                        
0000410d  GPIOPinTypeGPIOInput                                                                                                                                    
0000402f  GPIOPinTypeGPIOOutput                                                                                                                                   
0000411f  GPIOPinTypeI2C                                                                                                                                          
00004131  GPIOPinTypeI2CSCL                                                                                                                                       
00004143  GPIOPinTypeUART                                                                                                                                         
0000428d  GPIOPinWrite                                                                                                                                            
0000425d  I2CMasterBusy                                                                                                                                           
000042a5  I2CMasterControl                                                                                                                                        
000042a9  I2CMasterDataGet                                                                                                                                        
000042ad  I2CMasterDataPut                                                                                                                                        
00004221  I2CMasterEnable                                                                                                                                         
00003a4d  I2CMasterInitExpClk                                                                                                                                     
00004265  I2CMasterSlaveAddrSet                                                                                                                                   
0000386d  IntEnable                                                                                                                                               
0000418b  IntMasterEnable                                                                                                                                         
00003e71  IntRegister                                                                                                                                             
00004215  ResetISR                                                                                                                                                
00004a28  SHT$$INIT_ARRAY$$Base                                                                                                                                   
00004a3c  SHT$$INIT_ARRAY$$Limit                                                                                                                                  
00002f49  SysCtlClockGet                                                                                                                                          
00003265  SysCtlClockSet                                                                                                                                          
00004293  SysCtlDelay                                                                                                                                             
00003ea5  SysCtlPeripheralEnable                                                                                                                                  
00003d91  SysCtlPeripheralReady                                                                                                                                   
000039fd  SysCtlPeripheralReset                                                                                                                                   
00004299  TimerClockSourceSet                                                                                                                                     
0000393d  TimerConfigure                                                                                                                                          
00004047  TimerControlStall                                                                                                                                       
0000419b  TimerEnable                                                                                                                                             
000042b1  TimerIntClear                                                                                                                                           
0000426d  TimerIntEnable                                                                                                                                          
0000405f  TimerIntRegister                                                                                                                                        
0000422b  TimerIntStatus                                                                                                                                          
00004155  TimerLoadSet                                                                                                                                            
00004235  UARTCharGet                                                                                                                                             
0000423f  UARTCharPut                                                                                                                                             
000041a9  UARTCharsAvail                                                                                                                                          
0000429f  UARTClockSourceSet                                                                                                                                      
00003bc1  UARTConfigSetExpClk                                                                                                                                     
00003ff1  UARTDisable                                                                                                                                             
000040d1  UARTEnable                                                                                                                                              
00004249  UARTFIFODisable                                                                                                                                         
000042b5  UARTIntClear                                                                                                                                            
00004275  UARTIntEnable                                                                                                                                           
00004077  UARTIntRegister                                                                                                                                         
00004253  UARTIntStatus                                                                                                                                           
0000026d  _Z13compareStringPKcS0_                                                                                                                                 
00003c91  _Z23__finalize_destructionsPP20a_needed_destructionPv                                                                                                   
00003c4d  _Z25__add_destruction_to_listPP20a_needed_destructionPFYvPvES2_S2_                                                                                      
00003f41  _Z5atan2IisENSt3__216__lazy_enable_ifIXaasr3std3__213is_arithmeticIT_EE5valuesr3std3__213is_arithmeticIT0_EE5valueENS0_9__promoteIS2_S3_vEEE4typeES2_S3_
00003ed9  _Z5atan2IssENSt3__216__lazy_enable_ifIXaasr3std3__213is_arithmeticIT_EE5valuesr3std3__213is_arithmeticIT0_EE5valueENS0_9__promoteIS2_S3_vEEE4typeES2_S3_
000041b7  _ZN10__cxxabiv117__class_type_infoD0Ev                                                                                                                  
000042b9  _ZN10__cxxabiv117__class_type_infoD1Ev                                                                                                                  
000042b9  _ZN10__cxxabiv117__class_type_infoD2Ev                                                                                                                  
000041c5  _ZN10__cxxabiv120__si_class_type_infoD0Ev                                                                                                               
000042bd  _ZN10__cxxabiv120__si_class_type_infoD1Ev                                                                                                               
000042bd  _ZN10__cxxabiv120__si_class_type_infoD2Ev                                                                                                               
2000055c  _ZN11StateSystem4rollE                                                                                                                                  
200004d4  _ZN11StateSystem5gy521E                                                                                                                                 
20000524  _ZN11StateSystem5portFE                                                                                                                                 
000022db  _ZN11StateSystem7getRollEv                                                                                                                              
000022eb  _ZN11StateSystem9timer3ISREv                                                                                                                            
0000221d  _ZN11StateSystemC1Ev                                                                                                                                    
0000221d  _ZN11StateSystemC2Ev                                                                                                                                    
000022c7  _ZN11StateSystemD0Ev                                                                                                                                    
000022b7  _ZN11StateSystemD1Ev                                                                                                                                    
000022b7  _ZN11StateSystemD2Ev                                                                                                                                    
0000157f  _ZN3I2C10WriteBurstEhhPhh                                                                                                                               
00001635  _ZN3I2C4ReadEhhPh                                                                                                                                       
00001555  _ZN3I2C5WriteEhhh                                                                                                                                       
00001711  _ZN3I2C9ReadBurstEhhPhh                                                                                                                                 
000013df  _ZN3I2CC1Ehh                                                                                                                                            
000013cd  _ZN3I2CC1Ev                                                                                                                                             
000013df  _ZN3I2CC2Ehh                                                                                                                                            
000013cd  _ZN3I2CC2Ev                                                                                                                                             
00001541  _ZN3I2CD0Ev                                                                                                                                             
00001535  _ZN3I2CD1Ev                                                                                                                                             
00001535  _ZN3I2CD2Ev                                                                                                                                             
0000408f  _ZN3I2CaSERKS_                                                                                                                                          
00000aff  _ZN3Log10logWarningEPKcz                                                                                                                                
00000ab7  _ZN3Log4initEP6Logger                                                                                                                                   
00000b6f  _ZN3Log6logStrEPKc                                                                                                                                      
20000530  _ZN3Log6loggerE                                                                                                                                         
00000bb7  _ZN3Log7logDoneEPKcz                                                                                                                                    
00000ac7  _ZN3Log7logInfoEPKcz                                                                                                                                    
00000b7f  _ZN3Log8logDoingEPKcz                                                                                                                                   
00000b37  _ZN3Log8logErrorEPKcz                                                                                                                                   
00000c35  _ZN3Log8vprintf2EPKc11__va_list_t                                                                                                                       
00000a85  _ZN3LogC1Ev                                                                                                                                             
00000a85  _ZN3LogC2Ev                                                                                                                                             
00000aa3  _ZN3LogD0Ev                                                                                                                                             
00000a97  _ZN3LogD1Ev                                                                                                                                             
00000a97  _ZN3LogD2Ev                                                                                                                                             
00002b21  _ZN4GPIO4modeEhh                                                                                                                                        
00002ae1  _ZN4GPIO5writeEhh                                                                                                                                       
00002a23  _ZN4GPIOC1Eh                                                                                                                                            
00002a11  _ZN4GPIOC1Ev                                                                                                                                            
00002a23  _ZN4GPIOC2Eh                                                                                                                                            
00002a11  _ZN4GPIOC2Ev                                                                                                                                            
00002acd  _ZN4GPIOD0Ev                                                                                                                                            
00002ac1  _ZN4GPIOD1Ev                                                                                                                                            
00002ac1  _ZN4GPIOD2Ev                                                                                                                                            
000040a5  _ZN4GPIOaSERKS_                                                                                                                                         
00002581  _ZN4UART4sendEPKc                                                                                                                                       
000025d5  _ZN4UART4sendEPKch                                                                                                                                      
0000260f  _ZN4UART5reicvEPhh                                                                                                                                      
0000245b  _ZN4UARTC1Ehj                                                                                                                                           
00002449  _ZN4UARTC1Ev                                                                                                                                            
0000245b  _ZN4UARTC2Ehj                                                                                                                                           
00002449  _ZN4UARTC2Ev                                                                                                                                            
0000256d  _ZN4UARTD0Ev                                                                                                                                            
00002561  _ZN4UARTD1Ev                                                                                                                                            
00002561  _ZN4UARTD2Ev                                                                                                                                            
00004011  _ZN4UARTaSERKS_                                                                                                                                         
00001ebd  _ZN5GY52110updateGyroEv                                                                                                                                 
00001e6b  _ZN5GY52111updateAccelEv                                                                                                                                
00001d89  _ZN5GY5217getGyroEPf                                                                                                                                    
00001e3b  _ZN5GY5217getRollEv                                                                                                                                     
00001d09  _ZN5GY5218getAccelEPf                                                                                                                                   
00001e09  _ZN5GY5218getPitchEv                                                                                                                                    
00001be7  _ZN5GY521C1Ehhh                                                                                                                                         
00001bd1  _ZN5GY521C1Ev                                                                                                                                           
00001be7  _ZN5GY521C2Ehhh                                                                                                                                         
00001bd1  _ZN5GY521C2Ev                                                                                                                                           
00001cf5  _ZN5GY521D0Ev                                                                                                                                           
00001ce5  _ZN5GY521D1Ev                                                                                                                                           
00001ce5  _ZN5GY521D2Ev                                                                                                                                           
00003c07  _ZN5GY521aSERKS_                                                                                                                                        
00002bb7  _ZN5TIMERC1Eht                                                                                                                                          
00002ba5  _ZN5TIMERC1Ev                                                                                                                                           
00002bb7  _ZN5TIMERC2Eht                                                                                                                                          
00002ba5  _ZN5TIMERC2Ev                                                                                                                                           
00002c93  _ZN5TIMERD0Ev                                                                                                                                           
00002c87  _ZN5TIMERD1Ev                                                                                                                                           
00002c87  _ZN5TIMERD2Ev                                                                                                                                           
000040bb  _ZN5TIMERaSERKS_                                                                                                                                        
20000500  _ZN6Logger4uartE                                                                                                                                        
0000347f  _ZN6Logger5writeEPKc                                                                                                                                    
0000348f  _ZN6Logger5writeEPKch                                                                                                                                   
00003431  _ZN6LoggerC1Ev                                                                                                                                          
00003431  _ZN6LoggerC2Ev                                                                                                                                          
0000346b  _ZN6LoggerD0Ev                                                                                                                                          
0000345f  _ZN6LoggerD1Ev                                                                                                                                          
0000345f  _ZN6LoggerD2Ev                                                                                                                                          
000041d3  _ZN6LoggeraSERKS_                                                                                                                                       
0000359b  _ZN6System4initEv                                                                                                                                       
2000052c  _ZN6System6loggerE                                                                                                                                      
000035c3  _ZN6System7delayMsEj                                                                                                                                    
00003569  _ZN6SystemC1Ev                                                                                                                                          
00003569  _ZN6SystemC2Ev                                                                                                                                          
00003587  _ZN6SystemD0Ev                                                                                                                                          
0000357b  _ZN6SystemD1Ev                                                                                                                                          
0000357b  _ZN6SystemD2Ev                                                                                                                                          
00001889  _ZN7Console11UARTvprintfEPKc11__va_list_t                                                                                                               
00001849  _ZN7Console4getsEPhh                                                                                                                                    
0000182b  _ZN7Console4initEv                                                                                                                                      
2000050c  _ZN7Console4uartE                                                                                                                                       
0000185f  _ZN7Console6printfEPKcz                                                                                                                                 
000017f9  _ZN7ConsoleC1Ev                                                                                                                                         
000017f9  _ZN7ConsoleC2Ev                                                                                                                                         
00001817  _ZN7ConsoleD0Ev                                                                                                                                         
0000180b  _ZN7ConsoleD1Ev                                                                                                                                         
0000180b  _ZN7ConsoleD2Ev                                                                                                                                         
000004db  _ZN7ESP826610paramParseEv                                                                                                                               
00000825  _ZN7ESP826611getKeyValueEPcS0_                                                                                                                          
0000078d  _ZN7ESP826611startServerEv                                                                                                                              
20000538  _ZN7ESP826613esp8266StatusE                                                                                                                             
0000035d  _ZN7ESP826614UARTIntHandlerEv                                                                                                                           
00000711  _ZN7ESP826617readFullParamListEv                                                                                                                        
20000470  _ZN7ESP82663bufE                                                                                                                                        
20000518  _ZN7ESP82664uartE                                                                                                                                       
200004f0  _ZN7ESP82665paramE                                                                                                                                      
000005b1  _ZN7ESP82665resetEv                                                                                                                                     
00000681  _ZN7ESP82667connectEv                                                                                                                                   
2000056a  _ZN7ESP82668bufIndexE                                                                                                                                   
000002bf  _ZN7ESP8266C1Ev                                                                                                                                         
000002bf  _ZN7ESP8266C2Ev                                                                                                                                         
00000349  _ZN7ESP8266D0Ev                                                                                                                                         
0000033d  _ZN7ESP8266D1Ev                                                                                                                                         
0000033d  _ZN7ESP8266D2Ev                                                                                                                                         
00003a99  _ZN9PARAMETERC1Ev                                                                                                                                       
00003a99  _ZN9PARAMETERC2Ev                                                                                                                                       
00003ac9  _ZN9PARAMETERD0Ev                                                                                                                                       
00003abd  _ZN9PARAMETERD1Ev                                                                                                                                       
00003abd  _ZN9PARAMETERD2Ev                                                                                                                                       
000017f7  _ZNSt9type_infoD1Ev                                                                                                                                     
000017f7  _ZNSt9type_infoD2Ev                                                                                                                                     
000042c9  _ZSt17__throw_bad_allocv                                                                                                                                
00004988  _ZTI11StateSystem                                                                                                                                       
00004990  _ZTI3I2C                                                                                                                                                
00004998  _ZTI3Log                                                                                                                                                
000049a0  _ZTI4GPIO                                                                                                                                               
000049a8  _ZTI4UART                                                                                                                                               
000049b0  _ZTI5GY521                                                                                                                                              
000049b8  _ZTI5TIMER                                                                                                                                              
000049c0  _ZTI6Logger                                                                                                                                             
000049c8  _ZTI6System                                                                                                                                             
000049d0  _ZTI7Console                                                                                                                                            
000049d8  _ZTI7ESP8266                                                                                                                                            
000049e0  _ZTI9PARAMETER                                                                                                                                          
00004950  _ZTIN10__cxxabiv117__class_type_infoE                                                                                                                   
0000495c  _ZTIN10__cxxabiv120__si_class_type_infoE                                                                                                                
000049e8  _ZTISt9type_info                                                                                                                                        
00004934  _ZTS11StateSystem                                                                                                                                       
00004a13  _ZTS3I2C                                                                                                                                                
00004a18  _ZTS3Log                                                                                                                                                
00004a07  _ZTS4GPIO                                                                                                                                               
00004a0d  _ZTS4UART                                                                                                                                               
000043d1  _ZTS5GY521                                                                                                                                              
00004a00  _ZTS5TIMER                                                                                                                                              
000049f0  _ZTS6Logger                                                                                                                                             
000049f8  _ZTS6System                                                                                                                                             
00004973  _ZTS7Console                                                                                                                                            
0000497c  _ZTS7ESP8266                                                                                                                                            
00004968  _ZTS9PARAMETER                                                                                                                                          
000047e9  _ZTSN10__cxxabiv117__class_type_infoE                                                                                                                   
000047c4  _ZTSN10__cxxabiv120__si_class_type_infoE                                                                                                                
00004942  _ZTSSt9type_info                                                                                                                                        
00004854  _ZTV11StateSystem                                                                                                                                       
00004864  _ZTV3I2C                                                                                                                                                
00004874  _ZTV3Log                                                                                                                                                
00004884  _ZTV4GPIO                                                                                                                                               
00004894  _ZTV4UART                                                                                                                                               
000048a4  _ZTV5GY521                                                                                                                                              
000048b4  _ZTV5TIMER                                                                                                                                              
000048c4  _ZTV6Logger                                                                                                                                             
000048d4  _ZTV6System                                                                                                                                             
000048e4  _ZTV7Console                                                                                                                                            
000048f4  _ZTV7ESP8266                                                                                                                                            
00004904  _ZTV9PARAMETER                                                                                                                                          
00004914  _ZTVN10__cxxabiv117__class_type_infoE                                                                                                                   
00004924  _ZTVN10__cxxabiv120__si_class_type_infoE                                                                                                                
0000427d  _ZdlPv                                                                                                                                                  
000042c1  _ZdlPvj                                                                                                                                                 
20000470  __STACK_END                                                                                                                                             
00000200  __STACK_SIZE                                                                                                                                            
20000470  __STACK_TOP                                                                                                                                             
00000008  __SYSMEM_SIZE                                                                                                                                           
00004a78  __TI_CINIT_Base                                                                                                                                         
00004a90  __TI_CINIT_Limit                                                                                                                                        
00004a5c  __TI_Handler_Table_Base                                                                                                                                 
00004a68  __TI_Handler_Table_Limit                                                                                                                                
0000399d  __TI_auto_init_nobinit                                                                                                                                  
2000053c  __TI_cleanup_ptr                                                                                                                                        
000038d5  __TI_decompress_lzss                                                                                                                                    
000041e1  __TI_decompress_none                                                                                                                                    
20000540  __TI_dtors_ptr                                                                                                                                          
20000544  __TI_enable_exit_profile_output                                                                                                                         
ffffffff  __TI_pprof_out_hndl                                                                                                                                     
ffffffff  __TI_prof_data_size                                                                                                                                     
ffffffff  __TI_prof_data_start                                                                                                                                    
00000000  __TI_static_base__                                                                                                                                      
00004179  __TI_zero_init_nomemset                                                                                                                                 
00003f0d  __aeabi_atexit                                                                                                                                          
000035fd  __aeabi_cdcmpeq                                                                                                                                         
000035fd  __aeabi_cdcmple                                                                                                                                         
00003683  __aeabi_cdrcmple                                                                                                                                        
000037fd  __aeabi_d2f                                                                                                                                             
00002863  __aeabi_dadd                                                                                                                                            
00002ce1  __aeabi_ddiv                                                                                                                                            
00003169  __aeabi_dmul                                                                                                                                            
00002859  __aeabi_dsub                                                                                                                                            
00004285  __aeabi_errno_addr                                                                                                                                      
00003e39  __aeabi_f2d                                                                                                                                             
00003f71  __aeabi_i2d                                                                                                                                             
00003783  __aeabi_idiv0                                                                                                                                           
00003783  __aeabi_ldiv0                                                                                                                                           
00003709  __aeabi_memclr                                                                                                                                          
00003709  __aeabi_memclr4                                                                                                                                         
00003709  __aeabi_memclr8                                                                                                                                         
000034cd  __aeabi_memcpy                                                                                                                                          
000034cd  __aeabi_memcpy4                                                                                                                                         
000034cd  __aeabi_memcpy8                                                                                                                                         
0000370b  __aeabi_memset                                                                                                                                          
0000370b  __aeabi_memset4                                                                                                                                         
0000370b  __aeabi_memset8                                                                                                                                         
00003d15  __aeabi_uidiv                                                                                                                                           
00003d15  __aeabi_uidivmod                                                                                                                                        
ffffffff  __binit__                                                                                                                                               
ffffffff  __c_args__                                                                                                                                              
00004209  __cxa_ia64_exit                                                                                                                                         
20000534  __dso_handle                                                                                                                                            
UNDEFED   __mpu_init                                                                                                                                              
20000270  __stack                                                                                                                                                 
000034a7  __sti___10_Logger_cpp_4773e62b                                                                                                                          
000035d5  __sti___10_System_cpp_524050c4                                                                                                                          
00001b9f  __sti___11_Console_cpp_3f9ddb1e                                                                                                                         
00000987  __sti___11_ESP8266_cpp_c7db590e                                                                                                                         
000023b5  __sti___15_StateSystem_cpp_27c4ccc0                                                                                                                     
00003dc9  _c_int00_noargs                                                                                                                                         
000042d0  _ctypes_                                                                                                                                                
20000554  _lock                                                                                                                                                   
00002a0f  _nop                                                                                                                                                    
20000570  _sys_memory                                                                                                                                             
UNDEFED   _system_post_cinit                                                                                                                                      
000042c5  _system_pre_init                                                                                                                                        
[...]
000041c5  _ZN10__cxxabiv120__si_class_type_infoD0Ev                                                                                                               
000041d3  _ZN6LoggeraSERKS_                                                                                                                                       
000041e1  __TI_decompress_none                                                                                                                                    
000041ef  main                                                                                                                                                    
000041fd  CPUcpsie                                                                                                                                                
00004209  __cxa_ia64_exit                                                                                                                                         
00004215  ResetISR                                                                                                                                                
00004221  I2CMasterEnable                                                                                                                                         
0000422b  TimerIntStatus                                                                                                                                          
00004235  UARTCharGet                                                                                                                                             
0000423f  UARTCharPut                                                                                                                                             
00004249  UARTFIFODisable                                                                                                                                         
00004253  UARTIntStatus                                                                                                                                           
0000425d  I2CMasterBusy                                                                                                                                           
00004265  I2CMasterSlaveAddrSet                                                                                                                                   
0000426d  TimerIntEnable                                                                                                                                          
00004275  UARTIntEnable                                                                                                                                           
0000427d  _ZdlPv                                                                                                                                                  
00004285  __aeabi_errno_addr                                                                                                                                      
0000428d  GPIOPinWrite                                                                                                                                            
00004293  SysCtlDelay                                                                                                                                             
00004299  TimerClockSourceSet                                                                                                                                     
0000429f  UARTClockSourceSet                                                                                                                                      
000042a5  I2CMasterControl                                                                                                                                        
000042a9  I2CMasterDataGet                                                                                                                                        
000042ad  I2CMasterDataPut                                                                                                                                        
000042b1  TimerIntClear                                                                                                                                           
000042b5  UARTIntClear                                                                                                                                            
000042b9  _ZN10__cxxabiv117__class_type_infoD1Ev                                                                                                                  
000042b9  _ZN10__cxxabiv117__class_type_infoD2Ev                                                                                                                  
000042bd  _ZN10__cxxabiv120__si_class_type_infoD1Ev                                                                                                               
000042bd  _ZN10__cxxabiv120__si_class_type_infoD2Ev                                                                                                               
000042c1  _ZdlPvj                                                                                                                                                 
000042c5  _system_pre_init                                                                                                                                        
000042c9  C$$EXIT                                                                                                                                                 
000042c9  _ZSt17__throw_bad_allocv                                                                                                                                
000042c9  abort                                                                                                                                                   
000042d0  _ctypes_                                                                                                                                                
000043d1  _ZTS5GY521                                                                                                                                              
000047c4  _ZTSN10__cxxabiv120__si_class_type_infoE                                                                                                                
000047e9  _ZTSN10__cxxabiv117__class_type_infoE                                                                                                                   
00004854  _ZTV11StateSystem                                                                                                                                       
00004864  _ZTV3I2C                                                                                                                                                
00004874  _ZTV3Log                                                                                                                                                
00004884  _ZTV4GPIO                                                                                                                                               
00004894  _ZTV4UART                                                                                                                                               
000048a4  _ZTV5GY521                                                                                                                                              
000048b4  _ZTV5TIMER                                                                                                                                              
000048c4  _ZTV6Logger                                                                                                                                             
000048d4  _ZTV6System                                                                                                                                             
000048e4  _ZTV7Console                                                                                                                                            
000048f4  _ZTV7ESP8266                                                                                                                                            
00004904  _ZTV9PARAMETER                                                                                                                                          
00004914  _ZTVN10__cxxabiv117__class_type_infoE                                                                                                                   
00004924  _ZTVN10__cxxabiv120__si_class_type_infoE                                                                                                                
00004934  _ZTS11StateSystem                                                                                                                                       
00004942  _ZTSSt9type_info                                                                                                                                        
00004950  _ZTIN10__cxxabiv117__class_type_infoE                                                                                                                   
0000495c  _ZTIN10__cxxabiv120__si_class_type_infoE                                                                                                                
00004968  _ZTS9PARAMETER                                                                                                                                          
00004973  _ZTS7Console                                                                                                                                            
0000497c  _ZTS7ESP8266                                                                                                                                            
00004988  _ZTI11StateSystem                                                                                                                                       
00004990  _ZTI3I2C                                                                                                                                                
00004998  _ZTI3Log                                                                                                                                                
000049a0  _ZTI4GPIO                                                                                                                                               
000049a8  _ZTI4UART                                                                                                                                               
000049b0  _ZTI5GY521                                                                                                                                              
000049b8  _ZTI5TIMER                                                                                                                                              
000049c0  _ZTI6Logger                                                                                                                                             
000049c8  _ZTI6System                                                                                                                                             
000049d0  _ZTI7Console                                                                                                                                            
000049d8  _ZTI7ESP8266                                                                                                                                            
000049e0  _ZTI9PARAMETER                                                                                                                                          
000049e8  _ZTISt9type_info                                                                                                                                        
000049f0  _ZTS6Logger                                                                                                                                             
000049f8  _ZTS6System                                                                                                                                             
00004a00  _ZTS5TIMER                                                                                                                                              
00004a07  _ZTS4GPIO                                                                                                                                               
00004a0d  _ZTS4UART                                                                                                                                               
00004a13  _ZTS3I2C                                                                                                                                                
00004a18  _ZTS3Log                                                                                                                                                
00004a28  SHT$$INIT_ARRAY$$Base                                                                                                                                   
00004a3c  SHT$$INIT_ARRAY$$Limit                                                                                                                                  
00004a5c  __TI_Handler_Table_Base                                                                                                                                 
00004a68  __TI_Handler_Table_Limit                                                                                                                                
00004a78  __TI_CINIT_Base                                                                                                                                         
00004a90  __TI_CINIT_Limit                                                                                                                                        
20000000  g_pfnRAMVectors                                                                                                                                         
20000270  __stack                                                                                                                                                 
20000470  _ZN7ESP82663bufE                                                                                                                                        
20000470  __STACK_END                                                                                                                                             
20000470  __STACK_TOP                                                                                                                                             
200004d4  _ZN11StateSystem5gy521E                                                                                                                                 
200004f0  _ZN7ESP82665paramE                                                                                                                                      
20000500  _ZN6Logger4uartE                                                                                                                                        
2000050c  _ZN7Console4uartE                                                                                                                                       
20000518  _ZN7ESP82664uartE                                                                                                                                       
20000524  _ZN11StateSystem5portFE                                                                                                                                 
2000052c  _ZN6System6loggerE                                                                                                                                      
20000530  _ZN3Log6loggerE                                                                                                                                         
20000534  __dso_handle                                                                                                                                            
20000538  _ZN7ESP826613esp8266StatusE                                                                                                                             
2000053c  __TI_cleanup_ptr                                                                                                                                        
20000540  __TI_dtors_ptr                                                                                                                                          
20000544  __TI_enable_exit_profile_output                                                                                                                         
20000554  _lock                                                                                                                                                   
20000558  _unlock                                                                                                                                                 
2000055c  _ZN11StateSystem4rollE                                                                                                                                  
20000564  errno                                                                                                                                                   
20000568  count                                                                                                                                                   
20000569  discardIndex                                                                                                                                            
2000056a  _ZN7ESP82668bufIndexE                                                                                                                                   
20000570  _sys_memory                                                                                                                                             
ffffffff  __TI_pprof_out_hndl                                                                                                                                     
ffffffff  __TI_prof_data_size                                                                                                                                     
ffffffff  __TI_prof_data_start                                                                                                                                    
ffffffff  __binit__                                                                                                                                               
ffffffff  __c_args__                                                                                                                                              
ffffffff  binit                                                                                                                                                   
UNDEFED   __mpu_init                                                                                                                                              
UNDEFED   _system_post_cinit                                                                                                                                      

[330 symbols]
