******************************************************************************
                  TI ARM Linker PC v18.1.2                     
******************************************************************************
>> Linked Tue Jul 17 17:07:03 2018

OUTPUT FILE NAME:   <2WheelsRobot.out>
ENTRY POINT SYMBOL: "_c_int00_noargs"  address: 00002e39


MEMORY CONFIGURATION

         name            origin    length      used     unused   attr    fill
----------------------  --------  ---------  --------  --------  ----  --------
  FLASH                 00000000   00040000  00003794  0003c86c  R  X
  SRAM                  20000000   00008000  000004dc  00007b24  RW X


SEGMENT ALLOCATION MAP

run origin  load origin   length   init length attrs members
----------  ----------- ---------- ----------- ----- -------
00000000    00000000    00003798   00003798    r-x
  00000000    00000000    0000026c   0000026c    r-- .intvecs
  0000026c    0000026c    00003000   00003000    r-x .text
  00003270    00003270    000004c8   000004c8    r-- .const
  00003738    00003738    00000010   00000010    r-- .init_array
  00003748    00003748    00000050   00000050    r-- .cinit
20000000    20000000    000004e0   00000000    rw-
  20000000    20000000    0000026c   00000000    rw- .vtable
  20000270    20000270    00000200   00000000    rw- .stack
  20000470    20000470    00000040   00000000    rw- .bss
  200004b0    200004b0    00000028   00000000    rw- .data
  200004d8    200004d8    00000008   00000000    rw- .sysmem


SECTION ALLOCATION MAP

 output                                  attributes/
section   page    origin      length       input sections
--------  ----  ----------  ----------   ----------------
.intvecs   0    00000000    0000026c     
                  00000000    0000026c     tm4c123gh6pm_startup_ccs.obj (.intvecs)

.text      0    0000026c    00003000     
                  0000026c    000004e8     Log.obj (.text)
                  00000754    0000042a     I2C.obj (.text)
                  00000b7e    00000002     rtsv7M4_T_le_v4SPD16_eabi.lib : stdlib_typeinfo.cpp.obj (.text:_ZNSt9type_infoD1Ev)
                  00000b80    000003d8     Console.obj (.text)
                  00000f58    00000360     GY521.obj (.text)
                  000012b8    000002ec     rtsv7M4_T_le_v4SPD16_eabi.lib : s_atan.c.obj (.text:atan)
                  000015a4    00000200     StateSystem.obj (.text)
                  000017a4    000001ec     rtsv7M4_T_le_v4SPD16_eabi.lib : e_atan2.c.obj (.text:atan2)
                  00001990    000001dc     UART.obj (.text)
                  00001b6c    000001b6     rtsv7M4_T_le_v4SPD16_eabi.lib : fd_add_t2.asm.obj (.text)
                  00001d22    00000002                                   : _lock.c.obj (.text:_nop)
                  00001d24    00000194     GPIO.obj (.text)
                  00001eb8    0000013c     TIMER.obj (.text)
                  00001ff4    00000136     rtsv7M4_T_le_v4SPD16_eabi.lib : fd_div_t2.asm.obj (.text)
                  0000212a    00000132     driverlib.lib : gpio.obj (.text:GPIOPadConfigSet)
                  0000225c    00000110                   : sysctl.obj (.text:SysCtlClockGet)
                  0000236c    000000fc     rtsv7M4_T_le_v4SPD16_eabi.lib : fd_mul_t2.asm.obj (.text)
                  00002468    000000f4     driverlib.lib : sysctl.obj (.text:SysCtlClockSet)
                  0000255c    000000d8     rtsv7M4_T_le_v4SPD16_eabi.lib : memory.c.obj (.text:free)
                  00002634    0000009c                                   : memcpy_t2.asm.obj (.text)
                  000026d0    00000094     Logger.obj (.text)
                  00002764    00000094     System.obj (.text)
                  000027f8    00000086     rtsv7M4_T_le_v4SPD16_eabi.lib : fd_cmp_t2.asm.obj (.text:__aeabi_cdrcmple)
                  0000287e    00000002                                   : div0.asm.obj (.text)
                  00002880    00000078                                   : memory.c.obj (.text:malloc)
                  000028f8    0000006e                                   : fd_tos_t2.asm.obj (.text)
                  00002966    00000002     --HOLE-- [fill = 0]
                  00002968    00000068     driverlib.lib : interrupt.obj (.text:IntEnable)
                  000029d0    00000068     rtsv7M4_T_le_v4SPD16_eabi.lib : copy_decompress_lzss.c.obj (.text:decompress:lzss:__TI_decompress_lzss)
                  00002a38    00000060     driverlib.lib : timer.obj (.text:TimerConfigure)
                  00002a98    00000060     rtsv7M4_T_le_v4SPD16_eabi.lib : autoinit.c.obj (.text:__TI_auto_init_nobinit:__TI_auto_init_nobinit)
                  00002af8    00000050     driverlib.lib : sysctl.obj (.text:SysCtlPeripheralReset)
                  00002b48    0000004c                   : i2c.obj (.text:I2CMasterInitExpClk)
                  00002b94    0000004c                   : timer.obj (.text:_TimerIntNumberGet)
                  00002be0    00000048                   : gpio.obj (.text:GPIOPinConfigure)
                  00002c28    00000048     rtsv7M4_T_le_v4SPD16_eabi.lib : exit.c.obj (.text:exit)
                  00002c70    00000046     driverlib.lib : uart.obj (.text:UARTConfigSetExpClk)
                  00002cb6    00000002     --HOLE-- [fill = 0]
                  00002cb8    00000044     rtsv7M4_T_le_v4SPD16_eabi.lib : dtor_list.c.obj (.text:_Z25__add_destruction_to_listPP20a_needed_destructionPFYvPvES2_S2_)
                  00002cfc    00000044     main.obj (.text)
                  00002d40    00000042     rtsv7M4_T_le_v4SPD16_eabi.lib : dtor_list.c.obj (.text:_Z23__finalize_destructionsPP20a_needed_destructionPv)
                  00002d82    00000040                                   : u_divt2.asm.obj (.text)
                  00002dc2    00000002     --HOLE-- [fill = 0]
                  00002dc4    0000003c                                   : memory.c.obj (.text:minsert)
                  00002e00    00000038     driverlib.lib : sysctl.obj (.text:SysCtlPeripheralReady)
                  00002e38    00000038     rtsv7M4_T_le_v4SPD16_eabi.lib : boot_cortex_m.c.obj (.text:_c_int00_noargs:_c_int00_noargs)
                  00002e70    00000038                                   : memory.c.obj (.text:minit)
                  00002ea8    00000038                                   : fs_tod_t2.asm.obj (.text)
                  00002ee0    00000034     driverlib.lib : interrupt.obj (.text:IntRegister)
                  00002f14    00000034                   : sysctl.obj (.text:SysCtlPeripheralEnable)
                  00002f48    00000034     GY521.obj (.text:_Z5atan2IssENSt3__216__lazy_enable_ifIXaasr3std3__213is_arithmeticIT_EE5valuesr3std3__213is_arithmeticIT0_EE5valueENS0_9__promoteIS2_S3_vEEE4typeES2_S3_)
                  00002f7c    00000034     rtsv7M4_T_le_v4SPD16_eabi.lib : dtor_list.c.obj (.text:__aeabi_atexit)
                  00002fb0    00000030     GY521.obj (.text:_Z5atan2IisENSt3__216__lazy_enable_ifIXaasr3std3__213is_arithmeticIT_EE5valuesr3std3__213is_arithmeticIT0_EE5valueENS0_9__promoteIS2_S3_vEEE4typeES2_S3_)
                  00002fe0    0000002e     rtsv7M4_T_le_v4SPD16_eabi.lib : i_tofd_t2.asm.obj (.text)
                  0000300e    0000002a     driverlib.lib : gpio.obj (.text:GPIODirModeSet)
                  00003038    00000028     rtsv7M4_T_le_v4SPD16_eabi.lib : memory.c.obj (.text:mremove)
                  00003060    00000020     driverlib.lib : uart.obj (.text:UARTDisable)
                  00003080    00000018                   : gpio.obj (.text:GPIOPinTypeGPIOOutput)
                  00003098    00000018                   : timer.obj (.text:TimerControlStall)
                  000030b0    00000018                   : timer.obj (.text:TimerIntRegister)
                  000030c8    00000016     GY521.obj (.text:_ZN3I2CaSERKS_)
                  000030de    00000016     Console.obj (.text:_ZN4UARTaSERKS_)
                  000030f4    00000016     StateSystem.obj (.text:_ZN5TIMERaSERKS_)
                  0000310a    00000014     driverlib.lib : uart.obj (.text:UARTEnable)
                  0000311e    00000012                   : gpio.obj (.text:GPIOPinTypeGPIOInput)
                  00003130    00000012                   : gpio.obj (.text:GPIOPinTypeI2C)
                  00003142    00000012                   : gpio.obj (.text:GPIOPinTypeI2CSCL)
                  00003154    00000012                   : gpio.obj (.text:GPIOPinTypeUART)
                  00003166    00000012                   : timer.obj (.text:TimerLoadSet)
                  00003178    00000012     rtsv7M4_T_le_v4SPD16_eabi.lib : copy_zero_init.c.obj (.text:decompress:ZI:__TI_zero_init_nomemset:__TI_zero_init_nomemset)
                  0000318a    0000000e     driverlib.lib : timer.obj (.text:TimerEnable)
                  00003198    0000000e     rtsv7M4_T_le_v4SPD16_eabi.lib : typeinfo.c.obj (.text:_ZN10__cxxabiv117__class_type_infoD0Ev)
                  000031a6    0000000e                                   : typeinfo.c.obj (.text:_ZN10__cxxabiv120__si_class_type_infoD0Ev)
                  000031b4    0000000e     System.obj (.text:_ZN6LoggeraSERKS_)
                  000031c2    0000000e     rtsv7M4_T_le_v4SPD16_eabi.lib : copy_decompress_none.c.obj (.text:decompress:none:__TI_decompress_none)
                  000031d0    0000000c                                   : dtor_list.c.obj (.text:__cxa_ia64_exit)
                  000031dc    0000000c     tm4c123gh6pm_startup_ccs.obj (.text)
                  000031e8    0000000a     driverlib.lib : i2c.obj (.text:I2CMasterEnable)
                  000031f2    0000000a                   : timer.obj (.text:TimerIntStatus)
                  000031fc    0000000a                   : uart.obj (.text:UARTCharGet)
                  00003206    0000000a                   : uart.obj (.text:UARTCharPut)
                  00003210    00000008                   : i2c.obj (.text:I2CMasterBusy)
                  00003218    00000008                   : i2c.obj (.text:I2CMasterSlaveAddrSet)
                  00003220    00000008                   : timer.obj (.text:TimerIntEnable)
                  00003228    00000008     rtsv7M4_T_le_v4SPD16_eabi.lib : new.cpp.obj (.text:_ZdlPv)
                  00003230    00000006     driverlib.lib : gpio.obj (.text:GPIOPinWrite)
                  00003236    00000006                   : sysctl.obj (.text:SysCtlDelay)
                  0000323c    00000006                   : timer.obj (.text:TimerClockSourceSet)
                  00003242    00000006                   : uart.obj (.text:UARTClockSourceSet)
                  00003248    00000004                   : i2c.obj (.text:I2CMasterControl)
                  0000324c    00000004                   : i2c.obj (.text:I2CMasterDataGet)
                  00003250    00000004                   : i2c.obj (.text:I2CMasterDataPut)
                  00003254    00000004                   : timer.obj (.text:TimerIntClear)
                  00003258    00000004     rtsv7M4_T_le_v4SPD16_eabi.lib : typeinfo.c.obj (.text:_ZN10__cxxabiv117__class_type_infoD1Ev)
                  0000325c    00000004                                   : typeinfo.c.obj (.text:_ZN10__cxxabiv120__si_class_type_infoD1Ev)
                  00003260    00000004                                   : new.cpp.obj (.text:_ZdlPvj)
                  00003264    00000004                                   : pre_init.c.obj (.text:_system_pre_init)
                  00003268    00000004                                   : exit.c.obj (.text:abort:abort)

.const     0    00003270    000004c8     
                  00003270    00000098     rtsv7M4_T_le_v4SPD16_eabi.lib : s_atan.c.obj (.const:$O1$$)
                  00003308    00000090     driverlib.lib : gpio.obj (.const:g_pui32GPIOBaseAddrs)
                  00003398    00000070                   : interrupt.obj (.const)
                  00003408    0000006c                   : sysctl.obj (.const:g_pui32Xtals)
                  00003474    00000060                   : timer.obj (.const:g_ppui32TimerIntMap)
                  000034d4    00000040                   : timer.obj (.const:g_ppui32TimerIntMapSnowflake)
                  00003514    00000025     rtsv7M4_T_le_v4SPD16_eabi.lib : typeinfo.c.obj (.const:.typeinfo:_ZTSN10__cxxabiv120__si_class_type_infoE)
                  00003539    00000022                                   : typeinfo.c.obj (.const:.typeinfo:_ZTSN10__cxxabiv117__class_type_infoE)
                  0000355b    00000001     --HOLE-- [fill = 0]
                  0000355c    00000012     Console.obj (.const:.string)
                  0000356e    00000002     --HOLE-- [fill = 0]
                  00003570    00000012     Log.obj (.const:.string)
                  00003582    00000002     --HOLE-- [fill = 0]
                  00003584    00000010     GY521.obj (.const:MPU6050AccelFactors)
                  00003594    00000010     GY521.obj (.const:MPU6050GyroFactors)
                  000035a4    00000010     StateSystem.obj (.const:_ZTV11StateSystem)
                  000035b4    00000010     I2C.obj (.const:_ZTV3I2C)
                  000035c4    00000010     Log.obj (.const:_ZTV3Log)
                  000035d4    00000010     GPIO.obj (.const:_ZTV4GPIO)
                  000035e4    00000010     UART.obj (.const:_ZTV4UART)
                  000035f4    00000010     GY521.obj (.const:_ZTV5GY521)
                  00003604    00000010     TIMER.obj (.const:_ZTV5TIMER)
                  00003614    00000010     Logger.obj (.const:_ZTV6Logger)
                  00003624    00000010     System.obj (.const:_ZTV6System)
                  00003634    00000010     Console.obj (.const:_ZTV7Console)
                  00003644    00000010     rtsv7M4_T_le_v4SPD16_eabi.lib : typeinfo.c.obj (.const:_ZTVN10__cxxabiv117__class_type_infoE)
                  00003654    00000010                                   : typeinfo.c.obj (.const:_ZTVN10__cxxabiv120__si_class_type_infoE)
                  00003664    0000000e     StateSystem.obj (.const:.typeinfo:_ZTS11StateSystem)
                  00003672    0000000d     rtsv7M4_T_le_v4SPD16_eabi.lib : stdlib_typeinfo.cpp.obj (.const:.typeinfo:_ZTSSt9type_info)
                  0000367f    00000001     --HOLE-- [fill = 0]
                  00003680    0000000c                                   : typeinfo.c.obj (.const:.typeinfo:_ZTIN10__cxxabiv117__class_type_infoE)
                  0000368c    0000000c                                   : typeinfo.c.obj (.const:.typeinfo:_ZTIN10__cxxabiv120__si_class_type_infoE)
                  00003698    00000009     Console.obj (.const:.typeinfo:_ZTS7Console)
                  000036a1    00000003     --HOLE-- [fill = 0]
                  000036a4    00000008     StateSystem.obj (.const:.typeinfo:_ZTI11StateSystem)
                  000036ac    00000008     I2C.obj (.const:.typeinfo:_ZTI3I2C)
                  000036b4    00000008     Log.obj (.const:.typeinfo:_ZTI3Log)
                  000036bc    00000008     GPIO.obj (.const:.typeinfo:_ZTI4GPIO)
                  000036c4    00000008     UART.obj (.const:.typeinfo:_ZTI4UART)
                  000036cc    00000008     GY521.obj (.const:.typeinfo:_ZTI5GY521)
                  000036d4    00000008     TIMER.obj (.const:.typeinfo:_ZTI5TIMER)
                  000036dc    00000008     Logger.obj (.const:.typeinfo:_ZTI6Logger)
                  000036e4    00000008     System.obj (.const:.typeinfo:_ZTI6System)
                  000036ec    00000008     Console.obj (.const:.typeinfo:_ZTI7Console)
                  000036f4    00000008     rtsv7M4_T_le_v4SPD16_eabi.lib : stdlib_typeinfo.cpp.obj (.const:.typeinfo:_ZTISt9type_info)
                  000036fc    00000008     Logger.obj (.const:.typeinfo:_ZTS6Logger)
                  00003704    00000008     System.obj (.const:.typeinfo:_ZTS6System)
                  0000370c    00000007     GY521.obj (.const:.typeinfo:_ZTS5GY521)
                  00003713    00000007     TIMER.obj (.const:.typeinfo:_ZTS5TIMER)
                  0000371a    00000006     GPIO.obj (.const:.typeinfo:_ZTS4GPIO)
                  00003720    00000006     UART.obj (.const:.typeinfo:_ZTS4UART)
                  00003726    00000005     I2C.obj (.const:.typeinfo:_ZTS3I2C)
                  0000372b    00000005     Log.obj (.const:.typeinfo:_ZTS3Log)
                  00003730    00000004     Console.obj (.const)
                  00003734    00000004     Log.obj (.const)

.cinit     0    00003748    00000050     
                  00003748    0000001a     (.cinit..data.load) [load image, compression = lzss]
                  00003762    00000002     --HOLE-- [fill = 0]
                  00003764    0000000c     (__TI_handler_table)
                  00003770    00000008     (.cinit..bss.load) [load image, compression = zero_init]
                  00003778    00000008     (.cinit..vtable.load) [load image, compression = zero_init]
                  00003780    00000018     (__TI_cinit_table)

.init_array 
*          0    00003738    00000010     
                  00003738    00000004     System.obj (.init_array)
                  0000373c    00000004     Logger.obj (.init_array)
                  00003740    00000004     Console.obj (.init_array)
                  00003744    00000004     StateSystem.obj (.init_array)

.vtable    0    20000000    0000026c     UNINITIALIZED
                  20000000    0000026c     driverlib.lib : interrupt.obj (.vtable)

.stack     0    20000270    00000200     UNINITIALIZED
                  20000270    00000004     rtsv7M4_T_le_v4SPD16_eabi.lib : boot_cortex_m.c.obj (.stack)
                  20000274    000001fc     --HOLE--

.bss       0    20000470    00000040     UNINITIALIZED
                  20000470    0000001c     StateSystem.obj (.bss:_ZN11StateSystem5gy521E)
                  2000048c    00000008     StateSystem.obj (.bss:_ZN11StateSystem5portFE)
                  20000494    00000008     Logger.obj (.bss:_ZN6Logger4uartE)
                  2000049c    00000008     Console.obj (.bss:_ZN7Console4uartE)
                  200004a4    00000004     System.obj (.bss:_ZN6System6loggerE)
                  200004a8    00000004     (.common:_ZN3Log6loggerE)
                  200004ac    00000004     (.common:__dso_handle)

.data      0    200004b0    00000028     UNINITIALIZED
                  200004b0    0000000c     rtsv7M4_T_le_v4SPD16_eabi.lib : exit.c.obj (.data:$O1$$)
                  200004bc    0000000c                                   : memory.c.obj (.data:$O1$$)
                  200004c8    00000008                                   : _lock.c.obj (.data:$O1$$)
                  200004d0    00000004     StateSystem.obj (.data)
                  200004d4    00000004     rtsv7M4_T_le_v4SPD16_eabi.lib : dtor_list.c.obj (.data)

.sysmem    0    200004d8    00000008     UNINITIALIZED
                  200004d8    00000008     rtsv7M4_T_le_v4SPD16_eabi.lib : memory.c.obj (.sysmem)

MODULE SUMMARY

       Module                         code    ro data   rw data
       ------                         ----    -------   -------
    .\
       tm4c123gh6pm_startup_ccs.obj   12      620       0      
       main.obj                       68      0         0      
    +--+------------------------------+-------+---------+---------+
       Total:                         80      620       0      
                                                               
    .\modules\GY521\
       GY521.obj                      986     63        0      
    +--+------------------------------+-------+---------+---------+
       Total:                         986     63        0      
                                                               
    .\peripheral\GPIO\
       GPIO.obj                       404     30        0      
    +--+------------------------------+-------+---------+---------+
       Total:                         404     30        0      
                                                               
    .\peripheral\I2C\
       I2C.obj                        1066    29        0      
    +--+------------------------------+-------+---------+---------+
       Total:                         1066    29        0      
                                                               
    .\peripheral\TIMER\
       TIMER.obj                      316     31        0      
    +--+------------------------------+-------+---------+---------+
       Total:                         316     31        0      
                                                               
    .\peripheral\UART\
       UART.obj                       476     30        0      
    +--+------------------------------+-------+---------+---------+
       Total:                         476     30        0      
                                                               
    .\slib\StateSystem\
       StateSystem.obj                534     42        40     
    +--+------------------------------+-------+---------+---------+
       Total:                         534     42        40     
                                                               
    .\slib\console\
       Console.obj                    1006    59        8      
    +--+------------------------------+-------+---------+---------+
       Total:                         1006    59        8      
                                                               
    .\slib\log\
       Log.obj                        1256    51        4      
       Logger.obj                     148     36        8      
    +--+------------------------------+-------+---------+---------+
       Total:                         1404    87        12     
                                                               
    .\slib\system\
       System.obj                     162     36        4      
    +--+------------------------------+-------+---------+---------+
       Total:                         162     36        4      
                                                               
    ../driverlib.lib
       interrupt.obj                  156     112       620    
       sysctl.obj                     710     108       0      
       gpio.obj                       522     144       0      
       timer.obj                      280     160       0      
       uart.obj                       148     0         0      
       i2c.obj                        114     0         0      
    +--+------------------------------+-------+---------+---------+
       Total:                         1930    524       620    
                                                               
    D:\ProgrameFiles\CCS\ccsv8\tools\compiler\ti-cgt-arm_18.1.2.LTS\lib\rtsv7M4_T_le_v4SPD16_eabi.lib
       s_atan.c.obj                   748     152       0      
       memory.c.obj                   492     0         12     
       e_atan2.c.obj                  492     0         0      
       fd_add_t2.asm.obj              438     0         0      
       fd_div_t2.asm.obj              310     0         0      
       fd_mul_t2.asm.obj              252     0         0      
       dtor_list.c.obj                198     0         8      
       typeinfo.c.obj                 36      127       0      
       memcpy_t2.asm.obj              156     0         0      
       fd_cmp_t2.asm.obj              134     0         0      
       fd_tos_t2.asm.obj              110     0         0      
       copy_decompress_lzss.c.obj     104     0         0      
       autoinit.c.obj                 96      0         0      
       exit.c.obj                     76      0         12     
       u_divt2.asm.obj                64      0         0      
       boot_cortex_m.c.obj            56      0         0      
       fs_tod_t2.asm.obj              56      0         0      
       i_tofd_t2.asm.obj              46      0         0      
       stdlib_typeinfo.cpp.obj        2       21        0      
       copy_zero_init.c.obj           18      0         0      
       copy_decompress_none.c.obj     14      0         0      
       new.cpp.obj                    12      0         0      
       _lock.c.obj                    2       0         8      
       pre_init.c.obj                 4       0         0      
       div0.asm.obj                   2       0         0      
    +--+------------------------------+-------+---------+---------+
       Total:                         3918    300       40     
                                                               
       Heap:                          0       0         8      
       Stack:                         0       0         512    
       Linker Generated:              0       78        0      
    +--+------------------------------+-------+---------+---------+
       Grand Total:                   12282   1929      1244   


LINKER GENERATED COPY TABLES

__TI_cinit_table @ 00003780 records: 3, size/record: 8, table size: 24
	.data: load addr=00003748, load size=0000001a bytes, run addr=200004b0, run size=00000028 bytes, compression=lzss
	.bss: load addr=00003770, load size=00000008 bytes, run addr=20000470, run size=00000040 bytes, compression=zero_init
	.vtable: load addr=00003778, load size=00000008 bytes, run addr=20000000, run size=0000026c bytes, compression=zero_init


LINKER GENERATED HANDLER TABLE

__TI_handler_table @ 00003764 records: 3, size/record: 4, table size: 12
	index: 0, handler: __TI_zero_init
	index: 1, handler: __TI_decompress_lzss
	index: 2, handler: __TI_decompress_none


GLOBAL SYMBOLS: SORTED ALPHABETICALLY BY Name 

address   name                                                                                                                                                    
-------   ----                                                                                                                                                    
00003269  C$$EXIT                                                                                                                                                 
0000300f  GPIODirModeSet                                                                                                                                          
0000212b  GPIOPadConfigSet                                                                                                                                        
00002be1  GPIOPinConfigure                                                                                                                                        
0000311f  GPIOPinTypeGPIOInput                                                                                                                                    
00003081  GPIOPinTypeGPIOOutput                                                                                                                                   
00003131  GPIOPinTypeI2C                                                                                                                                          
00003143  GPIOPinTypeI2CSCL                                                                                                                                       
00003155  GPIOPinTypeUART                                                                                                                                         
00003231  GPIOPinWrite                                                                                                                                            
00003211  I2CMasterBusy                                                                                                                                           
00003249  I2CMasterControl                                                                                                                                        
0000324d  I2CMasterDataGet                                                                                                                                        
00003251  I2CMasterDataPut                                                                                                                                        
000031e9  I2CMasterEnable                                                                                                                                         
00002b49  I2CMasterInitExpClk                                                                                                                                     
00003219  I2CMasterSlaveAddrSet                                                                                                                                   
00002969  IntEnable                                                                                                                                               
00002ee1  IntRegister                                                                                                                                             
000031dd  ResetISR                                                                                                                                                
00003738  SHT$$INIT_ARRAY$$Base                                                                                                                                   
00003748  SHT$$INIT_ARRAY$$Limit                                                                                                                                  
0000225d  SysCtlClockGet                                                                                                                                          
00002469  SysCtlClockSet                                                                                                                                          
00003237  SysCtlDelay                                                                                                                                             
00002f15  SysCtlPeripheralEnable                                                                                                                                  
00002e01  SysCtlPeripheralReady                                                                                                                                   
00002af9  SysCtlPeripheralReset                                                                                                                                   
0000323d  TimerClockSourceSet                                                                                                                                     
00002a39  TimerConfigure                                                                                                                                          
00003099  TimerControlStall                                                                                                                                       
0000318b  TimerEnable                                                                                                                                             
00003255  TimerIntClear                                                                                                                                           
00003221  TimerIntEnable                                                                                                                                          
000030b1  TimerIntRegister                                                                                                                                        
000031f3  TimerIntStatus                                                                                                                                          
00003167  TimerLoadSet                                                                                                                                            
000031fd  UARTCharGet                                                                                                                                             
00003207  UARTCharPut                                                                                                                                             
00003243  UARTClockSourceSet                                                                                                                                      
00002c71  UARTConfigSetExpClk                                                                                                                                     
00003061  UARTDisable                                                                                                                                             
0000310b  UARTEnable                                                                                                                                              
00002d41  _Z23__finalize_destructionsPP20a_needed_destructionPv                                                                                                   
00002cb9  _Z25__add_destruction_to_listPP20a_needed_destructionPFYvPvES2_S2_                                                                                      
00002fb1  _Z5atan2IisENSt3__216__lazy_enable_ifIXaasr3std3__213is_arithmeticIT_EE5valuesr3std3__213is_arithmeticIT0_EE5valueENS0_9__promoteIS2_S3_vEEE4typeES2_S3_
00002f49  _Z5atan2IssENSt3__216__lazy_enable_ifIXaasr3std3__213is_arithmeticIT_EE5valuesr3std3__213is_arithmeticIT0_EE5valueENS0_9__promoteIS2_S3_vEEE4typeES2_S3_
00003199  _ZN10__cxxabiv117__class_type_infoD0Ev                                                                                                                  
00003259  _ZN10__cxxabiv117__class_type_infoD1Ev                                                                                                                  
00003259  _ZN10__cxxabiv117__class_type_infoD2Ev                                                                                                                  
000031a7  _ZN10__cxxabiv120__si_class_type_infoD0Ev                                                                                                               
0000325d  _ZN10__cxxabiv120__si_class_type_infoD1Ev                                                                                                               
0000325d  _ZN10__cxxabiv120__si_class_type_infoD2Ev                                                                                                               
200004d0  _ZN11StateSystem4rollE                                                                                                                                  
20000470  _ZN11StateSystem5gy521E                                                                                                                                 
2000048c  _ZN11StateSystem5portFE                                                                                                                                 
0000162d  _ZN11StateSystem7getRollEv                                                                                                                              
0000163d  _ZN11StateSystem9timer3ISREv                                                                                                                            
000015a5  _ZN11StateSystemC1Ev                                                                                                                                    
000015a5  _ZN11StateSystemC2Ev                                                                                                                                    
00001619  _ZN11StateSystemD0Ev                                                                                                                                    
00001609  _ZN11StateSystemD1Ev                                                                                                                                    
00001609  _ZN11StateSystemD2Ev                                                                                                                                    
00000907  _ZN3I2C10WriteBurstEhhPhh                                                                                                                               
000009bd  _ZN3I2C4ReadEhhPh                                                                                                                                       
000008dd  _ZN3I2C5WriteEhhh                                                                                                                                       
00000a99  _ZN3I2C9ReadBurstEhhPhh                                                                                                                                 
00000767  _ZN3I2CC1Ehh                                                                                                                                            
00000755  _ZN3I2CC1Ev                                                                                                                                             
00000767  _ZN3I2CC2Ehh                                                                                                                                            
00000755  _ZN3I2CC2Ev                                                                                                                                             
000008c9  _ZN3I2CD0Ev                                                                                                                                             
000008bd  _ZN3I2CD1Ev                                                                                                                                             
000008bd  _ZN3I2CD2Ev                                                                                                                                             
000030c9  _ZN3I2CaSERKS_                                                                                                                                          
000002e7  _ZN3Log10logWarningEPKcz                                                                                                                                
0000029f  _ZN3Log4initEP6Logger                                                                                                                                   
00000357  _ZN3Log6logStrEPKc                                                                                                                                      
200004a8  _ZN3Log6loggerE                                                                                                                                         
0000039f  _ZN3Log7logDoneEPKcz                                                                                                                                    
000002af  _ZN3Log7logInfoEPKcz                                                                                                                                    
00000367  _ZN3Log8logDoingEPKcz                                                                                                                                   
0000031f  _ZN3Log8logErrorEPKcz                                                                                                                                   
0000041d  _ZN3Log8vprintf2EPKc11__va_list_t                                                                                                                       
0000026d  _ZN3LogC1Ev                                                                                                                                             
0000026d  _ZN3LogC2Ev                                                                                                                                             
0000028b  _ZN3LogD0Ev                                                                                                                                             
0000027f  _ZN3LogD1Ev                                                                                                                                             
0000027f  _ZN3LogD2Ev                                                                                                                                             
00001e35  _ZN4GPIO4modeEhh                                                                                                                                        
00001df5  _ZN4GPIO5writeEhh                                                                                                                                       
00001d37  _ZN4GPIOC1Eh                                                                                                                                            
00001d25  _ZN4GPIOC1Ev                                                                                                                                            
00001d37  _ZN4GPIOC2Eh                                                                                                                                            
00001d25  _ZN4GPIOC2Ev                                                                                                                                            
00001de1  _ZN4GPIOD0Ev                                                                                                                                            
00001dd5  _ZN4GPIOD1Ev                                                                                                                                            
00001dd5  _ZN4GPIOD2Ev                                                                                                                                            
00001a95  _ZN4UART4sendEPKc                                                                                                                                       
00001ae9  _ZN4UART4sendEPKch                                                                                                                                      
00001b23  _ZN4UART5reicvEPhh                                                                                                                                      
000019a3  _ZN4UARTC1Ehj                                                                                                                                           
00001991  _ZN4UARTC1Ev                                                                                                                                            
000019a3  _ZN4UARTC2Ehj                                                                                                                                           
00001991  _ZN4UARTC2Ev                                                                                                                                            
00001a81  _ZN4UARTD0Ev                                                                                                                                            
00001a75  _ZN4UARTD1Ev                                                                                                                                            
00001a75  _ZN4UARTD2Ev                                                                                                                                            
000030df  _ZN4UARTaSERKS_                                                                                                                                         
00001245  _ZN5GY52110updateGyroEv                                                                                                                                 
000011f3  _ZN5GY52111updateAccelEv                                                                                                                                
00001111  _ZN5GY5217getGyroEPf                                                                                                                                    
000011c3  _ZN5GY5217getRollEv                                                                                                                                     
00001091  _ZN5GY5218getAccelEPf                                                                                                                                   
00001191  _ZN5GY5218getPitchEv                                                                                                                                    
00000f6f  _ZN5GY521C1Ehhh                                                                                                                                         
00000f59  _ZN5GY521C1Ev                                                                                                                                           
00000f6f  _ZN5GY521C2Ehhh                                                                                                                                         
00000f59  _ZN5GY521C2Ev                                                                                                                                           
0000107d  _ZN5GY521D0Ev                                                                                                                                           
0000106d  _ZN5GY521D1Ev                                                                                                                                           
0000106d  _ZN5GY521D2Ev                                                                                                                                           
00001ecb  _ZN5TIMERC1Eht                                                                                                                                          
00001eb9  _ZN5TIMERC1Ev                                                                                                                                           
00001ecb  _ZN5TIMERC2Eht                                                                                                                                          
00001eb9  _ZN5TIMERC2Ev                                                                                                                                           
00001fa7  _ZN5TIMERD0Ev                                                                                                                                           
00001f9b  _ZN5TIMERD1Ev                                                                                                                                           
00001f9b  _ZN5TIMERD2Ev                                                                                                                                           
000030f5  _ZN5TIMERaSERKS_                                                                                                                                        
20000494  _ZN6Logger4uartE                                                                                                                                        
00002719  _ZN6Logger5writeEPKc                                                                                                                                    
00002729  _ZN6Logger5writeEPKch                                                                                                                                   
000026d1  _ZN6LoggerC1Ev                                                                                                                                          
000026d1  _ZN6LoggerC2Ev                                                                                                                                          
00002705  _ZN6LoggerD0Ev                                                                                                                                          
000026f9  _ZN6LoggerD1Ev                                                                                                                                          
000026f9  _ZN6LoggerD2Ev                                                                                                                                          
000031b5  _ZN6LoggeraSERKS_                                                                                                                                       
00002797  _ZN6System4initEv                                                                                                                                       
200004a4  _ZN6System6loggerE                                                                                                                                      
000027bf  _ZN6System7delayMsEj                                                                                                                                    
00002765  _ZN6SystemC1Ev                                                                                                                                          
00002765  _ZN6SystemC2Ev                                                                                                                                          
00002783  _ZN6SystemD0Ev                                                                                                                                          
00002777  _ZN6SystemD1Ev                                                                                                                                          
00002777  _ZN6SystemD2Ev                                                                                                                                          
00000c11  _ZN7Console11UARTvprintfEPKc11__va_list_t                                                                                                               
00000bd1  _ZN7Console4getsEPhh                                                                                                                                    
00000bb3  _ZN7Console4initEv                                                                                                                                      
2000049c  _ZN7Console4uartE                                                                                                                                       
00000be7  _ZN7Console6printfEPKcz                                                                                                                                 
00000b81  _ZN7ConsoleC1Ev                                                                                                                                         
00000b81  _ZN7ConsoleC2Ev                                                                                                                                         
00000b9f  _ZN7ConsoleD0Ev                                                                                                                                         
00000b93  _ZN7ConsoleD1Ev                                                                                                                                         
00000b93  _ZN7ConsoleD2Ev                                                                                                                                         
00000b7f  _ZNSt9type_infoD1Ev                                                                                                                                     
00000b7f  _ZNSt9type_infoD2Ev                                                                                                                                     
00003269  _ZSt17__throw_bad_allocv                                                                                                                                
000036a4  _ZTI11StateSystem                                                                                                                                       
000036ac  _ZTI3I2C                                                                                                                                                
000036b4  _ZTI3Log                                                                                                                                                
000036bc  _ZTI4GPIO                                                                                                                                               
000036c4  _ZTI4UART                                                                                                                                               
000036cc  _ZTI5GY521                                                                                                                                              
000036d4  _ZTI5TIMER                                                                                                                                              
000036dc  _ZTI6Logger                                                                                                                                             
000036e4  _ZTI6System                                                                                                                                             
000036ec  _ZTI7Console                                                                                                                                            
00003680  _ZTIN10__cxxabiv117__class_type_infoE                                                                                                                   
0000368c  _ZTIN10__cxxabiv120__si_class_type_infoE                                                                                                                
000036f4  _ZTISt9type_info                                                                                                                                        
00003664  _ZTS11StateSystem                                                                                                                                       
00003726  _ZTS3I2C                                                                                                                                                
0000372b  _ZTS3Log                                                                                                                                                
0000371a  _ZTS4GPIO                                                                                                                                               
00003720  _ZTS4UART                                                                                                                                               
0000370c  _ZTS5GY521                                                                                                                                              
00003713  _ZTS5TIMER                                                                                                                                              
000036fc  _ZTS6Logger                                                                                                                                             
00003704  _ZTS6System                                                                                                                                             
00003698  _ZTS7Console                                                                                                                                            
00003539  _ZTSN10__cxxabiv117__class_type_infoE                                                                                                                   
00003514  _ZTSN10__cxxabiv120__si_class_type_infoE                                                                                                                
00003672  _ZTSSt9type_info                                                                                                                                        
000035a4  _ZTV11StateSystem                                                                                                                                       
000035b4  _ZTV3I2C                                                                                                                                                
000035c4  _ZTV3Log                                                                                                                                                
000035d4  _ZTV4GPIO                                                                                                                                               
000035e4  _ZTV4UART                                                                                                                                               
000035f4  _ZTV5GY521                                                                                                                                              
00003604  _ZTV5TIMER                                                                                                                                              
00003614  _ZTV6Logger                                                                                                                                             
00003624  _ZTV6System                                                                                                                                             
00003634  _ZTV7Console                                                                                                                                            
00003644  _ZTVN10__cxxabiv117__class_type_infoE                                                                                                                   
00003654  _ZTVN10__cxxabiv120__si_class_type_infoE                                                                                                                
00003229  _ZdlPv                                                                                                                                                  
00003261  _ZdlPvj                                                                                                                                                 
20000470  __STACK_END                                                                                                                                             
00000200  __STACK_SIZE                                                                                                                                            
20000470  __STACK_TOP                                                                                                                                             
00000008  __SYSMEM_SIZE                                                                                                                                           
00003780  __TI_CINIT_Base                                                                                                                                         
00003798  __TI_CINIT_Limit                                                                                                                                        
00003764  __TI_Handler_Table_Base                                                                                                                                 
00003770  __TI_Handler_Table_Limit                                                                                                                                
00002a99  __TI_auto_init_nobinit                                                                                                                                  
200004b0  __TI_cleanup_ptr                                                                                                                                        
000029d1  __TI_decompress_lzss                                                                                                                                    
000031c3  __TI_decompress_none                                                                                                                                    
200004b4  __TI_dtors_ptr                                                                                                                                          
200004b8  __TI_enable_exit_profile_output                                                                                                                         
ffffffff  __TI_pprof_out_hndl                                                                                                                                     
ffffffff  __TI_prof_data_size                                                                                                                                     
ffffffff  __TI_prof_data_start                                                                                                                                    
00000000  __TI_static_base__                                                                                                                                      
00003179  __TI_zero_init_nomemset                                                                                                                                 
00002f7d  __aeabi_atexit                                                                                                                                          
000027f9  __aeabi_cdrcmple                                                                                                                                        
000028f9  __aeabi_d2f                                                                                                                                             
00001b77  __aeabi_dadd                                                                                                                                            
00001ff5  __aeabi_ddiv                                                                                                                                            
0000236d  __aeabi_dmul                                                                                                                                            
00001b6d  __aeabi_dsub                                                                                                                                            
00002ea9  __aeabi_f2d                                                                                                                                             
00002fe1  __aeabi_i2d                                                                                                                                             
0000287f  __aeabi_idiv0                                                                                                                                           
0000287f  __aeabi_ldiv0                                                                                                                                           
00002635  __aeabi_memcpy                                                                                                                                          
00002635  __aeabi_memcpy4                                                                                                                                         
00002635  __aeabi_memcpy8                                                                                                                                         
00002d83  __aeabi_uidiv                                                                                                                                           
00002d83  __aeabi_uidivmod                                                                                                                                        
ffffffff  __binit__                                                                                                                                               
ffffffff  __c_args__                                                                                                                                              
000031d1  __cxa_ia64_exit                                                                                                                                         
200004ac  __dso_handle                                                                                                                                            
UNDEFED   __mpu_init                                                                                                                                              
20000270  __stack                                                                                                                                                 
00002741  __sti___10_Logger_cpp_4773e62b                                                                                                                          
000027d1  __sti___10_System_cpp_524050c4                                                                                                                          
00000f27  __sti___11_Console_cpp_3f9ddb1e                                                                                                                         
00001707  __sti___15_StateSystem_cpp_27c4ccc0                                                                                                                     
00002e39  _c_int00_noargs                                                                                                                                         
200004c8  _lock                                                                                                                                                   
00001d23  _nop                                                                                                                                                    
200004d8  _sys_memory                                                                                                                                             
UNDEFED   _system_post_cinit                                                                                                                                      
00003265  _system_pre_init                                                                                                                                        
200004cc  _unlock                                                                                                                                                 
00003269  abort                                                                                                                                                   
000012b9  atan                                                                                                                                                    
000017a5  atan2                                                                                                                                                   
000017a5  atan2l                                                                                                                                                  
000012b9  atanl                                                                                                                                                   
ffffffff  binit                                                                                                                                                   
00002c29  exit                                                                                                                                                    
0000255d  free                                                                                                                                                    
20000000  g_pfnRAMVectors                                                                                                                                         
00000000  g_pfnVectors                                                                                                                                            
00002cfd  main                                                                                                                                                    
00002881  malloc                                                                                                                                                  
00002635  memcpy                                                                                                                                                  
00002e71  minit                                                                                                                                                   


GLOBAL SYMBOLS: SORTED BY Symbol Address 

address   name                                                                                                                                                    
-------   ----                                                                                                                                                    
00000000  __TI_static_base__                                                                                                                                      
00000000  g_pfnVectors                                                                                                                                            
00000008  __SYSMEM_SIZE                                                                                                                                           
00000200  __STACK_SIZE                                                                                                                                            
0000026d  _ZN3LogC1Ev                                                                                                                                             
0000026d  _ZN3LogC2Ev                                                                                                                                             
0000027f  _ZN3LogD1Ev                                                                                                                                             
0000027f  _ZN3LogD2Ev                                                                                                                                             
0000028b  _ZN3LogD0Ev                                                                                                                                             
0000029f  _ZN3Log4initEP6Logger                                                                                                                                   
000002af  _ZN3Log7logInfoEPKcz                                                                                                                                    
000002e7  _ZN3Log10logWarningEPKcz                                                                                                                                
0000031f  _ZN3Log8logErrorEPKcz                                                                                                                                   
00000357  _ZN3Log6logStrEPKc                                                                                                                                      
00000367  _ZN3Log8logDoingEPKcz                                                                                                                                   
0000039f  _ZN3Log7logDoneEPKcz                                                                                                                                    
0000041d  _ZN3Log8vprintf2EPKc11__va_list_t                                                                                                                       
00000755  _ZN3I2CC1Ev                                                                                                                                             
00000755  _ZN3I2CC2Ev                                                                                                                                             
00000767  _ZN3I2CC1Ehh                                                                                                                                            
00000767  _ZN3I2CC2Ehh                                                                                                                                            
000008bd  _ZN3I2CD1Ev                                                                                                                                             
000008bd  _ZN3I2CD2Ev                                                                                                                                             
000008c9  _ZN3I2CD0Ev                                                                                                                                             
000008dd  _ZN3I2C5WriteEhhh                                                                                                                                       
00000907  _ZN3I2C10WriteBurstEhhPhh                                                                                                                               
000009bd  _ZN3I2C4ReadEhhPh                                                                                                                                       
00000a99  _ZN3I2C9ReadBurstEhhPhh                                                                                                                                 
00000b7f  _ZNSt9type_infoD1Ev                                                                                                                                     
00000b7f  _ZNSt9type_infoD2Ev                                                                                                                                     
00000b81  _ZN7ConsoleC1Ev                                                                                                                                         
00000b81  _ZN7ConsoleC2Ev                                                                                                                                         
00000b93  _ZN7ConsoleD1Ev                                                                                                                                         
00000b93  _ZN7ConsoleD2Ev                                                                                                                                         
00000b9f  _ZN7ConsoleD0Ev                                                                                                                                         
00000bb3  _ZN7Console4initEv                                                                                                                                      
00000bd1  _ZN7Console4getsEPhh                                                                                                                                    
00000be7  _ZN7Console6printfEPKcz                                                                                                                                 
00000c11  _ZN7Console11UARTvprintfEPKc11__va_list_t                                                                                                               
00000f27  __sti___11_Console_cpp_3f9ddb1e                                                                                                                         
00000f59  _ZN5GY521C1Ev                                                                                                                                           
00000f59  _ZN5GY521C2Ev                                                                                                                                           
00000f6f  _ZN5GY521C1Ehhh                                                                                                                                         
00000f6f  _ZN5GY521C2Ehhh                                                                                                                                         
0000106d  _ZN5GY521D1Ev                                                                                                                                           
0000106d  _ZN5GY521D2Ev                                                                                                                                           
0000107d  _ZN5GY521D0Ev                                                                                                                                           
00001091  _ZN5GY5218getAccelEPf                                                                                                                                   
00001111  _ZN5GY5217getGyroEPf                                                                                                                                    
00001191  _ZN5GY5218getPitchEv                                                                                                                                    
000011c3  _ZN5GY5217getRollEv                                                                                                                                     
000011f3  _ZN5GY52111updateAccelEv                                                                                                                                
00001245  _ZN5GY52110updateGyroEv                                                                                                                                 
000012b9  atan                                                                                                                                                    
000012b9  atanl                                                                                                                                                   
000015a5  _ZN11StateSystemC1Ev                                                                                                                                    
000015a5  _ZN11StateSystemC2Ev                                                                                                                                    
00001609  _ZN11StateSystemD1Ev                                                                                                                                    
00001609  _ZN11StateSystemD2Ev                                                                                                                                    
00001619  _ZN11StateSystemD0Ev                                                                                                                                    
0000162d  _ZN11StateSystem7getRollEv                                                                                                                              
0000163d  _ZN11StateSystem9timer3ISREv                                                                                                                            
[...]
00002f15  SysCtlPeripheralEnable                                                                                                                                  
00002f49  _Z5atan2IssENSt3__216__lazy_enable_ifIXaasr3std3__213is_arithmeticIT_EE5valuesr3std3__213is_arithmeticIT0_EE5valueENS0_9__promoteIS2_S3_vEEE4typeES2_S3_
00002f7d  __aeabi_atexit                                                                                                                                          
00002fb1  _Z5atan2IisENSt3__216__lazy_enable_ifIXaasr3std3__213is_arithmeticIT_EE5valuesr3std3__213is_arithmeticIT0_EE5valueENS0_9__promoteIS2_S3_vEEE4typeES2_S3_
00002fe1  __aeabi_i2d                                                                                                                                             
0000300f  GPIODirModeSet                                                                                                                                          
00003061  UARTDisable                                                                                                                                             
00003081  GPIOPinTypeGPIOOutput                                                                                                                                   
00003099  TimerControlStall                                                                                                                                       
000030b1  TimerIntRegister                                                                                                                                        
000030c9  _ZN3I2CaSERKS_                                                                                                                                          
000030df  _ZN4UARTaSERKS_                                                                                                                                         
000030f5  _ZN5TIMERaSERKS_                                                                                                                                        
0000310b  UARTEnable                                                                                                                                              
0000311f  GPIOPinTypeGPIOInput                                                                                                                                    
00003131  GPIOPinTypeI2C                                                                                                                                          
00003143  GPIOPinTypeI2CSCL                                                                                                                                       
00003155  GPIOPinTypeUART                                                                                                                                         
00003167  TimerLoadSet                                                                                                                                            
00003179  __TI_zero_init_nomemset                                                                                                                                 
0000318b  TimerEnable                                                                                                                                             
00003199  _ZN10__cxxabiv117__class_type_infoD0Ev                                                                                                                  
000031a7  _ZN10__cxxabiv120__si_class_type_infoD0Ev                                                                                                               
000031b5  _ZN6LoggeraSERKS_                                                                                                                                       
000031c3  __TI_decompress_none                                                                                                                                    
000031d1  __cxa_ia64_exit                                                                                                                                         
000031dd  ResetISR                                                                                                                                                
000031e9  I2CMasterEnable                                                                                                                                         
000031f3  TimerIntStatus                                                                                                                                          
000031fd  UARTCharGet                                                                                                                                             
00003207  UARTCharPut                                                                                                                                             
00003211  I2CMasterBusy                                                                                                                                           
00003219  I2CMasterSlaveAddrSet                                                                                                                                   
00003221  TimerIntEnable                                                                                                                                          
00003229  _ZdlPv                                                                                                                                                  
00003231  GPIOPinWrite                                                                                                                                            
00003237  SysCtlDelay                                                                                                                                             
0000323d  TimerClockSourceSet                                                                                                                                     
00003243  UARTClockSourceSet                                                                                                                                      
00003249  I2CMasterControl                                                                                                                                        
0000324d  I2CMasterDataGet                                                                                                                                        
00003251  I2CMasterDataPut                                                                                                                                        
00003255  TimerIntClear                                                                                                                                           
00003259  _ZN10__cxxabiv117__class_type_infoD1Ev                                                                                                                  
00003259  _ZN10__cxxabiv117__class_type_infoD2Ev                                                                                                                  
0000325d  _ZN10__cxxabiv120__si_class_type_infoD1Ev                                                                                                               
0000325d  _ZN10__cxxabiv120__si_class_type_infoD2Ev                                                                                                               
00003261  _ZdlPvj                                                                                                                                                 
00003265  _system_pre_init                                                                                                                                        
00003269  C$$EXIT                                                                                                                                                 
00003269  _ZSt17__throw_bad_allocv                                                                                                                                
00003269  abort                                                                                                                                                   
00003514  _ZTSN10__cxxabiv120__si_class_type_infoE                                                                                                                
00003539  _ZTSN10__cxxabiv117__class_type_infoE                                                                                                                   
000035a4  _ZTV11StateSystem                                                                                                                                       
000035b4  _ZTV3I2C                                                                                                                                                
000035c4  _ZTV3Log                                                                                                                                                
000035d4  _ZTV4GPIO                                                                                                                                               
000035e4  _ZTV4UART                                                                                                                                               
000035f4  _ZTV5GY521                                                                                                                                              
00003604  _ZTV5TIMER                                                                                                                                              
00003614  _ZTV6Logger                                                                                                                                             
00003624  _ZTV6System                                                                                                                                             
00003634  _ZTV7Console                                                                                                                                            
00003644  _ZTVN10__cxxabiv117__class_type_infoE                                                                                                                   
00003654  _ZTVN10__cxxabiv120__si_class_type_infoE                                                                                                                
00003664  _ZTS11StateSystem                                                                                                                                       
00003672  _ZTSSt9type_info                                                                                                                                        
00003680  _ZTIN10__cxxabiv117__class_type_infoE                                                                                                                   
0000368c  _ZTIN10__cxxabiv120__si_class_type_infoE                                                                                                                
00003698  _ZTS7Console                                                                                                                                            
000036a4  _ZTI11StateSystem                                                                                                                                       
000036ac  _ZTI3I2C                                                                                                                                                
000036b4  _ZTI3Log                                                                                                                                                
000036bc  _ZTI4GPIO                                                                                                                                               
000036c4  _ZTI4UART                                                                                                                                               
000036cc  _ZTI5GY521                                                                                                                                              
000036d4  _ZTI5TIMER                                                                                                                                              
000036dc  _ZTI6Logger                                                                                                                                             
000036e4  _ZTI6System                                                                                                                                             
000036ec  _ZTI7Console                                                                                                                                            
000036f4  _ZTISt9type_info                                                                                                                                        
000036fc  _ZTS6Logger                                                                                                                                             
00003704  _ZTS6System                                                                                                                                             
0000370c  _ZTS5GY521                                                                                                                                              
00003713  _ZTS5TIMER                                                                                                                                              
0000371a  _ZTS4GPIO                                                                                                                                               
00003720  _ZTS4UART                                                                                                                                               
00003726  _ZTS3I2C                                                                                                                                                
0000372b  _ZTS3Log                                                                                                                                                
00003738  SHT$$INIT_ARRAY$$Base                                                                                                                                   
00003748  SHT$$INIT_ARRAY$$Limit                                                                                                                                  
00003764  __TI_Handler_Table_Base                                                                                                                                 
00003770  __TI_Handler_Table_Limit                                                                                                                                
00003780  __TI_CINIT_Base                                                                                                                                         
00003798  __TI_CINIT_Limit                                                                                                                                        
20000000  g_pfnRAMVectors                                                                                                                                         
20000270  __stack                                                                                                                                                 
20000470  _ZN11StateSystem5gy521E                                                                                                                                 
20000470  __STACK_END                                                                                                                                             
20000470  __STACK_TOP                                                                                                                                             
2000048c  _ZN11StateSystem5portFE                                                                                                                                 
20000494  _ZN6Logger4uartE                                                                                                                                        
2000049c  _ZN7Console4uartE                                                                                                                                       
200004a4  _ZN6System6loggerE                                                                                                                                      
200004a8  _ZN3Log6loggerE                                                                                                                                         
200004ac  __dso_handle                                                                                                                                            
200004b0  __TI_cleanup_ptr                                                                                                                                        
200004b4  __TI_dtors_ptr                                                                                                                                          
200004b8  __TI_enable_exit_profile_output                                                                                                                         
200004c8  _lock                                                                                                                                                   
200004cc  _unlock                                                                                                                                                 
200004d0  _ZN11StateSystem4rollE                                                                                                                                  
200004d8  _sys_memory                                                                                                                                             
ffffffff  __TI_pprof_out_hndl                                                                                                                                     
ffffffff  __TI_prof_data_size                                                                                                                                     
ffffffff  __TI_prof_data_start                                                                                                                                    
ffffffff  __binit__                                                                                                                                               
ffffffff  __c_args__                                                                                                                                              
ffffffff  binit                                                                                                                                                   
UNDEFED   __mpu_init                                                                                                                                              
UNDEFED   _system_post_cinit                                                                                                                                      

[266 symbols]
