******************************************************************************
                  TI ARM Linker PC v16.9.6                     
******************************************************************************
>> Linked Thu Jan 25 16:39:32 2018

OUTPUT FILE NAME:   <robot.out>
ENTRY POINT SYMBOL: "_c_int00"  address: 00001c89


MEMORY CONFIGURATION

         name            origin    length      used     unused   attr    fill
----------------------  --------  ---------  --------  --------  ----  --------
  FLASH                 00000000   00040000  000022ba  0003dd46  R  X
  SRAM                  20000000   00008000  00000278  00007d88  RW X


SEGMENT ALLOCATION MAP

run origin  load origin   length   init length attrs members
----------  ----------- ---------- ----------- ----- -------
00000000    00000000    000022c0   000022c0    r-x
  00000000    00000000    0000026c   0000026c    r-- .intvecs
  0000026c    0000026c    00001e42   00001e42    r-x .text
  000020b0    000020b0    000001c4   000001c4    r-- .const
  00002278    00002278    00000048   00000048    r-- .cinit
20000000    20000000    00000278   00000000    rw-
  20000000    20000000    00000200   00000000    rw- .stack
  20000200    20000200    0000004c   00000000    rw- .data
  2000024c    2000024c    0000002c   00000000    rw- .bss


SECTION ALLOCATION MAP

 output                                  attributes/
section   page    origin      length       input sections
--------  ----  ----------  ----------   ----------------
.intvecs   0    00000000    0000026c     
                  00000000    0000026c     tm4c123gh6pm_startup_ccs.obj (.intvecs)

.text      0    0000026c    00001e42     
                  0000026c    0000049c     uartstdio.obj (.text)
                  00000708    000003f8     MPU6050.obj (.text)
                  00000b00    000002ec     rtsv7M4_T_le_v4SPD16_eabi.lib : s_atan.obj (.text)
                  00000dec    00000248     I2C.obj (.text)
                  00001034    000001ec     rtsv7M4_T_le_v4SPD16_eabi.lib : e_atan2.obj (.text)
                  00001220    000001b6                                   : fd_add_t2.obj (.text)
                  000013d6    00000136                                   : fd_div_t2.obj (.text)
                  0000150c    00000132     driverlib.lib : gpio.obj (.text:GPIOPadConfigSet)
                  0000163e    00000002     rtsv7M4_T_le_v4SPD16_eabi.lib : i_div0.obj (.text)
                  00001640    00000110     driverlib.lib : sysctl.obj (.text:SysCtlClockGet)
                  00001750    000000fc     rtsv7M4_T_le_v4SPD16_eabi.lib : fd_mul_t2.obj (.text)
                  0000184c    000000f4     driverlib.lib : sysctl.obj (.text:SysCtlClockSet)
                  00001940    0000009c     rtsv7M4_T_le_v4SPD16_eabi.lib : memcpy_t2.obj (.text)
                  000019dc    00000086                                   : fd_cmp_t2.obj (.text:__aeabi_cdrcmple)
                  00001a62    0000007a                                   : memset_t2.obj (.text)
                  00001adc    00000070                                   : autoinit.obj (.text)
                  00001b4c    0000006e                                   : fd_tos_t2.obj (.text)
                  00001bba    00000068                                   : copy_decompress_lzss.obj (.text:decompress:lzss)
                  00001c22    00000002                                   : mpu_init.obj (.text)
                  00001c24    00000064     main.obj (.text)
                  00001c88    00000054     rtsv7M4_T_le_v4SPD16_eabi.lib : boot.obj (.text)
                  00001cdc    00000054                                   : exit.obj (.text)
                  00001d30    0000004c     driverlib.lib : i2c.obj (.text:I2CMasterInitExpClk)
                  00001d7c    0000004c     UART.obj (.text)
                  00001dc8    0000004c     rtsv7M4_T_le_v4SPD16_eabi.lib : cpy_tbl.obj (.text)
                  00001e14    00000048     driverlib.lib : gpio.obj (.text:GPIOPinConfigure)
                  00001e5c    00000046                   : uart.obj (.text:UARTConfigSetExpClk)
                  00001ea2    00000040     rtsv7M4_T_le_v4SPD16_eabi.lib : u_divt2.obj (.text)
                  00001ee2    00000002                                   : startup.obj (.text)
                  00001ee4    00000038     driverlib.lib : sysctl.obj (.text:SysCtlPeripheralPresent)
                  00001f1c    00000034                   : sysctl.obj (.text:SysCtlPeripheralEnable)
                  00001f50    0000002e     rtsv7M4_T_le_v4SPD16_eabi.lib : i_tofd_t2.obj (.text)
                  00001f7e    0000002a     driverlib.lib : gpio.obj (.text:GPIODirModeSet)
                  00001fa8    00000020                   : uart.obj (.text:UARTDisable)
                  00001fc8    00000018     rtsv7M4_T_le_v4SPD16_eabi.lib : args_main.obj (.text)
                  00001fe0    00000014     driverlib.lib : uart.obj (.text:UARTEnable)
                  00001ff4    00000014     rtsv7M4_T_le_v4SPD16_eabi.lib : _lock.obj (.text)
                  00002008    00000012     driverlib.lib : gpio.obj (.text:GPIOPinTypeI2C)
                  0000201a    00000012                   : gpio.obj (.text:GPIOPinTypeI2CSCL)
                  0000202c    00000012                   : gpio.obj (.text:GPIOPinTypeUART)
                  0000203e    0000000e     rtsv7M4_T_le_v4SPD16_eabi.lib : copy_decompress_none.obj (.text:decompress:none)
                  0000204c    0000000c                                   : copy_zero_init.obj (.text:decompress:ZI)
                  00002058    0000000c     tm4c123gh6pm_startup_ccs.obj (.text)
                  00002064    0000000a     driverlib.lib : i2c.obj (.text:I2CMasterEnable)
                  0000206e    0000000a                   : uart.obj (.text:UARTCharGet)
                  00002078    0000000a                   : uart.obj (.text:UARTCharPut)
                  00002082    00000008                   : i2c.obj (.text:I2CMasterBusy)
                  0000208a    00000008                   : i2c.obj (.text:I2CMasterSlaveAddrSet)
                  00002092    00000006                   : sysctl.obj (.text:SysCtlDelay)
                  00002098    00000006                   : uart.obj (.text:UARTClockSourceSet)
                  0000209e    00000004                   : i2c.obj (.text:I2CMasterControl)
                  000020a2    00000004                   : i2c.obj (.text:I2CMasterDataGet)
                  000020a6    00000004                   : i2c.obj (.text:I2CMasterDataPut)
                  000020aa    00000004     rtsv7M4_T_le_v4SPD16_eabi.lib : pre_init.obj (.text)

.const     0    000020b0    000001c4     
                  000020b0    00000098     rtsv7M4_T_le_v4SPD16_eabi.lib : s_atan.obj (.const:$O1$$)
                  00002148    00000090     driverlib.lib : gpio.obj (.const:g_pui32GPIOBaseAddrs)
                  000021d8    0000006c                   : sysctl.obj (.const:g_pui32Xtals)
                  00002244    00000012     uartstdio.obj (.const:.string)
                  00002256    00000002     --HOLE-- [fill = 0]
                  00002258    0000000c     uartstdio.obj (.const:g_ui32UARTBase)
                  00002264    0000000c     uartstdio.obj (.const:g_ui32UARTPeriph)
                  00002270    00000004     uartstdio.obj (.const)

.cinit     0    00002278    00000048     
                  00002278    00000024     (.cinit..data.load) [load image, compression = lzss]
                  0000229c    0000000c     (__TI_handler_table)
                  000022a8    00000008     (.cinit..bss.load) [load image, compression = zero_init]
                  000022b0    00000010     (__TI_cinit_table)

.init_array 
*          0    00000000    00000000     UNINITIALIZED

.stack     0    20000000    00000200     UNINITIALIZED
                  20000000    00000200     --HOLE--

.data      0    20000200    0000004c     UNINITIALIZED
                  20000200    0000002c     MPU6050.obj (.data)
                  2000022c    0000000c     rtsv7M4_T_le_v4SPD16_eabi.lib : exit.obj (.data:$O1$$)
                  20000238    00000008                                   : _lock.obj (.data:$O1$$)
                  20000240    00000005     uartstdio.obj (.data)
                  20000245    00000003     --HOLE--
                  20000248    00000004     rtsv7M4_T_le_v4SPD16_eabi.lib : stkdepth_vars.obj (.data)

.bss       0    2000024c    0000002c     UNINITIALIZED
                  2000024c    00000008     (.common:accel_raw)
                  20000254    00000008     (.common:gyro_raw)
                  2000025c    00000004     (.common:S)
                  20000260    00000004     (.common:angle)
                  20000264    00000004     (.common:pitch)
                  20000268    00000004     (.common:rate)
                  2000026c    00000004     (.common:roll)
                  20000270    00000004     (.common:x)
                  20000274    00000004     (.common:y)

MODULE SUMMARY

       Module                         code   ro data   rw data
       ------                         ----   -------   -------
    .\
       tm4c123gh6pm_startup_ccs.obj   12     620       0      
       main.obj                       100    0         8      
    +--+------------------------------+------+---------+---------+
       Total:                         112    620       8      
                                                              
    .\MPU6050\
       MPU6050.obj                    1016   0         80     
    +--+------------------------------+------+---------+---------+
       Total:                         1016   0         80     
                                                              
    .\MPU6050\I2C\
       I2C.obj                        584    0         0      
    +--+------------------------------+------+---------+---------+
       Total:                         584    0         0      
                                                              
    .\UART0\
       uartstdio.obj                  1180   46        5      
       UART.obj                       76     0         0      
    +--+------------------------------+------+---------+---------+
       Total:                         1256   46        5      
                                                              
    ../driverlib.lib
       sysctl.obj                     630    108       0      
       gpio.obj                       474    144       0      
       uart.obj                       148    0         0      
       i2c.obj                        114    0         0      
    +--+------------------------------+------+---------+---------+
       Total:                         1366   252       0      
                                                              
    E:\ProgrameFiles\CCS\ccsv7\tools\compiler\ti-cgt-arm_16.9.6.LTS\lib\rtsv7M4_T_le_v4SPD16_eabi.lib
       s_atan.obj                     748    152       0      
       e_atan2.obj                    492    0         0      
       fd_add_t2.obj                  438    0         0      
       fd_div_t2.obj                  310    0         0      
       fd_mul_t2.obj                  252    0         0      
       memcpy_t2.obj                  156    0         0      
       fd_cmp_t2.obj                  134    0         0      
       memset_t2.obj                  122    0         0      
       autoinit.obj                   112    0         0      
       fd_tos_t2.obj                  110    0         0      
       copy_decompress_lzss.obj       104    0         0      
       exit.obj                       84     0         12     
       boot.obj                       84     0         0      
       cpy_tbl.obj                    76     0         0      
       u_divt2.obj                    64     0         0      
       i_tofd_t2.obj                  46     0         0      
       _lock.obj                      20     0         8      
       args_main.obj                  24     0         0      
       copy_decompress_none.obj       14     0         0      
       copy_zero_init.obj             12     0         0      
       pre_init.obj                   4      0         0      
       stkdepth_vars.obj              0      0         4      
       i_div0.obj                     2      0         0      
       mpu_init.obj                   2      0         0      
       startup.obj                    2      0         0      
    +--+------------------------------+------+---------+---------+
       Total:                         3412   152       24     
                                                              
       Stack:                         0      0         512    
       Linker Generated:              0      72        0      
    +--+------------------------------+------+---------+---------+
       Grand Total:                   7746   1142      629    


LINKER GENERATED COPY TABLES

__TI_cinit_table @ 000022b0 records: 2, size/record: 8, table size: 16
	.data: load addr=00002278, load size=00000024 bytes, run addr=20000200, run size=0000004c bytes, compression=lzss
	.bss: load addr=000022a8, load size=00000008 bytes, run addr=2000024c, run size=0000002c bytes, compression=zero_init


LINKER GENERATED HANDLER TABLE

__TI_handler_table @ 0000229c records: 3, size/record: 4, table size: 12
	index: 0, handler: __TI_decompress_lzss
	index: 1, handler: __TI_decompress_none
	index: 2, handler: __TI_zero_init


GLOBAL SYMBOLS: SORTED ALPHABETICALLY BY Name 

address   name                           
-------   ----                           
00001cdd  C$$EXIT                        
00001f7f  GPIODirModeSet                 
0000150d  GPIOPadConfigSet               
00001e15  GPIOPinConfigure               
00002009  GPIOPinTypeI2C                 
0000201b  GPIOPinTypeI2CSCL              
0000202d  GPIOPinTypeUART                
00002083  I2CMasterBusy                  
0000209f  I2CMasterControl               
000020a3  I2CMasterDataGet               
000020a7  I2CMasterDataPut               
00002065  I2CMasterEnable                
00001d31  I2CMasterInitExpClk            
0000208b  I2CMasterSlaveAddrSet          
00000ded  I2C_Init                       
00000fcf  I2C_Read                       
00000f05  I2C_Read_Data                  
00000ee3  I2C_Write                      
00000e41  I2C_Write_Data                 
20000224  K_0                            
20000228  K_1                            
000008d7  Kalman                         
000008bd  MPU6050_Get_Filtered_Pitch     
00000821  MPU6050_Get_Pitch              
0000086f  MPU6050_Get_Roll               
00000709  MPU6050_Init                   
000007a1  MPU6050_Update_Accel_Raw       
000007e1  MPU6050_Update_Gyro_Raw        
20000214  P_00                           
20000218  P_01                           
2000021c  P_10                           
20000220  P_11                           
20000204  Q_angle                        
20000208  Q_bias                         
2000020c  R_measure                      
00002059  ResetISR                       
2000025c  S                              
UNDEFED   SHT$$INIT_ARRAY$$Base          
UNDEFED   SHT$$INIT_ARRAY$$Limit         
00001641  SysCtlClockGet                 
0000184d  SysCtlClockSet                 
00002093  SysCtlDelay                    
00001f1d  SysCtlPeripheralEnable         
00001ee5  SysCtlPeripheralPresent        
0000206f  UARTCharGet                    
00002079  UARTCharPut                    
00002099  UARTClockSourceSet             
00001e5d  UARTConfigSetExpClk            
00001fa9  UARTDisable                    
00001fe1  UARTEnable                     
0000026d  UARTStdioConfig                
00001d7d  UART_Start                     
000003b3  UARTgetc                       
000002f9  UARTgets                       
000006d3  UARTprintf                     
000003d9  UARTvprintf                    
000002b3  UARTwrite                      
20000200  __STACK_END                    
00000200  __STACK_SIZE                   
20000200  __STACK_TOP                    
000022b0  __TI_CINIT_Base                
000022c0  __TI_CINIT_Limit               
0000229c  __TI_Handler_Table_Base        
000022a8  __TI_Handler_Table_Limit       
00001add  __TI_auto_init                 
2000022c  __TI_cleanup_ptr               
00001bbb  __TI_decompress_lzss           
0000203f  __TI_decompress_none           
20000230  __TI_dtors_ptr                 
20000234  __TI_enable_exit_profile_output
ffffffff  __TI_pprof_out_hndl            
ffffffff  __TI_prof_data_size            
ffffffff  __TI_prof_data_start           
00000000  __TI_static_base__             
0000204d  __TI_zero_init                 
000019dd  __aeabi_cdrcmple               
00001b4d  __aeabi_d2f                    
0000122b  __aeabi_dadd                   
000013d7  __aeabi_ddiv                   
00001751  __aeabi_dmul                   
00001221  __aeabi_dsub                   
00001f51  __aeabi_i2d                    
0000163f  __aeabi_idiv0                  
00001a63  __aeabi_memclr                 
00001a63  __aeabi_memclr4                
00001a63  __aeabi_memclr8                
00001941  __aeabi_memcpy                 
00001941  __aeabi_memcpy4                
00001941  __aeabi_memcpy8                
00001a65  __aeabi_memset                 
00001a65  __aeabi_memset4                
00001a65  __aeabi_memset8                
00001ea3  __aeabi_uidiv                  
00001ea3  __aeabi_uidivmod               
ffffffff  __binit__                      
ffffffff  __c_args__                     
00001c23  __mpu_init                     
20000000  __stack                        
00001fc9  _args_main                     
00001c89  _c_int00                       
20000238  _lock                          
00002003  _nop                           
00001ffb  _register_lock                 
00001ff5  _register_unlock               
00001ee3  _system_post_cinit             
000020ab  _system_pre_init               
2000023c  _unlock                        
00001ce1  abort                          
2000024c  accel_raw                      
20000260  angle                          
00000b01  atan                           
00001035  atan2                          
00001035  atan2l                         
00000b01  atanl                          
20000210  bias                           
ffffffff  binit                          
00001dc9  copy_in                        
20000200  dt                             
00001ce9  exit                           
00000000  g_pfnVectors                   
20000254  gyro_raw                       
00001c25  main                           
20000248  main_func_sp                   
00001941  memcpy                         
00001a6b  memset                         
20000264  pitch                          
20000268  rate                           
2000026c  roll                           
20000270  x                              
20000274  y                              


GLOBAL SYMBOLS: SORTED BY Symbol Address 

address   name                           
-------   ----                           
00000000  __TI_static_base__             
00000000  g_pfnVectors                   
00000200  __STACK_SIZE                   
0000026d  UARTStdioConfig                
000002b3  UARTwrite                      
000002f9  UARTgets                       
000003b3  UARTgetc                       
000003d9  UARTvprintf                    
000006d3  UARTprintf                     
00000709  MPU6050_Init                   
000007a1  MPU6050_Update_Accel_Raw       
000007e1  MPU6050_Update_Gyro_Raw        
00000821  MPU6050_Get_Pitch              
0000086f  MPU6050_Get_Roll               
000008bd  MPU6050_Get_Filtered_Pitch     
000008d7  Kalman                         
00000b01  atan                           
00000b01  atanl                          
00000ded  I2C_Init                       
00000e41  I2C_Write_Data                 
00000ee3  I2C_Write                      
00000f05  I2C_Read_Data                  
00000fcf  I2C_Read                       
00001035  atan2                          
00001035  atan2l                         
00001221  __aeabi_dsub                   
0000122b  __aeabi_dadd                   
000013d7  __aeabi_ddiv                   
0000150d  GPIOPadConfigSet               
0000163f  __aeabi_idiv0                  
00001641  SysCtlClockGet                 
00001751  __aeabi_dmul                   
0000184d  SysCtlClockSet                 
00001941  __aeabi_memcpy                 
00001941  __aeabi_memcpy4                
00001941  __aeabi_memcpy8                
00001941  memcpy                         
000019dd  __aeabi_cdrcmple               
00001a63  __aeabi_memclr                 
00001a63  __aeabi_memclr4                
00001a63  __aeabi_memclr8                
00001a65  __aeabi_memset                 
00001a65  __aeabi_memset4                
00001a65  __aeabi_memset8                
00001a6b  memset                         
00001add  __TI_auto_init                 
00001b4d  __aeabi_d2f                    
00001bbb  __TI_decompress_lzss           
00001c23  __mpu_init                     
00001c25  main                           
00001c89  _c_int00                       
00001cdd  C$$EXIT                        
00001ce1  abort                          
00001ce9  exit                           
00001d31  I2CMasterInitExpClk            
00001d7d  UART_Start                     
00001dc9  copy_in                        
00001e15  GPIOPinConfigure               
00001e5d  UARTConfigSetExpClk            
00001ea3  __aeabi_uidiv                  
00001ea3  __aeabi_uidivmod               
00001ee3  _system_post_cinit             
00001ee5  SysCtlPeripheralPresent        
00001f1d  SysCtlPeripheralEnable         
00001f51  __aeabi_i2d                    
00001f7f  GPIODirModeSet                 
00001fa9  UARTDisable                    
00001fc9  _args_main                     
00001fe1  UARTEnable                     
00001ff5  _register_unlock               
00001ffb  _register_lock                 
00002003  _nop                           
00002009  GPIOPinTypeI2C                 
0000201b  GPIOPinTypeI2CSCL              
0000202d  GPIOPinTypeUART                
0000203f  __TI_decompress_none           
0000204d  __TI_zero_init                 
00002059  ResetISR                       
00002065  I2CMasterEnable                
0000206f  UARTCharGet                    
00002079  UARTCharPut                    
00002083  I2CMasterBusy                  
0000208b  I2CMasterSlaveAddrSet          
00002093  SysCtlDelay                    
00002099  UARTClockSourceSet             
0000209f  I2CMasterControl               
000020a3  I2CMasterDataGet               
000020a7  I2CMasterDataPut               
000020ab  _system_pre_init               
0000229c  __TI_Handler_Table_Base        
000022a8  __TI_Handler_Table_Limit       
000022b0  __TI_CINIT_Base                
000022c0  __TI_CINIT_Limit               
20000000  __stack                        
20000200  __STACK_END                    
20000200  __STACK_TOP                    
20000200  dt                             
20000204  Q_angle                        
20000208  Q_bias                         
2000020c  R_measure                      
20000210  bias                           
20000214  P_00                           
20000218  P_01                           
2000021c  P_10                           
20000220  P_11                           
20000224  K_0                            
20000228  K_1                            
2000022c  __TI_cleanup_ptr               
20000230  __TI_dtors_ptr                 
20000234  __TI_enable_exit_profile_output
20000238  _lock                          
2000023c  _unlock                        
20000248  main_func_sp                   
2000024c  accel_raw                      
20000254  gyro_raw                       
2000025c  S                              
20000260  angle                          
20000264  pitch                          
20000268  rate                           
2000026c  roll                           
20000270  x                              
20000274  y                              
ffffffff  __TI_pprof_out_hndl            
ffffffff  __TI_prof_data_size            
ffffffff  __TI_prof_data_start           
ffffffff  __binit__                      
ffffffff  __c_args__                     
ffffffff  binit                          
UNDEFED   SHT$$INIT_ARRAY$$Base          
UNDEFED   SHT$$INIT_ARRAY$$Limit         

[130 symbols]
