******************************************************************************
                  TI ARM Linker PC v16.9.6                     
******************************************************************************
>> Linked Thu Jan 25 19:05:13 2018

OUTPUT FILE NAME:   <MPU6050.out>
ENTRY POINT SYMBOL: "_c_int00"  address: 00001d5d


MEMORY CONFIGURATION

         name            origin    length      used     unused   attr    fill
----------------------  --------  ---------  --------  --------  ----  --------
  FLASH                 00000000   00040000  0000259c  0003da64  R  X
  SRAM                  20000000   00008000  000004ec  00007b14  RW X


SEGMENT ALLOCATION MAP

run origin  load origin   length   init length attrs members
----------  ----------- ---------- ----------- ----- -------
00000000    00000000    000025a0   000025a0    r-x
  00000000    00000000    0000026c   0000026c    r-- .intvecs
  0000026c    0000026c    00002024   00002024    r-x .text
  00002290    00002290    000002b4   000002b4    r-- .const
  00002548    00002548    00000058   00000058    r-- .cinit
20000000    20000000    000004ec   00000000    rw-
  20000000    20000000    0000026c   00000000    rw- .vtable
  2000026c    2000026c    00000200   00000000    rw- .stack
  2000046c    2000046c    0000004c   00000000    rw- .data
  200004b8    200004b8    00000034   00000000    rw- .bss


SECTION ALLOCATION MAP

 output                                  attributes/
section   page    origin      length       input sections
--------  ----  ----------  ----------   ----------------
.intvecs   0    00000000    0000026c     
                  00000000    0000026c     tm4c123gh6pm_startup_ccs.obj (.intvecs)

.text      0    0000026c    00002024     
                  0000026c    0000049c     uartstdio.obj (.text)
                  00000708    000003f8     MPU6050.obj (.text)
                  00000b00    000002ec     rtsv7M4_T_le_v4SPD16_eabi.lib : s_atan.obj (.text)
                  00000dec    000002b4     I2C.obj (.text)
                  000010a0    000001ec     rtsv7M4_T_le_v4SPD16_eabi.lib : e_atan2.obj (.text)
                  0000128c    000001b6                                   : fd_add_t2.obj (.text)
                  00001442    00000136                                   : fd_div_t2.obj (.text)
                  00001578    00000132     driverlib.lib : gpio.obj (.text:GPIOPadConfigSet)
                  000016aa    00000002     rtsv7M4_T_le_v4SPD16_eabi.lib : i_div0.obj (.text)
                  000016ac    00000110     driverlib.lib : sysctl.obj (.text:SysCtlClockGet)
                  000017bc    000000fc     rtsv7M4_T_le_v4SPD16_eabi.lib : fd_mul_t2.obj (.text)
                  000018b8    000000f4     driverlib.lib : sysctl.obj (.text:SysCtlClockSet)
                  000019ac    0000009c     rtsv7M4_T_le_v4SPD16_eabi.lib : memcpy_t2.obj (.text)
                  00001a48    00000086                                   : fd_cmp_t2.obj (.text:__aeabi_cdrcmple)
                  00001ace    0000007a                                   : memset_t2.obj (.text)
                  00001b48    00000070                                   : autoinit.obj (.text)
                  00001bb8    0000006e                                   : fd_tos_t2.obj (.text)
                  00001c26    00000002                                   : mpu_init.obj (.text)
                  00001c28    00000068     driverlib.lib : interrupt.obj (.text:IntEnable)
                  00001c90    00000068     rtsv7M4_T_le_v4SPD16_eabi.lib : copy_decompress_lzss.obj (.text:decompress:lzss)
                  00001cf8    00000064     main.obj (.text)
                  00001d5c    00000054     rtsv7M4_T_le_v4SPD16_eabi.lib : boot.obj (.text)
                  00001db0    00000054                                   : exit.obj (.text)
                  00001e04    0000004c     driverlib.lib : i2c.obj (.text:I2CMasterInitExpClk)
                  00001e50    0000004c     UART.obj (.text)
                  00001e9c    0000004c     rtsv7M4_T_le_v4SPD16_eabi.lib : cpy_tbl.obj (.text)
                  00001ee8    00000048     driverlib.lib : gpio.obj (.text:GPIOPinConfigure)
                  00001f30    00000046                   : uart.obj (.text:UARTConfigSetExpClk)
                  00001f76    00000002     rtsv7M4_T_le_v4SPD16_eabi.lib : startup.obj (.text)
                  00001f78    00000040     driverlib.lib : i2c.obj (.text:_I2CIntNumberGet)
                  00001fb8    00000040     rtsv7M4_T_le_v4SPD16_eabi.lib : u_divt2.obj (.text)
                  00001ff8    00000038     driverlib.lib : sysctl.obj (.text:SysCtlPeripheralPresent)
                  00002030    00000038                   : sysctl.obj (.text:SysCtlPeripheralReady)
                  00002068    00000034                   : interrupt.obj (.text:IntRegister)
                  0000209c    00000034                   : sysctl.obj (.text:SysCtlPeripheralEnable)
                  000020d0    0000002e     rtsv7M4_T_le_v4SPD16_eabi.lib : i_tofd_t2.obj (.text)
                  000020fe    0000002a     driverlib.lib : gpio.obj (.text:GPIODirModeSet)
                  00002128    00000020                   : uart.obj (.text:UARTDisable)
                  00002148    00000018                   : i2c.obj (.text:I2CIntRegister)
                  00002160    00000018     rtsv7M4_T_le_v4SPD16_eabi.lib : args_main.obj (.text)
                  00002178    00000016     driverlib.lib : i2c.obj (.text:I2CFIFODataGetNonBlocking)
                  0000218e    00000014                   : uart.obj (.text:UARTEnable)
                  000021a2    00000002     --HOLE-- [fill = 0]
                  000021a4    00000014     rtsv7M4_T_le_v4SPD16_eabi.lib : _lock.obj (.text)
                  000021b8    00000012     driverlib.lib : gpio.obj (.text:GPIOPinTypeI2C)
                  000021ca    00000012                   : gpio.obj (.text:GPIOPinTypeI2CSCL)
                  000021dc    00000012                   : gpio.obj (.text:GPIOPinTypeUART)
                  000021ee    00000010                   : interrupt.obj (.text:IntMasterEnable)
                  000021fe    0000000e     rtsv7M4_T_le_v4SPD16_eabi.lib : copy_decompress_none.obj (.text:decompress:none)
                  0000220c    0000000c     driverlib.lib : cpu.obj (.text:CPUcpsie)
                  00002218    0000000c     rtsv7M4_T_le_v4SPD16_eabi.lib : copy_zero_init.obj (.text:decompress:ZI)
                  00002224    0000000c     tm4c123gh6pm_startup_ccs.obj (.text)
                  00002230    0000000a     driverlib.lib : i2c.obj (.text:I2CMasterEnable)
                  0000223a    0000000a                   : uart.obj (.text:UARTCharGet)
                  00002244    0000000a                   : uart.obj (.text:UARTCharPut)
                  0000224e    00000008                   : i2c.obj (.text:I2CMasterBusy)
                  00002256    00000008                   : i2c.obj (.text:I2CMasterIntClear)
                  0000225e    00000008                   : i2c.obj (.text:I2CMasterIntEnableEx)
                  00002266    00000008                   : i2c.obj (.text:I2CMasterSlaveAddrSet)
                  0000226e    00000006                   : i2c.obj (.text:I2CMasterIntEnable)
                  00002274    00000006                   : sysctl.obj (.text:SysCtlDelay)
                  0000227a    00000006                   : uart.obj (.text:UARTClockSourceSet)
                  00002280    00000004                   : i2c.obj (.text:I2CMasterControl)
                  00002284    00000004                   : i2c.obj (.text:I2CMasterDataGet)
                  00002288    00000004                   : i2c.obj (.text:I2CMasterDataPut)
                  0000228c    00000004     rtsv7M4_T_le_v4SPD16_eabi.lib : pre_init.obj (.text)

.const     0    00002290    000002b4     
                  00002290    00000098     rtsv7M4_T_le_v4SPD16_eabi.lib : s_atan.obj (.const:$O1$$)
                  00002328    00000090     driverlib.lib : gpio.obj (.const:g_pui32GPIOBaseAddrs)
                  000023b8    00000070                   : interrupt.obj (.const)
                  00002428    0000006c                   : sysctl.obj (.const:g_pui32Xtals)
                  00002494    00000050                   : i2c.obj (.const:g_ppui32I2CIntMapSnowflake)
                  000024e4    00000030                   : i2c.obj (.const:g_ppui32I2CIntMap)
                  00002514    00000012     uartstdio.obj (.const:.string)
                  00002526    00000002     --HOLE-- [fill = 0]
                  00002528    0000000c     uartstdio.obj (.const:g_ui32UARTBase)
                  00002534    0000000c     uartstdio.obj (.const:g_ui32UARTPeriph)
                  00002540    00000004     uartstdio.obj (.const)

.cinit     0    00002548    00000058     
                  00002548    00000024     (.cinit..data.load) [load image, compression = lzss]
                  0000256c    0000000c     (__TI_handler_table)
                  00002578    00000008     (.cinit..bss.load) [load image, compression = zero_init]
                  00002580    00000008     (.cinit..vtable.load) [load image, compression = zero_init]
                  00002588    00000018     (__TI_cinit_table)

.init_array 
*          0    00000000    00000000     UNINITIALIZED

.vtable    0    20000000    0000026c     UNINITIALIZED
                  20000000    0000026c     driverlib.lib : interrupt.obj (.vtable)

.stack     0    2000026c    00000200     UNINITIALIZED
                  2000026c    00000200     --HOLE--

.data      0    2000046c    0000004c     UNINITIALIZED
                  2000046c    0000002c     MPU6050.obj (.data)
                  20000498    0000000c     rtsv7M4_T_le_v4SPD16_eabi.lib : exit.obj (.data:$O1$$)
                  200004a4    00000008                                   : _lock.obj (.data:$O1$$)
                  200004ac    00000005     uartstdio.obj (.data)
                  200004b1    00000003     --HOLE--
                  200004b4    00000004     rtsv7M4_T_le_v4SPD16_eabi.lib : stkdepth_vars.obj (.data)

.bss       0    200004b8    00000034     UNINITIALIZED
                  200004b8    00000008     (.common:accel_raw)
                  200004c0    00000008     (.common:gyro_raw)
                  200004c8    00000008     (.common:pui8DataRx)
                  200004d0    00000004     (.common:S)
                  200004d4    00000004     (.common:angle)
                  200004d8    00000004     (.common:pitch)
                  200004dc    00000004     (.common:rate)
                  200004e0    00000004     (.common:roll)
                  200004e4    00000004     (.common:x)
                  200004e8    00000004     (.common:y)

MODULE SUMMARY

       Module                         code   ro data   rw data
       ------                         ----   -------   -------
    .\
       tm4c123gh6pm_startup_ccs.obj   12     620       0      
       main.obj                       100    0         8      
    +--+------------------------------+------+---------+---------+
       Total:                         112    620       8      
                                                              
    .\MPU6050\
       MPU6050.obj                    1016   0         80     
    +--+------------------------------+------+---------+---------+
       Total:                         1016   0         80     
                                                              
    .\MPU6050\I2C\
       I2C.obj                        692    0         8      
    +--+------------------------------+------+---------+---------+
       Total:                         692    0         8      
                                                              
    .\UART0\
       uartstdio.obj                  1180   46        5      
       UART.obj                       76     0         0      
    +--+------------------------------+------+---------+---------+
       Total:                         1256   46        5      
                                                              
    ../driverlib.lib
       interrupt.obj                  172    112       620    
       sysctl.obj                     686    108       0      
       gpio.obj                       474    144       0      
       i2c.obj                        246    128       0      
       uart.obj                       148    0         0      
       cpu.obj                        12     0         0      
    +--+------------------------------+------+---------+---------+
       Total:                         1738   492       620    
                                                              
    E:\ProgrameFiles\CCS\ccsv7\tools\compiler\ti-cgt-arm_16.9.6.LTS\lib\rtsv7M4_T_le_v4SPD16_eabi.lib
       s_atan.obj                     748    152       0      
       e_atan2.obj                    492    0         0      
       fd_add_t2.obj                  438    0         0      
       fd_div_t2.obj                  310    0         0      
       fd_mul_t2.obj                  252    0         0      
       memcpy_t2.obj                  156    0         0      
       fd_cmp_t2.obj                  134    0         0      
       memset_t2.obj                  122    0         0      
       autoinit.obj                   112    0         0      
       fd_tos_t2.obj                  110    0         0      
       copy_decompress_lzss.obj       104    0         0      
       exit.obj                       84     0         12     
       boot.obj                       84     0         0      
       cpy_tbl.obj                    76     0         0      
       u_divt2.obj                    64     0         0      
       i_tofd_t2.obj                  46     0         0      
       _lock.obj                      20     0         8      
       args_main.obj                  24     0         0      
       copy_decompress_none.obj       14     0         0      
       copy_zero_init.obj             12     0         0      
       pre_init.obj                   4      0         0      
       stkdepth_vars.obj              0      0         4      
       i_div0.obj                     2      0         0      
       mpu_init.obj                   2      0         0      
       startup.obj                    2      0         0      
    +--+------------------------------+------+---------+---------+
       Total:                         3412   152       24     
                                                              
       Stack:                         0      0         512    
       Linker Generated:              0      88        0      
    +--+------------------------------+------+---------+---------+
       Grand Total:                   8226   1398      1257   


LINKER GENERATED COPY TABLES

__TI_cinit_table @ 00002588 records: 3, size/record: 8, table size: 24
	.data: load addr=00002548, load size=00000024 bytes, run addr=2000046c, run size=0000004c bytes, compression=lzss
	.bss: load addr=00002578, load size=00000008 bytes, run addr=200004b8, run size=00000034 bytes, compression=zero_init
	.vtable: load addr=00002580, load size=00000008 bytes, run addr=20000000, run size=0000026c bytes, compression=zero_init


LINKER GENERATED HANDLER TABLE

__TI_handler_table @ 0000256c records: 3, size/record: 4, table size: 12
	index: 0, handler: __TI_zero_init
	index: 1, handler: __TI_decompress_lzss
	index: 2, handler: __TI_decompress_none


GLOBAL SYMBOLS: SORTED ALPHABETICALLY BY Name 

address   name                           
-------   ----                           
00001db1  C$$EXIT                        
0000220d  CPUcpsie                       
000020ff  GPIODirModeSet                 
00001579  GPIOPadConfigSet               
00001ee9  GPIOPinConfigure               
000021b9  GPIOPinTypeI2C                 
000021cb  GPIOPinTypeI2CSCL              
000021dd  GPIOPinTypeUART                
00002179  I2CFIFODataGetNonBlocking      
00002149  I2CIntRegister                 
0000224f  I2CMasterBusy                  
00002281  I2CMasterControl               
00002285  I2CMasterDataGet               
00002289  I2CMasterDataPut               
00002231  I2CMasterEnable                
00001e05  I2CMasterInitExpClk            
00002257  I2CMasterIntClear              
0000226f  I2CMasterIntEnable             
0000225f  I2CMasterIntEnableEx           
00002267  I2CMasterSlaveAddrSet          
00000ded  I2C_Init                       
00001031  I2C_Read                       
00000f67  I2C_Read_Data                  
00000f13  I2C_Write                      
00000e71  I2C_Write_Data                 
00001c29  IntEnable                      
000021ef  IntMasterEnable                
00002069  IntRegister                    
20000490  K_0                            
20000494  K_1                            
000008d7  Kalman                         
000008bd  MPU6050_Get_Filtered_Pitch     
00000821  MPU6050_Get_Pitch              
0000086f  MPU6050_Get_Roll               
00000709  MPU6050_Init                   
000007a1  MPU6050_Update_Accel_Raw       
000007e1  MPU6050_Update_Gyro_Raw        
20000480  P_00                           
20000484  P_01                           
20000488  P_10                           
2000048c  P_11                           
20000470  Q_angle                        
20000474  Q_bias                         
20000478  R_measure                      
00002225  ResetISR                       
200004d0  S                              
UNDEFED   SHT$$INIT_ARRAY$$Base          
UNDEFED   SHT$$INIT_ARRAY$$Limit         
000016ad  SysCtlClockGet                 
000018b9  SysCtlClockSet                 
00002275  SysCtlDelay                    
0000209d  SysCtlPeripheralEnable         
00001ff9  SysCtlPeripheralPresent        
00002031  SysCtlPeripheralReady          
0000223b  UARTCharGet                    
00002245  UARTCharPut                    
0000227b  UARTClockSourceSet             
00001f31  UARTConfigSetExpClk            
00002129  UARTDisable                    
0000218f  UARTEnable                     
0000026d  UARTStdioConfig                
00001e51  UART_Start                     
000003b3  UARTgetc                       
000002f9  UARTgets                       
000006d3  UARTprintf                     
000003d9  UARTvprintf                    
000002b3  UARTwrite                      
2000046c  __STACK_END                    
00000200  __STACK_SIZE                   
2000046c  __STACK_TOP                    
00002588  __TI_CINIT_Base                
000025a0  __TI_CINIT_Limit               
0000256c  __TI_Handler_Table_Base        
00002578  __TI_Handler_Table_Limit       
00001b49  __TI_auto_init                 
20000498  __TI_cleanup_ptr               
00001c91  __TI_decompress_lzss           
000021ff  __TI_decompress_none           
2000049c  __TI_dtors_ptr                 
200004a0  __TI_enable_exit_profile_output
ffffffff  __TI_pprof_out_hndl            
ffffffff  __TI_prof_data_size            
ffffffff  __TI_prof_data_start           
00000000  __TI_static_base__             
00002219  __TI_zero_init                 
00001a49  __aeabi_cdrcmple               
00001bb9  __aeabi_d2f                    
00001297  __aeabi_dadd                   
00001443  __aeabi_ddiv                   
000017bd  __aeabi_dmul                   
0000128d  __aeabi_dsub                   
000020d1  __aeabi_i2d                    
000016ab  __aeabi_idiv0                  
00001acf  __aeabi_memclr                 
00001acf  __aeabi_memclr4                
00001acf  __aeabi_memclr8                
000019ad  __aeabi_memcpy                 
000019ad  __aeabi_memcpy4                
000019ad  __aeabi_memcpy8                
00001ad1  __aeabi_memset                 
00001ad1  __aeabi_memset4                
00001ad1  __aeabi_memset8                
00001fb9  __aeabi_uidiv                  
00001fb9  __aeabi_uidivmod               
ffffffff  __binit__                      
ffffffff  __c_args__                     
00001c27  __mpu_init                     
2000026c  __stack                        
00002161  _args_main                     
00001d5d  _c_int00                       
200004a4  _lock                          
000021b3  _nop                           
000021ab  _register_lock                 
000021a5  _register_unlock               
00001f77  _system_post_cinit             
0000228d  _system_pre_init               
200004a8  _unlock                        
00001db5  abort                          
200004b8  accel_raw                      
200004d4  angle                          
00000b01  atan                           
000010a1  atan2                          
000010a1  atan2l                         
00000b01  atanl                          
2000047c  bias                           
ffffffff  binit                          
00001e9d  copy_in                        
2000046c  dt                             
00001dbd  exit                           
20000000  g_pfnRAMVectors                
00000000  g_pfnVectors                   
200004c0  gyro_raw                       
00001cf9  main                           
200004b4  main_func_sp                   
000019ad  memcpy                         
00001ad7  memset                         
00000e5f  pfnHandler                     
200004d8  pitch                          
200004c8  pui8DataRx                     
200004dc  rate                           
200004e0  roll                           
200004e4  x                              
200004e8  y                              


GLOBAL SYMBOLS: SORTED BY Symbol Address 

address   name                           
-------   ----                           
00000000  __TI_static_base__             
00000000  g_pfnVectors                   
00000200  __STACK_SIZE                   
0000026d  UARTStdioConfig                
000002b3  UARTwrite                      
000002f9  UARTgets                       
000003b3  UARTgetc                       
000003d9  UARTvprintf                    
000006d3  UARTprintf                     
00000709  MPU6050_Init                   
000007a1  MPU6050_Update_Accel_Raw       
000007e1  MPU6050_Update_Gyro_Raw        
00000821  MPU6050_Get_Pitch              
0000086f  MPU6050_Get_Roll               
000008bd  MPU6050_Get_Filtered_Pitch     
000008d7  Kalman                         
00000b01  atan                           
00000b01  atanl                          
00000ded  I2C_Init                       
00000e5f  pfnHandler                     
00000e71  I2C_Write_Data                 
00000f13  I2C_Write                      
00000f67  I2C_Read_Data                  
00001031  I2C_Read                       
000010a1  atan2                          
000010a1  atan2l                         
0000128d  __aeabi_dsub                   
00001297  __aeabi_dadd                   
00001443  __aeabi_ddiv                   
00001579  GPIOPadConfigSet               
000016ab  __aeabi_idiv0                  
000016ad  SysCtlClockGet                 
000017bd  __aeabi_dmul                   
000018b9  SysCtlClockSet                 
000019ad  __aeabi_memcpy                 
000019ad  __aeabi_memcpy4                
000019ad  __aeabi_memcpy8                
000019ad  memcpy                         
00001a49  __aeabi_cdrcmple               
00001acf  __aeabi_memclr                 
00001acf  __aeabi_memclr4                
00001acf  __aeabi_memclr8                
00001ad1  __aeabi_memset                 
00001ad1  __aeabi_memset4                
00001ad1  __aeabi_memset8                
00001ad7  memset                         
00001b49  __TI_auto_init                 
00001bb9  __aeabi_d2f                    
00001c27  __mpu_init                     
00001c29  IntEnable                      
00001c91  __TI_decompress_lzss           
00001cf9  main                           
00001d5d  _c_int00                       
00001db1  C$$EXIT                        
00001db5  abort                          
00001dbd  exit                           
00001e05  I2CMasterInitExpClk            
00001e51  UART_Start                     
00001e9d  copy_in                        
00001ee9  GPIOPinConfigure               
00001f31  UARTConfigSetExpClk            
00001f77  _system_post_cinit             
00001fb9  __aeabi_uidiv                  
00001fb9  __aeabi_uidivmod               
00001ff9  SysCtlPeripheralPresent        
00002031  SysCtlPeripheralReady          
00002069  IntRegister                    
0000209d  SysCtlPeripheralEnable         
000020d1  __aeabi_i2d                    
000020ff  GPIODirModeSet                 
00002129  UARTDisable                    
00002149  I2CIntRegister                 
00002161  _args_main                     
00002179  I2CFIFODataGetNonBlocking      
0000218f  UARTEnable                     
000021a5  _register_unlock               
000021ab  _register_lock                 
000021b3  _nop                           
000021b9  GPIOPinTypeI2C                 
000021cb  GPIOPinTypeI2CSCL              
000021dd  GPIOPinTypeUART                
000021ef  IntMasterEnable                
000021ff  __TI_decompress_none           
0000220d  CPUcpsie                       
00002219  __TI_zero_init                 
00002225  ResetISR                       
00002231  I2CMasterEnable                
0000223b  UARTCharGet                    
00002245  UARTCharPut                    
0000224f  I2CMasterBusy                  
00002257  I2CMasterIntClear              
0000225f  I2CMasterIntEnableEx           
00002267  I2CMasterSlaveAddrSet          
0000226f  I2CMasterIntEnable             
00002275  SysCtlDelay                    
0000227b  UARTClockSourceSet             
00002281  I2CMasterControl               
00002285  I2CMasterDataGet               
00002289  I2CMasterDataPut               
0000228d  _system_pre_init               
0000256c  __TI_Handler_Table_Base        
00002578  __TI_Handler_Table_Limit       
00002588  __TI_CINIT_Base                
000025a0  __TI_CINIT_Limit               
20000000  g_pfnRAMVectors                
2000026c  __stack                        
2000046c  __STACK_END                    
2000046c  __STACK_TOP                    
2000046c  dt                             
20000470  Q_angle                        
20000474  Q_bias                         
20000478  R_measure                      
2000047c  bias                           
20000480  P_00                           
20000484  P_01                           
20000488  P_10                           
2000048c  P_11                           
20000490  K_0                            
20000494  K_1                            
20000498  __TI_cleanup_ptr               
2000049c  __TI_dtors_ptr                 
200004a0  __TI_enable_exit_profile_output
200004a4  _lock                          
200004a8  _unlock                        
200004b4  main_func_sp                   
200004b8  accel_raw                      
200004c0  gyro_raw                       
200004c8  pui8DataRx                     
200004d0  S                              
200004d4  angle                          
200004d8  pitch                          
200004dc  rate                           
200004e0  roll                           
200004e4  x                              
200004e8  y                              
ffffffff  __TI_pprof_out_hndl            
ffffffff  __TI_prof_data_size            
ffffffff  __TI_prof_data_start           
ffffffff  __binit__                      
ffffffff  __c_args__                     
ffffffff  binit                          
UNDEFED   SHT$$INIT_ARRAY$$Base          
UNDEFED   SHT$$INIT_ARRAY$$Limit         

[143 symbols]
