******************************************************************************
                  TI ARM Linker Unix v16.9.6                   
******************************************************************************
>> Linked Wed May  9 09:33:44 2018

OUTPUT FILE NAME:   <gy.out>
ENTRY POINT SYMBOL: "_c_int00"  address: 00001d2d


MEMORY CONFIGURATION

         name            origin    length      used     unused   attr    fill
----------------------  --------  ---------  --------  --------  ----  --------
  FLASH                 00000000   00040000  000024a0  0003db60  R  X
  SRAM                  20000000   00008000  00000250  00007db0  RW X


SEGMENT ALLOCATION MAP

run origin  load origin   length   init length attrs members
----------  ----------- ---------- ----------- ----- -------
00000000    00000000    000024a0   000024a0    r-x
  00000000    00000000    0000026c   0000026c    r-- .intvecs
  0000026c    0000026c    00001e9c   00001e9c    r-x .text
  00002108    00002108    00000358   00000358    r-- .const
  00002460    00002460    00000040   00000040    r-- .cinit
20000000    20000000    00000250   00000000    rw-
  20000000    20000000    00000200   00000000    rw- .stack
  20000200    20000200    00000024   00000000    rw- .bss
  20000224    20000224    00000024   00000000    rw- .data
  20000248    20000248    00000008   00000000    rw- .sysmem


SECTION ALLOCATION MAP

 output                                  attributes/
section   page    origin      length       input sections
--------  ----  ----------  ----------   ----------------
.intvecs   0    00000000    0000026c     
                  00000000    0000026c     tm4c123gh6pm_startup_ccs.obj (.intvecs)

.text      0    0000026c    00001e9c     
                  0000026c    0000046a     I2C.obj (.text)
                  000006d6    00000002     rtsv7M4_T_le_v4SPD16_eabi.lib : mpu_init.obj (.text)
                  000006d8    000003e0     GY521.obj (.text)
                  00000ab8    000003d0     rtsv7M4_T_le_v4SPD16_eabi.lib : memory.obj (.text)
                  00000e88    000002ec                                   : s_atan.obj (.text)
                  00001174    000001ec                                   : e_atan2.obj (.text)
                  00001360    000001b6                                   : fd_add_t2.obj (.text)
                  00001516    00000136                                   : fd_div_t2.obj (.text)
                  0000164c    00000132     driverlib.lib : gpio.obj (.text:GPIOPadConfigSet)
                  0000177e    00000002     rtsv7M4_T_le_v4SPD16_eabi.lib : startup.obj (.text)
                  00001780    00000110     driverlib.lib : sysctl.obj (.text:SysCtlClockGet)
                  00001890    000000fc     rtsv7M4_T_le_v4SPD16_eabi.lib : fd_mul_t2.obj (.text)
                  0000198c    000000bc                                   : typeinfo_.obj (.text)
                  00001a48    0000009c                                   : memcpy_t2.obj (.text)
                  00001ae4    00000086                                   : fd_cmp_t2.obj (.text:__aeabi_cdrcmple)
                  00001b6a    0000007a                                   : memset_t2.obj (.text)
                  00001be4    00000070                                   : autoinit.obj (.text)
                  00001c54    0000006e                                   : fd_tos_t2.obj (.text)
                  00001cc2    00000068                                   : copy_decompress_lzss.obj (.text:decompress:lzss)
                  00001d2a    00000002     --HOLE-- [fill = 0]
                  00001d2c    00000054                                   : boot.obj (.text)
                  00001d80    00000054                                   : exit.obj (.text)
                  00001dd4    00000050     driverlib.lib : sysctl.obj (.text:SysCtlPeripheralReset)
                  00001e24    0000004e     GY521.obj (.text:_ZN3I2CaSERKS_)
                  00001e72    00000002     --HOLE-- [fill = 0]
                  00001e74    0000004c     driverlib.lib : i2c.obj (.text:I2CMasterInitExpClk)
                  00001ec0    0000004c     rtsv7M4_T_le_v4SPD16_eabi.lib : cpy_tbl.obj (.text)
                  00001f0c    00000048     driverlib.lib : gpio.obj (.text:GPIOPinConfigure)
                  00001f54    00000048     main.obj (.text)
                  00001f9c    00000038     driverlib.lib : sysctl.obj (.text:SysCtlPeripheralReady)
                  00001fd4    00000034                   : sysctl.obj (.text:SysCtlPeripheralEnable)
                  00002008    0000002e     rtsv7M4_T_le_v4SPD16_eabi.lib : i_tofd_t2.obj (.text)
                  00002036    0000002a     driverlib.lib : gpio.obj (.text:GPIODirModeSet)
                  00002060    00000018     rtsv7M4_T_le_v4SPD16_eabi.lib : args_main.obj (.text)
                  00002078    00000014                                   : _lock.obj (.text)
                  0000208c    00000012     driverlib.lib : gpio.obj (.text:GPIOPinTypeI2C)
                  0000209e    00000012                   : gpio.obj (.text:GPIOPinTypeI2CSCL)
                  000020b0    0000000e     rtsv7M4_T_le_v4SPD16_eabi.lib : copy_decompress_none.obj (.text:decompress:none)
                  000020be    0000000c                                   : copy_zero_init.obj (.text:decompress:ZI)
                  000020ca    0000000c     tm4c123gh6pm_startup_ccs.obj (.text)
                  000020d6    0000000a     driverlib.lib : i2c.obj (.text:I2CMasterEnable)
                  000020e0    00000008                   : i2c.obj (.text:I2CMasterBusy)
                  000020e8    00000008                   : i2c.obj (.text:I2CMasterSlaveAddrSet)
                  000020f0    00000008     rtsv7M4_T_le_v4SPD16_eabi.lib : delete.obj (.text)
                  000020f8    00000004     driverlib.lib : i2c.obj (.text:I2CMasterControl)
                  000020fc    00000004                   : i2c.obj (.text:I2CMasterDataGet)
                  00002100    00000004                   : i2c.obj (.text:I2CMasterDataPut)
                  00002104    00000004     rtsv7M4_T_le_v4SPD16_eabi.lib : pre_init.obj (.text)

.const     0    00002108    00000358     
                  00002108    00000098     rtsv7M4_T_le_v4SPD16_eabi.lib : s_atan.obj (.const:$O1$$)
                  000021a0    00000090     driverlib.lib : gpio.obj (.const:g_pui32GPIOBaseAddrs)
                  00002230    0000006c                   : sysctl.obj (.const:g_pui32Xtals)
                  0000229c    00000028     rtsv7M4_T_le_v4SPD16_eabi.lib : typeinfo_.obj (.const:.typeinfo:_ZTSN10__cxxabiv123__fundamental_type_infoE)
                  000022c4    00000025                                   : typeinfo_.obj (.const:.typeinfo:_ZTSN10__cxxabiv120__si_class_type_infoE)
                  000022e9    00000024                                   : typeinfo_.obj (.const:.typeinfo:_ZTSN10__cxxabiv119__pointer_type_infoE)
                  0000230d    00000022                                   : typeinfo_.obj (.const:.typeinfo:_ZTSN10__cxxabiv117__class_type_infoE)
                  0000232f    00000022                                   : typeinfo_.obj (.const:.typeinfo:_ZTSN10__cxxabiv117__pbase_type_infoE)
                  00002351    00000002                                   : typeinfo_.obj (.const:.typeinfo:_ZTSe)
                  00002353    00000001     --HOLE-- [fill = 0]
                  00002354    00000010                                   : typeinfo_.obj (.const:.typeinfo:_ZTIPKe)
                  00002364    00000010     GY521.obj (.const:MPU6050AccelFactors)
                  00002374    00000010     GY521.obj (.const:MPU6050GyroFactors)
                  00002384    00000010     I2C.obj (.const:_ZTV3I2C)
                  00002394    00000010     GY521.obj (.const:_ZTV5GY521)
                  000023a4    00000010     rtsv7M4_T_le_v4SPD16_eabi.lib : typeinfo_.obj (.const:_ZTVN10__cxxabiv117__class_type_infoE)
                  000023b4    00000010                                   : typeinfo_.obj (.const:_ZTVN10__cxxabiv119__pointer_type_infoE)
                  000023c4    00000010                                   : typeinfo_.obj (.const:_ZTVN10__cxxabiv120__si_class_type_infoE)
                  000023d4    00000010                                   : typeinfo_.obj (.const:_ZTVN10__cxxabiv123__fundamental_type_infoE)
                  000023e4    0000000d                                   : typeinfo_.obj (.const:.typeinfo:_ZTSSt9type_info)
                  000023f1    00000003     --HOLE-- [fill = 0]
                  000023f4    0000000c                                   : typeinfo_.obj (.const:.typeinfo:_ZTIN10__cxxabiv117__class_type_infoE)
                  00002400    0000000c                                   : typeinfo_.obj (.const:.typeinfo:_ZTIN10__cxxabiv117__pbase_type_infoE)
                  0000240c    0000000c                                   : typeinfo_.obj (.const:.typeinfo:_ZTIN10__cxxabiv119__pointer_type_infoE)
                  00002418    0000000c                                   : typeinfo_.obj (.const:.typeinfo:_ZTIN10__cxxabiv120__si_class_type_infoE)
                  00002424    0000000c                                   : typeinfo_.obj (.const:.typeinfo:_ZTIN10__cxxabiv123__fundamental_type_infoE)
                  00002430    00000008     I2C.obj (.const:.typeinfo:_ZTI3I2C)
                  00002438    00000008     GY521.obj (.const:.typeinfo:_ZTI5GY521)
                  00002440    00000008     rtsv7M4_T_le_v4SPD16_eabi.lib : typeinfo_.obj (.const:.typeinfo:_ZTISt9type_info)
                  00002448    00000008                                   : typeinfo_.obj (.const:.typeinfo:_ZTIe)
                  00002450    00000007     GY521.obj (.const:.typeinfo:_ZTS5GY521)
                  00002457    00000005     I2C.obj (.const:.typeinfo:_ZTS3I2C)
                  0000245c    00000004     rtsv7M4_T_le_v4SPD16_eabi.lib : typeinfo_.obj (.const:.typeinfo:_ZTSPKe)

.cinit     0    00002460    00000040     
                  00002460    0000001a     (.cinit..data.load) [load image, compression = lzss]
                  0000247a    00000002     --HOLE-- [fill = 0]
                  0000247c    0000000c     (__TI_handler_table)
                  00002488    00000008     (.cinit..bss.load) [load image, compression = zero_init]
                  00002490    00000010     (__TI_cinit_table)

.init_array 
*          0    00000000    00000000     UNINITIALIZED

.stack     0    20000000    00000200     UNINITIALIZED
                  20000000    00000200     --HOLE--

.bss       0    20000200    00000024     UNINITIALIZED
                  20000200    0000000c     (.common:accel)
                  2000020c    0000000c     (.common:gyro)
                  20000218    00000004     (.common:_ZSt16__dummy_typeinfo)
                  2000021c    00000004     (.common:pitch)
                  20000220    00000004     (.common:roll)

.data      0    20000224    00000024     UNINITIALIZED
                  20000224    0000000c     rtsv7M4_T_le_v4SPD16_eabi.lib : exit.obj (.data:$O1$$)
                  20000230    0000000c                                   : memory.obj (.data:$O1$$)
                  2000023c    00000008                                   : _lock.obj (.data:$O1$$)
                  20000244    00000004                                   : stkdepth_vars.obj (.data)

.sysmem    0    20000248    00000008     UNINITIALIZED
                  20000248    00000008     rtsv7M4_T_le_v4SPD16_eabi.lib : memory.obj (.sysmem)

MODULE SUMMARY

       Module                         code   ro data   rw data
       ------                         ----   -------   -------
    ./
       tm4c123gh6pm_startup_ccs.obj   12     620       0      
       main.obj                       72     0         32     
    +--+------------------------------+------+---------+---------+
       Total:                         84     620       32     
                                                              
    ./modules/GY521/
       GY521.obj                      1070   63        0      
    +--+------------------------------+------+---------+---------+
       Total:                         1070   63        0      
                                                              
    ./peripheral/I2C/
       I2C.obj                        1130   29        0      
    +--+------------------------------+------+---------+---------+
       Total:                         1130   29        0      
                                                              
    /home/light/ti/ccsv7/tools/compiler/ti-cgt-arm_16.9.6.LTS/lib/rtsv7M4_T_le_v4SPD16_eabi.lib
       memory.obj                     976    0         12     
       s_atan.obj                     748    152       0      
       typeinfo_.obj                  188    356       4      
       e_atan2.obj                    492    0         0      
       fd_add_t2.obj                  438    0         0      
       fd_div_t2.obj                  310    0         0      
       fd_mul_t2.obj                  252    0         0      
       memcpy_t2.obj                  156    0         0      
       fd_cmp_t2.obj                  134    0         0      
       memset_t2.obj                  122    0         0      
       autoinit.obj                   112    0         0      
       fd_tos_t2.obj                  110    0         0      
       copy_decompress_lzss.obj       104    0         0      
       exit.obj                       84     0         12     
       boot.obj                       84     0         0      
       cpy_tbl.obj                    76     0         0      
       i_tofd_t2.obj                  46     0         0      
       _lock.obj                      20     0         8      
       args_main.obj                  24     0         0      
       copy_decompress_none.obj       14     0         0      
       copy_zero_init.obj             12     0         0      
       delete.obj                     8      0         0      
       pre_init.obj                   4      0         0      
       stkdepth_vars.obj              0      0         4      
       mpu_init.obj                   2      0         0      
       startup.obj                    2      0         0      
    +--+------------------------------+------+---------+---------+
       Total:                         4518   508       40     
                                                              
    /home/light/ti/tivaware/driverlib/ccs/Debug/driverlib.lib
       gpio.obj                       456    144       0      
       sysctl.obj                     460    108       0      
       i2c.obj                        114    0         0      
    +--+------------------------------+------+---------+---------+
       Total:                         1030   252       0      
                                                              
       Heap:                          0      0         8      
       Stack:                         0      0         512    
       Linker Generated:              0      62        0      
    +--+------------------------------+------+---------+---------+
       Grand Total:                   7832   1534      592    


LINKER GENERATED COPY TABLES

__TI_cinit_table @ 00002490 records: 2, size/record: 8, table size: 16
	.data: load addr=00002460, load size=0000001a bytes, run addr=20000224, run size=00000024 bytes, compression=lzss
	.bss: load addr=00002488, load size=00000008 bytes, run addr=20000200, run size=00000024 bytes, compression=zero_init


LINKER GENERATED HANDLER TABLE

__TI_handler_table @ 0000247c records: 3, size/record: 4, table size: 12
	index: 0, handler: __TI_decompress_lzss
	index: 1, handler: __TI_decompress_none
	index: 2, handler: __TI_zero_init


GLOBAL SYMBOLS: SORTED ALPHABETICALLY BY Name 

address   name                                              
-------   ----                                              
00001d81  C$$EXIT                                           
00002037  GPIODirModeSet                                    
0000164d  GPIOPadConfigSet                                  
00001f0d  GPIOPinConfigure                                  
0000208d  GPIOPinTypeI2C                                    
0000209f  GPIOPinTypeI2CSCL                                 
000020e1  I2CMasterBusy                                     
000020f9  I2CMasterControl                                  
000020fd  I2CMasterDataGet                                  
00002101  I2CMasterDataPut                                  
000020d7  I2CMasterEnable                                   
00001e75  I2CMasterInitExpClk                               
000020e9  I2CMasterSlaveAddrSet                             
000020cb  ResetISR                                          
UNDEFED   SHT$$INIT_ARRAY$$Base                             
UNDEFED   SHT$$INIT_ARRAY$$Limit                            
00001781  SysCtlClockGet                                    
00001fd5  SysCtlPeripheralEnable                            
00001f9d  SysCtlPeripheralReady                             
00001dd5  SysCtlPeripheralReset                             
00001a39  _ZN10__cxxabiv116__enum_type_infoD0Ev             
00001a37  _ZN10__cxxabiv116__enum_type_infoD1Ev             
00001a37  _ZN10__cxxabiv116__enum_type_infoD2Ev             
00001a2f  _ZN10__cxxabiv117__array_type_infoD0Ev            
00001a2d  _ZN10__cxxabiv117__array_type_infoD1Ev            
00001a2d  _ZN10__cxxabiv117__array_type_infoD2Ev            
00001a25  _ZN10__cxxabiv117__class_type_infoD0Ev            
00001a23  _ZN10__cxxabiv117__class_type_infoD1Ev            
00001a23  _ZN10__cxxabiv117__class_type_infoD2Ev            
00001a1b  _ZN10__cxxabiv117__pbase_type_infoD0Ev            
00001a19  _ZN10__cxxabiv117__pbase_type_infoD1Ev            
00001a19  _ZN10__cxxabiv117__pbase_type_infoD2Ev            
00001a11  _ZN10__cxxabiv119__pointer_type_infoD0Ev          
00001a0f  _ZN10__cxxabiv119__pointer_type_infoD1Ev          
00001a0f  _ZN10__cxxabiv119__pointer_type_infoD2Ev          
00001a07  _ZN10__cxxabiv120__function_type_infoD0Ev         
00001a05  _ZN10__cxxabiv120__function_type_infoD1Ev         
00001a05  _ZN10__cxxabiv120__function_type_infoD2Ev         
000019fd  _ZN10__cxxabiv120__si_class_type_infoD0Ev         
000019fb  _ZN10__cxxabiv120__si_class_type_infoD1Ev         
000019fb  _ZN10__cxxabiv120__si_class_type_infoD2Ev         
000019f3  _ZN10__cxxabiv121__vmi_class_type_infoD0Ev        
000019f1  _ZN10__cxxabiv121__vmi_class_type_infoD1Ev        
000019f1  _ZN10__cxxabiv121__vmi_class_type_infoD2Ev        
000019e9  _ZN10__cxxabiv123__fundamental_type_infoD0Ev      
000019e7  _ZN10__cxxabiv123__fundamental_type_infoD1Ev      
000019e7  _ZN10__cxxabiv123__fundamental_type_infoD2Ev      
000019df  _ZN10__cxxabiv129__pointer_to_member_type_infoD0Ev
000019dd  _ZN10__cxxabiv129__pointer_to_member_type_infoD1Ev
000019dd  _ZN10__cxxabiv129__pointer_to_member_type_infoD2Ev
00000473  _ZN3I2C10WriteBurstEhhPhh                         
0000039d  _ZN3I2C4InitEhh                                   
00000541  _ZN3I2C4ReadEhhPh                                 
00000449  _ZN3I2C5WriteEhhh                                 
000005f1  _ZN3I2C9ReadBurstEhhPhh                           
0000027f  _ZN3I2CC1Eh                                       
0000026d  _ZN3I2CC1Ev                                       
0000027f  _ZN3I2CC2Eh                                       
0000026d  _ZN3I2CC2Ev                                       
00000387  _ZN3I2CD0Ev                                       
0000037b  _ZN3I2CD1Ev                                       
0000037b  _ZN3I2CD2Ev                                       
00001e25  _ZN3I2CaSERKS_                                    
000007ab  _ZN5GY5214InitEhh                                 
0000074f  _ZN5GY5214InitEv                                  
0000094d  _ZN5GY5217getGyroEPf                              
00000a61  _ZN5GY5217getRollEPf                              
0000087f  _ZN5GY5218getAccelEPf                             
00000a17  _ZN5GY5218getPitchEPf                             
000006ef  _ZN5GY521C1Eh                                     
000006d9  _ZN5GY521C1Ev                                     
000006ef  _ZN5GY521C2Eh                                     
000006d9  _ZN5GY521C2Ev                                     
00000739  _ZN5GY521D0Ev                                     
00000729  _ZN5GY521D1Ev                                     
00000729  _ZN5GY521D2Ev                                     
0000199f  _ZNKSt9type_info4nameEv                           
000019cf  _ZNKSt9type_info6beforeERKS_                      
000019b9  _ZNKSt9type_infoeqERKS_                           
000019a3  _ZNKSt9type_infoneERKS_                           
00001997  _ZNSt9type_infoD0Ev                               
00001995  _ZNSt9type_infoD1Ev                               
00001995  _ZNSt9type_infoD2Ev                               
20000218  _ZSt16__dummy_typeinfo                            
0000198d  _ZSt21__gen_dummy_typeinfosv                      
00002430  _ZTI3I2C                                          
00002438  _ZTI5GY521                                        
000023f4  _ZTIN10__cxxabiv117__class_type_infoE             
00002400  _ZTIN10__cxxabiv117__pbase_type_infoE             
0000240c  _ZTIN10__cxxabiv119__pointer_type_infoE           
00002418  _ZTIN10__cxxabiv120__si_class_type_infoE          
00002424  _ZTIN10__cxxabiv123__fundamental_type_infoE       
00002354  _ZTIPKe                                           
00002440  _ZTISt9type_info                                  
00002448  _ZTIe                                             
00002457  _ZTS3I2C                                          
00002450  _ZTS5GY521                                        
0000230d  _ZTSN10__cxxabiv117__class_type_infoE             
0000232f  _ZTSN10__cxxabiv117__pbase_type_infoE             
000022e9  _ZTSN10__cxxabiv119__pointer_type_infoE           
000022c4  _ZTSN10__cxxabiv120__si_class_type_infoE          
0000229c  _ZTSN10__cxxabiv123__fundamental_type_infoE       
0000245c  _ZTSPKe                                           
000023e4  _ZTSSt9type_info                                  
00002351  _ZTSe                                             
00002384  _ZTV3I2C                                          
00002394  _ZTV5GY521                                        
000023a4  _ZTVN10__cxxabiv117__class_type_infoE             
000023b4  _ZTVN10__cxxabiv119__pointer_type_infoE           
000023c4  _ZTVN10__cxxabiv120__si_class_type_infoE          
000023d4  _ZTVN10__cxxabiv123__fundamental_type_infoE       
000020f1  _ZdlPv                                            
20000200  __STACK_END                                       
00000200  __STACK_SIZE                                      
20000200  __STACK_TOP                                       
00000008  __SYSMEM_SIZE                                     
00002490  __TI_CINIT_Base                                   
000024a0  __TI_CINIT_Limit                                  
0000247c  __TI_Handler_Table_Base                           
00002488  __TI_Handler_Table_Limit                          
00001be5  __TI_auto_init                                    
20000224  __TI_cleanup_ptr                                  
00001cc3  __TI_decompress_lzss                              
000020b1  __TI_decompress_none                              
20000228  __TI_dtors_ptr                                    
2000022c  __TI_enable_exit_profile_output                   
ffffffff  __TI_pprof_out_hndl                               
ffffffff  __TI_prof_data_size                               
ffffffff  __TI_prof_data_start                              
00000000  __TI_static_base__                                
000020bf  __TI_zero_init                                    
00001ae5  __aeabi_cdrcmple                                  
00001c55  __aeabi_d2f                                       
0000136b  __aeabi_dadd                                      
00001517  __aeabi_ddiv                                      
00001891  __aeabi_dmul                                      
00001361  __aeabi_dsub                                      
00002009  __aeabi_i2d                                       
00001b6b  __aeabi_memclr                                    
00001b6b  __aeabi_memclr4                                   
00001b6b  __aeabi_memclr8                                   
00001a49  __aeabi_memcpy                                    
00001a49  __aeabi_memcpy4                                   
00001a49  __aeabi_memcpy8                                   
00001b6d  __aeabi_memset                                    
00001b6d  __aeabi_memset4                                   
00001b6d  __aeabi_memset8                                   
ffffffff  __binit__                                         
ffffffff  __c_args__                                        
000006d7  __mpu_init                                        
20000000  __stack                                           
00002061  _args_main                                        
00001d2d  _c_int00                                          
2000023c  _lock                                             
00002087  _nop                                              
0000207f  _register_lock                                    
00002079  _register_unlock                                  
20000248  _sys_memory                                       
0000177f  _system_post_cinit                                
00002105  _system_pre_init                                  
20000240  _unlock                                           
00001d85  abort                                             
20000200  accel                                             
00000e89  atan                                              
00001175  atan2                                             
00001175  atan2l                                            
00000e89  atanl                                             
ffffffff  binit                                             
00000e59  calloc                                            
00001ec1  copy_in                                           
00001d8d  exit                                              
00000ba3  free                                              
00000000  g_pfnVectors                                      
2000020c  gyro                                              
00001f55  main                                              
20000244  main_func_sp                                      
00000b39  malloc                                            
00000d6d  memalign                                          
00001a49  memcpy                                            
00001b73  memset                                            
00000ab9  minit                                             
2000021c  pitch                                             
00000c63  realloc                                           
20000220  roll                                              


GLOBAL SYMBOLS: SORTED BY Symbol Address 

address   name                                              
-------   ----                                              
00000000  __TI_static_base__                                
00000000  g_pfnVectors                                      
00000008  __SYSMEM_SIZE                                     
00000200  __STACK_SIZE                                      
0000026d  _ZN3I2CC1Ev                                       
0000026d  _ZN3I2CC2Ev                                       
0000027f  _ZN3I2CC1Eh                                       
0000027f  _ZN3I2CC2Eh                                       
0000037b  _ZN3I2CD1Ev                                       
0000037b  _ZN3I2CD2Ev                                       
00000387  _ZN3I2CD0Ev                                       
0000039d  _ZN3I2C4InitEhh                                   
00000449  _ZN3I2C5WriteEhhh                                 
00000473  _ZN3I2C10WriteBurstEhhPhh                         
00000541  _ZN3I2C4ReadEhhPh                                 
000005f1  _ZN3I2C9ReadBurstEhhPhh                           
000006d7  __mpu_init                                        
000006d9  _ZN5GY521C1Ev                                     
000006d9  _ZN5GY521C2Ev                                     
000006ef  _ZN5GY521C1Eh                                     
000006ef  _ZN5GY521C2Eh                                     
00000729  _ZN5GY521D1Ev                                     
00000729  _ZN5GY521D2Ev                                     
00000739  _ZN5GY521D0Ev                                     
0000074f  _ZN5GY5214InitEv                                  
000007ab  _ZN5GY5214InitEhh                                 
0000087f  _ZN5GY5218getAccelEPf                             
0000094d  _ZN5GY5217getGyroEPf                              
00000a17  _ZN5GY5218getPitchEPf                             
00000a61  _ZN5GY5217getRollEPf                              
00000ab9  minit                                             
00000b39  malloc                                            
00000ba3  free                                              
00000c63  realloc                                           
00000d6d  memalign                                          
00000e59  calloc                                            
00000e89  atan                                              
00000e89  atanl                                             
00001175  atan2                                             
00001175  atan2l                                            
00001361  __aeabi_dsub                                      
0000136b  __aeabi_dadd                                      
00001517  __aeabi_ddiv                                      
0000164d  GPIOPadConfigSet                                  
0000177f  _system_post_cinit                                
00001781  SysCtlClockGet                                    
00001891  __aeabi_dmul                                      
0000198d  _ZSt21__gen_dummy_typeinfosv                      
00001995  _ZNSt9type_infoD1Ev                               
00001995  _ZNSt9type_infoD2Ev                               
00001997  _ZNSt9type_infoD0Ev                               
0000199f  _ZNKSt9type_info4nameEv                           
000019a3  _ZNKSt9type_infoneERKS_                           
000019b9  _ZNKSt9type_infoeqERKS_                           
000019cf  _ZNKSt9type_info6beforeERKS_                      
000019dd  _ZN10__cxxabiv129__pointer_to_member_type_infoD1Ev
000019dd  _ZN10__cxxabiv129__pointer_to_member_type_infoD2Ev
000019df  _ZN10__cxxabiv129__pointer_to_member_type_infoD0Ev
000019e7  _ZN10__cxxabiv123__fundamental_type_infoD1Ev      
000019e7  _ZN10__cxxabiv123__fundamental_type_infoD2Ev      
000019e9  _ZN10__cxxabiv123__fundamental_type_infoD0Ev      
000019f1  _ZN10__cxxabiv121__vmi_class_type_infoD1Ev        
000019f1  _ZN10__cxxabiv121__vmi_class_type_infoD2Ev        
000019f3  _ZN10__cxxabiv121__vmi_class_type_infoD0Ev        
000019fb  _ZN10__cxxabiv120__si_class_type_infoD1Ev         
000019fb  _ZN10__cxxabiv120__si_class_type_infoD2Ev         
000019fd  _ZN10__cxxabiv120__si_class_type_infoD0Ev         
00001a05  _ZN10__cxxabiv120__function_type_infoD1Ev         
00001a05  _ZN10__cxxabiv120__function_type_infoD2Ev         
00001a07  _ZN10__cxxabiv120__function_type_infoD0Ev         
00001a0f  _ZN10__cxxabiv119__pointer_type_infoD1Ev          
00001a0f  _ZN10__cxxabiv119__pointer_type_infoD2Ev          
00001a11  _ZN10__cxxabiv119__pointer_type_infoD0Ev          
00001a19  _ZN10__cxxabiv117__pbase_type_infoD1Ev            
00001a19  _ZN10__cxxabiv117__pbase_type_infoD2Ev            
00001a1b  _ZN10__cxxabiv117__pbase_type_infoD0Ev            
00001a23  _ZN10__cxxabiv117__class_type_infoD1Ev            
00001a23  _ZN10__cxxabiv117__class_type_infoD2Ev            
00001a25  _ZN10__cxxabiv117__class_type_infoD0Ev            
00001a2d  _ZN10__cxxabiv117__array_type_infoD1Ev            
00001a2d  _ZN10__cxxabiv117__array_type_infoD2Ev            
00001a2f  _ZN10__cxxabiv117__array_type_infoD0Ev            
00001a37  _ZN10__cxxabiv116__enum_type_infoD1Ev             
00001a37  _ZN10__cxxabiv116__enum_type_infoD2Ev             
00001a39  _ZN10__cxxabiv116__enum_type_infoD0Ev             
00001a49  __aeabi_memcpy                                    
00001a49  __aeabi_memcpy4                                   
00001a49  __aeabi_memcpy8                                   
00001a49  memcpy                                            
00001ae5  __aeabi_cdrcmple                                  
00001b6b  __aeabi_memclr                                    
00001b6b  __aeabi_memclr4                                   
00001b6b  __aeabi_memclr8                                   
00001b6d  __aeabi_memset                                    
00001b6d  __aeabi_memset4                                   
00001b6d  __aeabi_memset8                                   
00001b73  memset                                            
00001be5  __TI_auto_init                                    
00001c55  __aeabi_d2f                                       
00001cc3  __TI_decompress_lzss                              
00001d2d  _c_int00                                          
00001d81  C$$EXIT                                           
00001d85  abort                                             
00001d8d  exit                                              
00001dd5  SysCtlPeripheralReset                             
00001e25  _ZN3I2CaSERKS_                                    
00001e75  I2CMasterInitExpClk                               
00001ec1  copy_in                                           
00001f0d  GPIOPinConfigure                                  
00001f55  main                                              
00001f9d  SysCtlPeripheralReady                             
00001fd5  SysCtlPeripheralEnable                            
00002009  __aeabi_i2d                                       
00002037  GPIODirModeSet                                    
00002061  _args_main                                        
00002079  _register_unlock                                  
0000207f  _register_lock                                    
00002087  _nop                                              
0000208d  GPIOPinTypeI2C                                    
0000209f  GPIOPinTypeI2CSCL                                 
000020b1  __TI_decompress_none                              
000020bf  __TI_zero_init                                    
000020cb  ResetISR                                          
000020d7  I2CMasterEnable                                   
000020e1  I2CMasterBusy                                     
000020e9  I2CMasterSlaveAddrSet                             
000020f1  _ZdlPv                                            
000020f9  I2CMasterControl                                  
000020fd  I2CMasterDataGet                                  
00002101  I2CMasterDataPut                                  
00002105  _system_pre_init                                  
0000229c  _ZTSN10__cxxabiv123__fundamental_type_infoE       
000022c4  _ZTSN10__cxxabiv120__si_class_type_infoE          
000022e9  _ZTSN10__cxxabiv119__pointer_type_infoE           
0000230d  _ZTSN10__cxxabiv117__class_type_infoE             
0000232f  _ZTSN10__cxxabiv117__pbase_type_infoE             
00002351  _ZTSe                                             
00002354  _ZTIPKe                                           
00002384  _ZTV3I2C                                          
00002394  _ZTV5GY521                                        
000023a4  _ZTVN10__cxxabiv117__class_type_infoE             
000023b4  _ZTVN10__cxxabiv119__pointer_type_infoE           
000023c4  _ZTVN10__cxxabiv120__si_class_type_infoE          
000023d4  _ZTVN10__cxxabiv123__fundamental_type_infoE       
000023e4  _ZTSSt9type_info                                  
000023f4  _ZTIN10__cxxabiv117__class_type_infoE             
00002400  _ZTIN10__cxxabiv117__pbase_type_infoE             
0000240c  _ZTIN10__cxxabiv119__pointer_type_infoE           
00002418  _ZTIN10__cxxabiv120__si_class_type_infoE          
00002424  _ZTIN10__cxxabiv123__fundamental_type_infoE       
00002430  _ZTI3I2C                                          
00002438  _ZTI5GY521                                        
00002440  _ZTISt9type_info                                  
00002448  _ZTIe                                             
00002450  _ZTS5GY521                                        
00002457  _ZTS3I2C                                          
0000245c  _ZTSPKe                                           
0000247c  __TI_Handler_Table_Base                           
00002488  __TI_Handler_Table_Limit                          
00002490  __TI_CINIT_Base                                   
000024a0  __TI_CINIT_Limit                                  
20000000  __stack                                           
20000200  __STACK_END                                       
20000200  __STACK_TOP                                       
20000200  accel                                             
2000020c  gyro                                              
20000218  _ZSt16__dummy_typeinfo                            
2000021c  pitch                                             
20000220  roll                                              
20000224  __TI_cleanup_ptr                                  
20000228  __TI_dtors_ptr                                    
2000022c  __TI_enable_exit_profile_output                   
2000023c  _lock                                             
20000240  _unlock                                           
20000244  main_func_sp                                      
20000248  _sys_memory                                       
ffffffff  __TI_pprof_out_hndl                               
ffffffff  __TI_prof_data_size                               
ffffffff  __TI_prof_data_start                              
ffffffff  __binit__                                         
ffffffff  __c_args__                                        
ffffffff  binit                                             
UNDEFED   SHT$$INIT_ARRAY$$Base                             
UNDEFED   SHT$$INIT_ARRAY$$Limit                            

[184 symbols]
